# VFSA 2D iteration best - 2026-09-14 17:42:58
# chains=2  n_ctrl=250  frac_update_controls=1.0  temp_kappa=1.0  cool_ratio=0.001  target_rms=1.0  n_trials=1
--------------------------------------------------------------------------------------------------------------------------------------------------------------------------------------------------------
 Chain     Iter         Temp       Chi2Curr        dChi2      RMSCurr     CurrRMS     Chi2Best     RMSBest   Nacc Model
--------------------------------------------------------------------------------------------------------------------------------------------------------------------------------------------------------
     2        1            1    832048.5343   63926.4347     31.47275    31.47275  768122.0996    30.23956      1 chain_02/itr_00001_trial_01.rho
     2        2       0.9828    810697.4775  -21351.0569     31.06632    31.06632  768122.0996    30.23956      1 chain_02/itr_00002_trial_01.rho
     2        3        0.966    910072.4622   99374.9848     32.91534    32.91534  768122.0996    30.23956      1 chain_02/itr_00003_trial_01.rho
     2        4       0.9494    959418.3427   49345.8804     33.79593    33.79593  768122.0996    30.23956      1 chain_02/itr_00004_trial_01.rho
     2        5       0.9331   1049966.5690   90548.2263     35.35478    35.35478  768122.0996    30.23956      1 chain_02/itr_00005_trial_01.rho
     2        6       0.9171    996036.1118  -53930.4572     34.43483    34.43483  768122.0996    30.23956      1 chain_02/itr_00006_trial_01.rho
     2        7       0.9013    995497.6652    -538.4466     34.42552    34.42552  768122.0996    30.23956      1 chain_02/itr_00007_trial_01.rho
     2        8       0.8859   1061967.0677   66469.4026     35.55624    35.55624  768122.0996    30.23956      1 chain_02/itr_00008_trial_01.rho
     2        9       0.8707   1061967.0677       0.0000     35.55624    35.55624  768122.0996    30.23956      0 -
     2       10       0.8557   1059928.8863   -2038.1814     35.52211    35.52211  768122.0996    30.23956      1 chain_02/itr_00010_trial_01.rho
     2       11        0.841   1072782.5303   12853.6441     35.73684    35.73684  768122.0996    30.23956      1 chain_02/itr_00011_trial_01.rho
     2       12       0.8266    808817.0354 -263965.4949     31.03027    31.03027  768122.0996    30.23956      1 chain_02/itr_00012_trial_01.rho
     2       13       0.8124    581100.8762 -227716.1592     26.30184    26.30184  581100.8762    26.30184      1 chain_02/itr_00013_trial_01.rho
     2       14       0.7985    570894.8874  -10205.9888     26.06984    26.06984  570894.8874    26.06984      1 chain_02/itr_00014_trial_01.rho
     2       15       0.7848    655449.7525   84554.8651     27.93380    27.93380  570894.8874    26.06984      1 chain_02/itr_00015_trial_01.rho
     2       16       0.7713    662127.3850    6677.6325     28.07573    28.07573  570894.8874    26.06984      1 chain_02/itr_00016_trial_01.rho
     2       17       0.7581    601905.2263  -60222.1586     26.76852    26.76852  570894.8874    26.06984      1 chain_02/itr_00017_trial_01.rho
     2       18        0.745    671467.7089   69562.4826     28.27307    28.27307  570894.8874    26.06984      1 chain_02/itr_00018_trial_01.rho
     2       19       0.7323    546605.1006 -124862.6082     25.50922    25.50922  546605.1006    25.50922      1 chain_02/itr_00019_trial_01.rho
     2       20       0.7197    608324.3306   61719.2299     26.91088    26.91088  546605.1006    25.50922      1 chain_02/itr_00020_trial_01.rho
     2       21       0.7073    510738.0123  -97586.3182     24.65809    24.65809  510738.0123    24.65809      1 chain_02/itr_00021_trial_01.rho
     2       22       0.6952    510738.0123       0.0000     24.65809    24.65809  510738.0123    24.65809      0 -
     2       23       0.6833    471225.9616  -39512.0507     23.68509    23.68509  471225.9616    23.68509      1 chain_02/itr_00023_trial_01.rho
     2       24       0.6715    389208.1225  -82017.8391     21.52540    21.52540  389208.1225    21.52540      1 chain_02/itr_00024_trial_01.rho
     2       25         0.66    409041.4272   19833.3047     22.06704    22.06704  389208.1225    21.52540      1 chain_02/itr_00025_trial_01.rho
     2       26       0.6487    398967.4201  -10074.0070     21.79360    21.79360  389208.1225    21.52540      1 chain_02/itr_00026_trial_01.rho
     2       27       0.6375    307204.2910  -91763.1291     19.12379    19.12379  307204.2910    19.12379      1 chain_02/itr_00027_trial_01.rho
     2       28       0.6266    377561.7951   70357.5041     21.20090    21.20090  307204.2910    19.12379      1 chain_02/itr_00028_trial_01.rho
     2       29       0.6158    419771.7152   42209.9201     22.35460    22.35460  307204.2910    19.12379      1 chain_02/itr_00029_trial_01.rho
     2       30       0.6053    419771.7152       0.0000     22.35460    22.35460  307204.2910    19.12379      0 -
     2       31       0.5949    369805.2911  -49966.4241     20.98200    20.98200  307204.2910    19.12379      1 chain_02/itr_00031_trial_01.rho
     2       32       0.5847    396147.0922   26341.8011     21.71644    21.71644  307204.2910    19.12379      1 chain_02/itr_00032_trial_01.rho
     2       33       0.5746    380245.9431  -15901.1490     21.27613    21.27613  307204.2910    19.12379      1 chain_02/itr_00033_trial_01.rho
     2       34       0.5648    376621.2261   -3624.7171     21.17448    21.17448  307204.2910    19.12379      1 chain_02/itr_00034_trial_01.rho
     2       35       0.5551    407897.7260   31276.4999     22.03616    22.03616  307204.2910    19.12379      1 chain_02/itr_00035_trial_01.rho
     2       36       0.5456    366298.1651  -41599.5608     20.88227    20.88227  307204.2910    19.12379      1 chain_02/itr_00036_trial_01.rho
     2       37       0.5362    389337.2842   23039.1190     21.52898    21.52898  307204.2910    19.12379      1 chain_02/itr_00037_trial_01.rho
     2       38        0.527    389337.2842       0.0000     21.52898    21.52898  307204.2910    19.12379      0 -
     2       39       0.5179    323658.5691  -65678.7151     19.62926    19.62926  307204.2910    19.12379      1 chain_02/itr_00039_trial_01.rho
     2       40       0.5091    270315.7720  -53342.7971     17.93891    17.93891  270315.7720    17.93891      1 chain_02/itr_00040_trial_01.rho
     2       41       0.5003    222820.2829  -47495.4891     16.28687    16.28687  222820.2829    16.28687      1 chain_02/itr_00041_trial_01.rho
     2       42       0.4917    197191.9506  -25628.3322     15.32163    15.32163  197191.9506    15.32163      1 chain_02/itr_00042_trial_01.rho
     2       43       0.4833    184611.1581  -12580.7925     14.82482    14.82482  184611.1581    14.82482      1 chain_02/itr_00043_trial_01.rho
     2       44        0.475    160457.0532  -24154.1049     13.82101    13.82101  160457.0532    13.82101      1 chain_02/itr_00044_trial_01.rho
     2       45       0.4668    149594.6401  -10862.4131     13.34499    13.34499  149594.6401    13.34499      1 chain_02/itr_00045_trial_01.rho
     2       46       0.4588    150295.6774     701.0373     13.37623    13.37623  149594.6401    13.34499      1 chain_02/itr_00046_trial_01.rho
     2       47        0.451    152485.9297    2190.2523     13.47334    13.47334  149594.6401    13.34499      1 chain_02/itr_00047_trial_01.rho
     2       48       0.4432    142369.9723  -10115.9574     13.01876    13.01876  142369.9723    13.01876      1 chain_02/itr_00048_trial_01.rho
     2       49       0.4356    148509.2427    6139.2704     13.29649    13.29649  142369.9723    13.01876      1 chain_02/itr_00049_trial_01.rho
     2       50       0.4281    148509.2427       0.0000     13.29649    13.29649  142369.9723    13.01876      0 -
     2       51       0.4208    143569.1704   -4940.0723     13.07347    13.07347  142369.9723    13.01876      1 chain_02/itr_00051_trial_01.rho
     2       52       0.4136    124658.0619  -18911.1085     12.18205    12.18205  124658.0619    12.18205      1 chain_02/itr_00052_trial_01.rho
     2       53       0.4065    121864.5908   -2793.4711     12.04479    12.04479  121864.5908    12.04479      1 chain_02/itr_00053_trial_01.rho
     2       54       0.3995    105082.6973  -16781.8935     11.18474    11.18474  105082.6973    11.18474      1 chain_02/itr_00054_trial_01.rho
     2       55       0.3926    105082.6973       0.0000     11.18474    11.18474  105082.6973    11.18474      0 -
     2       56       0.3859    104954.3832    -128.3141     11.17791    11.17791  104954.3832    11.17791      1 chain_02/itr_00056_trial_01.rho
     2       57       0.3793    100678.8348   -4275.5485     10.94787    10.94787  100678.8348    10.94787      1 chain_02/itr_00057_trial_01.rho
     2       58       0.3728     97987.5912   -2691.2436     10.80055    10.80055   97987.5912    10.80055      1 chain_02/itr_00058_trial_01.rho
     2       59       0.3664     94849.6271   -3137.9641     10.62620    10.62620   94849.6271    10.62620      1 chain_02/itr_00059_trial_01.rho
     2       60       0.3601    100423.6989    5574.0718     10.93398    10.93398   94849.6271    10.62620      1 chain_02/itr_00060_trial_01.rho
     2       61       0.3539    105931.0225    5507.3236     11.22980    11.22980   94849.6271    10.62620      1 chain_02/itr_00061_trial_01.rho
     2       62       0.3478     91032.1230  -14898.8996     10.41017    10.41017   91032.1230    10.41017      1 chain_02/itr_00062_trial_01.rho
     2       63       0.3418     89789.2337   -1242.8893     10.33886    10.33886   89789.2337    10.33886      1 chain_02/itr_00063_trial_01.rho
     2       64        0.336     89322.9485    -466.2852     10.31198    10.31198   89322.9485    10.31198      1 chain_02/itr_00064_trial_01.rho
     2       65       0.3302     89322.9485       0.0000     10.31198    10.31198   89322.9485    10.31198      0 -
     2       66       0.3245     89049.2328    -273.7157     10.29616    10.29616   89049.2328    10.29616      1 chain_02/itr_00066_trial_01.rho
     2       67        0.319     89067.2777      18.0450     10.29721    10.29721   89049.2328    10.29616      1 chain_02/itr_00067_trial_01.rho
     2       68       0.3135     90739.8786    1672.6008     10.39344    10.39344   89049.2328    10.29616      1 chain_02/itr_00068_trial_01.rho
     2       69       0.3081     86041.5638   -4698.3148     10.12079    10.12079   86041.5638    10.12079      1 chain_02/itr_00069_trial_01.rho
     2       70       0.3028     87866.6506    1825.0867     10.22757    10.22757   86041.5638    10.12079      1 chain_02/itr_00070_trial_01.rho
     2       71       0.2976     87866.6506       0.0000     10.22757    10.22757   86041.5638    10.12079      0 -
     2       72       0.2925     94070.4630    6203.8124     10.58247    10.58247   86041.5638    10.12079      1 chain_02/itr_00072_trial_01.rho
     2       73       0.2875     94070.4630       0.0000     10.58247    10.58247   86041.5638    10.12079      0 -
     2       74       0.2826     83138.1674  -10932.2956      9.94857     9.94857   83138.1674     9.94857      1 chain_02/itr_00074_trial_01.rho
     2       75       0.2777     75725.4146   -7412.7528      9.49470     9.49470   75725.4146     9.49470      1 chain_02/itr_00075_trial_01.rho
     2       76        0.273     75725.4146       0.0000      9.49470     9.49470   75725.4146     9.49470      0 -
     2       77       0.2683     86414.7553   10689.3408     10.14272    10.14272   75725.4146     9.49470      1 chain_02/itr_00077_trial_01.rho
     2       78       0.2637    100471.4086   14056.6533     10.93658    10.93658   75725.4146     9.49470      1 chain_02/itr_00078_trial_01.rho
     2       79       0.2591    107920.6712    7449.2626     11.33477    11.33477   75725.4146     9.49470      1 chain_02/itr_00079_trial_01.rho
     2       80       0.2547    115496.5354    7575.8643     11.72586    11.72586   75725.4146     9.49470      1 chain_02/itr_00080_trial_01.rho
     2       81       0.2503    111662.0008   -3834.5346     11.52957    11.52957   75725.4146     9.49470      1 chain_02/itr_00081_trial_01.rho
     2       82        0.246    118902.4926    7240.4918     11.89750    11.89750   75725.4146     9.49470      1 chain_02/itr_00082_trial_01.rho
     2       83       0.2418    123414.8574    4512.3648     12.12116    12.12116   75725.4146     9.49470      1 chain_02/itr_00083_trial_01.rho
     2       84       0.2377    109015.7906  -14399.0668     11.39213    11.39213   75725.4146     9.49470      1 chain_02/itr_00084_trial_01.rho
     2       85       0.2336    116194.5469    7178.7563     11.76124    11.76124   75725.4146     9.49470      1 chain_02/itr_00085_trial_01.rho
     2       86       0.2296    128010.5016   11815.9547     12.34477    12.34477   75725.4146     9.49470      1 chain_02/itr_00086_trial_01.rho
     2       87       0.2256    120063.9461   -7946.5555     11.95547    11.95547   75725.4146     9.49470      1 chain_02/itr_00087_trial_01.rho
     2       88       0.2218    114768.9520   -5294.9941     11.68887    11.68887   75725.4146     9.49470      1 chain_02/itr_00088_trial_01.rho
     2       89       0.2179    105239.7651   -9529.1869     11.19310    11.19310   75725.4146     9.49470      1 chain_02/itr_00089_trial_01.rho
     2       90       0.2142     93201.2710  -12038.4941     10.53347    10.53347   75725.4146     9.49470      1 chain_02/itr_00090_trial_01.rho
     2       91       0.2105     93201.2710       0.0000     10.53347    10.53347   75725.4146     9.49470      0 -
     2       92       0.2069     87427.7081   -5773.5629     10.20199    10.20199   75725.4146     9.49470      1 chain_02/itr_00092_trial_01.rho
     2       93       0.2034     86802.5239    -625.1842     10.16545    10.16545   75725.4146     9.49470      1 chain_02/itr_00093_trial_01.rho
     2       94       0.1999     85408.9430   -1393.5809     10.08352    10.08352   75725.4146     9.49470      1 chain_02/itr_00094_trial_01.rho
     2       95       0.1964     84797.3760    -611.5670     10.04735    10.04735   75725.4146     9.49470      1 chain_02/itr_00095_trial_01.rho
     2       96       0.1931     82972.3526   -1825.0233      9.93864     9.93864   75725.4146     9.49470      1 chain_02/itr_00096_trial_01.rho
     2       97       0.1898     71776.8650  -11195.4876      9.24384     9.24384   71776.8650     9.24384      1 chain_02/itr_00097_trial_01.rho
     2       98       0.1865     71776.8650       0.0000      9.24384     9.24384   71776.8650     9.24384      0 -
     2       99       0.1833     71776.8650       0.0000      9.24384     9.24384   71776.8650     9.24384      0 -
     2      100       0.1802     72504.3536     727.4886      9.29057     9.29057   71776.8650     9.24384      1 chain_02/itr_00100_trial_01.rho
     2      101       0.1771     76217.9452    3713.5916      9.52553     9.52553   71776.8650     9.24384      1 chain_02/itr_00101_trial_01.rho
     2      102        0.174     77857.8884    1639.9432      9.62746     9.62746   71776.8650     9.24384      1 chain_02/itr_00102_trial_01.rho
     2      103        0.171     76663.6364   -1194.2520      9.55334     9.55334   71776.8650     9.24384      1 chain_02/itr_00103_trial_01.rho
     2      104       0.1681     73459.9636   -3203.6728      9.35160     9.35160   71776.8650     9.24384      1 chain_02/itr_00104_trial_01.rho
     2      105       0.1652     72495.8395    -964.1240      9.29003     9.29003   71776.8650     9.24384      1 chain_02/itr_00105_trial_01.rho
     2      106       0.1624     72154.1202    -341.7193      9.26810     9.26810   71776.8650     9.24384      1 chain_02/itr_00106_trial_01.rho
     2      107       0.1596     70028.2482   -2125.8720      9.13055     9.13055   70028.2482     9.13055      1 chain_02/itr_00107_trial_01.rho
     2      108       0.1569     78914.0609    8885.8128      9.69254     9.69254   70028.2482     9.13055      1 chain_02/itr_00108_trial_01.rho
     2      109       0.1542     78294.2520    -619.8090      9.65440     9.65440   70028.2482     9.13055      1 chain_02/itr_00109_trial_01.rho
     2      110       0.1515     68564.3577   -9729.8943      9.03461     9.03461   68564.3577     9.03461      1 chain_02/itr_00110_trial_01.rho
     2      111       0.1489     75735.9829    7171.6252      9.49536     9.49536   68564.3577     9.03461      1 chain_02/itr_00111_trial_01.rho
     2      112       0.1464     80071.1555    4335.1726      9.76334     9.76334   68564.3577     9.03461      1 chain_02/itr_00112_trial_01.rho
     2      113       0.1438     78290.8115   -1780.3440      9.65419     9.65419   68564.3577     9.03461      1 chain_02/itr_00113_trial_01.rho
     2      114       0.1414     70761.0892   -7529.7223      9.17820     9.17820   68564.3577     9.03461      1 chain_02/itr_00114_trial_01.rho
     2      115       0.1389     70761.0892       0.0000      9.17820     9.17820   68564.3577     9.03461      0 -
     2      116       0.1366     71386.2554     625.1662      9.21866     9.21866   68564.3577     9.03461      1 chain_02/itr_00116_trial_01.rho
     2      117       0.1342     71808.8102     422.5548      9.24590     9.24590   68564.3577     9.03461      1 chain_02/itr_00117_trial_01.rho
     2      118       0.1319     71808.8102       0.0000      9.24590     9.24590   68564.3577     9.03461      0 -
     2      119       0.1297     75263.2293    3454.4191      9.46568     9.46568   68564.3577     9.03461      1 chain_02/itr_00119_trial_01.rho
     2      120       0.1274     78504.2245    3240.9952      9.66734     9.66734   68564.3577     9.03461      1 chain_02/itr_00120_trial_01.rho
     2      121       0.1252     75584.5510   -2919.6735      9.48586     9.48586   68564.3577     9.03461      1 chain_02/itr_00121_trial_01.rho
     2      122       0.1231     72801.9182   -2782.6328      9.30962     9.30962   68564.3577     9.03461      1 chain_02/itr_00122_trial_01.rho
     2      123        0.121     71683.7906   -1118.1276      9.23785     9.23785   68564.3577     9.03461      1 chain_02/itr_00123_trial_01.rho
     2      124       0.1189     71683.7906       0.0000      9.23785     9.23785   68564.3577     9.03461      0 -
     2      125       0.1169     70595.8784   -1087.9122      9.16748     9.16748   68564.3577     9.03461      1 chain_02/itr_00125_trial_01.rho
     2      126       0.1149     75117.9476    4522.0692      9.45654     9.45654   68564.3577     9.03461      1 chain_02/itr_00126_trial_01.rho
     2      127       0.1129     73650.5561   -1467.3915      9.36372     9.36372   68564.3577     9.03461      1 chain_02/itr_00127_trial_01.rho
     2      128       0.1109     73872.0838     221.5277      9.37779     9.37779   68564.3577     9.03461      1 chain_02/itr_00128_trial_01.rho
     2      129        0.109     73872.0838       0.0000      9.37779     9.37779   68564.3577     9.03461      0 -
     2      130       0.1072     77575.9463    3703.8625      9.61001     9.61001   68564.3577     9.03461      1 chain_02/itr_00130_trial_01.rho
     2      131       0.1053     80456.2875    2880.3412      9.78679     9.78679   68564.3577     9.03461      1 chain_02/itr_00131_trial_01.rho
     2      132       0.1035     82671.6568    2215.3693      9.92062     9.92062   68564.3577     9.03461      1 chain_02/itr_00132_trial_01.rho
     2      133       0.1017     86632.7665    3961.1097     10.15550    10.15550   68564.3577     9.03461      1 chain_02/itr_00133_trial_01.rho
     2      134          0.1     86632.7665       0.0000     10.15550    10.15550   68564.3577     9.03461      0 -
     2      135      0.09828     77306.5177   -9326.2488      9.59331     9.59331   68564.3577     9.03461      1 chain_02/itr_00135_trial_01.rho
     2      136       0.0966     73577.7853   -3728.7324      9.35909     9.35909   68564.3577     9.03461      1 chain_02/itr_00136_trial_01.rho
     2      137      0.09494     72172.6003   -1405.1850      9.26929     9.26929   68564.3577     9.03461      1 chain_02/itr_00137_trial_01.rho
     2      138      0.09331     72172.6003       0.0000      9.26929     9.26929   68564.3577     9.03461      0 -
     2      139      0.09171     75281.8550    3109.2547      9.46685     9.46685   68564.3577     9.03461      1 chain_02/itr_00139_trial_01.rho
     2      140      0.09013     70919.5341   -4362.3209      9.18847     9.18847   68564.3577     9.03461      1 chain_02/itr_00140_trial_01.rho
     2      141      0.08859     66517.0202   -4402.5139      8.89870     8.89870   66517.0202     8.89870      1 chain_02/itr_00141_trial_01.rho
     2      142      0.08707     69703.5429    3186.5227      9.10936     9.10936   66517.0202     8.89870      1 chain_02/itr_00142_trial_01.rho
     2      143      0.08557     69703.5429       0.0000      9.10936     9.10936   66517.0202     8.89870      0 -
     2      144       0.0841     72285.5375    2581.9946      9.27654     9.27654   66517.0202     8.89870      1 chain_02/itr_00144_trial_01.rho
     2      145      0.08266     71557.5920    -727.9455      9.22971     9.22971   66517.0202     8.89870      1 chain_02/itr_00145_trial_01.rho
     2      146      0.08124     69336.2660   -2221.3260      9.08533     9.08533   66517.0202     8.89870      1 chain_02/itr_00146_trial_01.rho
     2      147      0.07985     69336.2660       0.0000      9.08533     9.08533   66517.0202     8.89870      0 -
     2      148      0.07848     69481.4357     145.1697      9.09483     9.09483   66517.0202     8.89870      1 chain_02/itr_00148_trial_01.rho
     2      149      0.07713     70670.4646    1189.0289      9.17232     9.17232   66517.0202     8.89870      1 chain_02/itr_00149_trial_01.rho
     2      150      0.07581     72033.3848    1362.9203      9.26035     9.26035   66517.0202     8.89870      1 chain_02/itr_00150_trial_01.rho
     2      151       0.0745     72033.3848       0.0000      9.26035     9.26035   66517.0202     8.89870      0 -
     2      152      0.07323     73119.1763    1085.7914      9.32988     9.32988   66517.0202     8.89870      1 chain_02/itr_00152_trial_01.rho
     2      153      0.07197     66514.3157   -6604.8605      8.89852     8.89852   66514.3157     8.89852      1 chain_02/itr_00153_trial_01.rho
     2      154      0.07073     73359.3236    6845.0079      9.34519     9.34519   66514.3157     8.89852      1 chain_02/itr_00154_trial_01.rho
     2      155      0.06952     69059.7431   -4299.5805      9.06719     9.06719   66514.3157     8.89852      1 chain_02/itr_00155_trial_01.rho
     2      156      0.06833     66378.5129   -2681.2302      8.88943     8.88943   66378.5129     8.88943      1 chain_02/itr_00156_trial_01.rho
     2      157      0.06715     69383.0254    3004.5125      9.08839     9.08839   66378.5129     8.88943      1 chain_02/itr_00157_trial_01.rho
     2      158        0.066     72278.1926    2895.1672      9.27607     9.27607   66378.5129     8.88943      1 chain_02/itr_00158_trial_01.rho
     2      159      0.06487     67596.4329   -4681.7597      8.97062     8.97062   66378.5129     8.88943      1 chain_02/itr_00159_trial_01.rho
     2      160      0.06375     64572.4890   -3023.9439      8.76767     8.76767   64572.4890     8.76767      1 chain_02/itr_00160_trial_01.rho
     2      161      0.06266     63392.6680   -1179.8210      8.68720     8.68720   63392.6680     8.68720      1 chain_02/itr_00161_trial_01.rho
     2      162      0.06158     63920.5446     527.8766      8.72330     8.72330   63392.6680     8.68720      1 chain_02/itr_00162_trial_01.rho
     2      163      0.06053     61234.0247   -2686.5199      8.53801     8.53801   61234.0247     8.53801      1 chain_02/itr_00163_trial_01.rho
     2      164      0.05949     61989.6306     755.6059      8.59053     8.59053   61234.0247     8.53801      1 chain_02/itr_00164_trial_01.rho
     2      165      0.05847     61989.6306       0.0000      8.59053     8.59053   61234.0247     8.53801      0 -
     2      166      0.05746     61989.6306       0.0000      8.59053     8.59053   61234.0247     8.53801      0 -
     2      167      0.05648     61989.6306       0.0000      8.59053     8.59053   61234.0247     8.53801      0 -
     2      168      0.05551     65518.9436    3529.3131      8.83169     8.83169   61234.0247     8.53801      1 chain_02/itr_00168_trial_01.rho
     2      169      0.05456     65918.3339     399.3903      8.85857     8.85857   61234.0247     8.53801      1 chain_02/itr_00169_trial_01.rho
     2      170      0.05362     65918.3339       0.0000      8.85857     8.85857   61234.0247     8.53801      0 -
     2      171       0.0527     65918.3339       0.0000      8.85857     8.85857   61234.0247     8.53801      0 -
     2      172      0.05179     61141.2863   -4777.0476      8.53154     8.53154   61141.2863     8.53154      1 chain_02/itr_00172_trial_01.rho
     2      173      0.05091     60531.2125    -610.0739      8.48887     8.48887   60531.2125     8.48887      1 chain_02/itr_00173_trial_01.rho
     2      174      0.05003     60531.2125       0.0000      8.48887     8.48887   60531.2125     8.48887      0 -
     2      175      0.04917     59418.4412   -1112.7713      8.41048     8.41048   59418.4412     8.41048      1 chain_02/itr_00175_trial_01.rho
     2      176      0.04833     59951.6222     533.1811      8.44813     8.44813   59418.4412     8.41048      1 chain_02/itr_00176_trial_01.rho
     2      177       0.0475     62979.7906    3028.1683      8.65886     8.65886   59418.4412     8.41048      1 chain_02/itr_00177_trial_01.rho
     2      178      0.04668     62979.7906       0.0000      8.65886     8.65886   59418.4412     8.41048      0 -
     2      179      0.04588     62979.7906       0.0000      8.65886     8.65886   59418.4412     8.41048      0 -
     2      180       0.0451     60886.7287   -2093.0618      8.51377     8.51377   59418.4412     8.41048      1 chain_02/itr_00180_trial_01.rho
     2      181      0.04432     60886.7287       0.0000      8.51377     8.51377   59418.4412     8.41048      0 -
     2      182      0.04356     59402.9537   -1483.7750      8.40939     8.40939   59402.9537     8.40939      1 chain_02/itr_00182_trial_01.rho
     2      183      0.04281     58863.3479    -539.6058      8.37111     8.37111   58863.3479     8.37111      1 chain_02/itr_00183_trial_01.rho
     2      184      0.04208     58787.4276     -75.9203      8.36571     8.36571   58787.4276     8.36571      1 chain_02/itr_00184_trial_01.rho
     2      185      0.04136     59216.6462     429.2186      8.39619     8.39619   58787.4276     8.36571      1 chain_02/itr_00185_trial_01.rho
     2      186      0.04065     57622.7699   -1593.8763      8.28242     8.28242   57622.7699     8.28242      1 chain_02/itr_00186_trial_01.rho
     2      187      0.03995     57622.7699       0.0000      8.28242     8.28242   57622.7699     8.28242      0 -
     2      188      0.03926     53582.7882   -4039.9817      7.98680     7.98680   53582.7882     7.98680      1 chain_02/itr_00188_trial_01.rho
     2      189      0.03859     53582.7882       0.0000      7.98680     7.98680   53582.7882     7.98680      0 -
     2      190      0.03793     53582.7882       0.0000      7.98680     7.98680   53582.7882     7.98680      0 -
     2      191      0.03728     53582.7882       0.0000      7.98680     7.98680   53582.7882     7.98680      0 -
     2      192      0.03664     51722.0398   -1860.7485      7.84690     7.84690   51722.0398     7.84690      1 chain_02/itr_00192_trial_01.rho
     2      193      0.03601     51722.0398       0.0000      7.84690     7.84690   51722.0398     7.84690      0 -
     2      194      0.03539     51128.5476    -593.4921      7.80175     7.80175   51128.5476     7.80175      1 chain_02/itr_00194_trial_01.rho
     2      195      0.03478     50265.2016    -863.3461      7.73560     7.73560   50265.2016     7.73560      1 chain_02/itr_00195_trial_01.rho
     2      196      0.03418     50265.2016       0.0000      7.73560     7.73560   50265.2016     7.73560      0 -
     2      197       0.0336     50265.2016       0.0000      7.73560     7.73560   50265.2016     7.73560      0 -
     2      198      0.03302     48201.6905   -2063.5111      7.57515     7.57515   48201.6905     7.57515      1 chain_02/itr_00198_trial_01.rho
     2      199      0.03245     49180.8412     979.1507      7.65171     7.65171   48201.6905     7.57515      1 chain_02/itr_00199_trial_01.rho
     2      200       0.0319     47011.3270   -2169.5142      7.48103     7.48103   47011.3270     7.48103      1 chain_02/itr_00200_trial_01.rho
     2      201      0.03135     47011.3270       0.0000      7.48103     7.48103   47011.3270     7.48103      0 -
     2      202      0.03081     46456.4002    -554.9269      7.43675     7.43675   46456.4002     7.43675      1 chain_02/itr_00202_trial_01.rho
     2      203      0.03028     46456.4002       0.0000      7.43675     7.43675   46456.4002     7.43675      0 -
     2      204      0.02976     44752.9428   -1703.4574      7.29913     7.29913   44752.9428     7.29913      1 chain_02/itr_00204_trial_01.rho
     2      205      0.02925     43793.4872    -959.4556      7.22046     7.22046   43793.4872     7.22046      1 chain_02/itr_00205_trial_01.rho
     2      206      0.02875     42803.2529    -990.2343      7.13836     7.13836   42803.2529     7.13836      1 chain_02/itr_00206_trial_01.rho
     2      207      0.02826     42803.2529       0.0000      7.13836     7.13836   42803.2529     7.13836      0 -
     2      208      0.02777     42803.2529       0.0000      7.13836     7.13836   42803.2529     7.13836      0 -
     2      209       0.0273     42803.2529       0.0000      7.13836     7.13836   42803.2529     7.13836      0 -
     2      210      0.02683     42803.2529       0.0000      7.13836     7.13836   42803.2529     7.13836      0 -
     2      211      0.02637     42803.2529       0.0000      7.13836     7.13836   42803.2529     7.13836      0 -
     2      212      0.02591     42322.6026    -480.6503      7.09817     7.09817   42322.6026     7.09817      1 chain_02/itr_00212_trial_01.rho
     2      213      0.02547     43147.1551     824.5525      7.16698     7.16698   42322.6026     7.09817      1 chain_02/itr_00213_trial_01.rho
     2      214      0.02503     41585.5189   -1561.6362      7.03609     7.03609   41585.5189     7.03609      1 chain_02/itr_00214_trial_01.rho
     2      215       0.0246     41585.5189       0.0000      7.03609     7.03609   41585.5189     7.03609      0 -
     2      216      0.02418     41585.5189       0.0000      7.03609     7.03609   41585.5189     7.03609      0 -
     2      217      0.02377     41585.5189       0.0000      7.03609     7.03609   41585.5189     7.03609      0 -
     2      218      0.02336     41090.6957    -494.8232      6.99410     6.99410   41090.6957     6.99410      1 chain_02/itr_00218_trial_01.rho
     2      219      0.02296     40879.9373    -210.7584      6.97614     6.97614   40879.9373     6.97614      1 chain_02/itr_00219_trial_01.rho
     2      220      0.02256     41532.1762     652.2389      7.03158     7.03158   40879.9373     6.97614      1 chain_02/itr_00220_trial_01.rho
     2      221      0.02218     40925.8377    -606.3384      6.98006     6.98006   40879.9373     6.97614      1 chain_02/itr_00221_trial_01.rho
     2      222      0.02179     40925.8377       0.0000      6.98006     6.98006   40879.9373     6.97614      0 -
     2      223      0.02142     40925.8377       0.0000      6.98006     6.98006   40879.9373     6.97614      0 -
     2      224      0.02105     40925.8377       0.0000      6.98006     6.98006   40879.9373     6.97614      0 -
     2      225      0.02069     40925.8377       0.0000      6.98006     6.98006   40879.9373     6.97614      0 -
     2      226      0.02034     42350.1339    1424.2962      7.10048     7.10048   40879.9373     6.97614      1 chain_02/itr_00226_trial_01.rho
     2      227      0.01999     43079.7176     729.5837      7.16138     7.16138   40879.9373     6.97614      1 chain_02/itr_00227_trial_01.rho
     2      228      0.01964     43079.7176       0.0000      7.16138     7.16138   40879.9373     6.97614      0 -
     2      229      0.01931     43079.7176       0.0000      7.16138     7.16138   40879.9373     6.97614      0 -
     2      230      0.01898     44499.9757    1420.2581      7.27847     7.27847   40879.9373     6.97614      1 chain_02/itr_00230_trial_01.rho
     2      231      0.01865     41836.2515   -2663.7241      7.05727     7.05727   40879.9373     6.97614      1 chain_02/itr_00231_trial_01.rho
     2      232      0.01833     42048.9040     212.6525      7.07518     7.07518   40879.9373     6.97614      1 chain_02/itr_00232_trial_01.rho
     2      233      0.01802     41678.5254    -370.3786      7.04395     7.04395   40879.9373     6.97614      1 chain_02/itr_00233_trial_01.rho
     2      234      0.01771     40910.7533    -767.7721      6.97877     6.97877   40879.9373     6.97614      1 chain_02/itr_00234_trial_01.rho
     2      235       0.0174     40910.7533       0.0000      6.97877     6.97877   40879.9373     6.97614      0 -
     2      236       0.0171     43443.2633    2532.5099      7.19153     7.19153   40879.9373     6.97614      1 chain_02/itr_00236_trial_01.rho
     2      237      0.01681     43443.2633       0.0000      7.19153     7.19153   40879.9373     6.97614      0 -
     2      238      0.01652     42748.5761    -694.6872      7.13380     7.13380   40879.9373     6.97614      1 chain_02/itr_00238_trial_01.rho
     2      239      0.01624     42748.5761       0.0000      7.13380     7.13380   40879.9373     6.97614      0 -
     2      240      0.01596     42276.7965    -471.7796      7.09433     7.09433   40879.9373     6.97614      1 chain_02/itr_00240_trial_01.rho
     2      241      0.01569     39136.6420   -3140.1545      6.82578     6.82578   39136.6420     6.82578      1 chain_02/itr_00241_trial_01.rho
     2      242      0.01542     40246.9360    1110.2940      6.92192     6.92192   39136.6420     6.82578      1 chain_02/itr_00242_trial_01.rho
     2      243      0.01515     40246.9360       0.0000      6.92192     6.92192   39136.6420     6.82578      0 -
     2      244      0.01489     41196.5483     949.6123      7.00311     7.00311   39136.6420     6.82578      1 chain_02/itr_00244_trial_01.rho
     2      245      0.01464     41171.9128     -24.6355      7.00101     7.00101   39136.6420     6.82578      1 chain_02/itr_00245_trial_01.rho
     2      246      0.01438     41786.3290     614.4162      7.05306     7.05306   39136.6420     6.82578      1 chain_02/itr_00246_trial_01.rho
     2      247      0.01414     41522.1502    -264.1789      7.03073     7.03073   39136.6420     6.82578      1 chain_02/itr_00247_trial_01.rho
     2      248      0.01389     41007.5100    -514.6402      6.98702     6.98702   39136.6420     6.82578      1 chain_02/itr_00248_trial_01.rho
     2      249      0.01366     39526.5843   -1480.9256      6.85970     6.85970   39136.6420     6.82578      1 chain_02/itr_00249_trial_01.rho
     2      250      0.01342     39380.2532    -146.3311      6.84699     6.84699   39136.6420     6.82578      1 chain_02/itr_00250_trial_01.rho
     2      251      0.01319     40020.9110     640.6578      6.90246     6.90246   39136.6420     6.82578      1 chain_02/itr_00251_trial_01.rho
     2      252      0.01297     40020.9110       0.0000      6.90246     6.90246   39136.6420     6.82578      0 -
     2      253      0.01274     39557.7484    -463.1626      6.86240     6.86240   39136.6420     6.82578      1 chain_02/itr_00253_trial_01.rho
     2      254      0.01252     40239.4511     681.7027      6.92128     6.92128   39136.6420     6.82578      1 chain_02/itr_00254_trial_01.rho
     2      255      0.01231     40313.8281      74.3771      6.92767     6.92767   39136.6420     6.82578      1 chain_02/itr_00255_trial_01.rho
     2      256       0.0121     39018.0788   -1295.7493      6.81543     6.81543   39018.0788     6.81543      1 chain_02/itr_00256_trial_01.rho
     2      257      0.01189     37053.9871   -1964.0918      6.64168     6.64168   37053.9871     6.64168      1 chain_02/itr_00257_trial_01.rho
     2      258      0.01169     36809.7951    -244.1920      6.61976     6.61976   36809.7951     6.61976      1 chain_02/itr_00258_trial_01.rho
     2      259      0.01149     36929.0912     119.2962      6.63048     6.63048   36809.7951     6.61976      1 chain_02/itr_00259_trial_01.rho
     2      260      0.01129     36685.2506    -243.8406      6.60855     6.60855   36685.2506     6.60855      1 chain_02/itr_00260_trial_01.rho
     2      261      0.01109     36582.8090    -102.4416      6.59932     6.59932   36582.8090     6.59932      1 chain_02/itr_00261_trial_01.rho
     2      262       0.0109     36582.8090       0.0000      6.59932     6.59932   36582.8090     6.59932      0 -
     2      263      0.01072     36582.8090       0.0000      6.59932     6.59932   36582.8090     6.59932      0 -
     2      264      0.01053     36533.8556     -48.9534      6.59490     6.59490   36533.8556     6.59490      1 chain_02/itr_00264_trial_01.rho
     2      265      0.01035     36488.4198     -45.4358      6.59080     6.59080   36488.4198     6.59080      1 chain_02/itr_00265_trial_01.rho
     2      266      0.01017     36488.4198       0.0000      6.59080     6.59080   36488.4198     6.59080      0 -
     2      267         0.01     36422.1909     -66.2289      6.58481     6.58481   36422.1909     6.58481      1 chain_02/itr_00267_trial_01.rho
     2      268     0.009828     36422.1909       0.0000      6.58481     6.58481   36422.1909     6.58481      0 -
     2      269      0.00966     36422.1909       0.0000      6.58481     6.58481   36422.1909     6.58481      0 -
     2      270     0.009494     36422.1909       0.0000      6.58481     6.58481   36422.1909     6.58481      0 -
     2      271     0.009331     36422.1909       0.0000      6.58481     6.58481   36422.1909     6.58481      0 -
     2      272     0.009171     36060.3938    -361.7971      6.55203     6.55203   36060.3938     6.55203      1 chain_02/itr_00272_trial_01.rho
     2      273     0.009013     36075.9809      15.5871      6.55344     6.55344   36060.3938     6.55203      1 chain_02/itr_00273_trial_01.rho
     2      274     0.008859     35645.4916    -430.4893      6.51422     6.51422   35645.4916     6.51422      1 chain_02/itr_00274_trial_01.rho
     2      275     0.008707     35713.4850      67.9935      6.52043     6.52043   35645.4916     6.51422      1 chain_02/itr_00275_trial_01.rho
     2      276     0.008557     35657.7628     -55.7222      6.51534     6.51534   35645.4916     6.51422      1 chain_02/itr_00276_trial_01.rho
     2      277      0.00841     35042.3630    -615.3999      6.45888     6.45888   35042.3630     6.45888      1 chain_02/itr_00277_trial_01.rho
     2      278     0.008266     35042.3630       0.0000      6.45888     6.45888   35042.3630     6.45888      0 -
     2      279     0.008124     34239.4824    -802.8805      6.38446     6.38446   34239.4824     6.38446      1 chain_02/itr_00279_trial_01.rho
     2      280     0.007985     34385.8829     146.4005      6.39809     6.39809   34239.4824     6.38446      1 chain_02/itr_00280_trial_01.rho
     2      281     0.007848     34385.8829       0.0000      6.39809     6.39809   34239.4824     6.38446      0 -
     2      282     0.007713     34385.8829       0.0000      6.39809     6.39809   34239.4824     6.38446      0 -
     2      283     0.007581     34385.8829       0.0000      6.39809     6.39809   34239.4824     6.38446      0 -
     2      284      0.00745     34176.6105    -209.2724      6.37859     6.37859   34176.6105     6.37859      1 chain_02/itr_00284_trial_01.rho
     2      285     0.007323     34176.6105       0.0000      6.37859     6.37859   34176.6105     6.37859      0 -
     2      286     0.007197     34211.8092      35.1987      6.38188     6.38188   34176.6105     6.37859      1 chain_02/itr_00286_trial_01.rho
     2      287     0.007073     34177.5131     -34.2961      6.37868     6.37868   34176.6105     6.37859      1 chain_02/itr_00287_trial_01.rho
     2      288     0.006952     34177.5131       0.0000      6.37868     6.37868   34176.6105     6.37859      0 -
     2      289     0.006833     33511.5831    -665.9300      6.31623     6.31623   33511.5831     6.31623      1 chain_02/itr_00289_trial_01.rho
     2      290     0.006715     33511.5831       0.0000      6.31623     6.31623   33511.5831     6.31623      0 -
     2      291       0.0066     33511.5831       0.0000      6.31623     6.31623   33511.5831     6.31623      0 -
     2      292     0.006487     33511.5831       0.0000      6.31623     6.31623   33511.5831     6.31623      0 -
     2      293     0.006375     33511.5831       0.0000      6.31623     6.31623   33511.5831     6.31623      0 -
     2      294     0.006266     32921.3757    -590.2074      6.26036     6.26036   32921.3757     6.26036      1 chain_02/itr_00294_trial_01.rho
     2      295     0.006158     32921.3757       0.0000      6.26036     6.26036   32921.3757     6.26036      0 -
     2      296     0.006053     32931.3022       9.9264      6.26130     6.26130   32921.3757     6.26036      1 chain_02/itr_00296_trial_01.rho
     2      297     0.005949     32931.3022       0.0000      6.26130     6.26130   32921.3757     6.26036      0 -
     2      298     0.005847     32931.3022       0.0000      6.26130     6.26130   32921.3757     6.26036      0 -
     2      299     0.005746     32089.5325    -841.7697      6.18076     6.18076   32089.5325     6.18076      1 chain_02/itr_00299_trial_01.rho
     2      300     0.005648     32295.7011     206.1686      6.20059     6.20059   32089.5325     6.18076      1 chain_02/itr_00300_trial_01.rho
     2      301     0.005551     32295.7011       0.0000      6.20059     6.20059   32089.5325     6.18076      0 -
     2      302     0.005456     32295.7011       0.0000      6.20059     6.20059   32089.5325     6.18076      0 -
     2      303     0.005362     32127.7504    -167.9508      6.18444     6.18444   32089.5325     6.18076      1 chain_02/itr_00303_trial_01.rho
     2      304      0.00527     32127.7504       0.0000      6.18444     6.18444   32089.5325     6.18076      0 -
     2      305     0.005179     32127.7504       0.0000      6.18444     6.18444   32089.5325     6.18076      0 -
     2      306     0.005091     31898.5406    -229.2098      6.16234     6.16234   31898.5406     6.16234      1 chain_02/itr_00306_trial_01.rho
     2      307     0.005003     31898.5406       0.0000      6.16234     6.16234   31898.5406     6.16234      0 -
     2      308     0.004917     31898.5406       0.0000      6.16234     6.16234   31898.5406     6.16234      0 -
     2      309     0.004833     31898.5406       0.0000      6.16234     6.16234   31898.5406     6.16234      0 -
     2      310      0.00475     31898.5406       0.0000      6.16234     6.16234   31898.5406     6.16234      0 -
     2      311     0.004668     31898.5406       0.0000      6.16234     6.16234   31898.5406     6.16234      0 -
     2      312     0.004588     31898.5406       0.0000      6.16234     6.16234   31898.5406     6.16234      0 -
     2      313      0.00451     31220.0883    -678.4523      6.09646     6.09646   31220.0883     6.09646      1 chain_02/itr_00313_trial_01.rho
     2      314     0.004432     31094.9777    -125.1106      6.08423     6.08423   31094.9777     6.08423      1 chain_02/itr_00314_trial_01.rho
     2      315     0.004356     31094.9777       0.0000      6.08423     6.08423   31094.9777     6.08423      0 -
     2      316     0.004281     30234.7983    -860.1794      5.99948     5.99948   30234.7983     5.99948      1 chain_02/itr_00316_trial_01.rho
     2      317     0.004208     29616.8169    -617.9813      5.93785     5.93785   29616.8169     5.93785      1 chain_02/itr_00317_trial_01.rho
     2      318     0.004136     29616.8169       0.0000      5.93785     5.93785   29616.8169     5.93785      0 -
     2      319     0.004065     28615.6769   -1001.1401      5.83663     5.83663   28615.6769     5.83663      1 chain_02/itr_00319_trial_01.rho
     2      320     0.003995     28562.7463     -52.9306      5.83123     5.83123   28562.7463     5.83123      1 chain_02/itr_00320_trial_01.rho
     2      321     0.003926     28651.8672      89.1210      5.84032     5.84032   28562.7463     5.83123      1 chain_02/itr_00321_trial_01.rho
     2      322     0.003859     28651.8672       0.0000      5.84032     5.84032   28562.7463     5.83123      0 -
     2      323     0.003793     28651.8672       0.0000      5.84032     5.84032   28562.7463     5.83123      0 -
     2      324     0.003728     28651.8672       0.0000      5.84032     5.84032   28562.7463     5.83123      0 -
     2      325     0.003664     28651.8672       0.0000      5.84032     5.84032   28562.7463     5.83123      0 -
     2      326     0.003601     28651.8672       0.0000      5.84032     5.84032   28562.7463     5.83123      0 -
     2      327     0.003539     28651.8672       0.0000      5.84032     5.84032   28562.7463     5.83123      0 -
     2      328     0.003478     28651.8672       0.0000      5.84032     5.84032   28562.7463     5.83123      0 -
     2      329     0.003418     28651.8672       0.0000      5.84032     5.84032   28562.7463     5.83123      0 -
     2      330      0.00336     28148.0771    -503.7902      5.78875     5.78875   28148.0771     5.78875      1 chain_02/itr_00330_trial_01.rho
     2      331     0.003302     28148.0771       0.0000      5.78875     5.78875   28148.0771     5.78875      0 -
     2      332     0.003245     27711.1456    -436.9314      5.74365     5.74365   27711.1456     5.74365      1 chain_02/itr_00332_trial_01.rho
     2      333      0.00319     27711.1456       0.0000      5.74365     5.74365   27711.1456     5.74365      0 -
     2      334     0.003135     26956.2566    -754.8890      5.66487     5.66487   26956.2566     5.66487      1 chain_02/itr_00334_trial_01.rho
     2      335     0.003081     26956.2566       0.0000      5.66487     5.66487   26956.2566     5.66487      0 -
     2      336     0.003028     26956.2566       0.0000      5.66487     5.66487   26956.2566     5.66487      0 -
     2      337     0.002976     26434.4597    -521.7969      5.60978     5.60978   26434.4597     5.60978      1 chain_02/itr_00337_trial_01.rho
     2      338     0.002925     26434.4597       0.0000      5.60978     5.60978   26434.4597     5.60978      0 -
     2      339     0.002875     26434.4597       0.0000      5.60978     5.60978   26434.4597     5.60978      0 -
     2      340     0.002826     26250.4814    -183.9783      5.59022     5.59022   26250.4814     5.59022      1 chain_02/itr_00340_trial_01.rho
     2      341     0.002777     26250.4814       0.0000      5.59022     5.59022   26250.4814     5.59022      0 -
     2      342      0.00273     26250.4814       0.0000      5.59022     5.59022   26250.4814     5.59022      0 -
     2      343     0.002683     26250.4814       0.0000      5.59022     5.59022   26250.4814     5.59022      0 -
     2      344     0.002637     26128.6526    -121.8288      5.57723     5.57723   26128.6526     5.57723      1 chain_02/itr_00344_trial_01.rho
     2      345     0.002591     26128.6526       0.0000      5.57723     5.57723   26128.6526     5.57723      0 -
     2      346     0.002547     26128.6526       0.0000      5.57723     5.57723   26128.6526     5.57723      0 -
     2      347     0.002503     25466.5368    -662.1159      5.50612     5.50612   25466.5368     5.50612      1 chain_02/itr_00347_trial_01.rho
     2      348      0.00246     25466.5368       0.0000      5.50612     5.50612   25466.5368     5.50612      0 -
     2      349     0.002418     25466.5368       0.0000      5.50612     5.50612   25466.5368     5.50612      0 -
     2      350     0.002377     25039.5040    -427.0328      5.45976     5.45976   25039.5040     5.45976      1 chain_02/itr_00350_trial_01.rho
     2      351     0.002336     24776.9034    -262.6006      5.43105     5.43105   24776.9034     5.43105      1 chain_02/itr_00351_trial_01.rho
     2      352     0.002296     24776.9034       0.0000      5.43105     5.43105   24776.9034     5.43105      0 -
     2      353     0.002256     24776.9034       0.0000      5.43105     5.43105   24776.9034     5.43105      0 -
     2      354     0.002218     24776.9034       0.0000      5.43105     5.43105   24776.9034     5.43105      0 -
     2      355     0.002179     24776.9034       0.0000      5.43105     5.43105   24776.9034     5.43105      0 -
     2      356     0.002142     24776.9034       0.0000      5.43105     5.43105   24776.9034     5.43105      0 -
     2      357     0.002105     24776.9034       0.0000      5.43105     5.43105   24776.9034     5.43105      0 -
     2      358     0.002069     24776.9034       0.0000      5.43105     5.43105   24776.9034     5.43105      0 -
     2      359     0.002034     24776.9034       0.0000      5.43105     5.43105   24776.9034     5.43105      0 -
     2      360     0.001999     24451.1479    -325.7555      5.39523     5.39523   24451.1479     5.39523      1 chain_02/itr_00360_trial_01.rho
     2      361     0.001964     24320.2074    -130.9405      5.38076     5.38076   24320.2074     5.38076      1 chain_02/itr_00361_trial_01.rho
     2      362     0.001931     24320.2074       0.0000      5.38076     5.38076   24320.2074     5.38076      0 -
     2      363     0.001898     24320.2074       0.0000      5.38076     5.38076   24320.2074     5.38076      0 -
     2      364     0.001865     24320.2074       0.0000      5.38076     5.38076   24320.2074     5.38076      0 -
     2      365     0.001833     24320.2074       0.0000      5.38076     5.38076   24320.2074     5.38076      0 -
     2      366     0.001802     24320.2074       0.0000      5.38076     5.38076   24320.2074     5.38076      0 -
     2      367     0.001771     24320.2074       0.0000      5.38076     5.38076   24320.2074     5.38076      0 -
     2      368      0.00174     24320.2074       0.0000      5.38076     5.38076   24320.2074     5.38076      0 -
     2      369      0.00171     24320.2074       0.0000      5.38076     5.38076   24320.2074     5.38076      0 -
     2      370     0.001681     24122.5961    -197.6113      5.35886     5.35886   24122.5961     5.35886      1 chain_02/itr_00370_trial_01.rho
     2      371     0.001652     24122.5961       0.0000      5.35886     5.35886   24122.5961     5.35886      0 -
     2      372     0.001624     24122.5961       0.0000      5.35886     5.35886   24122.5961     5.35886      0 -
     2      373     0.001596     23751.9213    -370.6749      5.31753     5.31753   23751.9213     5.31753      1 chain_02/itr_00373_trial_01.rho
     2      374     0.001569     23751.9213       0.0000      5.31753     5.31753   23751.9213     5.31753      0 -
     2      375     0.001542     23751.9213       0.0000      5.31753     5.31753   23751.9213     5.31753      0 -
     2      376     0.001515     23751.9213       0.0000      5.31753     5.31753   23751.9213     5.31753      0 -
     2      377     0.001489     23665.4253     -86.4960      5.30784     5.30784   23665.4253     5.30784      1 chain_02/itr_00377_trial_01.rho
     2      378     0.001464     23525.2791    -140.1462      5.29210     5.29210   23525.2791     5.29210      1 chain_02/itr_00378_trial_01.rho
     2      379     0.001438     23525.2791       0.0000      5.29210     5.29210   23525.2791     5.29210      0 -
     2      380     0.001414     23525.2791       0.0000      5.29210     5.29210   23525.2791     5.29210      0 -
     2      381     0.001389     23525.2791       0.0000      5.29210     5.29210   23525.2791     5.29210      0 -
     2      382     0.001366     23525.2791       0.0000      5.29210     5.29210   23525.2791     5.29210      0 -
     2      383     0.001342     23483.9011     -41.3780      5.28744     5.28744   23483.9011     5.28744      1 chain_02/itr_00383_trial_01.rho
     2      384     0.001319     23483.9011       0.0000      5.28744     5.28744   23483.9011     5.28744      0 -
     2      385     0.001297     23483.9011       0.0000      5.28744     5.28744   23483.9011     5.28744      0 -
     2      386     0.001274     23483.9011       0.0000      5.28744     5.28744   23483.9011     5.28744      0 -
     2      387     0.001252     23085.7085    -398.1926      5.24242     5.24242   23085.7085     5.24242      1 chain_02/itr_00387_trial_01.rho
     2      388     0.001231     23085.7085       0.0000      5.24242     5.24242   23085.7085     5.24242      0 -
     2      389      0.00121     22618.4522    -467.2563      5.18910     5.18910   22618.4522     5.18910      1 chain_02/itr_00389_trial_01.rho
     2      390     0.001189     22213.3714    -405.0807      5.14242     5.14242   22213.3714     5.14242      1 chain_02/itr_00390_trial_01.rho
     2      391     0.001169     21857.3659    -356.0055      5.10105     5.10105   21857.3659     5.10105      1 chain_02/itr_00391_trial_01.rho
     2      392     0.001149     21857.3659       0.0000      5.10105     5.10105   21857.3659     5.10105      0 -
     2      393     0.001129     21857.3659       0.0000      5.10105     5.10105   21857.3659     5.10105      0 -
     2      394     0.001109     21857.3659       0.0000      5.10105     5.10105   21857.3659     5.10105      0 -
     2      395      0.00109     21857.3659       0.0000      5.10105     5.10105   21857.3659     5.10105      0 -
     2      396     0.001072     21857.3659       0.0000      5.10105     5.10105   21857.3659     5.10105      0 -
     2      397     0.001053     21857.3659       0.0000      5.10105     5.10105   21857.3659     5.10105      0 -
     2      398     0.001035     21528.5976    -328.7683      5.06254     5.06254   21528.5976     5.06254      1 chain_02/itr_00398_trial_01.rho
     2      399     0.001017     21148.2406    -380.3570      5.01762     5.01762   21148.2406     5.01762      1 chain_02/itr_00399_trial_01.rho
     2      400        0.001     21148.2406       0.0000      5.01762     5.01762   21148.2406     5.01762      0 -
