# VFSA 2D iteration best - 2026-09-14 18:08:14
# chains=2  n_ctrl=250  frac_update_controls=1.0  temp_kappa=1.0  cool_ratio=0.001  target_rms=1.0  n_trials=1
--------------------------------------------------------------------------------------------------------------------------------------------------------------------------------------------------------
 Chain     Iter         Temp       Chi2Curr        dChi2      RMSCurr     CurrRMS     Chi2Best     RMSBest   Nacc Model
--------------------------------------------------------------------------------------------------------------------------------------------------------------------------------------------------------
     2        1            1    788153.0801   18942.7068     30.63132    30.63132  769210.3732    30.26098      1 chain_02/itr_00001_trial_01.rho
     2        2       0.9828    702772.8662  -85380.2139     28.92463    28.92463  702772.8662    28.92463      1 chain_02/itr_00002_trial_01.rho
     2        3        0.966    709838.4367    7065.5705     29.06967    29.06967  702772.8662    28.92463      1 chain_02/itr_00003_trial_01.rho
     2        4       0.9494    757557.7823   47719.3456     30.03089    30.03089  702772.8662    28.92463      1 chain_02/itr_00004_trial_01.rho
     2        5       0.9331    695391.0546  -62166.7277     28.77232    28.77232  695391.0546    28.77232      1 chain_02/itr_00005_trial_01.rho
     2        6       0.9171    696753.1147    1362.0601     28.80049    28.80049  695391.0546    28.77232      1 chain_02/itr_00006_trial_01.rho
     2        7       0.9013    807501.4991  110748.3844     31.00502    31.00502  695391.0546    28.77232      1 chain_02/itr_00007_trial_01.rho
     2        8       0.8859    869571.0855   62069.5864     32.17458    32.17458  695391.0546    28.77232      1 chain_02/itr_00008_trial_01.rho
     2        9       0.8707    730525.0872 -139045.9983     29.49021    29.49021  695391.0546    28.77232      1 chain_02/itr_00009_trial_01.rho
     2       10       0.8557    693371.3229  -37153.7643     28.73051    28.73051  693371.3229    28.73051      1 chain_02/itr_00010_trial_01.rho
     2       11        0.841    692918.3316    -452.9913     28.72112    28.72112  692918.3316    28.72112      1 chain_02/itr_00011_trial_01.rho
     2       12       0.8266    583195.7212 -109722.6104     26.34921    26.34921  583195.7212    26.34921      1 chain_02/itr_00012_trial_01.rho
     2       13       0.8124    537299.7792  -45895.9419     25.29116    25.29116  537299.7792    25.29116      1 chain_02/itr_00013_trial_01.rho
     2       14       0.7985    534693.4811   -2606.2981     25.22974    25.22974  534693.4811    25.22974      1 chain_02/itr_00014_trial_01.rho
     2       15       0.7848    500713.9721  -33979.5090     24.41491    24.41491  500713.9721    24.41491      1 chain_02/itr_00015_trial_01.rho
     2       16       0.7713    564282.2657   63568.2936     25.91842    25.91842  500713.9721    24.41491      1 chain_02/itr_00016_trial_01.rho
     2       17       0.7581    501510.3906  -62771.8751     24.43432    24.43432  500713.9721    24.41491      1 chain_02/itr_00017_trial_01.rho
     2       18        0.745    523317.5242   21807.1336     24.95991    24.95991  500713.9721    24.41491      1 chain_02/itr_00018_trial_01.rho
     2       19       0.7323    580623.1920   57305.6678     26.29103    26.29103  500713.9721    24.41491      1 chain_02/itr_00019_trial_01.rho
     2       20       0.7197    596914.3658   16291.1738     26.65731    26.65731  500713.9721    24.41491      1 chain_02/itr_00020_trial_01.rho
     2       21       0.7073    728534.5936  131620.2278     29.45001    29.45001  500713.9721    24.41491      1 chain_02/itr_00021_trial_01.rho
     2       22       0.6952    728534.5936       0.0000     29.45001    29.45001  500713.9721    24.41491      0 -
     2       23       0.6833    724104.1757   -4430.4180     29.36033    29.36033  500713.9721    24.41491      1 chain_02/itr_00023_trial_01.rho
     2       24       0.6715    571252.6128 -152851.5629     26.07801    26.07801  500713.9721    24.41491      1 chain_02/itr_00024_trial_01.rho
     2       25         0.66    623394.0261   52141.4134     27.24217    27.24217  500713.9721    24.41491      1 chain_02/itr_00025_trial_01.rho
     2       26       0.6487    462944.3153 -160449.7108     23.47603    23.47603  462944.3153    23.47603      1 chain_02/itr_00026_trial_01.rho
     2       27       0.6375    441462.1534  -21482.1619     22.92488    22.92488  441462.1534    22.92488      1 chain_02/itr_00027_trial_01.rho
     2       28       0.6266    494247.1151   52784.9617     24.25674    24.25674  441462.1534    22.92488      1 chain_02/itr_00028_trial_01.rho
     2       29       0.6158    531881.6060   37634.4908     25.16331    25.16331  441462.1534    22.92488      1 chain_02/itr_00029_trial_01.rho
     2       30       0.6053    514760.4352  -17121.1708     24.75500    24.75500  441462.1534    22.92488      1 chain_02/itr_00030_trial_01.rho
     2       31       0.5949    493372.5320  -21387.9032     24.23527    24.23527  441462.1534    22.92488      1 chain_02/itr_00031_trial_01.rho
     2       32       0.5847    533287.3044   39914.7724     25.19654    25.19654  441462.1534    22.92488      1 chain_02/itr_00032_trial_01.rho
     2       33       0.5746    524900.2786   -8387.0258     24.99763    24.99763  441462.1534    22.92488      1 chain_02/itr_00033_trial_01.rho
     2       34       0.5648    604145.9668   79245.6882     26.81830    26.81830  441462.1534    22.92488      1 chain_02/itr_00034_trial_01.rho
     2       35       0.5551    648364.9137   44218.9469     27.78242    27.78242  441462.1534    22.92488      1 chain_02/itr_00035_trial_01.rho
     2       36       0.5456    621831.6721  -26533.2416     27.20801    27.20801  441462.1534    22.92488      1 chain_02/itr_00036_trial_01.rho
     2       37       0.5362    658254.6220   36422.9499     27.99351    27.99351  441462.1534    22.92488      1 chain_02/itr_00037_trial_01.rho
     2       38        0.527    542728.6595 -115525.9625     25.41861    25.41861  441462.1534    22.92488      1 chain_02/itr_00038_trial_01.rho
     2       39       0.5179    458003.7912  -84724.8683     23.35043    23.35043  441462.1534    22.92488      1 chain_02/itr_00039_trial_01.rho
     2       40       0.5091    399240.5396  -58763.2516     21.80106    21.80106  399240.5396    21.80106      1 chain_02/itr_00040_trial_01.rho
     2       41       0.5003    384205.3496  -15035.1900     21.38662    21.38662  384205.3496    21.38662      1 chain_02/itr_00041_trial_01.rho
     2       42       0.4917    508756.4406  124551.0910     24.61021    24.61021  384205.3496    21.38662      1 chain_02/itr_00042_trial_01.rho
     2       43       0.4833    463930.1857  -44826.2549     23.50102    23.50102  384205.3496    21.38662      1 chain_02/itr_00043_trial_01.rho
     2       44        0.475    458955.7831   -4974.4026     23.37469    23.37469  384205.3496    21.38662      1 chain_02/itr_00044_trial_01.rho
     2       45       0.4668    458955.7831       0.0000     23.37469    23.37469  384205.3496    21.38662      0 -
     2       46       0.4588    454125.5062   -4830.2769     23.25136    23.25136  384205.3496    21.38662      1 chain_02/itr_00046_trial_01.rho
     2       47        0.451    454125.5062       0.0000     23.25136    23.25136  384205.3496    21.38662      0 -
     2       48       0.4432    416449.2353  -37676.2709     22.26596    22.26596  384205.3496    21.38662      1 chain_02/itr_00048_trial_01.rho
     2       49       0.4356    423247.5849    6798.3496     22.44696    22.44696  384205.3496    21.38662      1 chain_02/itr_00049_trial_01.rho
     2       50       0.4281    483994.9044   60747.3195     24.00384    24.00384  384205.3496    21.38662      1 chain_02/itr_00050_trial_01.rho
     2       51       0.4208    545447.2588   61452.3544     25.48219    25.48219  384205.3496    21.38662      1 chain_02/itr_00051_trial_01.rho
     2       52       0.4136    646088.9128  100641.6540     27.73362    27.73362  384205.3496    21.38662      1 chain_02/itr_00052_trial_01.rho
     2       53       0.4065    765902.7116  119813.7988     30.19584    30.19584  384205.3496    21.38662      1 chain_02/itr_00053_trial_01.rho
     2       54       0.3995    616770.1758 -149132.5357     27.09705    27.09705  384205.3496    21.38662      1 chain_02/itr_00054_trial_01.rho
     2       55       0.3926    544456.4156  -72313.7602     25.45903    25.45903  384205.3496    21.38662      1 chain_02/itr_00055_trial_01.rho
     2       56       0.3859    369059.5978 -175396.8178     20.96084    20.96084  369059.5978    20.96084      1 chain_02/itr_00056_trial_01.rho
     2       57       0.3793    320213.3446  -48846.2532     19.52451    19.52451  320213.3446    19.52451      1 chain_02/itr_00057_trial_01.rho
     2       58       0.3728    280568.6002  -39644.7444     18.27595    18.27595  280568.6002    18.27595      1 chain_02/itr_00058_trial_01.rho
     2       59       0.3664    326743.9664   46175.3661     19.72260    19.72260  280568.6002    18.27595      1 chain_02/itr_00059_trial_01.rho
     2       60       0.3601    378973.1508   52229.1844     21.24049    21.24049  280568.6002    18.27595      1 chain_02/itr_00060_trial_01.rho
     2       61       0.3539    397013.8954   18040.7446     21.74018    21.74018  280568.6002    18.27595      1 chain_02/itr_00061_trial_01.rho
     2       62       0.3478    397013.8954       0.0000     21.74018    21.74018  280568.6002    18.27595      0 -
     2       63       0.3418    383177.2385  -13836.6569     21.35798    21.35798  280568.6002    18.27595      1 chain_02/itr_00063_trial_01.rho
     2       64        0.336    378913.6050   -4263.6335     21.23882    21.23882  280568.6002    18.27595      1 chain_02/itr_00064_trial_01.rho
     2       65       0.3302    327823.8333  -51089.7717     19.75516    19.75516  280568.6002    18.27595      1 chain_02/itr_00065_trial_01.rho
     2       66       0.3245    286993.4916  -40830.3417     18.48402    18.48402  280568.6002    18.27595      1 chain_02/itr_00066_trial_01.rho
     2       67        0.319    301633.9621   14640.4705     18.94962    18.94962  280568.6002    18.27595      1 chain_02/itr_00067_trial_01.rho
     2       68       0.3135    331090.5269   29456.5648     19.85335    19.85335  280568.6002    18.27595      1 chain_02/itr_00068_trial_01.rho
     2       69       0.3081    337685.7748    6595.2479     20.05011    20.05011  280568.6002    18.27595      1 chain_02/itr_00069_trial_01.rho
     2       70       0.3028    337685.7748       0.0000     20.05011    20.05011  280568.6002    18.27595      0 -
     2       71       0.2976    337639.4459     -46.3289     20.04873    20.04873  280568.6002    18.27595      1 chain_02/itr_00071_trial_01.rho
     2       72       0.2925    357360.9484   19721.5025     20.62595    20.62595  280568.6002    18.27595      1 chain_02/itr_00072_trial_01.rho
     2       73       0.2875    381585.3725   24224.4241     21.31357    21.31357  280568.6002    18.27595      1 chain_02/itr_00073_trial_01.rho
     2       74       0.2826    349377.1850  -32208.1875     20.39424    20.39424  280568.6002    18.27595      1 chain_02/itr_00074_trial_01.rho
     2       75       0.2777    327592.5740  -21784.6110     19.74819    19.74819  280568.6002    18.27595      1 chain_02/itr_00075_trial_01.rho
     2       76        0.273    321015.1870   -6577.3870     19.54894    19.54894  280568.6002    18.27595      1 chain_02/itr_00076_trial_01.rho
     2       77       0.2683    320627.1450    -388.0420     19.53712    19.53712  280568.6002    18.27595      1 chain_02/itr_00077_trial_01.rho
     2       78       0.2637    339405.1973   18778.0523     20.10109    20.10109  280568.6002    18.27595      1 chain_02/itr_00078_trial_01.rho
     2       79       0.2591    325020.8989  -14384.2983     19.67053    19.67053  280568.6002    18.27595      1 chain_02/itr_00079_trial_01.rho
     2       80       0.2547    328920.3501    3899.4512     19.78817    19.78817  280568.6002    18.27595      1 chain_02/itr_00080_trial_01.rho
     2       81       0.2503    328920.3501       0.0000     19.78817    19.78817  280568.6002    18.27595      0 -
     2       82        0.246    310637.1311  -18283.2190     19.23034    19.23034  280568.6002    18.27595      1 chain_02/itr_00082_trial_01.rho
     2       83       0.2418    353821.6338   43184.5027     20.52355    20.52355  280568.6002    18.27595      1 chain_02/itr_00083_trial_01.rho
     2       84       0.2377    316043.2336  -37778.4002     19.39696    19.39696  280568.6002    18.27595      1 chain_02/itr_00084_trial_01.rho
     2       85       0.2336    297179.5062  -18863.7274     18.80918    18.80918  280568.6002    18.27595      1 chain_02/itr_00085_trial_01.rho
     2       86       0.2296    297165.6962     -13.8100     18.80874    18.80874  280568.6002    18.27595      1 chain_02/itr_00086_trial_01.rho
     2       87       0.2256    306150.1844    8984.4882     19.09095    19.09095  280568.6002    18.27595      1 chain_02/itr_00087_trial_01.rho
     2       88       0.2218    334990.9165   28840.7321     19.96995    19.96995  280568.6002    18.27595      1 chain_02/itr_00088_trial_01.rho
     2       89       0.2179    406017.0989   71026.1825     21.98531    21.98531  280568.6002    18.27595      1 chain_02/itr_00089_trial_01.rho
     2       90       0.2142    384116.6245  -21900.4744     21.38415    21.38415  280568.6002    18.27595      1 chain_02/itr_00090_trial_01.rho
     2       91       0.2105    368173.4216  -15943.2029     20.93566    20.93566  280568.6002    18.27595      1 chain_02/itr_00091_trial_01.rho
     2       92       0.2069    343271.6927  -24901.7289     20.21526    20.21526  280568.6002    18.27595      1 chain_02/itr_00092_trial_01.rho
     2       93       0.2034    342205.6742   -1066.0185     20.18385    20.18385  280568.6002    18.27595      1 chain_02/itr_00093_trial_01.rho
     2       94       0.1999    324657.9449  -17547.7293     19.65954    19.65954  280568.6002    18.27595      1 chain_02/itr_00094_trial_01.rho
     2       95       0.1964    254012.3696  -70645.5753     17.38953    17.38953  254012.3696    17.38953      1 chain_02/itr_00095_trial_01.rho
     2       96       0.1931    224468.7719  -29543.5977     16.34701    16.34701  224468.7719    16.34701      1 chain_02/itr_00096_trial_01.rho
     2       97       0.1898    185770.0007  -38698.7712     14.87127    14.87127  185770.0007    14.87127      1 chain_02/itr_00097_trial_01.rho
     2       98       0.1865    148485.5588  -37284.4419     13.29543    13.29543  148485.5588    13.29543      1 chain_02/itr_00098_trial_01.rho
     2       99       0.1833    206481.3770   57995.8183     15.67837    15.67837  148485.5588    13.29543      1 chain_02/itr_00099_trial_01.rho
     2      100       0.1802    189073.8514  -17407.5256     15.00293    15.00293  148485.5588    13.29543      1 chain_02/itr_00100_trial_01.rho
     2      101       0.1771    164376.8750  -24696.9763     13.98881    13.98881  148485.5588    13.29543      1 chain_02/itr_00101_trial_01.rho
     2      102        0.174    190686.6394   26309.7643     15.06678    15.06678  148485.5588    13.29543      1 chain_02/itr_00102_trial_01.rho
     2      103        0.171    165218.2563  -25468.3831     14.02456    14.02456  148485.5588    13.29543      1 chain_02/itr_00103_trial_01.rho
     2      104       0.1681    165218.2563       0.0000     14.02456    14.02456  148485.5588    13.29543      0 -
     2      105       0.1652    165218.2563       0.0000     14.02456    14.02456  148485.5588    13.29543      0 -
     2      106       0.1624    165218.2563       0.0000     14.02456    14.02456  148485.5588    13.29543      0 -
     2      107       0.1596    167541.4728    2323.2165     14.12282    14.12282  148485.5588    13.29543      1 chain_02/itr_00107_trial_01.rho
     2      108       0.1569    158245.8000   -9295.6727     13.72545    13.72545  148485.5588    13.29543      1 chain_02/itr_00108_trial_01.rho
     2      109       0.1542    210259.2815   52013.4814     15.82115    15.82115  148485.5588    13.29543      1 chain_02/itr_00109_trial_01.rho
     2      110       0.1515    228692.4220   18433.1406     16.50009    16.50009  148485.5588    13.29543      1 chain_02/itr_00110_trial_01.rho
     2      111       0.1489    229424.1962     731.7741     16.52646    16.52646  148485.5588    13.29543      1 chain_02/itr_00111_trial_01.rho
     2      112       0.1464    217247.5934  -12176.6028     16.08192    16.08192  148485.5588    13.29543      1 chain_02/itr_00112_trial_01.rho
     2      113       0.1438    219313.2990    2065.7056     16.15819    16.15819  148485.5588    13.29543      1 chain_02/itr_00113_trial_01.rho
     2      114       0.1414    202273.6706  -17039.6284     15.51780    15.51780  148485.5588    13.29543      1 chain_02/itr_00114_trial_01.rho
     2      115       0.1389    238830.8759   36557.2053     16.86186    16.86186  148485.5588    13.29543      1 chain_02/itr_00115_trial_01.rho
     2      116       0.1366    240397.1864    1566.3105     16.91707    16.91707  148485.5588    13.29543      1 chain_02/itr_00116_trial_01.rho
     2      117       0.1342    242106.4334    1709.2470     16.97710    16.97710  148485.5588    13.29543      1 chain_02/itr_00117_trial_01.rho
     2      118       0.1319    242106.4334       0.0000     16.97710    16.97710  148485.5588    13.29543      0 -
     2      119       0.1297    239632.9162   -2473.5172     16.89015    16.89015  148485.5588    13.29543      1 chain_02/itr_00119_trial_01.rho
     2      120       0.1274    214104.0727  -25528.8436     15.96514    15.96514  148485.5588    13.29543      1 chain_02/itr_00120_trial_01.rho
     2      121       0.1252    228754.0870   14650.0144     16.50231    16.50231  148485.5588    13.29543      1 chain_02/itr_00121_trial_01.rho
     2      122       0.1231    235869.2609    7115.1738     16.75699    16.75699  148485.5588    13.29543      1 chain_02/itr_00122_trial_01.rho
     2      123        0.121    284872.1446   49002.8837     18.41558    18.41558  148485.5588    13.29543      1 chain_02/itr_00123_trial_01.rho
     2      124       0.1189    272276.8424  -12595.3022     18.00386    18.00386  148485.5588    13.29543      1 chain_02/itr_00124_trial_01.rho
     2      125       0.1169    272276.8424       0.0000     18.00386    18.00386  148485.5588    13.29543      0 -
     2      126       0.1149    272276.8424       0.0000     18.00386    18.00386  148485.5588    13.29543      0 -
     2      127       0.1129    248866.9704  -23409.8720     17.21250    17.21250  148485.5588    13.29543      1 chain_02/itr_00127_trial_01.rho
     2      128       0.1109    246277.5726   -2589.3978     17.12272    17.12272  148485.5588    13.29543      1 chain_02/itr_00128_trial_01.rho
     2      129        0.109    246277.5726       0.0000     17.12272    17.12272  148485.5588    13.29543      0 -
     2      130       0.1072    246277.5726       0.0000     17.12272    17.12272  148485.5588    13.29543      0 -
     2      131       0.1053    251393.6816    5116.1090     17.29966    17.29966  148485.5588    13.29543      1 chain_02/itr_00131_trial_01.rho
     2      132       0.1035    204308.5525  -47085.1291     15.59566    15.59566  148485.5588    13.29543      1 chain_02/itr_00132_trial_01.rho
     2      133       0.1017    199125.3899   -5183.1626     15.39656    15.39656  148485.5588    13.29543      1 chain_02/itr_00133_trial_01.rho
     2      134          0.1    186841.2264  -12284.1635     14.91409    14.91409  148485.5588    13.29543      1 chain_02/itr_00134_trial_01.rho
     2      135      0.09828    201976.6692   15135.4428     15.50640    15.50640  148485.5588    13.29543      1 chain_02/itr_00135_trial_01.rho
     2      136       0.0966    201976.6692       0.0000     15.50640    15.50640  148485.5588    13.29543      0 -
     2      137      0.09494    182996.1652  -18980.5040     14.75983    14.75983  148485.5588    13.29543      1 chain_02/itr_00137_trial_01.rho
     2      138      0.09331    196102.9490   13106.7838     15.27926    15.27926  148485.5588    13.29543      1 chain_02/itr_00138_trial_01.rho
     2      139      0.09171    194802.8924   -1300.0566     15.22853    15.22853  148485.5588    13.29543      1 chain_02/itr_00139_trial_01.rho
     2      140      0.09013    163476.1966  -31326.6959     13.95043    13.95043  148485.5588    13.29543      1 chain_02/itr_00140_trial_01.rho
     2      141      0.08859    170503.0131    7026.8166     14.24710    14.24710  148485.5588    13.29543      1 chain_02/itr_00141_trial_01.rho
     2      142      0.08707    166092.2064   -4410.8068     14.06161    14.06161  148485.5588    13.29543      1 chain_02/itr_00142_trial_01.rho
     2      143      0.08557    174513.5588    8421.3524     14.41368    14.41368  148485.5588    13.29543      1 chain_02/itr_00143_trial_01.rho
     2      144       0.0841    174513.5588       0.0000     14.41368    14.41368  148485.5588    13.29543      0 -
     2      145      0.08266    174513.5588       0.0000     14.41368    14.41368  148485.5588    13.29543      0 -
     2      146      0.08124    167626.8254   -6886.7334     14.12642    14.12642  148485.5588    13.29543      1 chain_02/itr_00146_trial_01.rho
     2      147      0.07985    167626.8254       0.0000     14.12642    14.12642  148485.5588    13.29543      0 -
     2      148      0.07848    169127.6898    1500.8644     14.18952    14.18952  148485.5588    13.29543      1 chain_02/itr_00148_trial_01.rho
     2      149      0.07713    155061.5637  -14066.1261     13.58665    13.58665  148485.5588    13.29543      1 chain_02/itr_00149_trial_01.rho
     2      150      0.07581    136678.3792  -18383.1845     12.75588    12.75588  136678.3792    12.75588      1 chain_02/itr_00150_trial_01.rho
     2      151       0.0745    134289.2076   -2389.1716     12.64390    12.64390  134289.2076    12.64390      1 chain_02/itr_00151_trial_01.rho
     2      152      0.07323    129655.1820   -4634.0255     12.42382    12.42382  129655.1820    12.42382      1 chain_02/itr_00152_trial_01.rho
     2      153      0.07197    129655.1820       0.0000     12.42382    12.42382  129655.1820    12.42382      0 -
     2      154      0.07073    119339.4798  -10315.7022     11.91935    11.91935  119339.4798    11.91935      1 chain_02/itr_00154_trial_01.rho
     2      155      0.06952    129339.8492   10000.3694     12.40871    12.40871  119339.4798    11.91935      1 chain_02/itr_00155_trial_01.rho
     2      156      0.06833    124817.7072   -4522.1420     12.18985    12.18985  119339.4798    11.91935      1 chain_02/itr_00156_trial_01.rho
     2      157      0.06715    135043.9856   10226.2785     12.67938    12.67938  119339.4798    11.91935      1 chain_02/itr_00157_trial_01.rho
     2      158        0.066    134979.5541     -64.4316     12.67635    12.67635  119339.4798    11.91935      1 chain_02/itr_00158_trial_01.rho
     2      159      0.06487    127981.0883   -6998.4658     12.34336    12.34336  119339.4798    11.91935      1 chain_02/itr_00159_trial_01.rho
     2      160      0.06375    127981.0883       0.0000     12.34336    12.34336  119339.4798    11.91935      0 -
     2      161      0.06266    127981.0883       0.0000     12.34336    12.34336  119339.4798    11.91935      0 -
     2      162      0.06158    127981.0883       0.0000     12.34336    12.34336  119339.4798    11.91935      0 -
     2      163      0.06053    124267.2908   -3713.7974     12.16295    12.16295  119339.4798    11.91935      1 chain_02/itr_00163_trial_01.rho
     2      164      0.05949    124267.2908       0.0000     12.16295    12.16295  119339.4798    11.91935      0 -
     2      165      0.05847    115056.2702   -9211.0206     11.70349    11.70349  115056.2702    11.70349      1 chain_02/itr_00165_trial_01.rho
     2      166      0.05746    115056.2702       0.0000     11.70349    11.70349  115056.2702    11.70349      0 -
     2      167      0.05648    115056.2702       0.0000     11.70349    11.70349  115056.2702    11.70349      0 -
     2      168      0.05551    115056.2702       0.0000     11.70349    11.70349  115056.2702    11.70349      0 -
     2      169      0.05456    115056.2702       0.0000     11.70349    11.70349  115056.2702    11.70349      0 -
     2      170      0.05362    102959.7790  -12096.4912     11.07119    11.07119  102959.7790    11.07119      1 chain_02/itr_00170_trial_01.rho
     2      171       0.0527    110380.2098    7420.4308     11.46320    11.46320  102959.7790    11.07119      1 chain_02/itr_00171_trial_01.rho
     2      172      0.05179    110832.5743     452.3646     11.48667    11.48667  102959.7790    11.07119      1 chain_02/itr_00172_trial_01.rho
     2      173      0.05091    110832.5743       0.0000     11.48667    11.48667  102959.7790    11.07119      0 -
     2      174      0.05003    102888.8046   -7943.7697     11.06737    11.06737  102888.8046    11.06737      1 chain_02/itr_00174_trial_01.rho
     2      175      0.04917     98968.7469   -3920.0578     10.85449    10.85449   98968.7469    10.85449      1 chain_02/itr_00175_trial_01.rho
     2      176      0.04833     98968.7469       0.0000     10.85449    10.85449   98968.7469    10.85449      0 -
     2      177       0.0475     98968.7469       0.0000     10.85449    10.85449   98968.7469    10.85449      0 -
     2      178      0.04668     99297.6963     328.9495     10.87251    10.87251   98968.7469    10.85449      1 chain_02/itr_00178_trial_01.rho
     2      179      0.04588     99297.6963       0.0000     10.87251    10.87251   98968.7469    10.85449      0 -
     2      180       0.0451     98761.9300    -535.7664     10.84314    10.84314   98761.9300    10.84314      1 chain_02/itr_00180_trial_01.rho
     2      181      0.04432     90975.9112   -7786.0187     10.40695    10.40695   90975.9112    10.40695      1 chain_02/itr_00181_trial_01.rho
     2      182      0.04356     90975.9112       0.0000     10.40695    10.40695   90975.9112    10.40695      0 -
     2      183      0.04281     84846.9202   -6128.9911     10.05029    10.05029   84846.9202    10.05029      1 chain_02/itr_00183_trial_01.rho
     2      184      0.04208     80188.6218   -4658.2984      9.77050     9.77050   80188.6218     9.77050      1 chain_02/itr_00184_trial_01.rho
     2      185      0.04136     80188.6218       0.0000      9.77050     9.77050   80188.6218     9.77050      0 -
     2      186      0.04065     80188.6218       0.0000      9.77050     9.77050   80188.6218     9.77050      0 -
     2      187      0.03995     65757.3881  -14431.2337      8.84775     8.84775   65757.3881     8.84775      1 chain_02/itr_00187_trial_01.rho
     2      188      0.03926     62815.2406   -2942.1475      8.64755     8.64755   62815.2406     8.64755      1 chain_02/itr_00188_trial_01.rho
     2      189      0.03859     63263.1685     447.9279      8.67832     8.67832   62815.2406     8.64755      1 chain_02/itr_00189_trial_01.rho
     2      190      0.03793     65605.4749    2342.3064      8.83752     8.83752   62815.2406     8.64755      1 chain_02/itr_00190_trial_01.rho
     2      191      0.03728     63278.3679   -2327.1070      8.67937     8.67937   62815.2406     8.64755      1 chain_02/itr_00191_trial_01.rho
     2      192      0.03664     63189.7962     -88.5717      8.67329     8.67329   62815.2406     8.64755      1 chain_02/itr_00192_trial_01.rho
     2      193      0.03601     63713.1898     523.3936      8.70914     8.70914   62815.2406     8.64755      1 chain_02/itr_00193_trial_01.rho
     2      194      0.03539     63993.7881     280.5983      8.72829     8.72829   62815.2406     8.64755      1 chain_02/itr_00194_trial_01.rho
     2      195      0.03478     63627.0340    -366.7541      8.70324     8.70324   62815.2406     8.64755      1 chain_02/itr_00195_trial_01.rho
     2      196      0.03418     63627.0340       0.0000      8.70324     8.70324   62815.2406     8.64755      0 -
     2      197       0.0336     61432.6937   -2194.3403      8.55185     8.55185   61432.6937     8.55185      1 chain_02/itr_00197_trial_01.rho
     2      198      0.03302     62420.2372     987.5436      8.62031     8.62031   61432.6937     8.55185      1 chain_02/itr_00198_trial_01.rho
     2      199      0.03245     57259.9557   -5160.2815      8.25631     8.25631   57259.9557     8.25631      1 chain_02/itr_00199_trial_01.rho
     2      200       0.0319     57559.4485     299.4928      8.27787     8.27787   57259.9557     8.25631      1 chain_02/itr_00200_trial_01.rho
     2      201      0.03135     57953.2355     393.7870      8.30614     8.30614   57259.9557     8.25631      1 chain_02/itr_00201_trial_01.rho
     2      202      0.03081     57953.2355       0.0000      8.30614     8.30614   57259.9557     8.25631      0 -
     2      203      0.03028     57953.2355       0.0000      8.30614     8.30614   57259.9557     8.25631      0 -
     2      204      0.02976     60878.8431    2925.6076      8.51321     8.51321   57259.9557     8.25631      1 chain_02/itr_00204_trial_01.rho
     2      205      0.02925     62521.7788    1642.9357      8.62732     8.62732   57259.9557     8.25631      1 chain_02/itr_00205_trial_01.rho
     2      206      0.02875     58933.9001   -3587.8787      8.37612     8.37612   57259.9557     8.25631      1 chain_02/itr_00206_trial_01.rho
     2      207      0.02826     60335.6343    1401.7341      8.47515     8.47515   57259.9557     8.25631      1 chain_02/itr_00207_trial_01.rho
     2      208      0.02777     60335.6343       0.0000      8.47515     8.47515   57259.9557     8.25631      0 -
     2      209       0.0273     60335.6343       0.0000      8.47515     8.47515   57259.9557     8.25631      0 -
     2      210      0.02683     60865.5410     529.9068      8.51228     8.51228   57259.9557     8.25631      1 chain_02/itr_00210_trial_01.rho
     2      211      0.02637     59900.0173    -965.5238      8.44450     8.44450   57259.9557     8.25631      1 chain_02/itr_00211_trial_01.rho
     2      212      0.02591     59900.0173       0.0000      8.44450     8.44450   57259.9557     8.25631      0 -
     2      213      0.02547     61312.8030    1412.7857      8.54350     8.54350   57259.9557     8.25631      1 chain_02/itr_00213_trial_01.rho
     2      214      0.02503     60432.2000    -880.6030      8.48193     8.48193   57259.9557     8.25631      1 chain_02/itr_00214_trial_01.rho
     2      215       0.0246     60432.2000       0.0000      8.48193     8.48193   57259.9557     8.25631      0 -
     2      216      0.02418     57161.7809   -3270.4191      8.24923     8.24923   57161.7809     8.24923      1 chain_02/itr_00216_trial_01.rho
     2      217      0.02377     56984.7669    -177.0140      8.23644     8.23644   56984.7669     8.23644      1 chain_02/itr_00217_trial_01.rho
     2      218      0.02336     55654.7876   -1329.9793      8.13976     8.13976   55654.7876     8.13976      1 chain_02/itr_00218_trial_01.rho
     2      219      0.02296     54379.3744   -1275.4133      8.04595     8.04595   54379.3744     8.04595      1 chain_02/itr_00219_trial_01.rho
     2      220      0.02256     54379.3744       0.0000      8.04595     8.04595   54379.3744     8.04595      0 -
     2      221      0.02218     53680.5862    -698.7882      7.99409     7.99409   53680.5862     7.99409      1 chain_02/itr_00221_trial_01.rho
     2      222      0.02179     54624.2531     943.6669      8.06405     8.06405   53680.5862     7.99409      1 chain_02/itr_00222_trial_01.rho
     2      223      0.02142     54624.2531       0.0000      8.06405     8.06405   53680.5862     7.99409      0 -
     2      224      0.02105     53717.2021    -907.0510      7.99681     7.99681   53680.5862     7.99409      1 chain_02/itr_00224_trial_01.rho
     2      225      0.02069     53717.2021       0.0000      7.99681     7.99681   53680.5862     7.99409      0 -
     2      226      0.02034     53717.2021       0.0000      7.99681     7.99681   53680.5862     7.99409      0 -
     2      227      0.01999     53683.3642     -33.8379      7.99430     7.99430   53680.5862     7.99409      1 chain_02/itr_00227_trial_01.rho
     2      228      0.01964     53683.3642       0.0000      7.99430     7.99430   53680.5862     7.99409      0 -
     2      229      0.01931     53683.3642       0.0000      7.99430     7.99430   53680.5862     7.99409      0 -
     2      230      0.01898     53683.3642       0.0000      7.99430     7.99430   53680.5862     7.99409      0 -
     2      231      0.01865     53683.3642       0.0000      7.99430     7.99430   53680.5862     7.99409      0 -
     2      232      0.01833     53334.0483    -349.3158      7.96824     7.96824   53334.0483     7.96824      1 chain_02/itr_00232_trial_01.rho
     2      233      0.01802     50194.8035   -3139.2448      7.73018     7.73018   50194.8035     7.73018      1 chain_02/itr_00233_trial_01.rho
     2      234      0.01771     50194.8035       0.0000      7.73018     7.73018   50194.8035     7.73018      0 -
     2      235       0.0174     50194.8035       0.0000      7.73018     7.73018   50194.8035     7.73018      0 -
     2      236       0.0171     50190.2093      -4.5942      7.72983     7.72983   50190.2093     7.72983      1 chain_02/itr_00236_trial_01.rho
     2      237      0.01681     49441.9703    -748.2390      7.67199     7.67199   49441.9703     7.67199      1 chain_02/itr_00237_trial_01.rho
     2      238      0.01652     47688.7390   -1753.2312      7.53474     7.53474   47688.7390     7.53474      1 chain_02/itr_00238_trial_01.rho
     2      239      0.01624     47256.2533    -432.4858      7.50050     7.50050   47256.2533     7.50050      1 chain_02/itr_00239_trial_01.rho
     2      240      0.01596     47256.2533       0.0000      7.50050     7.50050   47256.2533     7.50050      0 -
     2      241      0.01569     46645.7244    -610.5288      7.45189     7.45189   46645.7244     7.45189      1 chain_02/itr_00241_trial_01.rho
     2      242      0.01542     45465.7474   -1179.9770      7.35703     7.35703   45465.7474     7.35703      1 chain_02/itr_00242_trial_01.rho
     2      243      0.01515     45465.7474       0.0000      7.35703     7.35703   45465.7474     7.35703      0 -
     2      244      0.01489     43525.4242   -1940.3232      7.19833     7.19833   43525.4242     7.19833      1 chain_02/itr_00244_trial_01.rho
     2      245      0.01464     41986.6159   -1538.8083      7.06994     7.06994   41986.6159     7.06994      1 chain_02/itr_00245_trial_01.rho
     2      246      0.01438     41986.6159       0.0000      7.06994     7.06994   41986.6159     7.06994      0 -
     2      247      0.01414     41986.6159       0.0000      7.06994     7.06994   41986.6159     7.06994      0 -
     2      248      0.01389     41172.2263    -814.3896      7.00104     7.00104   41172.2263     7.00104      1 chain_02/itr_00248_trial_01.rho
     2      249      0.01366     40602.6424    -569.5839      6.95244     6.95244   40602.6424     6.95244      1 chain_02/itr_00249_trial_01.rho
     2      250      0.01342     40184.0688    -418.5737      6.91651     6.91651   40184.0688     6.91651      1 chain_02/itr_00250_trial_01.rho
     2      251      0.01319     40184.0688       0.0000      6.91651     6.91651   40184.0688     6.91651      0 -
     2      252      0.01297     40184.0688       0.0000      6.91651     6.91651   40184.0688     6.91651      0 -
     2      253      0.01274     39297.0371    -887.0316      6.83975     6.83975   39297.0371     6.83975      1 chain_02/itr_00253_trial_01.rho
     2      254      0.01252     40214.9534     917.9162      6.91917     6.91917   39297.0371     6.83975      1 chain_02/itr_00254_trial_01.rho
     2      255      0.01231     39310.7547    -904.1987      6.84094     6.84094   39297.0371     6.83975      1 chain_02/itr_00255_trial_01.rho
     2      256       0.0121     39310.7547       0.0000      6.84094     6.84094   39297.0371     6.83975      0 -
     2      257      0.01189     38950.3832    -360.3715      6.80952     6.80952   38950.3832     6.80952      1 chain_02/itr_00257_trial_01.rho
     2      258      0.01169     38043.8275    -906.5557      6.72980     6.72980   38043.8275     6.72980      1 chain_02/itr_00258_trial_01.rho
     2      259      0.01149     38043.8275       0.0000      6.72980     6.72980   38043.8275     6.72980      0 -
     2      260      0.01129     38296.6490     252.8215      6.75213     6.75213   38043.8275     6.72980      1 chain_02/itr_00260_trial_01.rho
     2      261      0.01109     38711.0001     414.3511      6.78856     6.78856   38043.8275     6.72980      1 chain_02/itr_00261_trial_01.rho
     2      262       0.0109     38624.1985     -86.8016      6.78094     6.78094   38043.8275     6.72980      1 chain_02/itr_00262_trial_01.rho
     2      263      0.01072     39623.0281     998.8296      6.86806     6.86806   38043.8275     6.72980      1 chain_02/itr_00263_trial_01.rho
     2      264      0.01053     39623.0281       0.0000      6.86806     6.86806   38043.8275     6.72980      0 -
     2      265      0.01035     39099.1702    -523.8579      6.82251     6.82251   38043.8275     6.72980      1 chain_02/itr_00265_trial_01.rho
     2      266      0.01017     39099.1702       0.0000      6.82251     6.82251   38043.8275     6.72980      0 -
     2      267         0.01     38967.6908    -131.4793      6.81103     6.81103   38043.8275     6.72980      1 chain_02/itr_00267_trial_01.rho
     2      268     0.009828     38900.4791     -67.2117      6.80515     6.80515   38043.8275     6.72980      1 chain_02/itr_00268_trial_01.rho
     2      269      0.00966     38900.4791       0.0000      6.80515     6.80515   38043.8275     6.72980      0 -
     2      270     0.009494     38900.4791       0.0000      6.80515     6.80515   38043.8275     6.72980      0 -
     2      271     0.009331     38900.4791       0.0000      6.80515     6.80515   38043.8275     6.72980      0 -
     2      272     0.009171     38962.5369      62.0577      6.81058     6.81058   38043.8275     6.72980      1 chain_02/itr_00272_trial_01.rho
     2      273     0.009013     38821.5662    -140.9707      6.79825     6.79825   38043.8275     6.72980      1 chain_02/itr_00273_trial_01.rho
     2      274     0.008859     38821.5662       0.0000      6.79825     6.79825   38043.8275     6.72980      0 -
     2      275     0.008707     38821.5662       0.0000      6.79825     6.79825   38043.8275     6.72980      0 -
     2      276     0.008557     39120.9747     299.4084      6.82441     6.82441   38043.8275     6.72980      1 chain_02/itr_00276_trial_01.rho
     2      277      0.00841     38512.2484    -608.7263      6.77111     6.77111   38043.8275     6.72980      1 chain_02/itr_00277_trial_01.rho
     2      278     0.008266     38388.8540    -123.3943      6.76025     6.76025   38043.8275     6.72980      1 chain_02/itr_00278_trial_01.rho
     2      279     0.008124     37757.2106    -631.6434      6.70441     6.70441   37757.2106     6.70441      1 chain_02/itr_00279_trial_01.rho
     2      280     0.007985     37757.2106       0.0000      6.70441     6.70441   37757.2106     6.70441      0 -
     2      281     0.007848     37757.2106       0.0000      6.70441     6.70441   37757.2106     6.70441      0 -
     2      282     0.007713     37757.2106       0.0000      6.70441     6.70441   37757.2106     6.70441      0 -
     2      283     0.007581     36442.3105   -1314.9001      6.58663     6.58663   36442.3105     6.58663      1 chain_02/itr_00283_trial_01.rho
     2      284      0.00745     36442.3105       0.0000      6.58663     6.58663   36442.3105     6.58663      0 -
     2      285     0.007323     35872.5524    -569.7581      6.53494     6.53494   35872.5524     6.53494      1 chain_02/itr_00285_trial_01.rho
     2      286     0.007197     34916.2474    -956.3050      6.44724     6.44724   34916.2474     6.44724      1 chain_02/itr_00286_trial_01.rho
     2      287     0.007073     34916.2474       0.0000      6.44724     6.44724   34916.2474     6.44724      0 -
     2      288     0.006952     34916.2474       0.0000      6.44724     6.44724   34916.2474     6.44724      0 -
     2      289     0.006833     34878.2017     -38.0457      6.44373     6.44373   34878.2017     6.44373      1 chain_02/itr_00289_trial_01.rho
     2      290     0.006715     34511.3980    -366.8038      6.40976     6.40976   34511.3980     6.40976      1 chain_02/itr_00290_trial_01.rho
     2      291       0.0066     34511.3980       0.0000      6.40976     6.40976   34511.3980     6.40976      0 -
     2      292     0.006487     34511.3980       0.0000      6.40976     6.40976   34511.3980     6.40976      0 -
     2      293     0.006375     34511.3980       0.0000      6.40976     6.40976   34511.3980     6.40976      0 -
     2      294     0.006266     34508.2245      -3.1734      6.40946     6.40946   34508.2245     6.40946      1 chain_02/itr_00294_trial_01.rho
     2      295     0.006158     34603.3595      95.1350      6.41829     6.41829   34508.2245     6.40946      1 chain_02/itr_00295_trial_01.rho
     2      296     0.006053     34603.3595       0.0000      6.41829     6.41829   34508.2245     6.40946      0 -
     2      297     0.005949     34603.3595       0.0000      6.41829     6.41829   34508.2245     6.40946      0 -
     2      298     0.005847     34603.3595       0.0000      6.41829     6.41829   34508.2245     6.40946      0 -
     2      299     0.005746     34603.3595       0.0000      6.41829     6.41829   34508.2245     6.40946      0 -
     2      300     0.005648     33835.4969    -767.8626      6.34668     6.34668   33835.4969     6.34668      1 chain_02/itr_00300_trial_01.rho
     2      301     0.005551     33835.4969       0.0000      6.34668     6.34668   33835.4969     6.34668      0 -
     2      302     0.005456     33835.4969       0.0000      6.34668     6.34668   33835.4969     6.34668      0 -
     2      303     0.005362     33835.4969       0.0000      6.34668     6.34668   33835.4969     6.34668      0 -
     2      304      0.00527     33835.4969       0.0000      6.34668     6.34668   33835.4969     6.34668      0 -
     2      305     0.005179     33835.4969       0.0000      6.34668     6.34668   33835.4969     6.34668      0 -
     2      306     0.005091     33835.4969       0.0000      6.34668     6.34668   33835.4969     6.34668      0 -
     2      307     0.005003     32784.5400   -1050.9568      6.24734     6.24734   32784.5400     6.24734      1 chain_02/itr_00307_trial_01.rho
     2      308     0.004917     32784.5400       0.0000      6.24734     6.24734   32784.5400     6.24734      0 -
     2      309     0.004833     32687.2830     -97.2570      6.23806     6.23806   32687.2830     6.23806      1 chain_02/itr_00309_trial_01.rho
     2      310      0.00475     32385.8861    -301.3970      6.20924     6.20924   32385.8861     6.20924      1 chain_02/itr_00310_trial_01.rho
     2      311     0.004668     32372.0435     -13.8425      6.20791     6.20791   32372.0435     6.20791      1 chain_02/itr_00311_trial_01.rho
     2      312     0.004588     31984.4739    -387.5696      6.17064     6.17064   31984.4739     6.17064      1 chain_02/itr_00312_trial_01.rho
     2      313      0.00451     31984.4739       0.0000      6.17064     6.17064   31984.4739     6.17064      0 -
     2      314     0.004432     31984.4739       0.0000      6.17064     6.17064   31984.4739     6.17064      0 -
     2      315     0.004356     32012.7777      28.3038      6.17337     6.17337   31984.4739     6.17064      1 chain_02/itr_00315_trial_01.rho
     2      316     0.004281     32012.7777       0.0000      6.17337     6.17337   31984.4739     6.17064      0 -
     2      317     0.004208     32012.7777       0.0000      6.17337     6.17337   31984.4739     6.17064      0 -
     2      318     0.004136     31511.0399    -501.7378      6.12480     6.12480   31511.0399     6.12480      1 chain_02/itr_00318_trial_01.rho
     2      319     0.004065     31511.0399       0.0000      6.12480     6.12480   31511.0399     6.12480      0 -
     2      320     0.003995     31211.4665    -299.5734      6.09561     6.09561   31211.4665     6.09561      1 chain_02/itr_00320_trial_01.rho
     2      321     0.003926     31211.4665       0.0000      6.09561     6.09561   31211.4665     6.09561      0 -
     2      322     0.003859     31008.0318    -203.4347      6.07572     6.07572   31008.0318     6.07572      1 chain_02/itr_00322_trial_01.rho
     2      323     0.003793     31305.3288     297.2970      6.10477     6.10477   31008.0318     6.07572      1 chain_02/itr_00323_trial_01.rho
     2      324     0.003728     31305.3288       0.0000      6.10477     6.10477   31008.0318     6.07572      0 -
     2      325     0.003664     31090.7341    -214.5947      6.08381     6.08381   31008.0318     6.07572      1 chain_02/itr_00325_trial_01.rho
     2      326     0.003601     30182.0684    -908.6657      5.99425     5.99425   30182.0684     5.99425      1 chain_02/itr_00326_trial_01.rho
     2      327     0.003539     29232.8626    -949.2058      5.89924     5.89924   29232.8626     5.89924      1 chain_02/itr_00327_trial_01.rho
     2      328     0.003478     29232.8626       0.0000      5.89924     5.89924   29232.8626     5.89924      0 -
     2      329     0.003418     29232.8626       0.0000      5.89924     5.89924   29232.8626     5.89924      0 -
     2      330      0.00336     29232.8626       0.0000      5.89924     5.89924   29232.8626     5.89924      0 -
     2      331     0.003302     29232.8626       0.0000      5.89924     5.89924   29232.8626     5.89924      0 -
     2      332     0.003245     29232.8626       0.0000      5.89924     5.89924   29232.8626     5.89924      0 -
     2      333      0.00319     29232.8626       0.0000      5.89924     5.89924   29232.8626     5.89924      0 -
     2      334     0.003135     29645.6312     412.7686      5.94074     5.94074   29232.8626     5.89924      1 chain_02/itr_00334_trial_01.rho
     2      335     0.003081     29645.6312       0.0000      5.94074     5.94074   29232.8626     5.89924      0 -
     2      336     0.003028     29645.6312       0.0000      5.94074     5.94074   29232.8626     5.89924      0 -
     2      337     0.002976     29655.2727       9.6414      5.94171     5.94171   29232.8626     5.89924      1 chain_02/itr_00337_trial_01.rho
     2      338     0.002925     29655.2727       0.0000      5.94171     5.94171   29232.8626     5.89924      0 -
     2      339     0.002875     29655.2727       0.0000      5.94171     5.94171   29232.8626     5.89924      0 -
     2      340     0.002826     29411.6094    -243.6633      5.91725     5.91725   29232.8626     5.89924      1 chain_02/itr_00340_trial_01.rho
     2      341     0.002777     29411.6094       0.0000      5.91725     5.91725   29232.8626     5.89924      0 -
     2      342      0.00273     29411.6094       0.0000      5.91725     5.91725   29232.8626     5.89924      0 -
     2      343     0.002683     28720.9533    -690.6561      5.84736     5.84736   28720.9533     5.84736      1 chain_02/itr_00343_trial_01.rho
     2      344     0.002637     28720.9533       0.0000      5.84736     5.84736   28720.9533     5.84736      0 -
     2      345     0.002591     28720.9533       0.0000      5.84736     5.84736   28720.9533     5.84736      0 -
     2      346     0.002547     28720.9533       0.0000      5.84736     5.84736   28720.9533     5.84736      0 -
     2      347     0.002503     28720.9533       0.0000      5.84736     5.84736   28720.9533     5.84736      0 -
     2      348      0.00246     28468.2770    -252.6763      5.82158     5.82158   28468.2770     5.82158      1 chain_02/itr_00348_trial_01.rho
     2      349     0.002418     28270.3541    -197.9229      5.80131     5.80131   28270.3541     5.80131      1 chain_02/itr_00349_trial_01.rho
     2      350     0.002377     28270.3541       0.0000      5.80131     5.80131   28270.3541     5.80131      0 -
     2      351     0.002336     28270.3541       0.0000      5.80131     5.80131   28270.3541     5.80131      0 -
     2      352     0.002296     28270.3541       0.0000      5.80131     5.80131   28270.3541     5.80131      0 -
     2      353     0.002256     28270.3541       0.0000      5.80131     5.80131   28270.3541     5.80131      0 -
     2      354     0.002218     27712.9552    -557.3989      5.74383     5.74383   27712.9552     5.74383      1 chain_02/itr_00354_trial_01.rho
     2      355     0.002179     27712.9552       0.0000      5.74383     5.74383   27712.9552     5.74383      0 -
     2      356     0.002142     27712.9552       0.0000      5.74383     5.74383   27712.9552     5.74383      0 -
     2      357     0.002105     26701.5112   -1011.4439      5.63804     5.63804   26701.5112     5.63804      1 chain_02/itr_00357_trial_01.rho
     2      358     0.002069     26701.5112       0.0000      5.63804     5.63804   26701.5112     5.63804      0 -
     2      359     0.002034     26187.7661    -513.7451      5.58354     5.58354   26187.7661     5.58354      1 chain_02/itr_00359_trial_01.rho
     2      360     0.001999     25777.4878    -410.2783      5.53963     5.53963   25777.4878     5.53963      1 chain_02/itr_00360_trial_01.rho
     2      361     0.001964     25777.4878       0.0000      5.53963     5.53963   25777.4878     5.53963      0 -
     2      362     0.001931     25532.3797    -245.1081      5.51323     5.51323   25532.3797     5.51323      1 chain_02/itr_00362_trial_01.rho
     2      363     0.001898     25532.3797       0.0000      5.51323     5.51323   25532.3797     5.51323      0 -
     2      364     0.001865     25306.1882    -226.1915      5.48875     5.48875   25306.1882     5.48875      1 chain_02/itr_00364_trial_01.rho
     2      365     0.001833     24927.5229    -378.6653      5.44753     5.44753   24927.5229     5.44753      1 chain_02/itr_00365_trial_01.rho
     2      366     0.001802     24678.2812    -249.2417      5.42023     5.42023   24678.2812     5.42023      1 chain_02/itr_00366_trial_01.rho
     2      367     0.001771     24181.4840    -496.7972      5.36540     5.36540   24181.4840     5.36540      1 chain_02/itr_00367_trial_01.rho
     2      368      0.00174     24181.4840       0.0000      5.36540     5.36540   24181.4840     5.36540      0 -
     2      369      0.00171     24165.6411     -15.8429      5.36364     5.36364   24165.6411     5.36364      1 chain_02/itr_00369_trial_01.rho
     2      370     0.001681     24165.6411       0.0000      5.36364     5.36364   24165.6411     5.36364      0 -
     2      371     0.001652     24165.6411       0.0000      5.36364     5.36364   24165.6411     5.36364      0 -
     2      372     0.001624     24165.6411       0.0000      5.36364     5.36364   24165.6411     5.36364      0 -
     2      373     0.001596     24165.6411       0.0000      5.36364     5.36364   24165.6411     5.36364      0 -
     2      374     0.001569     24165.6411       0.0000      5.36364     5.36364   24165.6411     5.36364      0 -
     2      375     0.001542     24165.6411       0.0000      5.36364     5.36364   24165.6411     5.36364      0 -
     2      376     0.001515     24165.6411       0.0000      5.36364     5.36364   24165.6411     5.36364      0 -
     2      377     0.001489     24165.6411       0.0000      5.36364     5.36364   24165.6411     5.36364      0 -
     2      378     0.001464     24165.6411       0.0000      5.36364     5.36364   24165.6411     5.36364      0 -
     2      379     0.001438     24165.6411       0.0000      5.36364     5.36364   24165.6411     5.36364      0 -
     2      380     0.001414     24165.6411       0.0000      5.36364     5.36364   24165.6411     5.36364      0 -
     2      381     0.001389     24165.6411       0.0000      5.36364     5.36364   24165.6411     5.36364      0 -
     2      382     0.001366     24165.6411       0.0000      5.36364     5.36364   24165.6411     5.36364      0 -
     2      383     0.001342     24165.6411       0.0000      5.36364     5.36364   24165.6411     5.36364      0 -
     2      384     0.001319     24165.6411       0.0000      5.36364     5.36364   24165.6411     5.36364      0 -
     2      385     0.001297     23886.9287    -278.7124      5.33262     5.33262   23886.9287     5.33262      1 chain_02/itr_00385_trial_01.rho
     2      386     0.001274     23886.9287       0.0000      5.33262     5.33262   23886.9287     5.33262      0 -
     2      387     0.001252     23886.9287       0.0000      5.33262     5.33262   23886.9287     5.33262      0 -
     2      388     0.001231     23886.9287       0.0000      5.33262     5.33262   23886.9287     5.33262      0 -
     2      389      0.00121     23886.9287       0.0000      5.33262     5.33262   23886.9287     5.33262      0 -
     2      390     0.001189     23886.9287       0.0000      5.33262     5.33262   23886.9287     5.33262      0 -
     2      391     0.001169     23886.9287       0.0000      5.33262     5.33262   23886.9287     5.33262      0 -
     2      392     0.001149     23886.9287       0.0000      5.33262     5.33262   23886.9287     5.33262      0 -
     2      393     0.001129     23765.2764    -121.6524      5.31902     5.31902   23765.2764     5.31902      1 chain_02/itr_00393_trial_01.rho
     2      394     0.001109     23765.2764       0.0000      5.31902     5.31902   23765.2764     5.31902      0 -
     2      395      0.00109     23765.2764       0.0000      5.31902     5.31902   23765.2764     5.31902      0 -
     2      396     0.001072     23765.2764       0.0000      5.31902     5.31902   23765.2764     5.31902      0 -
     2      397     0.001053     23374.7130    -390.5634      5.27513     5.27513   23374.7130     5.27513      1 chain_02/itr_00397_trial_01.rho
     2      398     0.001035     23374.7130       0.0000      5.27513     5.27513   23374.7130     5.27513      0 -
     2      399     0.001017     23215.3540    -159.3590      5.25712     5.25712   23215.3540     5.25712      1 chain_02/itr_00399_trial_01.rho
     2      400        0.001     23215.3540       0.0000      5.25712     5.25712   23215.3540     5.25712      0 -
