# VFSA 2D iteration best - 2026-09-14 18:07:11
# chains=2  n_ctrl=250  frac_update_controls=1.0  temp_kappa=1.0  cool_ratio=0.001  target_rms=1.0  n_trials=1
--------------------------------------------------------------------------------------------------------------------------------------------------------------------------------------------------------
 Chain     Iter         Temp       Chi2Curr        dChi2      RMSCurr     CurrRMS     Chi2Best     RMSBest   Nacc Model
--------------------------------------------------------------------------------------------------------------------------------------------------------------------------------------------------------
     1        1            1    833248.7210   64038.3478     31.49544    31.49544  769210.3732    30.26098      1 chain_01/itr_00001_trial_01.rho
     1        2       0.9828    811930.8166  -21317.9045     31.08994    31.08994  769210.3732    30.26098      1 chain_01/itr_00002_trial_01.rho
     1        3        0.966    911159.4446   99228.6281     32.93499    32.93499  769210.3732    30.26098      1 chain_01/itr_00003_trial_01.rho
     1        4       0.9494    960508.0996   49348.6550     33.81512    33.81512  769210.3732    30.26098      1 chain_01/itr_00004_trial_01.rho
     1        5       0.9331   1051098.3391   90590.2395     35.37383    35.37383  769210.3732    30.26098      1 chain_01/itr_00005_trial_01.rho
     1        6       0.9171    997080.7579  -54017.5812     34.45288    34.45288  769210.3732    30.26098      1 chain_01/itr_00006_trial_01.rho
     1        7       0.9013    996546.2192    -534.5387     34.44364    34.44364  769210.3732    30.26098      1 chain_01/itr_00007_trial_01.rho
     1        8       0.8859   1063109.6573   66563.4381     35.57537    35.57537  769210.3732    30.26098      1 chain_01/itr_00008_trial_01.rho
     1        9       0.8707   1063109.6573       0.0000     35.57537    35.57537  769210.3732    30.26098      0 -
     1       10       0.8557   1060943.9910   -2165.6662     35.53911    35.53911  769210.3732    30.26098      1 chain_01/itr_00010_trial_01.rho
     1       11        0.841   1073781.8653   12837.8743     35.75349    35.75349  769210.3732    30.26098      1 chain_01/itr_00011_trial_01.rho
     1       12       0.8266    809914.6386 -263867.2267     31.05131    31.05131  769210.3732    30.26098      1 chain_01/itr_00012_trial_01.rho
     1       13       0.8124    582188.2411 -227726.3975     26.32644    26.32644  582188.2411    26.32644      1 chain_01/itr_00013_trial_01.rho
     1       14       0.7985    572013.4018  -10174.8393     26.09537    26.09537  572013.4018    26.09537      1 chain_01/itr_00014_trial_01.rho
     1       15       0.7848    656636.2066   84622.8048     27.95907    27.95907  572013.4018    26.09537      1 chain_01/itr_00015_trial_01.rho
     1       16       0.7713    663277.7885    6641.5820     28.10011    28.10011  572013.4018    26.09537      1 chain_01/itr_00016_trial_01.rho
     1       17       0.7581    603137.2601  -60140.5284     26.79591    26.79591  572013.4018    26.09537      1 chain_01/itr_00017_trial_01.rho
     1       18        0.745    672685.5525   69548.2924     28.29869    28.29869  572013.4018    26.09537      1 chain_01/itr_00018_trial_01.rho
     1       19       0.7323    547856.0919 -124829.4606     25.53840    25.53840  547856.0919    25.53840      1 chain_01/itr_00019_trial_01.rho
     1       20       0.7197    609585.5050   61729.4130     26.93876    26.93876  547856.0919    25.53840      1 chain_01/itr_00020_trial_01.rho
     1       21       0.7073    512096.7180  -97488.7869     24.69087    24.69087  512096.7180    24.69087      1 chain_01/itr_00021_trial_01.rho
     1       22       0.6952    512096.7180       0.0000     24.69087    24.69087  512096.7180    24.69087      0 -
     1       23       0.6833    472592.9366  -39503.7814     23.71941    23.71941  472592.9366    23.71941      1 chain_01/itr_00023_trial_01.rho
     1       24       0.6715    390679.3186  -81913.6180     21.56605    21.56605  390679.3186    21.56605      1 chain_01/itr_00024_trial_01.rho
     1       25         0.66    410470.2240   19790.9054     22.10554    22.10554  390679.3186    21.56605      1 chain_01/itr_00025_trial_01.rho
     1       26       0.6487    400540.1086   -9930.1153     21.83652    21.83652  390679.3186    21.56605      1 chain_01/itr_00026_trial_01.rho
     1       27       0.6375    308657.5618  -91882.5468     19.16897    19.16897  308657.5618    19.16897      1 chain_01/itr_00027_trial_01.rho
     1       28       0.6266    378874.1714   70216.6096     21.23772    21.23772  308657.5618    19.16897      1 chain_01/itr_00028_trial_01.rho
     1       29       0.6158    421067.6185   42193.4471     22.38908    22.38908  308657.5618    19.16897      1 chain_01/itr_00029_trial_01.rho
     1       30       0.6053    421067.6185       0.0000     22.38908    22.38908  308657.5618    19.16897      0 -
     1       31       0.5949    371081.9327  -49985.6858     21.01819    21.01819  308657.5618    19.16897      1 chain_01/itr_00031_trial_01.rho
     1       32       0.5847    397461.0231   26379.0904     21.75242    21.75242  308657.5618    19.16897      1 chain_01/itr_00032_trial_01.rho
     1       33       0.5746    381524.6694  -15936.3538     21.31188    21.31188  308657.5618    19.16897      1 chain_01/itr_00033_trial_01.rho
     1       34       0.5648    377855.2796   -3669.3898     21.20914    21.20914  308657.5618    19.16897      1 chain_01/itr_00034_trial_01.rho
     1       35       0.5551    409064.2705   31208.9909     22.06765    22.06765  308657.5618    19.16897      1 chain_01/itr_00035_trial_01.rho
     1       36       0.5456    367466.1823  -41598.0881     20.91554    20.91554  308657.5618    19.16897      1 chain_01/itr_00036_trial_01.rho
     1       37       0.5362    390552.1895   23086.0072     21.56254    21.56254  308657.5618    19.16897      1 chain_01/itr_00037_trial_01.rho
     1       38        0.527    390552.1895       0.0000     21.56254    21.56254  308657.5618    19.16897      0 -
     1       39       0.5179    324843.1541  -65709.0354     19.66515    19.66515  308657.5618    19.16897      1 chain_01/itr_00039_trial_01.rho
     1       40       0.5091    271508.7671  -53334.3870     17.97845    17.97845  271508.7671    17.97845      1 chain_01/itr_00040_trial_01.rho
     1       41       0.5003    223984.5229  -47524.2441     16.32937    16.32937  223984.5229    16.32937      1 chain_01/itr_00041_trial_01.rho
     1       42       0.4917    198291.3257  -25693.1973     15.36428    15.36428  198291.3257    15.36428      1 chain_01/itr_00042_trial_01.rho
     1       43       0.4833    185809.7332  -12481.5925     14.87286    14.87286  185809.7332    14.87286      1 chain_01/itr_00043_trial_01.rho
     1       44        0.475    161637.7631  -24171.9701     13.87177    13.87177  161637.7631    13.87177      1 chain_01/itr_00044_trial_01.rho
     1       45       0.4668    150780.3278  -10857.4353     13.39778    13.39778  150780.3278    13.39778      1 chain_01/itr_00045_trial_01.rho
     1       46       0.4588    151475.6764     695.3485     13.42863    13.42863  150780.3278    13.39778      1 chain_01/itr_00046_trial_01.rho
     1       47        0.451    153689.1146    2213.4383     13.52639    13.52639  150780.3278    13.39778      1 chain_01/itr_00047_trial_01.rho
     1       48       0.4432    143574.4980  -10114.6166     13.07371    13.07371  143574.4980    13.07371      1 chain_01/itr_00048_trial_01.rho
     1       49       0.4356    149735.2482    6160.7502     13.35126    13.35126  143574.4980    13.07371      1 chain_01/itr_00049_trial_01.rho
     1       50       0.4281    149735.2482       0.0000     13.35126    13.35126  143574.4980    13.07371      0 -
     1       51       0.4208    144831.5698   -4903.6784     13.13082    13.13082  143574.4980    13.07371      1 chain_01/itr_00051_trial_01.rho
     1       52       0.4136    125866.5418  -18965.0280     12.24096    12.24096  125866.5418    12.24096      1 chain_01/itr_00052_trial_01.rho
     1       53       0.4065    123066.6154   -2799.9264     12.10404    12.10404  123066.6154    12.10404      1 chain_01/itr_00053_trial_01.rho
     1       54       0.3995    106261.4627  -16805.1527     11.24730    11.24730  106261.4627    11.24730      1 chain_01/itr_00054_trial_01.rho
     1       55       0.3926    106261.4627       0.0000     11.24730    11.24730  106261.4627    11.24730      0 -
     1       56       0.3859    106114.2906    -147.1721     11.23951    11.23951  106114.2906    11.23951      1 chain_01/itr_00056_trial_01.rho
     1       57       0.3793    101822.0198   -4292.2708     11.00985    11.00985  101822.0198    11.00985      1 chain_01/itr_00057_trial_01.rho
     1       58       0.3728     99169.8454   -2652.1743     10.86551    10.86551   99169.8454    10.86551      1 chain_01/itr_00058_trial_01.rho
     1       59       0.3664     96046.6632   -3123.1823     10.69305    10.69305   96046.6632    10.69305      1 chain_01/itr_00059_trial_01.rho
     1       60       0.3601    101670.2751    5623.6119     11.00164    11.00164   96046.6632    10.69305      1 chain_01/itr_00060_trial_01.rho
     1       61       0.3539    107141.2523    5470.9773     11.29376    11.29376   96046.6632    10.69305      1 chain_01/itr_00061_trial_01.rho
     1       62       0.3478     92163.6496  -14977.6028     10.47467    10.47467   92163.6496    10.47467      1 chain_01/itr_00062_trial_01.rho
     1       63       0.3418     90945.3334   -1218.3162     10.40520    10.40520   90945.3334    10.40520      1 chain_01/itr_00063_trial_01.rho
     1       64        0.336     90457.8681    -487.4652     10.37728    10.37728   90457.8681    10.37728      1 chain_01/itr_00064_trial_01.rho
     1       65       0.3302     90457.8681       0.0000     10.37728    10.37728   90457.8681    10.37728      0 -
     1       66       0.3245     90208.6198    -249.2483     10.36297    10.36297   90208.6198    10.36297      1 chain_01/itr_00066_trial_01.rho
     1       67        0.319     90296.4808      87.8610     10.36802    10.36802   90208.6198    10.36297      1 chain_01/itr_00067_trial_01.rho
     1       68       0.3135     91916.9474    1620.4666     10.46064    10.46064   90208.6198    10.36297      1 chain_01/itr_00068_trial_01.rho
     1       69       0.3081     87224.0248   -4692.9226     10.19010    10.19010   87224.0248    10.19010      1 chain_01/itr_00069_trial_01.rho
     1       70       0.3028     89012.2272    1788.2024     10.29402    10.29402   87224.0248    10.19010      1 chain_01/itr_00070_trial_01.rho
     1       71       0.2976     89012.2272       0.0000     10.29402    10.29402   87224.0248    10.19010      0 -
     1       72       0.2925     95211.8732    6199.6460     10.64648    10.64648   87224.0248    10.19010      1 chain_01/itr_00072_trial_01.rho
     1       73       0.2875     95211.8732       0.0000     10.64648    10.64648   87224.0248    10.19010      0 -
     1       74       0.2826     84276.7120  -10935.1613     10.01646    10.01646   84276.7120    10.01646      1 chain_01/itr_00074_trial_01.rho
     1       75       0.2777     76799.8858   -7476.8262      9.56182     9.56182   76799.8858     9.56182      1 chain_01/itr_00075_trial_01.rho
     1       76        0.273     76799.8858       0.0000      9.56182     9.56182   76799.8858     9.56182      0 -
     1       77       0.2683     87526.5960   10726.7102     10.20776    10.20776   76799.8858     9.56182      1 chain_01/itr_00077_trial_01.rho
     1       78       0.2637    101630.0788   14103.4828     10.99946    10.99946   76799.8858     9.56182      1 chain_01/itr_00078_trial_01.rho
     1       79       0.2591    109077.3767    7447.2979     11.39535    11.39535   76799.8858     9.56182      1 chain_01/itr_00079_trial_01.rho
     1       80       0.2547    116680.4335    7603.0568     11.78581    11.78581   76799.8858     9.56182      1 chain_01/itr_00080_trial_01.rho
     1       81       0.2503    112833.6555   -3846.7781     11.58990    11.58990   76799.8858     9.56182      1 chain_01/itr_00081_trial_01.rho
     1       82        0.246    120021.7458    7188.0903     11.95337    11.95337   76799.8858     9.56182      1 chain_01/itr_00082_trial_01.rho
     1       83       0.2418    124543.2027    4521.4569     12.17644    12.17644   76799.8858     9.56182      1 chain_01/itr_00083_trial_01.rho
     1       84       0.2377    110143.6623  -14399.5404     11.45091    11.45091   76799.8858     9.56182      1 chain_01/itr_00084_trial_01.rho
     1       85       0.2336    117341.1996    7197.5374     11.81913    11.81913   76799.8858     9.56182      1 chain_01/itr_00085_trial_01.rho
     1       86       0.2296    129106.5258   11765.3262     12.39751    12.39751   76799.8858     9.56182      1 chain_01/itr_00086_trial_01.rho
     1       87       0.2256    121190.3511   -7916.1748     12.01142    12.01142   76799.8858     9.56182      1 chain_01/itr_00087_trial_01.rho
     1       88       0.2218    115871.6619   -5318.6891     11.74489    11.74489   76799.8858     9.56182      1 chain_01/itr_00088_trial_01.rho
     1       89       0.2179    106274.0057   -9597.6562     11.24796    11.24796   76799.8858     9.56182      1 chain_01/itr_00089_trial_01.rho
     1       90       0.2142     94230.2236  -12043.7822     10.59145    10.59145   76799.8858     9.56182      1 chain_01/itr_00090_trial_01.rho
     1       91       0.2105     94230.2236       0.0000     10.59145    10.59145   76799.8858     9.56182      0 -
     1       92       0.2069     88472.5662   -5757.6574     10.26277    10.26277   76799.8858     9.56182      1 chain_01/itr_00092_trial_01.rho
     1       93       0.2034     87881.3612    -591.2050     10.22842    10.22842   76799.8858     9.56182      1 chain_01/itr_00093_trial_01.rho
     1       94       0.1999     86520.2816   -1361.0796     10.14891    10.14891   76799.8858     9.56182      1 chain_01/itr_00094_trial_01.rho
     1       95       0.1964     85893.2118    -627.0697     10.11206    10.11206   76799.8858     9.56182      1 chain_01/itr_00095_trial_01.rho
     1       96       0.1931     84068.8529   -1824.3589     10.00410    10.00410   76799.8858     9.56182      1 chain_01/itr_00096_trial_01.rho
     1       97       0.1898     72841.3252  -11227.5278      9.31214     9.31214   72841.3252     9.31214      1 chain_01/itr_00097_trial_01.rho
     1       98       0.1865     72841.3252       0.0000      9.31214     9.31214   72841.3252     9.31214      0 -
     1       99       0.1833     72841.3252       0.0000      9.31214     9.31214   72841.3252     9.31214      0 -
     1      100       0.1802     73530.1800     688.8548      9.35606     9.35606   72841.3252     9.31214      1 chain_01/itr_00100_trial_01.rho
     1      101       0.1771     77305.9770    3775.7970      9.59327     9.59327   72841.3252     9.31214      1 chain_01/itr_00101_trial_01.rho
     1      102        0.174     78925.0317    1619.0547      9.69321     9.69321   72841.3252     9.31214      1 chain_01/itr_00102_trial_01.rho
     1      103        0.171     77748.0339   -1176.9978      9.62066     9.62066   72841.3252     9.31214      1 chain_01/itr_00103_trial_01.rho
     1      104       0.1681     74593.1359   -3154.8980      9.42345     9.42345   72841.3252     9.31214      1 chain_01/itr_00104_trial_01.rho
     1      105       0.1652     73662.4619    -930.6740      9.36448     9.36448   72841.3252     9.31214      1 chain_01/itr_00105_trial_01.rho
     1      106       0.1624     73343.7396    -318.7224      9.34419     9.34419   72841.3252     9.31214      1 chain_01/itr_00106_trial_01.rho
     1      107       0.1596     71212.4326   -2131.3069      9.20743     9.20743   71212.4326     9.20743      1 chain_01/itr_00107_trial_01.rho
     1      108       0.1569     80107.3289    8894.8962      9.76554     9.76554   71212.4326     9.20743      1 chain_01/itr_00108_trial_01.rho
     1      109       0.1542     79482.6827    -624.6462      9.72740     9.72740   71212.4326     9.20743      1 chain_01/itr_00109_trial_01.rho
     1      110       0.1515     69695.9493   -9786.7334      9.10886     9.10886   69695.9493     9.10886      1 chain_01/itr_00110_trial_01.rho
     1      111       0.1489     76899.5165    7203.5672      9.56802     9.56802   69695.9493     9.10886      1 chain_01/itr_00111_trial_01.rho
     1      112       0.1464     81248.1128    4348.5964      9.83483     9.83483   69695.9493     9.10886      1 chain_01/itr_00112_trial_01.rho
     1      113       0.1438     79437.2098   -1810.9030      9.72461     9.72461   69695.9493     9.10886      1 chain_01/itr_00113_trial_01.rho
     1      114       0.1414     71869.2412   -7567.9687      9.24979     9.24979   69695.9493     9.10886      1 chain_01/itr_00114_trial_01.rho
     1      115       0.1389     71869.2412       0.0000      9.24979     9.24979   69695.9493     9.10886      0 -
     1      116       0.1366     72499.0471     629.8060      9.29023     9.29023   69695.9493     9.10886      1 chain_01/itr_00116_trial_01.rho
     1      117       0.1342     72927.7108     428.6636      9.31766     9.31766   69695.9493     9.10886      1 chain_01/itr_00117_trial_01.rho
     1      118       0.1319     72927.7108       0.0000      9.31766     9.31766   69695.9493     9.10886      0 -
     1      119       0.1297     76433.1679    3505.4571      9.53897     9.53897   69695.9493     9.10886      1 chain_01/itr_00119_trial_01.rho
     1      120       0.1274     79637.7456    3204.5777      9.73688     9.73688   69695.9493     9.10886      1 chain_01/itr_00120_trial_01.rho
     1      121       0.1252     76713.8994   -2923.8462      9.55647     9.55647   69695.9493     9.10886      1 chain_01/itr_00121_trial_01.rho
     1      122       0.1231     73895.9863   -2817.9131      9.37931     9.37931   69695.9493     9.10886      1 chain_01/itr_00122_trial_01.rho
     1      123        0.121     72774.2192   -1121.7671      9.30784     9.30784   69695.9493     9.10886      1 chain_01/itr_00123_trial_01.rho
     1      124       0.1189     72774.2192       0.0000      9.30784     9.30784   69695.9493     9.10886      0 -
     1      125       0.1169     71686.8966   -1087.3227      9.23805     9.23805   69695.9493     9.10886      1 chain_01/itr_00125_trial_01.rho
     1      126       0.1149     76194.8941    4507.9976      9.52409     9.52409   69695.9493     9.10886      1 chain_01/itr_00126_trial_01.rho
     1      127       0.1129     74733.5335   -1461.3606      9.43231     9.43231   69695.9493     9.10886      1 chain_01/itr_00127_trial_01.rho
     1      128       0.1109     74891.5715     158.0380      9.44228     9.44228   69695.9493     9.10886      1 chain_01/itr_00128_trial_01.rho
     1      129        0.109     74891.5715       0.0000      9.44228     9.44228   69695.9493     9.10886      0 -
     1      130       0.1072     78575.8964    3684.3249      9.67175     9.67175   69695.9493     9.10886      1 chain_01/itr_00130_trial_01.rho
     1      131       0.1053     81444.6384    2868.7420      9.84672     9.84672   69695.9493     9.10886      1 chain_01/itr_00131_trial_01.rho
     1      132       0.1035     83674.6612    2230.0228      9.98062     9.98062   69695.9493     9.10886      1 chain_01/itr_00132_trial_01.rho
     1      133       0.1017     87659.6206    3984.9594     10.21551    10.21551   69695.9493     9.10886      1 chain_01/itr_00133_trial_01.rho
     1      134          0.1     87659.6206       0.0000     10.21551    10.21551   69695.9493     9.10886      0 -
     1      135      0.09828     78306.0798   -9353.5408      9.65513     9.65513   69695.9493     9.10886      1 chain_01/itr_00135_trial_01.rho
     1      136       0.0966     74574.0749   -3732.0049      9.42224     9.42224   69695.9493     9.10886      1 chain_01/itr_00136_trial_01.rho
     1      137      0.09494     73189.8109   -1384.2640      9.33438     9.33438   69695.9493     9.10886      1 chain_01/itr_00137_trial_01.rho
     1      138      0.09331     73189.8109       0.0000      9.33438     9.33438   69695.9493     9.10886      0 -
     1      139      0.09171     76287.6399    3097.8291      9.52988     9.52988   69695.9493     9.10886      1 chain_01/itr_00139_trial_01.rho
     1      140      0.09013     71942.8816   -4344.7583      9.25453     9.25453   69695.9493     9.10886      1 chain_01/itr_00140_trial_01.rho
     1      141      0.08859     67521.0791   -4421.8025      8.96561     8.96561   67521.0791     8.96561      1 chain_01/itr_00141_trial_01.rho
     1      142      0.08707     70694.8944    3173.8152      9.17391     9.17391   67521.0791     8.96561      1 chain_01/itr_00142_trial_01.rho
     1      143      0.08557     70694.8944       0.0000      9.17391     9.17391   67521.0791     8.96561      0 -
     1      144       0.0841     73266.3721    2571.4778      9.33927     9.33927   67521.0791     8.96561      1 chain_01/itr_00144_trial_01.rho
     1      145      0.08266     72515.0051    -751.3671      9.29125     9.29125   67521.0791     8.96561      1 chain_01/itr_00145_trial_01.rho
     1      146      0.08124     70280.9509   -2234.0542      9.14701     9.14701   67521.0791     8.96561      1 chain_01/itr_00146_trial_01.rho
     1      147      0.07985     70280.9509       0.0000      9.14701     9.14701   67521.0791     8.96561      0 -
     1      148      0.07848     70404.8969     123.9460      9.15507     9.15507   67521.0791     8.96561      1 chain_01/itr_00148_trial_01.rho
     1      149      0.07713     71604.8745    1199.9776      9.23276     9.23276   67521.0791     8.96561      1 chain_01/itr_00149_trial_01.rho
     1      150      0.07581     72958.8926    1354.0181      9.31965     9.31965   67521.0791     8.96561      1 chain_01/itr_00150_trial_01.rho
     1      151       0.0745     72958.8926       0.0000      9.31965     9.31965   67521.0791     8.96561      0 -
     1      152      0.07323     74029.0837    1070.1911      9.38775     9.38775   67521.0791     8.96561      1 chain_01/itr_00152_trial_01.rho
     1      153      0.07197     67452.3604   -6576.7233      8.96105     8.96105   67452.3604     8.96105      1 chain_01/itr_00153_trial_01.rho
     1      154      0.07073     74332.4205    6880.0601      9.40696     9.40696   67452.3604     8.96105      1 chain_01/itr_00154_trial_01.rho
     1      155      0.06952     70071.7374   -4260.6831      9.13339     9.13339   67452.3604     8.96105      1 chain_01/itr_00155_trial_01.rho
     1      156      0.06833     67397.5681   -2674.1693      8.95741     8.95741   67397.5681     8.95741      1 chain_01/itr_00156_trial_01.rho
     1      157      0.06715     70367.6268    2970.0587      9.15265     9.15265   67397.5681     8.95741      1 chain_01/itr_00157_trial_01.rho
     1      158        0.066     73254.7372    2887.1104      9.33852     9.33852   67397.5681     8.95741      1 chain_01/itr_00158_trial_01.rho
     1      159      0.06487     68558.5700   -4696.1672      9.03423     9.03423   67397.5681     8.95741      1 chain_01/itr_00159_trial_01.rho
     1      160      0.06375     65562.8825   -2995.6874      8.83465     8.83465   65562.8825     8.83465      1 chain_01/itr_00160_trial_01.rho
     1      161      0.06266     64373.2963   -1189.5863      8.75413     8.75413   64373.2963     8.75413      1 chain_01/itr_00161_trial_01.rho
     1      162      0.06158     64948.1107     574.8145      8.79313     8.79313   64373.2963     8.75413      1 chain_01/itr_00162_trial_01.rho
     1      163      0.06053     62254.7502   -2693.3605      8.60888     8.60888   62254.7502     8.60888      1 chain_01/itr_00163_trial_01.rho
     1      164      0.05949     63026.1220     771.3717      8.66205     8.66205   62254.7502     8.60888      1 chain_01/itr_00164_trial_01.rho
     1      165      0.05847     63026.1220       0.0000      8.66205     8.66205   62254.7502     8.60888      0 -
     1      166      0.05746     63026.1220       0.0000      8.66205     8.66205   62254.7502     8.60888      0 -
     1      167      0.05648     63026.1220       0.0000      8.66205     8.66205   62254.7502     8.60888      0 -
     1      168      0.05551     66560.4396    3534.3176      8.90161     8.90161   62254.7502     8.60888      1 chain_01/itr_00168_trial_01.rho
     1      169      0.05456     66941.3689     380.9294      8.92704     8.92704   62254.7502     8.60888      1 chain_01/itr_00169_trial_01.rho
     1      170      0.05362     66941.3689       0.0000      8.92704     8.92704   62254.7502     8.60888      0 -
     1      171       0.0527     66941.3689       0.0000      8.92704     8.92704   62254.7502     8.60888      0 -
     1      172      0.05179     62165.8447   -4775.5242      8.60273     8.60273   62165.8447     8.60273      1 chain_01/itr_00172_trial_01.rho
     1      173      0.05091     61553.1636    -612.6811      8.56023     8.56023   61553.1636     8.56023      1 chain_01/itr_00173_trial_01.rho
     1      174      0.05003     61553.1636       0.0000      8.56023     8.56023   61553.1636     8.56023      0 -
     1      175      0.04917     60383.9334   -1169.2301      8.47854     8.47854   60383.9334     8.47854      1 chain_01/itr_00175_trial_01.rho
     1      176      0.04833     60918.9790     535.0456      8.51602     8.51602   60383.9334     8.47854      1 chain_01/itr_00176_trial_01.rho
     1      177       0.0475     63987.9357    3068.9567      8.72789     8.72789   60383.9334     8.47854      1 chain_01/itr_00177_trial_01.rho
     1      178      0.04668     63987.9357       0.0000      8.72789     8.72789   60383.9334     8.47854      0 -
     1      179      0.04588     63987.9357       0.0000      8.72789     8.72789   60383.9334     8.47854      0 -
     1      180       0.0451     61908.4632   -2079.4725      8.58490     8.58490   60383.9334     8.47854      1 chain_01/itr_00180_trial_01.rho
     1      181      0.04432     61908.4632       0.0000      8.58490     8.58490   60383.9334     8.47854      0 -
     1      182      0.04356     60395.5373   -1512.9259      8.47935     8.47935   60383.9334     8.47854      1 chain_01/itr_00182_trial_01.rho
     1      183      0.04281     59869.0657    -526.4716      8.44232     8.44232   59869.0657     8.44232      1 chain_01/itr_00183_trial_01.rho
     1      184      0.04208     59810.0418     -59.0239      8.43815     8.43815   59810.0418     8.43815      1 chain_01/itr_00184_trial_01.rho
     1      185      0.04136     60254.2345     444.1927      8.46943     8.46943   59810.0418     8.43815      1 chain_01/itr_00185_trial_01.rho
     1      186      0.04065     58665.2282   -1589.0063      8.35701     8.35701   58665.2282     8.35701      1 chain_01/itr_00186_trial_01.rho
     1      187      0.03995     58665.2282       0.0000      8.35701     8.35701   58665.2282     8.35701      0 -
     1      188      0.03926     54598.7738   -4066.4543      8.06217     8.06217   54598.7738     8.06217      1 chain_01/itr_00188_trial_01.rho
     1      189      0.03859     54598.7738       0.0000      8.06217     8.06217   54598.7738     8.06217      0 -
     1      190      0.03793     54598.7738       0.0000      8.06217     8.06217   54598.7738     8.06217      0 -
     1      191      0.03728     54598.7738       0.0000      8.06217     8.06217   54598.7738     8.06217      0 -
     1      192      0.03664     52751.4163   -1847.3576      7.92460     7.92460   52751.4163     7.92460      1 chain_01/itr_00192_trial_01.rho
     1      193      0.03601     52751.4163       0.0000      7.92460     7.92460   52751.4163     7.92460      0 -
     1      194      0.03539     52170.8481    -580.5682      7.88087     7.88087   52170.8481     7.88087      1 chain_01/itr_00194_trial_01.rho
     1      195      0.03478     51286.6759    -884.1722      7.81381     7.81381   51286.6759     7.81381      1 chain_01/itr_00195_trial_01.rho
     1      196      0.03418     51286.6759       0.0000      7.81381     7.81381   51286.6759     7.81381      0 -
     1      197       0.0336     51286.6759       0.0000      7.81381     7.81381   51286.6759     7.81381      0 -
     1      198      0.03302     49216.1872   -2070.4887      7.65446     7.65446   49216.1872     7.65446      1 chain_01/itr_00198_trial_01.rho
     1      199      0.03245     50192.8161     976.6290      7.73003     7.73003   49216.1872     7.65446      1 chain_01/itr_00199_trial_01.rho
     1      200       0.0319     47994.1727   -2198.6434      7.55883     7.55883   47994.1727     7.55883      1 chain_01/itr_00200_trial_01.rho
     1      201      0.03135     47994.1727       0.0000      7.55883     7.55883   47994.1727     7.55883      0 -
     1      202      0.03081     47441.0949    -553.0778      7.51515     7.51515   47441.0949     7.51515      1 chain_01/itr_00202_trial_01.rho
     1      203      0.03028     47441.0949       0.0000      7.51515     7.51515   47441.0949     7.51515      0 -
     1      204      0.02976     45735.2597   -1705.8352      7.37880     7.37880   45735.2597     7.37880      1 chain_01/itr_00204_trial_01.rho
     1      205      0.02925     44755.0131    -980.2466      7.29930     7.29930   44755.0131     7.29930      1 chain_01/itr_00205_trial_01.rho
     1      206      0.02875     43756.6919    -998.3212      7.21743     7.21743   43756.6919     7.21743      1 chain_01/itr_00206_trial_01.rho
     1      207      0.02826     43756.6919       0.0000      7.21743     7.21743   43756.6919     7.21743      0 -
     1      208      0.02777     43756.6919       0.0000      7.21743     7.21743   43756.6919     7.21743      0 -
     1      209       0.0273     43756.6919       0.0000      7.21743     7.21743   43756.6919     7.21743      0 -
     1      210      0.02683     43756.6919       0.0000      7.21743     7.21743   43756.6919     7.21743      0 -
     1      211      0.02637     43756.6919       0.0000      7.21743     7.21743   43756.6919     7.21743      0 -
     1      212      0.02591     43258.2656    -498.4264      7.17621     7.17621   43258.2656     7.17621      1 chain_01/itr_00212_trial_01.rho
     1      213      0.02547     44078.4753     820.2097      7.24392     7.24392   43258.2656     7.17621      1 chain_01/itr_00213_trial_01.rho
     1      214      0.02503     42530.0672   -1548.4081      7.11555     7.11555   42530.0672     7.11555      1 chain_01/itr_00214_trial_01.rho
     1      215       0.0246     42530.0672       0.0000      7.11555     7.11555   42530.0672     7.11555      0 -
     1      216      0.02418     42530.0672       0.0000      7.11555     7.11555   42530.0672     7.11555      0 -
     1      217      0.02377     42530.0672       0.0000      7.11555     7.11555   42530.0672     7.11555      0 -
     1      218      0.02336     42068.5595    -461.5076      7.07684     7.07684   42068.5595     7.07684      1 chain_01/itr_00218_trial_01.rho
     1      219      0.02296     41849.1409    -219.4187      7.05836     7.05836   41849.1409     7.05836      1 chain_01/itr_00219_trial_01.rho
     1      220      0.02256     42485.3053     636.1645      7.11180     7.11180   41849.1409     7.05836      1 chain_01/itr_00220_trial_01.rho
     1      221      0.02218     41867.3562    -617.9492      7.05989     7.05989   41849.1409     7.05836      1 chain_01/itr_00221_trial_01.rho
     1      222      0.02179     42215.2227     347.8665      7.08916     7.08916   41849.1409     7.05836      1 chain_01/itr_00222_trial_01.rho
     1      223      0.02142     42215.2227       0.0000      7.08916     7.08916   41849.1409     7.05836      0 -
     1      224      0.02105     42215.2227       0.0000      7.08916     7.08916   41849.1409     7.05836      0 -
     1      225      0.02069     42215.2227       0.0000      7.08916     7.08916   41849.1409     7.05836      0 -
     1      226      0.02034     43677.0993    1461.8767      7.21086     7.21086   41849.1409     7.05836      1 chain_01/itr_00226_trial_01.rho
     1      227      0.01999     44390.9151     713.8158      7.26955     7.26955   41849.1409     7.05836      1 chain_01/itr_00227_trial_01.rho
     1      228      0.01964     45410.8301    1019.9150      7.35259     7.35259   41849.1409     7.05836      1 chain_01/itr_00228_trial_01.rho
     1      229      0.01931     45410.8301       0.0000      7.35259     7.35259   41849.1409     7.05836      0 -
     1      230      0.01898     46857.1099    1446.2798      7.46875     7.46875   41849.1409     7.05836      1 chain_01/itr_00230_trial_01.rho
     1      231      0.01865     44267.9668   -2589.1431      7.25947     7.25947   41849.1409     7.05836      1 chain_01/itr_00231_trial_01.rho
     1      232      0.01833     44835.3827     567.4159      7.30585     7.30585   41849.1409     7.05836      1 chain_01/itr_00232_trial_01.rho
     1      233      0.01802     44402.5196    -432.8632      7.27050     7.27050   41849.1409     7.05836      1 chain_01/itr_00233_trial_01.rho
     1      234      0.01771     43619.0212    -783.4984      7.20607     7.20607   41849.1409     7.05836      1 chain_01/itr_00234_trial_01.rho
     1      235       0.0174     43619.0212       0.0000      7.20607     7.20607   41849.1409     7.05836      0 -
     1      236       0.0171     45820.2724    2201.2512      7.38566     7.38566   41849.1409     7.05836      1 chain_01/itr_00236_trial_01.rho
     1      237      0.01681     45820.2724       0.0000      7.38566     7.38566   41849.1409     7.05836      0 -
     1      238      0.01652     45047.8899    -772.3825      7.32314     7.32314   41849.1409     7.05836      1 chain_01/itr_00238_trial_01.rho
     1      239      0.01624     45047.8899       0.0000      7.32314     7.32314   41849.1409     7.05836      0 -
     1      240      0.01596     44845.8090    -202.0808      7.30670     7.30670   41849.1409     7.05836      1 chain_01/itr_00240_trial_01.rho
     1      241      0.01569     41780.8518   -3064.9573      7.05260     7.05260   41780.8518     7.05260      1 chain_01/itr_00241_trial_01.rho
     1      242      0.01542     42974.2193    1193.3675      7.15261     7.15261   41780.8518     7.05260      1 chain_01/itr_00242_trial_01.rho
     1      243      0.01515     42974.2193       0.0000      7.15261     7.15261   41780.8518     7.05260      0 -
     1      244      0.01489     44300.4724    1326.2531      7.26214     7.26214   41780.8518     7.05260      1 chain_01/itr_00244_trial_01.rho
     1      245      0.01464     44039.6986    -260.7738      7.24073     7.24073   41780.8518     7.05260      1 chain_01/itr_00245_trial_01.rho
     1      246      0.01438     44607.9236     568.2249      7.28730     7.28730   41780.8518     7.05260      1 chain_01/itr_00246_trial_01.rho
     1      247      0.01414     44349.4588    -258.4647      7.26615     7.26615   41780.8518     7.05260      1 chain_01/itr_00247_trial_01.rho
     1      248      0.01389     43846.0404    -503.4184      7.22480     7.22480   41780.8518     7.05260      1 chain_01/itr_00248_trial_01.rho
     1      249      0.01366     42365.5113   -1480.5291      7.10177     7.10177   41780.8518     7.05260      1 chain_01/itr_00249_trial_01.rho
     1      250      0.01342     42290.2455     -75.2658      7.09546     7.09546   41780.8518     7.05260      1 chain_01/itr_00250_trial_01.rho
     1      251      0.01319     42957.5296     667.2841      7.15122     7.15122   41780.8518     7.05260      1 chain_01/itr_00251_trial_01.rho
     1      252      0.01297     42957.5296       0.0000      7.15122     7.15122   41780.8518     7.05260      0 -
     1      253      0.01274     42512.8852    -444.6444      7.11411     7.11411   41780.8518     7.05260      1 chain_01/itr_00253_trial_01.rho
     1      254      0.01252     43252.2245     739.3393      7.17571     7.17571   41780.8518     7.05260      1 chain_01/itr_00254_trial_01.rho
     1      255      0.01231     43408.3158     156.0913      7.18864     7.18864   41780.8518     7.05260      1 chain_01/itr_00255_trial_01.rho
     1      256       0.0121     42111.8918   -1296.4240      7.08048     7.08048   41780.8518     7.05260      1 chain_01/itr_00256_trial_01.rho
     1      257      0.01189     40077.1152   -2034.7766      6.90730     6.90730   40077.1152     6.90730      1 chain_01/itr_00257_trial_01.rho
     1      258      0.01169     39780.9741    -296.1411      6.88174     6.88174   39780.9741     6.88174      1 chain_01/itr_00258_trial_01.rho
     1      259      0.01149     39883.8353     102.8612      6.89063     6.89063   39780.9741     6.88174      1 chain_01/itr_00259_trial_01.rho
     1      260      0.01129     39527.1795    -356.6558      6.85975     6.85975   39527.1795     6.85975      1 chain_01/itr_00260_trial_01.rho
     1      261      0.01109     39355.1874    -171.9921      6.84481     6.84481   39355.1874     6.84481      1 chain_01/itr_00261_trial_01.rho
     1      262       0.0109     39355.1874       0.0000      6.84481     6.84481   39355.1874     6.84481      0 -
     1      263      0.01072     39355.1874       0.0000      6.84481     6.84481   39355.1874     6.84481      0 -
     1      264      0.01053     39105.5664    -249.6210      6.82307     6.82307   39105.5664     6.82307      1 chain_01/itr_00264_trial_01.rho
     1      265      0.01035     39016.4406     -89.1258      6.81529     6.81529   39016.4406     6.81529      1 chain_01/itr_00265_trial_01.rho
     1      266      0.01017     39016.4406       0.0000      6.81529     6.81529   39016.4406     6.81529      0 -
     1      267         0.01     38757.4028    -259.0378      6.79263     6.79263   38757.4028     6.79263      1 chain_01/itr_00267_trial_01.rho
     1      268     0.009828     38757.4028       0.0000      6.79263     6.79263   38757.4028     6.79263      0 -
     1      269      0.00966     38757.4028       0.0000      6.79263     6.79263   38757.4028     6.79263      0 -
     1      270     0.009494     38757.4028       0.0000      6.79263     6.79263   38757.4028     6.79263      0 -
     1      271     0.009331     38757.4028       0.0000      6.79263     6.79263   38757.4028     6.79263      0 -
     1      272     0.009171     38300.1913    -457.2115      6.75244     6.75244   38300.1913     6.75244      1 chain_01/itr_00272_trial_01.rho
     1      273     0.009013     38254.4168     -45.7745      6.74841     6.74841   38254.4168     6.74841      1 chain_01/itr_00273_trial_01.rho
     1      274     0.008859     37762.2917    -492.1250      6.70486     6.70486   37762.2917     6.70486      1 chain_01/itr_00274_trial_01.rho
     1      275     0.008707     37648.8692    -113.4225      6.69478     6.69478   37648.8692     6.69478      1 chain_01/itr_00275_trial_01.rho
     1      276     0.008557     37599.7885     -49.0808      6.69042     6.69042   37599.7885     6.69042      1 chain_01/itr_00276_trial_01.rho
     1      277      0.00841     36828.5459    -771.2426      6.62144     6.62144   36828.5459     6.62144      1 chain_01/itr_00277_trial_01.rho
     1      278     0.008266     36828.5459       0.0000      6.62144     6.62144   36828.5459     6.62144      0 -
     1      279     0.008124     35904.7445    -923.8014      6.53787     6.53787   35904.7445     6.53787      1 chain_01/itr_00279_trial_01.rho
     1      280     0.007985     35598.5774    -306.1670      6.50994     6.50994   35598.5774     6.50994      1 chain_01/itr_00280_trial_01.rho
     1      281     0.007848     35598.5774       0.0000      6.50994     6.50994   35598.5774     6.50994      0 -
     1      282     0.007713     35598.5774       0.0000      6.50994     6.50994   35598.5774     6.50994      0 -
     1      283     0.007581     35598.5774       0.0000      6.50994     6.50994   35598.5774     6.50994      0 -
     1      284      0.00745     35200.2179    -398.3596      6.47341     6.47341   35200.2179     6.47341      1 chain_01/itr_00284_trial_01.rho
     1      285     0.007323     35200.2179       0.0000      6.47341     6.47341   35200.2179     6.47341      0 -
     1      286     0.007197     35273.2841      73.0662      6.48012     6.48012   35200.2179     6.47341      1 chain_01/itr_00286_trial_01.rho
     1      287     0.007073     35302.9627      29.6786      6.48285     6.48285   35200.2179     6.47341      1 chain_01/itr_00287_trial_01.rho
     1      288     0.006952     35302.9627       0.0000      6.48285     6.48285   35200.2179     6.47341      0 -
     1      289     0.006833     34972.0430    -330.9197      6.45239     6.45239   34972.0430     6.45239      1 chain_01/itr_00289_trial_01.rho
     1      290     0.006715     34972.0430       0.0000      6.45239     6.45239   34972.0430     6.45239      0 -
     1      291       0.0066     34972.0430       0.0000      6.45239     6.45239   34972.0430     6.45239      0 -
     1      292     0.006487     34972.0430       0.0000      6.45239     6.45239   34972.0430     6.45239      0 -
     1      293     0.006375     34972.0430       0.0000      6.45239     6.45239   34972.0430     6.45239      0 -
     1      294     0.006266     34348.8010    -623.2420      6.39464     6.39464   34348.8010     6.39464      1 chain_01/itr_00294_trial_01.rho
     1      295     0.006158     34348.8010       0.0000      6.39464     6.39464   34348.8010     6.39464      0 -
     1      296     0.006053     34280.8651     -67.9360      6.38831     6.38831   34280.8651     6.38831      1 chain_01/itr_00296_trial_01.rho
     1      297     0.005949     34280.8651       0.0000      6.38831     6.38831   34280.8651     6.38831      0 -
     1      298     0.005847     34280.8651       0.0000      6.38831     6.38831   34280.8651     6.38831      0 -
     1      299     0.005746     33188.8977   -1091.9674      6.28575     6.28575   33188.8977     6.28575      1 chain_01/itr_00299_trial_01.rho
     1      300     0.005648     33559.3515     370.4538      6.32073     6.32073   33188.8977     6.28575      1 chain_01/itr_00300_trial_01.rho
     1      301     0.005551     33559.3515       0.0000      6.32073     6.32073   33188.8977     6.28575      0 -
     1      302     0.005456     33559.3515       0.0000      6.32073     6.32073   33188.8977     6.28575      0 -
     1      303     0.005362     33377.0342    -182.3173      6.30354     6.30354   33188.8977     6.28575      1 chain_01/itr_00303_trial_01.rho
     1      304      0.00527     33377.0342       0.0000      6.30354     6.30354   33188.8977     6.28575      0 -
     1      305     0.005179     33377.0342       0.0000      6.30354     6.30354   33188.8977     6.28575      0 -
     1      306     0.005091     33317.8883     -59.1459      6.29795     6.29795   33188.8977     6.28575      1 chain_01/itr_00306_trial_01.rho
     1      307     0.005003     33317.8883       0.0000      6.29795     6.29795   33188.8977     6.28575      0 -
     1      308     0.004917     33317.8883       0.0000      6.29795     6.29795   33188.8977     6.28575      0 -
     1      309     0.004833     33317.8883       0.0000      6.29795     6.29795   33188.8977     6.28575      0 -
     1      310      0.00475     33317.8883       0.0000      6.29795     6.29795   33188.8977     6.28575      0 -
     1      311     0.004668     33317.8883       0.0000      6.29795     6.29795   33188.8977     6.28575      0 -
     1      312     0.004588     33616.0139     298.1257      6.32606     6.32606   33188.8977     6.28575      1 chain_01/itr_00312_trial_01.rho
     1      313      0.00451     32716.3010    -899.7129      6.24083     6.24083   32716.3010     6.24083      1 chain_01/itr_00313_trial_01.rho
     1      314     0.004432     32507.0343    -209.2668      6.22084     6.22084   32507.0343     6.22084      1 chain_01/itr_00314_trial_01.rho
     1      315     0.004356     32507.0343       0.0000      6.22084     6.22084   32507.0343     6.22084      0 -
     1      316     0.004281     31630.7918    -876.2424      6.13642     6.13642   31630.7918     6.13642      1 chain_01/itr_00316_trial_01.rho
     1      317     0.004208     30921.8441    -708.9477      6.06727     6.06727   30921.8441     6.06727      1 chain_01/itr_00317_trial_01.rho
     1      318     0.004136     30921.8441       0.0000      6.06727     6.06727   30921.8441     6.06727      0 -
     1      319     0.004065     30022.6156    -899.2285      5.97840     5.97840   30022.6156     5.97840      1 chain_01/itr_00319_trial_01.rho
     1      320     0.003995     29968.8767     -53.7389      5.97304     5.97304   29968.8767     5.97304      1 chain_01/itr_00320_trial_01.rho
     1      321     0.003926     30113.5469     144.6702      5.98744     5.98744   29968.8767     5.97304      1 chain_01/itr_00321_trial_01.rho
     1      322     0.003859     30113.5469       0.0000      5.98744     5.98744   29968.8767     5.97304      0 -
     1      323     0.003793     30113.5469       0.0000      5.98744     5.98744   29968.8767     5.97304      0 -
     1      324     0.003728     30113.5469       0.0000      5.98744     5.98744   29968.8767     5.97304      0 -
     1      325     0.003664     30113.5469       0.0000      5.98744     5.98744   29968.8767     5.97304      0 -
     1      326     0.003601     30113.5469       0.0000      5.98744     5.98744   29968.8767     5.97304      0 -
     1      327     0.003539     30113.5469       0.0000      5.98744     5.98744   29968.8767     5.97304      0 -
     1      328     0.003478     30113.5469       0.0000      5.98744     5.98744   29968.8767     5.97304      0 -
     1      329     0.003418     30113.5469       0.0000      5.98744     5.98744   29968.8767     5.97304      0 -
     1      330      0.00336     29667.0143    -446.5326      5.94288     5.94288   29667.0143     5.94288      1 chain_01/itr_00330_trial_01.rho
     1      331     0.003302     29667.0143       0.0000      5.94288     5.94288   29667.0143     5.94288      0 -
     1      332     0.003245     29240.3759    -426.6384      5.90000     5.90000   29240.3759     5.90000      1 chain_01/itr_00332_trial_01.rho
     1      333      0.00319     29240.3759       0.0000      5.90000     5.90000   29240.3759     5.90000      0 -
     1      334     0.003135     28429.4346    -810.9413      5.81761     5.81761   28429.4346     5.81761      1 chain_01/itr_00334_trial_01.rho
     1      335     0.003081     28429.4346       0.0000      5.81761     5.81761   28429.4346     5.81761      0 -
     1      336     0.003028     28429.4346       0.0000      5.81761     5.81761   28429.4346     5.81761      0 -
     1      337     0.002976     27948.7107    -480.7239      5.76821     5.76821   27948.7107     5.76821      1 chain_01/itr_00337_trial_01.rho
     1      338     0.002925     27948.7107       0.0000      5.76821     5.76821   27948.7107     5.76821      0 -
     1      339     0.002875     27948.7107       0.0000      5.76821     5.76821   27948.7107     5.76821      0 -
     1      340     0.002826     27744.7487    -203.9620      5.74713     5.74713   27744.7487     5.74713      1 chain_01/itr_00340_trial_01.rho
     1      341     0.002777     27744.7487       0.0000      5.74713     5.74713   27744.7487     5.74713      0 -
     1      342      0.00273     27744.7487       0.0000      5.74713     5.74713   27744.7487     5.74713      0 -
     1      343     0.002683     27744.7487       0.0000      5.74713     5.74713   27744.7487     5.74713      0 -
     1      344     0.002637     27545.7940    -198.9548      5.72648     5.72648   27545.7940     5.72648      1 chain_01/itr_00344_trial_01.rho
     1      345     0.002591     27545.7940       0.0000      5.72648     5.72648   27545.7940     5.72648      0 -
     1      346     0.002547     27545.7940       0.0000      5.72648     5.72648   27545.7940     5.72648      0 -
     1      347     0.002503     26981.9982    -563.7957      5.66758     5.66758   26981.9982     5.66758      1 chain_01/itr_00347_trial_01.rho
     1      348      0.00246     26981.9982       0.0000      5.66758     5.66758   26981.9982     5.66758      0 -
     1      349     0.002418     26981.9982       0.0000      5.66758     5.66758   26981.9982     5.66758      0 -
     1      350     0.002377     26484.0785    -497.9197      5.61504     5.61504   26484.0785     5.61504      1 chain_01/itr_00350_trial_01.rho
     1      351     0.002336     26045.0664    -439.0121      5.56831     5.56831   26045.0664     5.56831      1 chain_01/itr_00351_trial_01.rho
     1      352     0.002296     26045.0664       0.0000      5.56831     5.56831   26045.0664     5.56831      0 -
     1      353     0.002256     26045.0664       0.0000      5.56831     5.56831   26045.0664     5.56831      0 -
     1      354     0.002218     26045.0664       0.0000      5.56831     5.56831   26045.0664     5.56831      0 -
     1      355     0.002179     26045.0664       0.0000      5.56831     5.56831   26045.0664     5.56831      0 -
     1      356     0.002142     26045.0664       0.0000      5.56831     5.56831   26045.0664     5.56831      0 -
     1      357     0.002105     26045.0664       0.0000      5.56831     5.56831   26045.0664     5.56831      0 -
     1      358     0.002069     26045.0664       0.0000      5.56831     5.56831   26045.0664     5.56831      0 -
     1      359     0.002034     26045.0664       0.0000      5.56831     5.56831   26045.0664     5.56831      0 -
     1      360     0.001999     25647.5503    -397.5161      5.52565     5.52565   25647.5503     5.52565      1 chain_01/itr_00360_trial_01.rho
     1      361     0.001964     25605.2752     -42.2751      5.52109     5.52109   25605.2752     5.52109      1 chain_01/itr_00361_trial_01.rho
     1      362     0.001931     25613.6630       8.3878      5.52200     5.52200   25605.2752     5.52109      1 chain_01/itr_00362_trial_01.rho
     1      363     0.001898     25613.6630       0.0000      5.52200     5.52200   25605.2752     5.52109      0 -
     1      364     0.001865     25613.6630       0.0000      5.52200     5.52200   25605.2752     5.52109      0 -
     1      365     0.001833     25613.6630       0.0000      5.52200     5.52200   25605.2752     5.52109      0 -
     1      366     0.001802     25613.6630       0.0000      5.52200     5.52200   25605.2752     5.52109      0 -
     1      367     0.001771     25613.6630       0.0000      5.52200     5.52200   25605.2752     5.52109      0 -
     1      368      0.00174     25342.2365    -271.4265      5.49266     5.49266   25342.2365     5.49266      1 chain_01/itr_00368_trial_01.rho
     1      369      0.00171     25418.5073      76.2708      5.50092     5.50092   25342.2365     5.49266      1 chain_01/itr_00369_trial_01.rho
     1      370     0.001681     25228.5472    -189.9601      5.48033     5.48033   25228.5472     5.48033      1 chain_01/itr_00370_trial_01.rho
     1      371     0.001652     24997.8688    -230.6784      5.45521     5.45521   24997.8688     5.45521      1 chain_01/itr_00371_trial_01.rho
     1      372     0.001624     24997.8688       0.0000      5.45521     5.45521   24997.8688     5.45521      0 -
     1      373     0.001596     24746.1200    -251.7488      5.42768     5.42768   24746.1200     5.42768      1 chain_01/itr_00373_trial_01.rho
     1      374     0.001569     24746.1200       0.0000      5.42768     5.42768   24746.1200     5.42768      0 -
     1      375     0.001542     24746.1200       0.0000      5.42768     5.42768   24746.1200     5.42768      0 -
     1      376     0.001515     24746.1200       0.0000      5.42768     5.42768   24746.1200     5.42768      0 -
     1      377     0.001489     24517.7686    -228.3514      5.40258     5.40258   24517.7686     5.40258      1 chain_01/itr_00377_trial_01.rho
     1      378     0.001464     24312.8201    -204.9485      5.37995     5.37995   24312.8201     5.37995      1 chain_01/itr_00378_trial_01.rho
     1      379     0.001438     24312.8201       0.0000      5.37995     5.37995   24312.8201     5.37995      0 -
     1      380     0.001414     24445.1012     132.2811      5.39456     5.39456   24312.8201     5.37995      1 chain_01/itr_00380_trial_01.rho
     1      381     0.001389     24445.1012       0.0000      5.39456     5.39456   24312.8201     5.37995      0 -
     1      382     0.001366     24445.1012       0.0000      5.39456     5.39456   24312.8201     5.37995      0 -
     1      383     0.001342     24305.4770    -139.6242      5.37913     5.37913   24305.4770     5.37913      1 chain_01/itr_00383_trial_01.rho
     1      384     0.001319     24305.4770       0.0000      5.37913     5.37913   24305.4770     5.37913      0 -
     1      385     0.001297     24305.4770       0.0000      5.37913     5.37913   24305.4770     5.37913      0 -
     1      386     0.001274     24305.4770       0.0000      5.37913     5.37913   24305.4770     5.37913      0 -
     1      387     0.001252     24155.5128    -149.9643      5.36251     5.36251   24155.5128     5.36251      1 chain_01/itr_00387_trial_01.rho
     1      388     0.001231     24023.5905    -131.9222      5.34785     5.34785   24023.5905     5.34785      1 chain_01/itr_00388_trial_01.rho
     1      389      0.00121     23521.0789    -502.5117      5.29162     5.29162   23521.0789     5.29162      1 chain_01/itr_00389_trial_01.rho
     1      390     0.001189     23149.0012    -372.0777      5.24960     5.24960   23149.0012     5.24960      1 chain_01/itr_00390_trial_01.rho
     1      391     0.001169     22721.4665    -427.5346      5.20090     5.20090   22721.4665     5.20090      1 chain_01/itr_00391_trial_01.rho
     1      392     0.001149     22721.4665       0.0000      5.20090     5.20090   22721.4665     5.20090      0 -
     1      393     0.001129     22721.4665       0.0000      5.20090     5.20090   22721.4665     5.20090      0 -
     1      394     0.001109     22721.4665       0.0000      5.20090     5.20090   22721.4665     5.20090      0 -
     1      395      0.00109     22721.4665       0.0000      5.20090     5.20090   22721.4665     5.20090      0 -
     1      396     0.001072     22721.4665       0.0000      5.20090     5.20090   22721.4665     5.20090      0 -
     1      397     0.001053     22721.4665       0.0000      5.20090     5.20090   22721.4665     5.20090      0 -
     1      398     0.001035     22533.0412    -188.4253      5.17929     5.17929   22533.0412     5.17929      1 chain_01/itr_00398_trial_01.rho
     1      399     0.001017     22238.4377    -294.6035      5.14532     5.14532   22238.4377     5.14532      1 chain_01/itr_00399_trial_01.rho
     1      400        0.001     22238.4377       0.0000      5.14532     5.14532   22238.4377     5.14532      0 -
