# VFSA 2D iteration best - 2026-09-14 17:22:06
# chains=2  n_ctrl=250  frac_update_controls=1.0  temp_kappa=1.0  cool_ratio=0.001  target_rms=0.1  n_trials=1
--------------------------------------------------------------------------------------------------------------------------------------------------------------------------------------------------------
 Chain     Iter         Temp       Chi2Curr        dChi2      RMSCurr     CurrRMS     Chi2Best     RMSBest   Nacc Model
--------------------------------------------------------------------------------------------------------------------------------------------------------------------------------------------------------
     2        1            1       474.2715     -33.4382      1.07032     1.07032     474.2715     1.07032      1 chain_02/itr_00001_trial_01.rho
     2        2       0.9828       474.2715       0.0000      1.07032     1.07032     474.2715     1.07032      0 -
     2        3        0.966       397.4590     -76.8125      0.97982     0.97982     397.4590     0.97982      1 chain_02/itr_00003_trial_01.rho
     2        4       0.9494       397.4590       0.0000      0.97982     0.97982     397.4590     0.97982      0 -
     2        5       0.9331       397.6900       0.2311      0.98010     0.98010     397.4590     0.97982      1 chain_02/itr_00005_trial_01.rho
     2        6       0.9171       362.3304     -35.3596      0.93552     0.93552     362.3304     0.93552      1 chain_02/itr_00006_trial_01.rho
     2        7       0.9013       361.6648      -0.6656      0.93466     0.93466     361.6648     0.93466      1 chain_02/itr_00007_trial_01.rho
     2        8       0.8859       351.9071      -9.7577      0.92196     0.92196     351.9071     0.92196      1 chain_02/itr_00008_trial_01.rho
     2        9       0.8707       352.8071       0.9000      0.92314     0.92314     351.9071     0.92196      1 chain_02/itr_00009_trial_01.rho
     2       10       0.8557       350.7267      -2.0804      0.92042     0.92042     350.7267     0.92042      1 chain_02/itr_00010_trial_01.rho
     2       11        0.841       359.0909       8.3642      0.93133     0.93133     350.7267     0.92042      1 chain_02/itr_00011_trial_01.rho
     2       12       0.8266       360.6306       1.5396      0.93332     0.93332     350.7267     0.92042      1 chain_02/itr_00012_trial_01.rho
     2       13       0.8124       364.9653       4.3347      0.93891     0.93891     350.7267     0.92042      1 chain_02/itr_00013_trial_01.rho
     2       14       0.7985       375.6942      10.7289      0.95261     0.95261     350.7267     0.92042      1 chain_02/itr_00014_trial_01.rho
     2       15       0.7848       375.5001      -0.1941      0.95237     0.95237     350.7267     0.92042      1 chain_02/itr_00015_trial_01.rho
     2       16       0.7713       379.4940       3.9939      0.95742     0.95742     350.7267     0.92042      1 chain_02/itr_00016_trial_01.rho
     2       17       0.7581       377.9075      -1.5864      0.95542     0.95542     350.7267     0.92042      1 chain_02/itr_00017_trial_01.rho
     2       18        0.745       388.3597      10.4522      0.96854     0.96854     350.7267     0.92042      1 chain_02/itr_00018_trial_01.rho
     2       19       0.7323       380.0571      -8.3026      0.95813     0.95813     350.7267     0.92042      1 chain_02/itr_00019_trial_01.rho
     2       20       0.7197       387.4482       7.3911      0.96740     0.96740     350.7267     0.92042      1 chain_02/itr_00020_trial_01.rho
     2       21       0.7073       394.9979       7.5497      0.97678     0.97678     350.7267     0.92042      1 chain_02/itr_00021_trial_01.rho
     2       22       0.6952       409.3046      14.3067      0.99431     0.99431     350.7267     0.92042      1 chain_02/itr_00022_trial_01.rho
     2       23       0.6833       427.7311      18.4264      1.01645     1.01645     350.7267     0.92042      1 chain_02/itr_00023_trial_01.rho
     2       24       0.6715       456.0670      28.3359      1.04958     1.04958     350.7267     0.92042      1 chain_02/itr_00024_trial_01.rho
     2       25         0.66       463.1877       7.1207      1.05774     1.05774     350.7267     0.92042      1 chain_02/itr_00025_trial_01.rho
     2       26       0.6487       463.1877       0.0000      1.05774     1.05774     350.7267     0.92042      0 -
     2       27       0.6375       454.3465      -8.8412      1.04760     1.04760     350.7267     0.92042      1 chain_02/itr_00027_trial_01.rho
     2       28       0.6266       454.3465       0.0000      1.04760     1.04760     350.7267     0.92042      0 -
     2       29       0.6158       447.1242      -7.2223      1.03924     1.03924     350.7267     0.92042      1 chain_02/itr_00029_trial_01.rho
     2       30       0.6053       429.3429     -17.7813      1.01836     1.01836     350.7267     0.92042      1 chain_02/itr_00030_trial_01.rho
     2       31       0.5949       451.3226      21.9797      1.04410     1.04410     350.7267     0.92042      1 chain_02/itr_00031_trial_01.rho
     2       32       0.5847       440.2748     -11.0478      1.03124     1.03124     350.7267     0.92042      1 chain_02/itr_00032_trial_01.rho
     2       33       0.5746       455.2770      15.0022      1.04867     1.04867     350.7267     0.92042      1 chain_02/itr_00033_trial_01.rho
     2       34       0.5648       445.4134      -9.8635      1.03725     1.03725     350.7267     0.92042      1 chain_02/itr_00034_trial_01.rho
     2       35       0.5551       440.1437      -5.2697      1.03109     1.03109     350.7267     0.92042      1 chain_02/itr_00035_trial_01.rho
     2       36       0.5456       434.3265      -5.8172      1.02425     1.02425     350.7267     0.92042      1 chain_02/itr_00036_trial_01.rho
     2       37       0.5362       434.6657       0.3392      1.02465     1.02465     350.7267     0.92042      1 chain_02/itr_00037_trial_01.rho
     2       38        0.527       427.2974      -7.3684      1.01593     1.01593     350.7267     0.92042      1 chain_02/itr_00038_trial_01.rho
     2       39       0.5179       427.4393       0.1419      1.01610     1.01610     350.7267     0.92042      1 chain_02/itr_00039_trial_01.rho
     2       40       0.5091       434.3006       6.8613      1.02422     1.02422     350.7267     0.92042      1 chain_02/itr_00040_trial_01.rho
     2       41       0.5003       438.2878       3.9873      1.02892     1.02892     350.7267     0.92042      1 chain_02/itr_00041_trial_01.rho
     2       42       0.4917       438.2878       0.0000      1.02892     1.02892     350.7267     0.92042      0 -
     2       43       0.4833       452.8761      14.5883      1.04590     1.04590     350.7267     0.92042      1 chain_02/itr_00043_trial_01.rho
     2       44        0.475       464.8549      11.9788      1.05964     1.05964     350.7267     0.92042      1 chain_02/itr_00044_trial_01.rho
     2       45       0.4668       477.4205      12.5655      1.07387     1.07387     350.7267     0.92042      1 chain_02/itr_00045_trial_01.rho
     2       46       0.4588       497.8344      20.4140      1.09658     1.09658     350.7267     0.92042      1 chain_02/itr_00046_trial_01.rho
     2       47        0.451       491.2070      -6.6274      1.08926     1.08926     350.7267     0.92042      1 chain_02/itr_00047_trial_01.rho
     2       48       0.4432       478.1674     -13.0397      1.07471     1.07471     350.7267     0.92042      1 chain_02/itr_00048_trial_01.rho
     2       49       0.4356       494.9620      16.7946      1.09342     1.09342     350.7267     0.92042      1 chain_02/itr_00049_trial_01.rho
     2       50       0.4281       478.9721     -15.9899      1.07561     1.07561     350.7267     0.92042      1 chain_02/itr_00050_trial_01.rho
     2       51       0.4208       484.2490       5.2769      1.08152     1.08152     350.7267     0.92042      1 chain_02/itr_00051_trial_01.rho
     2       52       0.4136       491.6116       7.3625      1.08971     1.08971     350.7267     0.92042      1 chain_02/itr_00052_trial_01.rho
     2       53       0.4065       491.5129      -0.0987      1.08960     1.08960     350.7267     0.92042      1 chain_02/itr_00053_trial_01.rho
     2       54       0.3995       497.3252       5.8123      1.09602     1.09602     350.7267     0.92042      1 chain_02/itr_00054_trial_01.rho
     2       55       0.3926       490.1246      -7.2006      1.08806     1.08806     350.7267     0.92042      1 chain_02/itr_00055_trial_01.rho
     2       56       0.3859       494.9222       4.7976      1.09337     1.09337     350.7267     0.92042      1 chain_02/itr_00056_trial_01.rho
     2       57       0.3793       506.1162      11.1940      1.10567     1.10567     350.7267     0.92042      1 chain_02/itr_00057_trial_01.rho
     2       58       0.3728       500.1028      -6.0134      1.09908     1.09908     350.7267     0.92042      1 chain_02/itr_00058_trial_01.rho
     2       59       0.3664       496.0647      -4.0381      1.09463     1.09463     350.7267     0.92042      1 chain_02/itr_00059_trial_01.rho
     2       60       0.3601       501.9359       5.8712      1.10109     1.10109     350.7267     0.92042      1 chain_02/itr_00060_trial_01.rho
     2       61       0.3539       519.6281      17.6922      1.12033     1.12033     350.7267     0.92042      1 chain_02/itr_00061_trial_01.rho
     2       62       0.3478       536.3161      16.6880      1.13818     1.13818     350.7267     0.92042      1 chain_02/itr_00062_trial_01.rho
     2       63       0.3418       538.6299       2.3138      1.14063     1.14063     350.7267     0.92042      1 chain_02/itr_00063_trial_01.rho
     2       64        0.336       545.8812       7.2513      1.14828     1.14828     350.7267     0.92042      1 chain_02/itr_00064_trial_01.rho
     2       65       0.3302       551.9952       6.1140      1.15470     1.15470     350.7267     0.92042      1 chain_02/itr_00065_trial_01.rho
     2       66       0.3245       540.9861     -11.0090      1.14312     1.14312     350.7267     0.92042      1 chain_02/itr_00066_trial_01.rho
     2       67        0.319       554.8829      13.8968      1.15771     1.15771     350.7267     0.92042      1 chain_02/itr_00067_trial_01.rho
     2       68       0.3135       554.0900      -0.7929      1.15688     1.15688     350.7267     0.92042      1 chain_02/itr_00068_trial_01.rho
     2       69       0.3081       556.8085       2.7184      1.15972     1.15972     350.7267     0.92042      1 chain_02/itr_00069_trial_01.rho
     2       70       0.3028       542.3527     -14.4557      1.14457     1.14457     350.7267     0.92042      1 chain_02/itr_00070_trial_01.rho
     2       71       0.2976       543.5525       1.1998      1.14583     1.14583     350.7267     0.92042      1 chain_02/itr_00071_trial_01.rho
     2       72       0.2925       550.6004       7.0478      1.15324     1.15324     350.7267     0.92042      1 chain_02/itr_00072_trial_01.rho
     2       73       0.2875       551.0404       0.4400      1.15370     1.15370     350.7267     0.92042      1 chain_02/itr_00073_trial_01.rho
     2       74       0.2826       550.3972      -0.6432      1.15302     1.15302     350.7267     0.92042      1 chain_02/itr_00074_trial_01.rho
     2       75       0.2777       554.7814       4.3842      1.15761     1.15761     350.7267     0.92042      1 chain_02/itr_00075_trial_01.rho
     2       76        0.273       556.8184       2.0370      1.15973     1.15973     350.7267     0.92042      1 chain_02/itr_00076_trial_01.rho
     2       77       0.2683       541.5987     -15.2197      1.14377     1.14377     350.7267     0.92042      1 chain_02/itr_00077_trial_01.rho
     2       78       0.2637       538.7191      -2.8795      1.14073     1.14073     350.7267     0.92042      1 chain_02/itr_00078_trial_01.rho
     2       79       0.2591       529.4826      -9.2366      1.13090     1.13090     350.7267     0.92042      1 chain_02/itr_00079_trial_01.rho
     2       80       0.2547       550.1769      20.6943      1.15279     1.15279     350.7267     0.92042      1 chain_02/itr_00080_trial_01.rho
     2       81       0.2503       551.8594       1.6826      1.15455     1.15455     350.7267     0.92042      1 chain_02/itr_00081_trial_01.rho
     2       82        0.246       548.5049      -3.3546      1.15104     1.15104     350.7267     0.92042      1 chain_02/itr_00082_trial_01.rho
     2       83       0.2418       541.8307      -6.6741      1.14401     1.14401     350.7267     0.92042      1 chain_02/itr_00083_trial_01.rho
     2       84       0.2377       524.3044     -17.5263      1.12536     1.12536     350.7267     0.92042      1 chain_02/itr_00084_trial_01.rho
     2       85       0.2336       524.3463       0.0419      1.12541     1.12541     350.7267     0.92042      1 chain_02/itr_00085_trial_01.rho
     2       86       0.2296       524.7135       0.3672      1.12580     1.12580     350.7267     0.92042      1 chain_02/itr_00086_trial_01.rho
     2       87       0.2256       541.9454      17.2319      1.14414     1.14414     350.7267     0.92042      1 chain_02/itr_00087_trial_01.rho
     2       88       0.2218       532.8743      -9.0711      1.13452     1.13452     350.7267     0.92042      1 chain_02/itr_00088_trial_01.rho
     2       89       0.2179       553.4552      20.5809      1.15622     1.15622     350.7267     0.92042      1 chain_02/itr_00089_trial_01.rho
     2       90       0.2142       566.5211      13.0659      1.16979     1.16979     350.7267     0.92042      1 chain_02/itr_00090_trial_01.rho
     2       91       0.2105       562.2914      -4.2297      1.16541     1.16541     350.7267     0.92042      1 chain_02/itr_00091_trial_01.rho
     2       92       0.2069       559.2098      -3.0816      1.16222     1.16222     350.7267     0.92042      1 chain_02/itr_00092_trial_01.rho
     2       93       0.2034       544.0609     -15.1489      1.14637     1.14637     350.7267     0.92042      1 chain_02/itr_00093_trial_01.rho
     2       94       0.1999       528.1774     -15.8835      1.12951     1.12951     350.7267     0.92042      1 chain_02/itr_00094_trial_01.rho
     2       95       0.1964       526.8043      -1.3731      1.12804     1.12804     350.7267     0.92042      1 chain_02/itr_00095_trial_01.rho
     2       96       0.1931       537.4200      10.6158      1.13935     1.13935     350.7267     0.92042      1 chain_02/itr_00096_trial_01.rho
     2       97       0.1898       537.4200       0.0000      1.13935     1.13935     350.7267     0.92042      0 -
     2       98       0.1865       537.4200       0.0000      1.13935     1.13935     350.7267     0.92042      0 -
     2       99       0.1833       544.2381       6.8181      1.14655     1.14655     350.7267     0.92042      1 chain_02/itr_00099_trial_01.rho
     2      100       0.1802       544.2381       0.0000      1.14655     1.14655     350.7267     0.92042      0 -
     2      101       0.1771       542.3433      -1.8948      1.14456     1.14456     350.7267     0.92042      1 chain_02/itr_00101_trial_01.rho
     2      102        0.174       556.5651      14.2219      1.15947     1.15947     350.7267     0.92042      1 chain_02/itr_00102_trial_01.rho
     2      103        0.171       553.3413      -3.2238      1.15610     1.15610     350.7267     0.92042      1 chain_02/itr_00103_trial_01.rho
     2      104       0.1681       552.8044      -0.5370      1.15554     1.15554     350.7267     0.92042      1 chain_02/itr_00104_trial_01.rho
     2      105       0.1652       562.5558       9.7514      1.16569     1.16569     350.7267     0.92042      1 chain_02/itr_00105_trial_01.rho
     2      106       0.1624       563.5567       1.0009      1.16673     1.16673     350.7267     0.92042      1 chain_02/itr_00106_trial_01.rho
     2      107       0.1596       558.1841      -5.3726      1.16115     1.16115     350.7267     0.92042      1 chain_02/itr_00107_trial_01.rho
     2      108       0.1569       552.6761      -5.5080      1.15541     1.15541     350.7267     0.92042      1 chain_02/itr_00108_trial_01.rho
     2      109       0.1542       553.9507       1.2745      1.15674     1.15674     350.7267     0.92042      1 chain_02/itr_00109_trial_01.rho
     2      110       0.1515       551.4292      -2.5214      1.15410     1.15410     350.7267     0.92042      1 chain_02/itr_00110_trial_01.rho
     2      111       0.1489       562.0526      10.6234      1.16517     1.16517     350.7267     0.92042      1 chain_02/itr_00111_trial_01.rho
     2      112       0.1464       568.7045       6.6519      1.17204     1.17204     350.7267     0.92042      1 chain_02/itr_00112_trial_01.rho
     2      113       0.1438       549.3008     -19.4037      1.15187     1.15187     350.7267     0.92042      1 chain_02/itr_00113_trial_01.rho
     2      114       0.1414       558.8054       9.5047      1.16180     1.16180     350.7267     0.92042      1 chain_02/itr_00114_trial_01.rho
     2      115       0.1389       568.8539      10.0485      1.17220     1.17220     350.7267     0.92042      1 chain_02/itr_00115_trial_01.rho
     2      116       0.1366       572.2086       3.3547      1.17565     1.17565     350.7267     0.92042      1 chain_02/itr_00116_trial_01.rho
     2      117       0.1342       577.4385       5.2298      1.18101     1.18101     350.7267     0.92042      1 chain_02/itr_00117_trial_01.rho
     2      118       0.1319       565.0642     -12.3743      1.16828     1.16828     350.7267     0.92042      1 chain_02/itr_00118_trial_01.rho
     2      119       0.1297       541.3244     -23.7398      1.14348     1.14348     350.7267     0.92042      1 chain_02/itr_00119_trial_01.rho
     2      120       0.1274       538.1050      -3.2194      1.14007     1.14007     350.7267     0.92042      1 chain_02/itr_00120_trial_01.rho
     2      121       0.1252       538.1050       0.0000      1.14007     1.14007     350.7267     0.92042      0 -
     2      122       0.1231       544.2238       6.1188      1.14654     1.14654     350.7267     0.92042      1 chain_02/itr_00122_trial_01.rho
     2      123        0.121       544.2238       0.0000      1.14654     1.14654     350.7267     0.92042      0 -
     2      124       0.1189       557.3569      13.1331      1.16029     1.16029     350.7267     0.92042      1 chain_02/itr_00124_trial_01.rho
     2      125       0.1169       558.8311       1.4742      1.16182     1.16182     350.7267     0.92042      1 chain_02/itr_00125_trial_01.rho
     2      126       0.1149       558.8311       0.0000      1.16182     1.16182     350.7267     0.92042      0 -
     2      127       0.1129       561.9215       3.0904      1.16503     1.16503     350.7267     0.92042      1 chain_02/itr_00127_trial_01.rho
     2      128       0.1109       561.9215       0.0000      1.16503     1.16503     350.7267     0.92042      0 -
     2      129        0.109       566.1364       4.2149      1.16939     1.16939     350.7267     0.92042      1 chain_02/itr_00129_trial_01.rho
     2      130       0.1072       550.8370     -15.2994      1.15348     1.15348     350.7267     0.92042      1 chain_02/itr_00130_trial_01.rho
     2      131       0.1053       540.6644     -10.1727      1.14278     1.14278     350.7267     0.92042      1 chain_02/itr_00131_trial_01.rho
     2      132       0.1035       551.5778      10.9134      1.15426     1.15426     350.7267     0.92042      1 chain_02/itr_00132_trial_01.rho
     2      133       0.1017       554.1024       2.5246      1.15690     1.15690     350.7267     0.92042      1 chain_02/itr_00133_trial_01.rho
     2      134          0.1       554.1024       0.0000      1.15690     1.15690     350.7267     0.92042      0 -
     2      135      0.09828       558.3334       4.2310      1.16131     1.16131     350.7267     0.92042      1 chain_02/itr_00135_trial_01.rho
     2      136       0.0966       547.3782     -10.9551      1.14986     1.14986     350.7267     0.92042      1 chain_02/itr_00136_trial_01.rho
     2      137      0.09494       549.1521       1.7739      1.15172     1.15172     350.7267     0.92042      1 chain_02/itr_00137_trial_01.rho
     2      138      0.09331       544.7500      -4.4022      1.14709     1.14709     350.7267     0.92042      1 chain_02/itr_00138_trial_01.rho
     2      139      0.09171       544.7500       0.0000      1.14709     1.14709     350.7267     0.92042      0 -
     2      140      0.09013       553.3154       8.5654      1.15608     1.15608     350.7267     0.92042      1 chain_02/itr_00140_trial_01.rho
     2      141      0.08859       549.3328      -3.9826      1.15191     1.15191     350.7267     0.92042      1 chain_02/itr_00141_trial_01.rho
     2      142      0.08707       546.7228      -2.6101      1.14917     1.14917     350.7267     0.92042      1 chain_02/itr_00142_trial_01.rho
     2      143      0.08557       560.0441      13.3214      1.16308     1.16308     350.7267     0.92042      1 chain_02/itr_00143_trial_01.rho
     2      144       0.0841       568.2926       8.2485      1.17162     1.17162     350.7267     0.92042      1 chain_02/itr_00144_trial_01.rho
     2      145      0.08266       562.9520      -5.3407      1.16610     1.16610     350.7267     0.92042      1 chain_02/itr_00145_trial_01.rho
     2      146      0.08124       555.8487      -7.1032      1.15872     1.15872     350.7267     0.92042      1 chain_02/itr_00146_trial_01.rho
     2      147      0.07985       556.4136       0.5649      1.15931     1.15931     350.7267     0.92042      1 chain_02/itr_00147_trial_01.rho
     2      148      0.07848       566.5844      10.1708      1.16986     1.16986     350.7267     0.92042      1 chain_02/itr_00148_trial_01.rho
     2      149      0.07713       563.1607      -3.4237      1.16632     1.16632     350.7267     0.92042      1 chain_02/itr_00149_trial_01.rho
     2      150      0.07581       567.2862       4.1256      1.17058     1.17058     350.7267     0.92042      1 chain_02/itr_00150_trial_01.rho
     2      151       0.0745       580.9483      13.6620      1.18459     1.18459     350.7267     0.92042      1 chain_02/itr_00151_trial_01.rho
     2      152      0.07323       582.5555       1.6072      1.18623     1.18623     350.7267     0.92042      1 chain_02/itr_00152_trial_01.rho
     2      153      0.07197       587.1508       4.5954      1.19090     1.19090     350.7267     0.92042      1 chain_02/itr_00153_trial_01.rho
     2      154      0.07073       586.7839      -0.3669      1.19053     1.19053     350.7267     0.92042      1 chain_02/itr_00154_trial_01.rho
     2      155      0.06952       592.2601       5.4762      1.19607     1.19607     350.7267     0.92042      1 chain_02/itr_00155_trial_01.rho
     2      156      0.06833       592.2601       0.0000      1.19607     1.19607     350.7267     0.92042      0 -
     2      157      0.06715       595.9970       3.7369      1.19984     1.19984     350.7267     0.92042      1 chain_02/itr_00157_trial_01.rho
     2      158        0.066       588.1262      -7.8708      1.19189     1.19189     350.7267     0.92042      1 chain_02/itr_00158_trial_01.rho
     2      159      0.06487       588.3981       0.2719      1.19216     1.19216     350.7267     0.92042      1 chain_02/itr_00159_trial_01.rho
     2      160      0.06375       588.3981       0.0000      1.19216     1.19216     350.7267     0.92042      0 -
     2      161      0.06266       593.3266       4.9285      1.19714     1.19714     350.7267     0.92042      1 chain_02/itr_00161_trial_01.rho
     2      162      0.06158       597.0514       3.7248      1.20090     1.20090     350.7267     0.92042      1 chain_02/itr_00162_trial_01.rho
     2      163      0.06053       604.2534       7.2021      1.20812     1.20812     350.7267     0.92042      1 chain_02/itr_00163_trial_01.rho
     2      164      0.05949       601.1873      -3.0662      1.20505     1.20505     350.7267     0.92042      1 chain_02/itr_00164_trial_01.rho
     2      165      0.05847       585.8613     -15.3260      1.18959     1.18959     350.7267     0.92042      1 chain_02/itr_00165_trial_01.rho
     2      166      0.05746       598.2797      12.4184      1.20213     1.20213     350.7267     0.92042      1 chain_02/itr_00166_trial_01.rho
     2      167      0.05648       598.1458      -0.1339      1.20200     1.20200     350.7267     0.92042      1 chain_02/itr_00167_trial_01.rho
     2      168      0.05551       598.1458       0.0000      1.20200     1.20200     350.7267     0.92042      0 -
     2      169      0.05456       586.9640     -11.1818      1.19071     1.19071     350.7267     0.92042      1 chain_02/itr_00169_trial_01.rho
     2      170      0.05362       591.1777       4.2137      1.19498     1.19498     350.7267     0.92042      1 chain_02/itr_00170_trial_01.rho
     2      171       0.0527       587.5062      -3.6715      1.19126     1.19126     350.7267     0.92042      1 chain_02/itr_00171_trial_01.rho
     2      172      0.05179       597.8614      10.3552      1.20171     1.20171     350.7267     0.92042      1 chain_02/itr_00172_trial_01.rho
     2      173      0.05091       595.1774      -2.6840      1.19901     1.19901     350.7267     0.92042      1 chain_02/itr_00173_trial_01.rho
     2      174      0.05003       584.2186     -10.9589      1.18792     1.18792     350.7267     0.92042      1 chain_02/itr_00174_trial_01.rho
     2      175      0.04917       577.7641      -6.4545      1.18134     1.18134     350.7267     0.92042      1 chain_02/itr_00175_trial_01.rho
     2      176      0.04833       577.7641       0.0000      1.18134     1.18134     350.7267     0.92042      0 -
     2      177       0.0475       570.3026      -7.4615      1.17369     1.17369     350.7267     0.92042      1 chain_02/itr_00177_trial_01.rho
     2      178      0.04668       560.9353      -9.3673      1.16401     1.16401     350.7267     0.92042      1 chain_02/itr_00178_trial_01.rho
     2      179      0.04588       571.0331      10.0978      1.17444     1.17444     350.7267     0.92042      1 chain_02/itr_00179_trial_01.rho
     2      180       0.0451       576.5224       5.4893      1.18007     1.18007     350.7267     0.92042      1 chain_02/itr_00180_trial_01.rho
     2      181      0.04432       565.4306     -11.0918      1.16866     1.16866     350.7267     0.92042      1 chain_02/itr_00181_trial_01.rho
     2      182      0.04356       569.7932       4.3626      1.17316     1.17316     350.7267     0.92042      1 chain_02/itr_00182_trial_01.rho
     2      183      0.04281       584.7687      14.9756      1.18848     1.18848     350.7267     0.92042      1 chain_02/itr_00183_trial_01.rho
     2      184      0.04208       585.8312       1.0625      1.18956     1.18956     350.7267     0.92042      1 chain_02/itr_00184_trial_01.rho
     2      185      0.04136       587.1392       1.3080      1.19089     1.19089     350.7267     0.92042      1 chain_02/itr_00185_trial_01.rho
     2      186      0.04065       583.3952      -3.7440      1.18708     1.18708     350.7267     0.92042      1 chain_02/itr_00186_trial_01.rho
     2      187      0.03995       585.1015       1.7063      1.18882     1.18882     350.7267     0.92042      1 chain_02/itr_00187_trial_01.rho
     2      188      0.03926       585.1015       0.0000      1.18882     1.18882     350.7267     0.92042      0 -
     2      189      0.03859       578.5248      -6.5767      1.18212     1.18212     350.7267     0.92042      1 chain_02/itr_00189_trial_01.rho
     2      190      0.03793       579.5788       1.0541      1.18319     1.18319     350.7267     0.92042      1 chain_02/itr_00190_trial_01.rho
     2      191      0.03728       578.7109      -0.8680      1.18231     1.18231     350.7267     0.92042      1 chain_02/itr_00191_trial_01.rho
     2      192      0.03664       574.8154      -3.8955      1.17832     1.17832     350.7267     0.92042      1 chain_02/itr_00192_trial_01.rho
     2      193      0.03601       578.0235       3.2081      1.18161     1.18161     350.7267     0.92042      1 chain_02/itr_00193_trial_01.rho
     2      194      0.03539       582.3108       4.2873      1.18598     1.18598     350.7267     0.92042      1 chain_02/itr_00194_trial_01.rho
     2      195      0.03478       574.4045      -7.9064      1.17790     1.17790     350.7267     0.92042      1 chain_02/itr_00195_trial_01.rho
     2      196      0.03418       574.4045       0.0000      1.17790     1.17790     350.7267     0.92042      0 -
     2      197       0.0336       573.7639      -0.6406      1.17724     1.17724     350.7267     0.92042      1 chain_02/itr_00197_trial_01.rho
     2      198      0.03302       577.2569       3.4930      1.18082     1.18082     350.7267     0.92042      1 chain_02/itr_00198_trial_01.rho
     2      199      0.03245       587.8662      10.6093      1.19162     1.19162     350.7267     0.92042      1 chain_02/itr_00199_trial_01.rho
     2      200       0.0319       579.7372      -8.1290      1.18336     1.18336     350.7267     0.92042      1 chain_02/itr_00200_trial_01.rho
     2      201      0.03135       579.7372       0.0000      1.18336     1.18336     350.7267     0.92042      0 -
     2      202      0.03081       581.7482       2.0110      1.18541     1.18541     350.7267     0.92042      1 chain_02/itr_00202_trial_01.rho
     2      203      0.03028       584.6098       2.8616      1.18832     1.18832     350.7267     0.92042      1 chain_02/itr_00203_trial_01.rho
     2      204      0.02976       572.8700     -11.7398      1.17633     1.17633     350.7267     0.92042      1 chain_02/itr_00204_trial_01.rho
     2      205      0.02925       578.9199       6.0499      1.18252     1.18252     350.7267     0.92042      1 chain_02/itr_00205_trial_01.rho
     2      206      0.02875       578.5860      -0.3339      1.18218     1.18218     350.7267     0.92042      1 chain_02/itr_00206_trial_01.rho
     2      207      0.02826       578.0868      -0.4992      1.18167     1.18167     350.7267     0.92042      1 chain_02/itr_00207_trial_01.rho
     2      208      0.02777       577.4210      -0.6658      1.18099     1.18099     350.7267     0.92042      1 chain_02/itr_00208_trial_01.rho
     2      209       0.0273       578.1745       0.7535      1.18176     1.18176     350.7267     0.92042      1 chain_02/itr_00209_trial_01.rho
     2      210      0.02683       584.9912       6.8167      1.18871     1.18871     350.7267     0.92042      1 chain_02/itr_00210_trial_01.rho
     2      211      0.02637       579.6942      -5.2970      1.18331     1.18331     350.7267     0.92042      1 chain_02/itr_00211_trial_01.rho
     2      212      0.02591       588.9505       9.2563      1.19272     1.19272     350.7267     0.92042      1 chain_02/itr_00212_trial_01.rho
     2      213      0.02547       590.3641       1.4136      1.19415     1.19415     350.7267     0.92042      1 chain_02/itr_00213_trial_01.rho
     2      214      0.02503       590.3641       0.0000      1.19415     1.19415     350.7267     0.92042      0 -
     2      215       0.0246       593.1564       2.7924      1.19697     1.19697     350.7267     0.92042      1 chain_02/itr_00215_trial_01.rho
     2      216      0.02418       589.6690      -3.4874      1.19345     1.19345     350.7267     0.92042      1 chain_02/itr_00216_trial_01.rho
     2      217      0.02377       589.2961      -0.3729      1.19307     1.19307     350.7267     0.92042      1 chain_02/itr_00217_trial_01.rho
     2      218      0.02336       587.8283      -1.4678      1.19159     1.19159     350.7267     0.92042      1 chain_02/itr_00218_trial_01.rho
     2      219      0.02296       585.3519      -2.4764      1.18907     1.18907     350.7267     0.92042      1 chain_02/itr_00219_trial_01.rho
     2      220      0.02256       581.6781      -3.6738      1.18534     1.18534     350.7267     0.92042      1 chain_02/itr_00220_trial_01.rho
     2      221      0.02218       581.6781       0.0000      1.18534     1.18534     350.7267     0.92042      0 -
     2      222      0.02179       590.6537       8.9756      1.19445     1.19445     350.7267     0.92042      1 chain_02/itr_00222_trial_01.rho
     2      223      0.02142       586.1500      -4.5037      1.18988     1.18988     350.7267     0.92042      1 chain_02/itr_00223_trial_01.rho
     2      224      0.02105       584.5967      -1.5532      1.18831     1.18831     350.7267     0.92042      1 chain_02/itr_00224_trial_01.rho
     2      225      0.02069       578.4771      -6.1196      1.18207     1.18207     350.7267     0.92042      1 chain_02/itr_00225_trial_01.rho
     2      226      0.02034       573.2748      -5.2023      1.17674     1.17674     350.7267     0.92042      1 chain_02/itr_00226_trial_01.rho
     2      227      0.01999       573.2748       0.0000      1.17674     1.17674     350.7267     0.92042      0 -
     2      228      0.01964       575.9322       2.6574      1.17947     1.17947     350.7267     0.92042      1 chain_02/itr_00228_trial_01.rho
     2      229      0.01931       572.4177      -3.5145      1.17586     1.17586     350.7267     0.92042      1 chain_02/itr_00229_trial_01.rho
     2      230      0.01898       573.1974       0.7797      1.17666     1.17666     350.7267     0.92042      1 chain_02/itr_00230_trial_01.rho
     2      231      0.01865       580.6660       7.4686      1.18430     1.18430     350.7267     0.92042      1 chain_02/itr_00231_trial_01.rho
     2      232      0.01833       580.1073      -0.5587      1.18373     1.18373     350.7267     0.92042      1 chain_02/itr_00232_trial_01.rho
     2      233      0.01802       579.7516      -0.3556      1.18337     1.18337     350.7267     0.92042      1 chain_02/itr_00233_trial_01.rho
     2      234      0.01771       580.8939       1.1423      1.18454     1.18454     350.7267     0.92042      1 chain_02/itr_00234_trial_01.rho
     2      235       0.0174       583.6443       2.7504      1.18734     1.18734     350.7267     0.92042      1 chain_02/itr_00235_trial_01.rho
     2      236       0.0171       583.6443       0.0000      1.18734     1.18734     350.7267     0.92042      0 -
     2      237      0.01681       579.7457      -3.8985      1.18336     1.18336     350.7267     0.92042      1 chain_02/itr_00237_trial_01.rho
     2      238      0.01652       584.5029       4.7572      1.18821     1.18821     350.7267     0.92042      1 chain_02/itr_00238_trial_01.rho
     2      239      0.01624       569.8718     -14.6311      1.17324     1.17324     350.7267     0.92042      1 chain_02/itr_00239_trial_01.rho
     2      240      0.01596       568.4031      -1.4687      1.17173     1.17173     350.7267     0.92042      1 chain_02/itr_00240_trial_01.rho
     2      241      0.01569       572.0228       3.6197      1.17546     1.17546     350.7267     0.92042      1 chain_02/itr_00241_trial_01.rho
     2      242      0.01542       572.0228       0.0000      1.17546     1.17546     350.7267     0.92042      0 -
     2      243      0.01515       562.9285      -9.0943      1.16607     1.16607     350.7267     0.92042      1 chain_02/itr_00243_trial_01.rho
     2      244      0.01489       562.9191      -0.0094      1.16607     1.16607     350.7267     0.92042      1 chain_02/itr_00244_trial_01.rho
     2      245      0.01464       557.8876      -5.0315      1.16084     1.16084     350.7267     0.92042      1 chain_02/itr_00245_trial_01.rho
     2      246      0.01438       557.8876       0.0000      1.16084     1.16084     350.7267     0.92042      0 -
     2      247      0.01414       561.2961       3.4085      1.16438     1.16438     350.7267     0.92042      1 chain_02/itr_00247_trial_01.rho
     2      248      0.01389       559.9813      -1.3148      1.16302     1.16302     350.7267     0.92042      1 chain_02/itr_00248_trial_01.rho
     2      249      0.01366       559.5351      -0.4462      1.16255     1.16255     350.7267     0.92042      1 chain_02/itr_00249_trial_01.rho
     2      250      0.01342       562.9659       3.4307      1.16611     1.16611     350.7267     0.92042      1 chain_02/itr_00250_trial_01.rho
     2      251      0.01319       562.9659       0.0000      1.16611     1.16611     350.7267     0.92042      0 -
     2      252      0.01297       555.2123      -7.7536      1.15806     1.15806     350.7267     0.92042      1 chain_02/itr_00252_trial_01.rho
     2      253      0.01274       552.7301      -2.4822      1.15546     1.15546     350.7267     0.92042      1 chain_02/itr_00253_trial_01.rho
     2      254      0.01252       545.0604      -7.6696      1.14742     1.14742     350.7267     0.92042      1 chain_02/itr_00254_trial_01.rho
     2      255      0.01231       543.3771      -1.6833      1.14565     1.14565     350.7267     0.92042      1 chain_02/itr_00255_trial_01.rho
     2      256       0.0121       543.6503       0.2731      1.14593     1.14593     350.7267     0.92042      1 chain_02/itr_00256_trial_01.rho
     2      257      0.01189       547.1020       3.4518      1.14957     1.14957     350.7267     0.92042      1 chain_02/itr_00257_trial_01.rho
     2      258      0.01169       542.5200      -4.5820      1.14474     1.14474     350.7267     0.92042      1 chain_02/itr_00258_trial_01.rho
     2      259      0.01149       542.5200       0.0000      1.14474     1.14474     350.7267     0.92042      0 -
     2      260      0.01129       550.6508       8.1308      1.15329     1.15329     350.7267     0.92042      1 chain_02/itr_00260_trial_01.rho
     2      261      0.01109       544.1611      -6.4897      1.14647     1.14647     350.7267     0.92042      1 chain_02/itr_00261_trial_01.rho
     2      262       0.0109       544.1611       0.0000      1.14647     1.14647     350.7267     0.92042      0 -
     2      263      0.01072       542.4384      -1.7227      1.14466     1.14466     350.7267     0.92042      1 chain_02/itr_00263_trial_01.rho
     2      264      0.01053       542.4100      -0.0283      1.14463     1.14463     350.7267     0.92042      1 chain_02/itr_00264_trial_01.rho
     2      265      0.01035       542.4100       0.0000      1.14463     1.14463     350.7267     0.92042      0 -
     2      266      0.01017       542.4100       0.0000      1.14463     1.14463     350.7267     0.92042      0 -
     2      267         0.01       537.9305      -4.4795      1.13989     1.13989     350.7267     0.92042      1 chain_02/itr_00267_trial_01.rho
     2      268     0.009828       537.9305       0.0000      1.13989     1.13989     350.7267     0.92042      0 -
     2      269      0.00966       537.8283      -0.1022      1.13978     1.13978     350.7267     0.92042      1 chain_02/itr_00269_trial_01.rho
     2      270     0.009494       537.8283       0.0000      1.13978     1.13978     350.7267     0.92042      0 -
     2      271     0.009331       537.8283       0.0000      1.13978     1.13978     350.7267     0.92042      0 -
     2      272     0.009171       533.7115      -4.1168      1.13541     1.13541     350.7267     0.92042      1 chain_02/itr_00272_trial_01.rho
     2      273     0.009013       530.9290      -2.7825      1.13245     1.13245     350.7267     0.92042      1 chain_02/itr_00273_trial_01.rho
     2      274     0.008859       530.6298      -0.2993      1.13213     1.13213     350.7267     0.92042      1 chain_02/itr_00274_trial_01.rho
     2      275     0.008707       519.6552     -10.9745      1.12036     1.12036     350.7267     0.92042      1 chain_02/itr_00275_trial_01.rho
     2      276     0.008557       521.3971       1.7418      1.12224     1.12224     350.7267     0.92042      1 chain_02/itr_00276_trial_01.rho
     2      277      0.00841       521.3971       0.0000      1.12224     1.12224     350.7267     0.92042      0 -
     2      278     0.008266       519.5136      -1.8834      1.12021     1.12021     350.7267     0.92042      1 chain_02/itr_00278_trial_01.rho
     2      279     0.008124       520.3900       0.8764      1.12115     1.12115     350.7267     0.92042      1 chain_02/itr_00279_trial_01.rho
     2      280     0.007985       520.3900       0.0000      1.12115     1.12115     350.7267     0.92042      0 -
     2      281     0.007848       518.8108      -1.5793      1.11945     1.11945     350.7267     0.92042      1 chain_02/itr_00281_trial_01.rho
     2      282     0.007713       515.2919      -3.5189      1.11565     1.11565     350.7267     0.92042      1 chain_02/itr_00282_trial_01.rho
     2      283     0.007581       515.2919       0.0000      1.11565     1.11565     350.7267     0.92042      0 -
     2      284      0.00745       515.2919       0.0000      1.11565     1.11565     350.7267     0.92042      0 -
     2      285     0.007323       515.2919       0.0000      1.11565     1.11565     350.7267     0.92042      0 -
     2      286     0.007197       505.5852      -9.7067      1.10509     1.10509     350.7267     0.92042      1 chain_02/itr_00286_trial_01.rho
     2      287     0.007073       506.9290       1.3438      1.10656     1.10656     350.7267     0.92042      1 chain_02/itr_00287_trial_01.rho
     2      288     0.006952       506.9290       0.0000      1.10656     1.10656     350.7267     0.92042      0 -
     2      289     0.006833       506.9377       0.0088      1.10657     1.10657     350.7267     0.92042      1 chain_02/itr_00289_trial_01.rho
     2      290     0.006715       506.9377       0.0000      1.10657     1.10657     350.7267     0.92042      0 -
     2      291       0.0066       506.9377       0.0000      1.10657     1.10657     350.7267     0.92042      0 -
     2      292     0.006487       506.9377       0.0000      1.10657     1.10657     350.7267     0.92042      0 -
     2      293     0.006375       504.6516      -2.2861      1.10407     1.10407     350.7267     0.92042      1 chain_02/itr_00293_trial_01.rho
     2      294     0.006266       506.7634       2.1118      1.10638     1.10638     350.7267     0.92042      1 chain_02/itr_00294_trial_01.rho
     2      295     0.006158       506.7634       0.0000      1.10638     1.10638     350.7267     0.92042      0 -
     2      296     0.006053       498.2204      -8.5430      1.09701     1.09701     350.7267     0.92042      1 chain_02/itr_00296_trial_01.rho
     2      297     0.005949       498.2204       0.0000      1.09701     1.09701     350.7267     0.92042      0 -
     2      298     0.005847       494.9588      -3.2616      1.09341     1.09341     350.7267     0.92042      1 chain_02/itr_00298_trial_01.rho
     2      299     0.005746       498.3926       3.4338      1.09720     1.09720     350.7267     0.92042      1 chain_02/itr_00299_trial_01.rho
     2      300     0.005648       497.8781      -0.5145      1.09663     1.09663     350.7267     0.92042      1 chain_02/itr_00300_trial_01.rho
     2      301     0.005551       492.9667      -4.9114      1.09121     1.09121     350.7267     0.92042      1 chain_02/itr_00301_trial_01.rho
     2      302     0.005456       496.2279       3.2612      1.09481     1.09481     350.7267     0.92042      1 chain_02/itr_00302_trial_01.rho
     2      303     0.005362       495.3700      -0.8579      1.09387     1.09387     350.7267     0.92042      1 chain_02/itr_00303_trial_01.rho
     2      304      0.00527       496.4028       1.0328      1.09501     1.09501     350.7267     0.92042      1 chain_02/itr_00304_trial_01.rho
     2      305     0.005179       497.5248       1.1219      1.09624     1.09624     350.7267     0.92042      1 chain_02/itr_00305_trial_01.rho
     2      306     0.005091       498.7063       1.1815      1.09754     1.09754     350.7267     0.92042      1 chain_02/itr_00306_trial_01.rho
     2      307     0.005003       493.8638      -4.8425      1.09220     1.09220     350.7267     0.92042      1 chain_02/itr_00307_trial_01.rho
     2      308     0.004917       493.8638       0.0000      1.09220     1.09220     350.7267     0.92042      0 -
     2      309     0.004833       487.2165      -6.6473      1.08483     1.08483     350.7267     0.92042      1 chain_02/itr_00309_trial_01.rho
     2      310      0.00475       483.1129      -4.1036      1.08025     1.08025     350.7267     0.92042      1 chain_02/itr_00310_trial_01.rho
     2      311     0.004668       478.8476      -4.2653      1.07547     1.07547     350.7267     0.92042      1 chain_02/itr_00311_trial_01.rho
     2      312     0.004588       477.6177      -1.2299      1.07409     1.07409     350.7267     0.92042      1 chain_02/itr_00312_trial_01.rho
     2      313      0.00451       477.6177       0.0000      1.07409     1.07409     350.7267     0.92042      0 -
     2      314     0.004432       477.3402      -0.2775      1.07378     1.07378     350.7267     0.92042      1 chain_02/itr_00314_trial_01.rho
     2      315     0.004356       477.3402       0.0000      1.07378     1.07378     350.7267     0.92042      0 -
     2      316     0.004281       479.2692       1.9290      1.07594     1.07594     350.7267     0.92042      1 chain_02/itr_00316_trial_01.rho
     2      317     0.004208       478.5945      -0.6747      1.07519     1.07519     350.7267     0.92042      1 chain_02/itr_00317_trial_01.rho
     2      318     0.004136       478.5945       0.0000      1.07519     1.07519     350.7267     0.92042      0 -
     2      319     0.004065       480.9537       2.3592      1.07783     1.07783     350.7267     0.92042      1 chain_02/itr_00319_trial_01.rho
     2      320     0.003995       473.5546      -7.3991      1.06951     1.06951     350.7267     0.92042      1 chain_02/itr_00320_trial_01.rho
     2      321     0.003926       473.7253       0.1706      1.06970     1.06970     350.7267     0.92042      1 chain_02/itr_00321_trial_01.rho
     2      322     0.003859       473.7253       0.0000      1.06970     1.06970     350.7267     0.92042      0 -
     2      323     0.003793       473.7253       0.0000      1.06970     1.06970     350.7267     0.92042      0 -
     2      324     0.003728       471.1399      -2.5854      1.06678     1.06678     350.7267     0.92042      1 chain_02/itr_00324_trial_01.rho
     2      325     0.003664       471.1565       0.0166      1.06680     1.06680     350.7267     0.92042      1 chain_02/itr_00325_trial_01.rho
     2      326     0.003601       471.8134       0.6570      1.06754     1.06754     350.7267     0.92042      1 chain_02/itr_00326_trial_01.rho
     2      327     0.003539       471.5320      -0.2814      1.06722     1.06722     350.7267     0.92042      1 chain_02/itr_00327_trial_01.rho
     2      328     0.003478       470.7408      -0.7912      1.06633     1.06633     350.7267     0.92042      1 chain_02/itr_00328_trial_01.rho
     2      329     0.003418       466.5788      -4.1620      1.06160     1.06160     350.7267     0.92042      1 chain_02/itr_00329_trial_01.rho
     2      330      0.00336       466.5788       0.0000      1.06160     1.06160     350.7267     0.92042      0 -
     2      331     0.003302       466.5788       0.0000      1.06160     1.06160     350.7267     0.92042      0 -
     2      332     0.003245       458.4398      -8.1390      1.05230     1.05230     350.7267     0.92042      1 chain_02/itr_00332_trial_01.rho
     2      333      0.00319       458.7369       0.2971      1.05264     1.05264     350.7267     0.92042      1 chain_02/itr_00333_trial_01.rho
     2      334     0.003135       458.7369       0.0000      1.05264     1.05264     350.7267     0.92042      0 -
     2      335     0.003081       458.7369       0.0000      1.05264     1.05264     350.7267     0.92042      0 -
     2      336     0.003028       457.7757      -0.9612      1.05154     1.05154     350.7267     0.92042      1 chain_02/itr_00336_trial_01.rho
     2      337     0.002976       457.7757       0.0000      1.05154     1.05154     350.7267     0.92042      0 -
     2      338     0.002925       454.7351      -3.0406      1.04804     1.04804     350.7267     0.92042      1 chain_02/itr_00338_trial_01.rho
     2      339     0.002875       455.5494       0.8143      1.04898     1.04898     350.7267     0.92042      1 chain_02/itr_00339_trial_01.rho
     2      340     0.002826       455.5494       0.0000      1.04898     1.04898     350.7267     0.92042      0 -
     2      341     0.002777       451.5200      -4.0294      1.04433     1.04433     350.7267     0.92042      1 chain_02/itr_00341_trial_01.rho
     2      342      0.00273       448.4214      -3.0985      1.04074     1.04074     350.7267     0.92042      1 chain_02/itr_00342_trial_01.rho
     2      343     0.002683       448.4214       0.0000      1.04074     1.04074     350.7267     0.92042      0 -
     2      344     0.002637       446.3206      -2.1008      1.03830     1.03830     350.7267     0.92042      1 chain_02/itr_00344_trial_01.rho
     2      345     0.002591       443.5133      -2.8073      1.03503     1.03503     350.7267     0.92042      1 chain_02/itr_00345_trial_01.rho
     2      346     0.002547       443.5133       0.0000      1.03503     1.03503     350.7267     0.92042      0 -
     2      347     0.002503       443.5133       0.0000      1.03503     1.03503     350.7267     0.92042      0 -
     2      348      0.00246       443.5133       0.0000      1.03503     1.03503     350.7267     0.92042      0 -
     2      349     0.002418       443.5133       0.0000      1.03503     1.03503     350.7267     0.92042      0 -
     2      350     0.002377       443.5133       0.0000      1.03503     1.03503     350.7267     0.92042      0 -
     2      351     0.002336       443.5133       0.0000      1.03503     1.03503     350.7267     0.92042      0 -
     2      352     0.002296       443.5133       0.0000      1.03503     1.03503     350.7267     0.92042      0 -
     2      353     0.002256       442.3389      -1.1744      1.03366     1.03366     350.7267     0.92042      1 chain_02/itr_00353_trial_01.rho
     2      354     0.002218       438.4991      -3.8398      1.02916     1.02916     350.7267     0.92042      1 chain_02/itr_00354_trial_01.rho
     2      355     0.002179       438.4991       0.0000      1.02916     1.02916     350.7267     0.92042      0 -
     2      356     0.002142       435.6969      -2.8022      1.02587     1.02587     350.7267     0.92042      1 chain_02/itr_00356_trial_01.rho
     2      357     0.002105       435.0892      -0.6077      1.02515     1.02515     350.7267     0.92042      1 chain_02/itr_00357_trial_01.rho
     2      358     0.002069       435.0287      -0.0605      1.02508     1.02508     350.7267     0.92042      1 chain_02/itr_00358_trial_01.rho
     2      359     0.002034       435.0287       0.0000      1.02508     1.02508     350.7267     0.92042      0 -
     2      360     0.001999       435.0287       0.0000      1.02508     1.02508     350.7267     0.92042      0 -
     2      361     0.001964       435.0287       0.0000      1.02508     1.02508     350.7267     0.92042      0 -
     2      362     0.001931       435.0287       0.0000      1.02508     1.02508     350.7267     0.92042      0 -
     2      363     0.001898       435.0287       0.0000      1.02508     1.02508     350.7267     0.92042      0 -
     2      364     0.001865       435.0287       0.0000      1.02508     1.02508     350.7267     0.92042      0 -
     2      365     0.001833       436.3471       1.3185      1.02663     1.02663     350.7267     0.92042      1 chain_02/itr_00365_trial_01.rho
     2      366     0.001802       436.3471       0.0000      1.02663     1.02663     350.7267     0.92042      0 -
     2      367     0.001771       432.8641      -3.4831      1.02253     1.02253     350.7267     0.92042      1 chain_02/itr_00367_trial_01.rho
     2      368      0.00174       432.8641       0.0000      1.02253     1.02253     350.7267     0.92042      0 -
     2      369      0.00171       432.5813      -0.2827      1.02219     1.02219     350.7267     0.92042      1 chain_02/itr_00369_trial_01.rho
     2      370     0.001681       432.5813       0.0000      1.02219     1.02219     350.7267     0.92042      0 -
     2      371     0.001652       432.5813       0.0000      1.02219     1.02219     350.7267     0.92042      0 -
     2      372     0.001624       432.8952       0.3139      1.02257     1.02257     350.7267     0.92042      1 chain_02/itr_00372_trial_01.rho
     2      373     0.001596       432.8952       0.0000      1.02257     1.02257     350.7267     0.92042      0 -
     2      374     0.001569       432.8952       0.0000      1.02257     1.02257     350.7267     0.92042      0 -
     2      375     0.001542       433.6225       0.7273      1.02342     1.02342     350.7267     0.92042      1 chain_02/itr_00375_trial_01.rho
     2      376     0.001515       431.1996      -2.4229      1.02056     1.02056     350.7267     0.92042      1 chain_02/itr_00376_trial_01.rho
     2      377     0.001489       431.1996       0.0000      1.02056     1.02056     350.7267     0.92042      0 -
     2      378     0.001464       431.1996       0.0000      1.02056     1.02056     350.7267     0.92042      0 -
     2      379     0.001438       432.8338       1.6342      1.02249     1.02249     350.7267     0.92042      1 chain_02/itr_00379_trial_01.rho
     2      380     0.001414       432.8338       0.0000      1.02249     1.02249     350.7267     0.92042      0 -
     2      381     0.001389       432.8338       0.0000      1.02249     1.02249     350.7267     0.92042      0 -
     2      382     0.001366       432.8338       0.0000      1.02249     1.02249     350.7267     0.92042      0 -
     2      383     0.001342       432.8338       0.0000      1.02249     1.02249     350.7267     0.92042      0 -
     2      384     0.001319       432.8338       0.0000      1.02249     1.02249     350.7267     0.92042      0 -
     2      385     0.001297       432.4697      -0.3641      1.02206     1.02206     350.7267     0.92042      1 chain_02/itr_00385_trial_01.rho
     2      386     0.001274       432.4697       0.0000      1.02206     1.02206     350.7267     0.92042      0 -
     2      387     0.001252       432.4697       0.0000      1.02206     1.02206     350.7267     0.92042      0 -
     2      388     0.001231       432.4697       0.0000      1.02206     1.02206     350.7267     0.92042      0 -
     2      389      0.00121       432.4697       0.0000      1.02206     1.02206     350.7267     0.92042      0 -
     2      390     0.001189       432.4697       0.0000      1.02206     1.02206     350.7267     0.92042      0 -
     2      391     0.001169       430.6860      -1.7837      1.01995     1.01995     350.7267     0.92042      1 chain_02/itr_00391_trial_01.rho
     2      392     0.001149       430.6860       0.0000      1.01995     1.01995     350.7267     0.92042      0 -
     2      393     0.001129       430.4581      -0.2278      1.01968     1.01968     350.7267     0.92042      1 chain_02/itr_00393_trial_01.rho
     2      394     0.001109       430.4581       0.0000      1.01968     1.01968     350.7267     0.92042      0 -
     2      395      0.00109       430.4581       0.0000      1.01968     1.01968     350.7267     0.92042      0 -
     2      396     0.001072       430.4581       0.0000      1.01968     1.01968     350.7267     0.92042      0 -
     2      397     0.001053       430.4581       0.0000      1.01968     1.01968     350.7267     0.92042      0 -
     2      398     0.001035       430.4581       0.0000      1.01968     1.01968     350.7267     0.92042      0 -
     2      399     0.001017       429.3189      -1.1392      1.01833     1.01833     350.7267     0.92042      1 chain_02/itr_00399_trial_01.rho
     2      400        0.001       424.2379      -5.0810      1.01229     1.01229     350.7267     0.92042      1 chain_02/itr_00400_trial_01.rho
