# VFSA 2D iteration best - 2026-09-14 16:27:05
# chains=2  n_ctrl=250  frac_update_controls=1.0  temp_kappa=1.0  cool_ratio=0.001  target_rms=0.1  n_trials=1
--------------------------------------------------------------------------------------------------------------------------------------------------------------------------------------------------------
 Chain     Iter         Temp       Chi2Curr        dChi2      RMSCurr     CurrRMS     Chi2Best     RMSBest   Nacc Model
--------------------------------------------------------------------------------------------------------------------------------------------------------------------------------------------------------
     1        1            1      2331.6643    -526.9332      2.37319     2.37319    2331.6643     2.37319      1 chain_01/itr_00001_trial_01.rho
     1        2       0.9828      2170.4857    -161.1786      2.28970     2.28970    2170.4857     2.28970      1 chain_01/itr_00002_trial_01.rho
     1        3        0.966      1941.9342    -228.5515      2.16579     2.16579    1941.9342     2.16579      1 chain_01/itr_00003_trial_01.rho
     1        4       0.9494      1879.6496     -62.2846      2.13078     2.13078    1879.6496     2.13078      1 chain_01/itr_00004_trial_01.rho
     1        5       0.9331      1750.1625    -129.4871      2.05608     2.05608    1750.1625     2.05608      1 chain_01/itr_00005_trial_01.rho
     1        6       0.9171      1692.3120     -57.8505      2.02181     2.02181    1692.3120     2.02181      1 chain_01/itr_00006_trial_01.rho
     1        7       0.9013      1755.1020      62.7899      2.05897     2.05897    1692.3120     2.02181      1 chain_01/itr_00007_trial_01.rho
     1        8       0.8859      1508.9224    -246.1795      1.90912     1.90912    1508.9224     1.90912      1 chain_01/itr_00008_trial_01.rho
     1        9       0.8707      1465.6402     -43.2822      1.88154     1.88154    1465.6402     1.88154      1 chain_01/itr_00009_trial_01.rho
     1       10       0.8557      1378.0869     -87.5533      1.82448     1.82448    1378.0869     1.82448      1 chain_01/itr_00010_trial_01.rho
     1       11        0.841      1415.0188      36.9319      1.84876     1.84876    1378.0869     1.82448      1 chain_01/itr_00011_trial_01.rho
     1       12       0.8266      1357.6591     -57.3597      1.81090     1.81090    1357.6591     1.81090      1 chain_01/itr_00012_trial_01.rho
     1       13       0.8124      1291.2986     -66.3604      1.76609     1.76609    1291.2986     1.76609      1 chain_01/itr_00013_trial_01.rho
     1       14       0.7985      1309.8370      18.5384      1.77872     1.77872    1291.2986     1.76609      1 chain_01/itr_00014_trial_01.rho
     1       15       0.7848      1295.2681     -14.5689      1.76880     1.76880    1291.2986     1.76609      1 chain_01/itr_00015_trial_01.rho
     1       16       0.7713      1286.8459      -8.4223      1.76304     1.76304    1286.8459     1.76304      1 chain_01/itr_00016_trial_01.rho
     1       17       0.7581      1183.5575    -103.2883      1.69081     1.69081    1183.5575     1.69081      1 chain_01/itr_00017_trial_01.rho
     1       18        0.745      1094.7709     -88.7866      1.62615     1.62615    1094.7709     1.62615      1 chain_01/itr_00018_trial_01.rho
     1       19       0.7323      1125.7746      31.0036      1.64902     1.64902    1094.7709     1.62615      1 chain_01/itr_00019_trial_01.rho
     1       20       0.7197      1161.0875      35.3130      1.67468     1.67468    1094.7709     1.62615      1 chain_01/itr_00020_trial_01.rho
     1       21       0.7073      1115.2358     -45.8518      1.64128     1.64128    1094.7709     1.62615      1 chain_01/itr_00021_trial_01.rho
     1       22       0.6952      1109.8180      -5.4178      1.63729     1.63729    1094.7709     1.62615      1 chain_01/itr_00022_trial_01.rho
     1       23       0.6833      1098.5838     -11.2342      1.62898     1.62898    1094.7709     1.62615      1 chain_01/itr_00023_trial_01.rho
     1       24       0.6715      1109.3767      10.7930      1.63696     1.63696    1094.7709     1.62615      1 chain_01/itr_00024_trial_01.rho
     1       25         0.66      1056.0585     -53.3183      1.59714     1.59714    1056.0585     1.59714      1 chain_01/itr_00025_trial_01.rho
     1       26       0.6487      1048.0644      -7.9940      1.59109     1.59109    1048.0644     1.59109      1 chain_01/itr_00026_trial_01.rho
     1       27       0.6375      1062.9611      14.8966      1.60235     1.60235    1048.0644     1.59109      1 chain_01/itr_00027_trial_01.rho
     1       28       0.6266      1117.0817      54.1207      1.64264     1.64264    1048.0644     1.59109      1 chain_01/itr_00028_trial_01.rho
     1       29       0.6158      1138.4680      21.3863      1.65829     1.65829    1048.0644     1.59109      1 chain_01/itr_00029_trial_01.rho
     1       30       0.6053      1112.6148     -25.8532      1.63935     1.63935    1048.0644     1.59109      1 chain_01/itr_00030_trial_01.rho
     1       31       0.5949      1115.6010       2.9862      1.64155     1.64155    1048.0644     1.59109      1 chain_01/itr_00031_trial_01.rho
     1       32       0.5847      1094.2265     -21.3746      1.62575     1.62575    1048.0644     1.59109      1 chain_01/itr_00032_trial_01.rho
     1       33       0.5746      1018.7417     -75.4847      1.56867     1.56867    1018.7417     1.56867      1 chain_01/itr_00033_trial_01.rho
     1       34       0.5648      1023.8511       5.1094      1.57260     1.57260    1018.7417     1.56867      1 chain_01/itr_00034_trial_01.rho
     1       35       0.5551       930.3033     -93.5478      1.49904     1.49904     930.3033     1.49904      1 chain_01/itr_00035_trial_01.rho
     1       36       0.5456       856.6783     -73.6250      1.43850     1.43850     856.6783     1.43850      1 chain_01/itr_00036_trial_01.rho
     1       37       0.5362       797.7163     -58.9621      1.38811     1.38811     797.7163     1.38811      1 chain_01/itr_00037_trial_01.rho
     1       38        0.527       779.1716     -18.5447      1.37188     1.37188     779.1716     1.37188      1 chain_01/itr_00038_trial_01.rho
     1       39       0.5179       766.2905     -12.8811      1.36049     1.36049     766.2905     1.36049      1 chain_01/itr_00039_trial_01.rho
     1       40       0.5091       796.2376      29.9471      1.38682     1.38682     766.2905     1.36049      1 chain_01/itr_00040_trial_01.rho
     1       41       0.5003       807.3781      11.1405      1.39649     1.39649     766.2905     1.36049      1 chain_01/itr_00041_trial_01.rho
     1       42       0.4917       784.4749     -22.9033      1.37654     1.37654     766.2905     1.36049      1 chain_01/itr_00042_trial_01.rho
     1       43       0.4833       803.2056      18.7308      1.39288     1.39288     766.2905     1.36049      1 chain_01/itr_00043_trial_01.rho
     1       44        0.475       788.4754     -14.7303      1.38005     1.38005     766.2905     1.36049      1 chain_01/itr_00044_trial_01.rho
     1       45       0.4668       761.4651     -27.0102      1.35620     1.35620     761.4651     1.35620      1 chain_01/itr_00045_trial_01.rho
     1       46       0.4588       779.3739      17.9088      1.37206     1.37206     761.4651     1.35620      1 chain_01/itr_00046_trial_01.rho
     1       47        0.451       744.1786     -35.1953      1.34072     1.34072     744.1786     1.34072      1 chain_01/itr_00047_trial_01.rho
     1       48       0.4432       714.1406     -30.0381      1.31338     1.31338     714.1406     1.31338      1 chain_01/itr_00048_trial_01.rho
     1       49       0.4356       689.0541     -25.0865      1.29011     1.29011     689.0541     1.29011      1 chain_01/itr_00049_trial_01.rho
     1       50       0.4281       663.9005     -25.1535      1.26634     1.26634     663.9005     1.26634      1 chain_01/itr_00050_trial_01.rho
     1       51       0.4208       662.3477      -1.5528      1.26486     1.26486     662.3477     1.26486      1 chain_01/itr_00051_trial_01.rho
     1       52       0.4136       653.9127      -8.4350      1.25678     1.25678     653.9127     1.25678      1 chain_01/itr_00052_trial_01.rho
     1       53       0.4065       650.3158      -3.5968      1.25332     1.25332     650.3158     1.25332      1 chain_01/itr_00053_trial_01.rho
     1       54       0.3995       613.8184     -36.4974      1.21764     1.21764     613.8184     1.21764      1 chain_01/itr_00054_trial_01.rho
     1       55       0.3926       637.0837      23.2653      1.24050     1.24050     613.8184     1.21764      1 chain_01/itr_00055_trial_01.rho
     1       56       0.3859       643.0223       5.9386      1.24627     1.24627     613.8184     1.21764      1 chain_01/itr_00056_trial_01.rho
     1       57       0.3793       653.0338      10.0115      1.25594     1.25594     613.8184     1.21764      1 chain_01/itr_00057_trial_01.rho
     1       58       0.3728       704.7477      51.7139      1.30472     1.30472     613.8184     1.21764      1 chain_01/itr_00058_trial_01.rho
     1       59       0.3664       716.2655      11.5178      1.31534     1.31534     613.8184     1.21764      1 chain_01/itr_00059_trial_01.rho
     1       60       0.3601       675.9529     -40.3126      1.27779     1.27779     613.8184     1.21764      1 chain_01/itr_00060_trial_01.rho
     1       61       0.3539       665.3818     -10.5712      1.26775     1.26775     613.8184     1.21764      1 chain_01/itr_00061_trial_01.rho
     1       62       0.3478       685.5312      20.1494      1.28681     1.28681     613.8184     1.21764      1 chain_01/itr_00062_trial_01.rho
     1       63       0.3418       712.8118      27.2807      1.31216     1.31216     613.8184     1.21764      1 chain_01/itr_00063_trial_01.rho
     1       64        0.336       769.0492      56.2374      1.36294     1.36294     613.8184     1.21764      1 chain_01/itr_00064_trial_01.rho
     1       65       0.3302       763.3883      -5.6609      1.35792     1.35792     613.8184     1.21764      1 chain_01/itr_00065_trial_01.rho
     1       66       0.3245       742.7511     -20.6373      1.33943     1.33943     613.8184     1.21764      1 chain_01/itr_00066_trial_01.rho
     1       67        0.319       737.9064      -4.8447      1.33506     1.33506     613.8184     1.21764      1 chain_01/itr_00067_trial_01.rho
     1       68       0.3135       753.2205      15.3141      1.34884     1.34884     613.8184     1.21764      1 chain_01/itr_00068_trial_01.rho
     1       69       0.3081       755.1589       1.9385      1.35058     1.35058     613.8184     1.21764      1 chain_01/itr_00069_trial_01.rho
     1       70       0.3028       739.4710     -15.6879      1.33647     1.33647     613.8184     1.21764      1 chain_01/itr_00070_trial_01.rho
     1       71       0.2976       702.0001     -37.4710      1.30217     1.30217     613.8184     1.21764      1 chain_01/itr_00071_trial_01.rho
     1       72       0.2925       679.4669     -22.5332      1.28110     1.28110     613.8184     1.21764      1 chain_01/itr_00072_trial_01.rho
     1       73       0.2875       675.1814      -4.2855      1.27706     1.27706     613.8184     1.21764      1 chain_01/itr_00073_trial_01.rho
     1       74       0.2826       683.3199       8.1385      1.28473     1.28473     613.8184     1.21764      1 chain_01/itr_00074_trial_01.rho
     1       75       0.2777       686.8648       3.5449      1.28806     1.28806     613.8184     1.21764      1 chain_01/itr_00075_trial_01.rho
     1       76        0.273       702.2627      15.3979      1.30242     1.30242     613.8184     1.21764      1 chain_01/itr_00076_trial_01.rho
     1       77       0.2683       694.5417      -7.7211      1.29524     1.29524     613.8184     1.21764      1 chain_01/itr_00077_trial_01.rho
     1       78       0.2637       701.0041       6.4625      1.30125     1.30125     613.8184     1.21764      1 chain_01/itr_00078_trial_01.rho
     1       79       0.2591       697.5116      -3.4926      1.29800     1.29800     613.8184     1.21764      1 chain_01/itr_00079_trial_01.rho
     1       80       0.2547       688.9210      -8.5906      1.28998     1.28998     613.8184     1.21764      1 chain_01/itr_00080_trial_01.rho
     1       81       0.2503       707.5678      18.6469      1.30733     1.30733     613.8184     1.21764      1 chain_01/itr_00081_trial_01.rho
     1       82        0.246       746.2702      38.7024      1.34260     1.34260     613.8184     1.21764      1 chain_01/itr_00082_trial_01.rho
     1       83       0.2418       717.2826     -28.9877      1.31627     1.31627     613.8184     1.21764      1 chain_01/itr_00083_trial_01.rho
     1       84       0.2377       709.5842      -7.6984      1.30919     1.30919     613.8184     1.21764      1 chain_01/itr_00084_trial_01.rho
     1       85       0.2336       707.8697      -1.7146      1.30760     1.30760     613.8184     1.21764      1 chain_01/itr_00085_trial_01.rho
     1       86       0.2296       712.5667       4.6970      1.31194     1.31194     613.8184     1.21764      1 chain_01/itr_00086_trial_01.rho
     1       87       0.2256       710.6578      -1.9089      1.31018     1.31018     613.8184     1.21764      1 chain_01/itr_00087_trial_01.rho
     1       88       0.2218       720.5920       9.9342      1.31930     1.31930     613.8184     1.21764      1 chain_01/itr_00088_trial_01.rho
     1       89       0.2179       756.6179      36.0259      1.35188     1.35188     613.8184     1.21764      1 chain_01/itr_00089_trial_01.rho
     1       90       0.2142       719.4405     -37.1773      1.31825     1.31825     613.8184     1.21764      1 chain_01/itr_00090_trial_01.rho
     1       91       0.2105       723.3567       3.9162      1.32183     1.32183     613.8184     1.21764      1 chain_01/itr_00091_trial_01.rho
     1       92       0.2069       729.1393       5.7826      1.32710     1.32710     613.8184     1.21764      1 chain_01/itr_00092_trial_01.rho
     1       93       0.2034       736.9193       7.7800      1.33417     1.33417     613.8184     1.21764      1 chain_01/itr_00093_trial_01.rho
     1       94       0.1999       742.5872       5.6679      1.33929     1.33929     613.8184     1.21764      1 chain_01/itr_00094_trial_01.rho
     1       95       0.1964       746.5483       3.9611      1.34285     1.34285     613.8184     1.21764      1 chain_01/itr_00095_trial_01.rho
     1       96       0.1931       773.1474      26.5991      1.36657     1.36657     613.8184     1.21764      1 chain_01/itr_00096_trial_01.rho
     1       97       0.1898       749.0240     -24.1234      1.34508     1.34508     613.8184     1.21764      1 chain_01/itr_00097_trial_01.rho
     1       98       0.1865       787.4436      38.4196      1.37914     1.37914     613.8184     1.21764      1 chain_01/itr_00098_trial_01.rho
     1       99       0.1833       787.0400      -0.4036      1.37879     1.37879     613.8184     1.21764      1 chain_01/itr_00099_trial_01.rho
     1      100       0.1802       801.7813      14.7414      1.39164     1.39164     613.8184     1.21764      1 chain_01/itr_00100_trial_01.rho
     1      101       0.1771       837.1725      35.3912      1.42203     1.42203     613.8184     1.21764      1 chain_01/itr_00101_trial_01.rho
     1      102        0.174       816.5424     -20.6301      1.40439     1.40439     613.8184     1.21764      1 chain_01/itr_00102_trial_01.rho
     1      103        0.171       799.8239     -16.7185      1.38994     1.38994     613.8184     1.21764      1 chain_01/itr_00103_trial_01.rho
     1      104       0.1681       837.2831      37.4592      1.42212     1.42212     613.8184     1.21764      1 chain_01/itr_00104_trial_01.rho
     1      105       0.1652       810.7006     -26.5825      1.39936     1.39936     613.8184     1.21764      1 chain_01/itr_00105_trial_01.rho
     1      106       0.1624       822.5676      11.8671      1.40957     1.40957     613.8184     1.21764      1 chain_01/itr_00106_trial_01.rho
     1      107       0.1596       805.6884     -16.8792      1.39503     1.39503     613.8184     1.21764      1 chain_01/itr_00107_trial_01.rho
     1      108       0.1569       788.4187     -17.2698      1.38000     1.38000     613.8184     1.21764      1 chain_01/itr_00108_trial_01.rho
     1      109       0.1542       805.2713      16.8526      1.39467     1.39467     613.8184     1.21764      1 chain_01/itr_00109_trial_01.rho
     1      110       0.1515       813.2354       7.9641      1.40155     1.40155     613.8184     1.21764      1 chain_01/itr_00110_trial_01.rho
     1      111       0.1489       809.4447      -3.7907      1.39828     1.39828     613.8184     1.21764      1 chain_01/itr_00111_trial_01.rho
     1      112       0.1464       791.7678     -17.6769      1.38293     1.38293     613.8184     1.21764      1 chain_01/itr_00112_trial_01.rho
     1      113       0.1438       755.9557     -35.8121      1.35129     1.35129     613.8184     1.21764      1 chain_01/itr_00113_trial_01.rho
     1      114       0.1414       761.7667       5.8109      1.35647     1.35647     613.8184     1.21764      1 chain_01/itr_00114_trial_01.rho
     1      115       0.1389       778.0563      16.2896      1.37090     1.37090     613.8184     1.21764      1 chain_01/itr_00115_trial_01.rho
     1      116       0.1366       759.9845     -18.0718      1.35488     1.35488     613.8184     1.21764      1 chain_01/itr_00116_trial_01.rho
     1      117       0.1342       739.7546     -20.2299      1.33673     1.33673     613.8184     1.21764      1 chain_01/itr_00117_trial_01.rho
     1      118       0.1319       731.3864      -8.3682      1.32915     1.32915     613.8184     1.21764      1 chain_01/itr_00118_trial_01.rho
     1      119       0.1297       735.6338       4.2474      1.33300     1.33300     613.8184     1.21764      1 chain_01/itr_00119_trial_01.rho
     1      120       0.1274       735.3793      -0.2545      1.33277     1.33277     613.8184     1.21764      1 chain_01/itr_00120_trial_01.rho
     1      121       0.1252       735.1178      -0.2616      1.33253     1.33253     613.8184     1.21764      1 chain_01/itr_00121_trial_01.rho
     1      122       0.1231       749.9099      14.7921      1.34587     1.34587     613.8184     1.21764      1 chain_01/itr_00122_trial_01.rho
     1      123        0.121       743.4760      -6.4339      1.34009     1.34009     613.8184     1.21764      1 chain_01/itr_00123_trial_01.rho
     1      124       0.1189       743.4760       0.0000      1.34009     1.34009     613.8184     1.21764      0 -
     1      125       0.1169       726.4613     -17.0147      1.32466     1.32466     613.8184     1.21764      1 chain_01/itr_00125_trial_01.rho
     1      126       0.1149       732.4817       6.0205      1.33014     1.33014     613.8184     1.21764      1 chain_01/itr_00126_trial_01.rho
     1      127       0.1129       732.4817       0.0000      1.33014     1.33014     613.8184     1.21764      0 -
     1      128       0.1109       716.0319     -16.4498      1.31512     1.31512     613.8184     1.21764      1 chain_01/itr_00128_trial_01.rho
     1      129        0.109       719.9265       3.8946      1.31869     1.31869     613.8184     1.21764      1 chain_01/itr_00129_trial_01.rho
     1      130       0.1072       705.4234     -14.5031      1.30534     1.30534     613.8184     1.21764      1 chain_01/itr_00130_trial_01.rho
     1      131       0.1053       713.7642       8.3408      1.31304     1.31304     613.8184     1.21764      1 chain_01/itr_00131_trial_01.rho
     1      132       0.1035       696.7519     -17.0123      1.29730     1.29730     613.8184     1.21764      1 chain_01/itr_00132_trial_01.rho
     1      133       0.1017       675.4033     -21.3486      1.27727     1.27727     613.8184     1.21764      1 chain_01/itr_00133_trial_01.rho
     1      134          0.1       675.4033       0.0000      1.27727     1.27727     613.8184     1.21764      0 -
     1      135      0.09828       674.7351      -0.6682      1.27663     1.27663     613.8184     1.21764      1 chain_01/itr_00135_trial_01.rho
     1      136       0.0966       682.5309       7.7958      1.28399     1.28399     613.8184     1.21764      1 chain_01/itr_00136_trial_01.rho
     1      137      0.09494       682.5309       0.0000      1.28399     1.28399     613.8184     1.21764      0 -
     1      138      0.09331       678.6820      -3.8490      1.28036     1.28036     613.8184     1.21764      1 chain_01/itr_00138_trial_01.rho
     1      139      0.09171       696.9230      18.2410      1.29745     1.29745     613.8184     1.21764      1 chain_01/itr_00139_trial_01.rho
     1      140      0.09013       690.5145      -6.4084      1.29148     1.29148     613.8184     1.21764      1 chain_01/itr_00140_trial_01.rho
     1      141      0.08859       682.6612      -7.8534      1.28411     1.28411     613.8184     1.21764      1 chain_01/itr_00141_trial_01.rho
     1      142      0.08707       671.5495     -11.1117      1.27362     1.27362     613.8184     1.21764      1 chain_01/itr_00142_trial_01.rho
     1      143      0.08557       671.7491       0.1996      1.27381     1.27381     613.8184     1.21764      1 chain_01/itr_00143_trial_01.rho
     1      144       0.0841       679.1219       7.3728      1.28078     1.28078     613.8184     1.21764      1 chain_01/itr_00144_trial_01.rho
     1      145      0.08266       705.1184      25.9965      1.30506     1.30506     613.8184     1.21764      1 chain_01/itr_00145_trial_01.rho
     1      146      0.08124       721.9430      16.8246      1.32054     1.32054     613.8184     1.21764      1 chain_01/itr_00146_trial_01.rho
     1      147      0.07985       709.9446     -11.9983      1.30952     1.30952     613.8184     1.21764      1 chain_01/itr_00147_trial_01.rho
     1      148      0.07848       715.9041       5.9594      1.31500     1.31500     613.8184     1.21764      1 chain_01/itr_00148_trial_01.rho
     1      149      0.07713       724.1175       8.2134      1.32253     1.32253     613.8184     1.21764      1 chain_01/itr_00149_trial_01.rho
     1      150      0.07581       724.0251      -0.0923      1.32244     1.32244     613.8184     1.21764      1 chain_01/itr_00150_trial_01.rho
     1      151       0.0745       724.0251       0.0000      1.32244     1.32244     613.8184     1.21764      0 -
     1      152      0.07323       727.4125       3.3874      1.32553     1.32553     613.8184     1.21764      1 chain_01/itr_00152_trial_01.rho
     1      153      0.07197       727.4125       0.0000      1.32553     1.32553     613.8184     1.21764      0 -
     1      154      0.07073       727.9350       0.5225      1.32601     1.32601     613.8184     1.21764      1 chain_01/itr_00154_trial_01.rho
     1      155      0.06952       711.5330     -16.4020      1.31098     1.31098     613.8184     1.21764      1 chain_01/itr_00155_trial_01.rho
     1      156      0.06833       730.1449      18.6119      1.32802     1.32802     613.8184     1.21764      1 chain_01/itr_00156_trial_01.rho
     1      157      0.06715       733.8675       3.7225      1.33140     1.33140     613.8184     1.21764      1 chain_01/itr_00157_trial_01.rho
     1      158        0.066       725.9134      -7.9541      1.32417     1.32417     613.8184     1.21764      1 chain_01/itr_00158_trial_01.rho
     1      159      0.06487       718.5458      -7.3676      1.31743     1.31743     613.8184     1.21764      1 chain_01/itr_00159_trial_01.rho
     1      160      0.06375       723.1482       4.6024      1.32164     1.32164     613.8184     1.21764      1 chain_01/itr_00160_trial_01.rho
     1      161      0.06266       723.8139       0.6658      1.32225     1.32225     613.8184     1.21764      1 chain_01/itr_00161_trial_01.rho
     1      162      0.06158       707.4750     -16.3389      1.30724     1.30724     613.8184     1.21764      1 chain_01/itr_00162_trial_01.rho
     1      163      0.06053       719.4129      11.9379      1.31822     1.31822     613.8184     1.21764      1 chain_01/itr_00163_trial_01.rho
     1      164      0.05949       700.2830     -19.1300      1.30058     1.30058     613.8184     1.21764      1 chain_01/itr_00164_trial_01.rho
     1      165      0.05847       695.8410      -4.4420      1.29645     1.29645     613.8184     1.21764      1 chain_01/itr_00165_trial_01.rho
     1      166      0.05746       693.8029      -2.0381      1.29455     1.29455     613.8184     1.21764      1 chain_01/itr_00166_trial_01.rho
     1      167      0.05648       670.5864     -23.2164      1.27270     1.27270     613.8184     1.21764      1 chain_01/itr_00167_trial_01.rho
     1      168      0.05551       705.4045      34.8180      1.30533     1.30533     613.8184     1.21764      1 chain_01/itr_00168_trial_01.rho
     1      169      0.05456       671.0212     -34.3832      1.27312     1.27312     613.8184     1.21764      1 chain_01/itr_00169_trial_01.rho
     1      170      0.05362       667.9115      -3.1097      1.27016     1.27016     613.8184     1.21764      1 chain_01/itr_00170_trial_01.rho
     1      171       0.0527       679.7008      11.7893      1.28132     1.28132     613.8184     1.21764      1 chain_01/itr_00171_trial_01.rho
     1      172      0.05179       679.0372      -0.6637      1.28070     1.28070     613.8184     1.21764      1 chain_01/itr_00172_trial_01.rho
     1      173      0.05091       685.3245       6.2874      1.28661     1.28661     613.8184     1.21764      1 chain_01/itr_00173_trial_01.rho
     1      174      0.05003       681.2112      -4.1133      1.28275     1.28275     613.8184     1.21764      1 chain_01/itr_00174_trial_01.rho
     1      175      0.04917       680.0087      -1.2025      1.28161     1.28161     613.8184     1.21764      1 chain_01/itr_00175_trial_01.rho
     1      176      0.04833       686.6741       6.6654      1.28788     1.28788     613.8184     1.21764      1 chain_01/itr_00176_trial_01.rho
     1      177       0.0475       676.1807     -10.4934      1.27800     1.27800     613.8184     1.21764      1 chain_01/itr_00177_trial_01.rho
     1      178      0.04668       696.1327      19.9520      1.29672     1.29672     613.8184     1.21764      1 chain_01/itr_00178_trial_01.rho
     1      179      0.04588       692.1835      -3.9491      1.29304     1.29304     613.8184     1.21764      1 chain_01/itr_00179_trial_01.rho
     1      180       0.0451       694.6959       2.5123      1.29538     1.29538     613.8184     1.21764      1 chain_01/itr_00180_trial_01.rho
     1      181      0.04432       680.1685     -14.5273      1.28176     1.28176     613.8184     1.21764      1 chain_01/itr_00181_trial_01.rho
     1      182      0.04356       658.3137     -21.8549      1.26100     1.26100     613.8184     1.21764      1 chain_01/itr_00182_trial_01.rho
     1      183      0.04281       662.7317       4.4180      1.26523     1.26523     613.8184     1.21764      1 chain_01/itr_00183_trial_01.rho
     1      184      0.04208       678.3532      15.6215      1.28005     1.28005     613.8184     1.21764      1 chain_01/itr_00184_trial_01.rho
     1      185      0.04136       673.8375      -4.5157      1.27578     1.27578     613.8184     1.21764      1 chain_01/itr_00185_trial_01.rho
     1      186      0.04065       673.8375       0.0000      1.27578     1.27578     613.8184     1.21764      0 -
     1      187      0.03995       664.9595      -8.8780      1.26735     1.26735     613.8184     1.21764      1 chain_01/itr_00187_trial_01.rho
     1      188      0.03926       654.9144     -10.0452      1.25774     1.25774     613.8184     1.21764      1 chain_01/itr_00188_trial_01.rho
     1      189      0.03859       655.1501       0.2357      1.25797     1.25797     613.8184     1.21764      1 chain_01/itr_00189_trial_01.rho
     1      190      0.03793       629.3851     -25.7650      1.23299     1.23299     613.8184     1.21764      1 chain_01/itr_00190_trial_01.rho
     1      191      0.03728       631.0098       1.6246      1.23458     1.23458     613.8184     1.21764      1 chain_01/itr_00191_trial_01.rho
     1      192      0.03664       608.8650     -22.1448      1.21272     1.21272     608.8650     1.21272      1 chain_01/itr_00192_trial_01.rho
     1      193      0.03601       616.1518       7.2868      1.21995     1.21995     608.8650     1.21272      1 chain_01/itr_00193_trial_01.rho
     1      194      0.03539       610.7512      -5.4007      1.21460     1.21460     608.8650     1.21272      1 chain_01/itr_00194_trial_01.rho
     1      195      0.03478       623.7544      13.0032      1.22746     1.22746     608.8650     1.21272      1 chain_01/itr_00195_trial_01.rho
     1      196      0.03418       623.3630      -0.3914      1.22707     1.22707     608.8650     1.21272      1 chain_01/itr_00196_trial_01.rho
     1      197       0.0336       628.7487       5.3857      1.23236     1.23236     608.8650     1.21272      1 chain_01/itr_00197_trial_01.rho
     1      198      0.03302       628.7487       0.0000      1.23236     1.23236     608.8650     1.21272      0 -
     1      199      0.03245       628.2710      -0.4777      1.23189     1.23189     608.8650     1.21272      1 chain_01/itr_00199_trial_01.rho
     1      200       0.0319       631.3293       3.0584      1.23489     1.23489     608.8650     1.21272      1 chain_01/itr_00200_trial_01.rho
     1      201      0.03135       626.9687      -4.3606      1.23062     1.23062     608.8650     1.21272      1 chain_01/itr_00201_trial_01.rho
     1      202      0.03081       623.6470      -3.3217      1.22735     1.22735     608.8650     1.21272      1 chain_01/itr_00202_trial_01.rho
     1      203      0.03028       623.6470       0.0000      1.22735     1.22735     608.8650     1.21272      0 -
     1      204      0.02976       626.8128       3.1658      1.23046     1.23046     608.8650     1.21272      1 chain_01/itr_00204_trial_01.rho
     1      205      0.02925       633.4030       6.5902      1.23692     1.23692     608.8650     1.21272      1 chain_01/itr_00205_trial_01.rho
     1      206      0.02875       622.8690     -10.5340      1.22659     1.22659     608.8650     1.21272      1 chain_01/itr_00206_trial_01.rho
     1      207      0.02826       622.8690       0.0000      1.22659     1.22659     608.8650     1.21272      0 -
     1      208      0.02777       622.8690       0.0000      1.22659     1.22659     608.8650     1.21272      0 -
     1      209       0.0273       621.5729      -1.2961      1.22531     1.22531     608.8650     1.21272      1 chain_01/itr_00209_trial_01.rho
     1      210      0.02683       604.9639     -16.6090      1.20883     1.20883     604.9639     1.20883      1 chain_01/itr_00210_trial_01.rho
     1      211      0.02637       600.4628      -4.5011      1.20432     1.20432     600.4628     1.20432      1 chain_01/itr_00211_trial_01.rho
     1      212      0.02591       600.4628       0.0000      1.20432     1.20432     600.4628     1.20432      0 -
     1      213      0.02547       597.6691      -2.7936      1.20152     1.20152     597.6691     1.20152      1 chain_01/itr_00213_trial_01.rho
     1      214      0.02503       590.3095      -7.3597      1.19410     1.19410     590.3095     1.19410      1 chain_01/itr_00214_trial_01.rho
     1      215       0.0246       594.5281       4.2186      1.19836     1.19836     590.3095     1.19410      1 chain_01/itr_00215_trial_01.rho
     1      216      0.02418       583.7563     -10.7718      1.18745     1.18745     583.7563     1.18745      1 chain_01/itr_00216_trial_01.rho
     1      217      0.02377       581.4869      -2.2694      1.18514     1.18514     581.4869     1.18514      1 chain_01/itr_00217_trial_01.rho
     1      218      0.02336       565.1650     -16.3220      1.16839     1.16839     565.1650     1.16839      1 chain_01/itr_00218_trial_01.rho
     1      219      0.02296       565.1650       0.0000      1.16839     1.16839     565.1650     1.16839      0 -
     1      220      0.02256       562.3819      -2.7831      1.16551     1.16551     562.3819     1.16551      1 chain_01/itr_00220_trial_01.rho
     1      221      0.02218       554.0321      -8.3498      1.15682     1.15682     554.0321     1.15682      1 chain_01/itr_00221_trial_01.rho
     1      222      0.02179       564.3280      10.2960      1.16752     1.16752     554.0321     1.15682      1 chain_01/itr_00222_trial_01.rho
     1      223      0.02142       564.3280       0.0000      1.16752     1.16752     554.0321     1.15682      0 -
     1      224      0.02105       561.2745      -3.0535      1.16436     1.16436     554.0321     1.15682      1 chain_01/itr_00224_trial_01.rho
     1      225      0.02069       563.3740       2.0995      1.16654     1.16654     554.0321     1.15682      1 chain_01/itr_00225_trial_01.rho
     1      226      0.02034       559.7531      -3.6209      1.16278     1.16278     554.0321     1.15682      1 chain_01/itr_00226_trial_01.rho
     1      227      0.01999       559.7955       0.0424      1.16283     1.16283     554.0321     1.15682      1 chain_01/itr_00227_trial_01.rho
     1      228      0.01964       560.6886       0.8931      1.16375     1.16375     554.0321     1.15682      1 chain_01/itr_00228_trial_01.rho
     1      229      0.01931       561.9265       1.2379      1.16504     1.16504     554.0321     1.15682      1 chain_01/itr_00229_trial_01.rho
     1      230      0.01898       566.3491       4.4226      1.16961     1.16961     554.0321     1.15682      1 chain_01/itr_00230_trial_01.rho
     1      231      0.01865       565.4791      -0.8699      1.16871     1.16871     554.0321     1.15682      1 chain_01/itr_00231_trial_01.rho
     1      232      0.01833       557.7217      -7.7574      1.16067     1.16067     554.0321     1.15682      1 chain_01/itr_00232_trial_01.rho
     1      233      0.01802       557.9896       0.2679      1.16095     1.16095     554.0321     1.15682      1 chain_01/itr_00233_trial_01.rho
     1      234      0.01771       554.8114      -3.1782      1.15764     1.15764     554.0321     1.15682      1 chain_01/itr_00234_trial_01.rho
     1      235       0.0174       562.8311       8.0197      1.16597     1.16597     554.0321     1.15682      1 chain_01/itr_00235_trial_01.rho
     1      236       0.0171       558.3283      -4.5028      1.16130     1.16130     554.0321     1.15682      1 chain_01/itr_00236_trial_01.rho
     1      237      0.01681       558.3283       0.0000      1.16130     1.16130     554.0321     1.15682      0 -
     1      238      0.01652       558.3283       0.0000      1.16130     1.16130     554.0321     1.15682      0 -
     1      239      0.01624       558.3283       0.0000      1.16130     1.16130     554.0321     1.15682      0 -
     1      240      0.01596       558.3283       0.0000      1.16130     1.16130     554.0321     1.15682      0 -
     1      241      0.01569       562.3226       3.9942      1.16545     1.16545     554.0321     1.15682      1 chain_01/itr_00241_trial_01.rho
     1      242      0.01542       562.3226       0.0000      1.16545     1.16545     554.0321     1.15682      0 -
     1      243      0.01515       557.6395      -4.6831      1.16058     1.16058     554.0321     1.15682      1 chain_01/itr_00243_trial_01.rho
     1      244      0.01489       557.6395       0.0000      1.16058     1.16058     554.0321     1.15682      0 -
     1      245      0.01464       561.2590       3.6195      1.16434     1.16434     554.0321     1.15682      1 chain_01/itr_00245_trial_01.rho
     1      246      0.01438       563.6064       2.3474      1.16678     1.16678     554.0321     1.15682      1 chain_01/itr_00246_trial_01.rho
     1      247      0.01414       563.6064       0.0000      1.16678     1.16678     554.0321     1.15682      0 -
     1      248      0.01389       566.3144       2.7080      1.16958     1.16958     554.0321     1.15682      1 chain_01/itr_00248_trial_01.rho
     1      249      0.01366       567.7572       1.4428      1.17107     1.17107     554.0321     1.15682      1 chain_01/itr_00249_trial_01.rho
     1      250      0.01342       566.4416      -1.3155      1.16971     1.16971     554.0321     1.15682      1 chain_01/itr_00250_trial_01.rho
     1      251      0.01319       563.8875      -2.5541      1.16707     1.16707     554.0321     1.15682      1 chain_01/itr_00251_trial_01.rho
     1      252      0.01297       565.5391       1.6516      1.16878     1.16878     554.0321     1.15682      1 chain_01/itr_00252_trial_01.rho
     1      253      0.01274       565.5391       0.0000      1.16878     1.16878     554.0321     1.15682      0 -
     1      254      0.01252       559.7300      -5.8091      1.16276     1.16276     554.0321     1.15682      1 chain_01/itr_00254_trial_01.rho
     1      255      0.01231       559.7300       0.0000      1.16276     1.16276     554.0321     1.15682      0 -
     1      256       0.0121       559.7300       0.0000      1.16276     1.16276     554.0321     1.15682      0 -
     1      257      0.01189       559.7300       0.0000      1.16276     1.16276     554.0321     1.15682      0 -
     1      258      0.01169       559.7300       0.0000      1.16276     1.16276     554.0321     1.15682      0 -
     1      259      0.01149       554.3691      -5.3609      1.15718     1.15718     554.0321     1.15682      1 chain_01/itr_00259_trial_01.rho
     1      260      0.01129       554.3691       0.0000      1.15718     1.15718     554.0321     1.15682      0 -
     1      261      0.01109       554.3691       0.0000      1.15718     1.15718     554.0321     1.15682      0 -
     1      262       0.0109       555.1484       0.7793      1.15799     1.15799     554.0321     1.15682      1 chain_01/itr_00262_trial_01.rho
     1      263      0.01072       551.1397      -4.0087      1.15380     1.15380     551.1397     1.15380      1 chain_01/itr_00263_trial_01.rho
     1      264      0.01053       548.8868      -2.2530      1.15144     1.15144     548.8868     1.15144      1 chain_01/itr_00264_trial_01.rho
     1      265      0.01035       548.8868       0.0000      1.15144     1.15144     548.8868     1.15144      0 -
     1      266      0.01017       544.8060      -4.0808      1.14715     1.14715     544.8060     1.14715      1 chain_01/itr_00266_trial_01.rho
     1      267         0.01       544.8060       0.0000      1.14715     1.14715     544.8060     1.14715      0 -
     1      268     0.009828       544.8060       0.0000      1.14715     1.14715     544.8060     1.14715      0 -
     1      269      0.00966       544.8060       0.0000      1.14715     1.14715     544.8060     1.14715      0 -
     1      270     0.009494       544.8060       0.0000      1.14715     1.14715     544.8060     1.14715      0 -
     1      271     0.009331       545.3058       0.4999      1.14768     1.14768     544.8060     1.14715      1 chain_01/itr_00271_trial_01.rho
     1      272     0.009171       545.4802       0.1744      1.14786     1.14786     544.8060     1.14715      1 chain_01/itr_00272_trial_01.rho
     1      273     0.009013       547.1981       1.7179      1.14967     1.14967     544.8060     1.14715      1 chain_01/itr_00273_trial_01.rho
     1      274     0.008859       545.3020      -1.8961      1.14767     1.14767     544.8060     1.14715      1 chain_01/itr_00274_trial_01.rho
     1      275     0.008707       543.3338      -1.9682      1.14560     1.14560     543.3338     1.14560      1 chain_01/itr_00275_trial_01.rho
     1      276     0.008557       538.6950      -4.6388      1.14070     1.14070     538.6950     1.14070      1 chain_01/itr_00276_trial_01.rho
     1      277      0.00841       538.6950       0.0000      1.14070     1.14070     538.6950     1.14070      0 -
     1      278     0.008266       538.6950       0.0000      1.14070     1.14070     538.6950     1.14070      0 -
     1      279     0.008124       538.0507      -0.6443      1.14002     1.14002     538.0507     1.14002      1 chain_01/itr_00279_trial_01.rho
     1      280     0.007985       538.0507       0.0000      1.14002     1.14002     538.0507     1.14002      0 -
     1      281     0.007848       538.0507       0.0000      1.14002     1.14002     538.0507     1.14002      0 -
     1      282     0.007713       538.0507       0.0000      1.14002     1.14002     538.0507     1.14002      0 -
     1      283     0.007581       538.0507       0.0000      1.14002     1.14002     538.0507     1.14002      0 -
     1      284      0.00745       533.6740      -4.3767      1.13537     1.13537     533.6740     1.13537      1 chain_01/itr_00284_trial_01.rho
     1      285     0.007323       532.7649      -0.9091      1.13440     1.13440     532.7649     1.13440      1 chain_01/itr_00285_trial_01.rho
     1      286     0.007197       532.7649       0.0000      1.13440     1.13440     532.7649     1.13440      0 -
     1      287     0.007073       535.7137       2.9488      1.13754     1.13754     532.7649     1.13440      1 chain_01/itr_00287_trial_01.rho
     1      288     0.006952       534.8089      -0.9048      1.13658     1.13658     532.7649     1.13440      1 chain_01/itr_00288_trial_01.rho
     1      289     0.006833       534.8089       0.0000      1.13658     1.13658     532.7649     1.13440      0 -
     1      290     0.006715       532.6051      -2.2038      1.13423     1.13423     532.6051     1.13423      1 chain_01/itr_00290_trial_01.rho
     1      291       0.0066       538.1488       5.5437      1.14012     1.14012     532.6051     1.13423      1 chain_01/itr_00291_trial_01.rho
     1      292     0.006487       534.0008      -4.1480      1.13572     1.13572     532.6051     1.13423      1 chain_01/itr_00292_trial_01.rho
     1      293     0.006375       533.8988      -0.1020      1.13561     1.13561     532.6051     1.13423      1 chain_01/itr_00293_trial_01.rho
     1      294     0.006266       533.8988       0.0000      1.13561     1.13561     532.6051     1.13423      0 -
     1      295     0.006158       533.8988       0.0000      1.13561     1.13561     532.6051     1.13423      0 -
     1      296     0.006053       532.0688      -1.8301      1.13366     1.13366     532.0688     1.13366      1 chain_01/itr_00296_trial_01.rho
     1      297     0.005949       532.0688       0.0000      1.13366     1.13366     532.0688     1.13366      0 -
     1      298     0.005847       532.0688       0.0000      1.13366     1.13366     532.0688     1.13366      0 -
     1      299     0.005746       529.1634      -2.9053      1.13056     1.13056     529.1634     1.13056      1 chain_01/itr_00299_trial_01.rho
     1      300     0.005648       527.1756      -1.9879      1.12844     1.12844     527.1756     1.12844      1 chain_01/itr_00300_trial_01.rho
     1      301     0.005551       528.5765       1.4009      1.12994     1.12994     527.1756     1.12844      1 chain_01/itr_00301_trial_01.rho
     1      302     0.005456       522.8601      -5.7164      1.12381     1.12381     522.8601     1.12381      1 chain_01/itr_00302_trial_01.rho
     1      303     0.005362       522.0891      -0.7710      1.12298     1.12298     522.0891     1.12298      1 chain_01/itr_00303_trial_01.rho
     1      304      0.00527       522.9511       0.8621      1.12391     1.12391     522.0891     1.12298      1 chain_01/itr_00304_trial_01.rho
     1      305     0.005179       522.1868      -0.7644      1.12309     1.12309     522.0891     1.12298      1 chain_01/itr_00305_trial_01.rho
     1      306     0.005091       522.1868       0.0000      1.12309     1.12309     522.0891     1.12298      0 -
     1      307     0.005003       524.1706       1.9839      1.12522     1.12522     522.0891     1.12298      1 chain_01/itr_00307_trial_01.rho
     1      308     0.004917       522.5900      -1.5807      1.12352     1.12352     522.0891     1.12298      1 chain_01/itr_00308_trial_01.rho
     1      309     0.004833       521.8067      -0.7832      1.12268     1.12268     521.8067     1.12268      1 chain_01/itr_00309_trial_01.rho
     1      310      0.00475       521.0111      -0.7956      1.12182     1.12182     521.0111     1.12182      1 chain_01/itr_00310_trial_01.rho
     1      311     0.004668       519.3200      -1.6911      1.12000     1.12000     519.3200     1.12000      1 chain_01/itr_00311_trial_01.rho
     1      312     0.004588       519.3200       0.0000      1.12000     1.12000     519.3200     1.12000      0 -
     1      313      0.00451       517.0411      -2.2789      1.11754     1.11754     517.0411     1.11754      1 chain_01/itr_00313_trial_01.rho
     1      314     0.004432       514.8708      -2.1703      1.11519     1.11519     514.8708     1.11519      1 chain_01/itr_00314_trial_01.rho
     1      315     0.004356       514.8708       0.0000      1.11519     1.11519     514.8708     1.11519      0 -
     1      316     0.004281       514.8708       0.0000      1.11519     1.11519     514.8708     1.11519      0 -
     1      317     0.004208       514.8708       0.0000      1.11519     1.11519     514.8708     1.11519      0 -
     1      318     0.004136       513.7490      -1.1217      1.11397     1.11397     513.7490     1.11397      1 chain_01/itr_00318_trial_01.rho
     1      319     0.004065       513.7490       0.0000      1.11397     1.11397     513.7490     1.11397      0 -
     1      320     0.003995       507.3091      -6.4399      1.10697     1.10697     507.3091     1.10697      1 chain_01/itr_00320_trial_01.rho
     1      321     0.003926       503.4860      -3.8231      1.10279     1.10279     503.4860     1.10279      1 chain_01/itr_00321_trial_01.rho
     1      322     0.003859       500.6876      -2.7985      1.09972     1.09972     500.6876     1.09972      1 chain_01/itr_00322_trial_01.rho
     1      323     0.003793       500.6876       0.0000      1.09972     1.09972     500.6876     1.09972      0 -
     1      324     0.003728       500.6876       0.0000      1.09972     1.09972     500.6876     1.09972      0 -
     1      325     0.003664       497.6026      -3.0849      1.09633     1.09633     497.6026     1.09633      1 chain_01/itr_00325_trial_01.rho
     1      326     0.003601       499.0526       1.4500      1.09793     1.09793     497.6026     1.09633      1 chain_01/itr_00326_trial_01.rho
     1      327     0.003539       498.9950      -0.0576      1.09786     1.09786     497.6026     1.09633      1 chain_01/itr_00327_trial_01.rho
     1      328     0.003478       498.9950       0.0000      1.09786     1.09786     497.6026     1.09633      0 -
     1      329     0.003418       498.9950       0.0000      1.09786     1.09786     497.6026     1.09633      0 -
     1      330      0.00336       498.9950       0.0000      1.09786     1.09786     497.6026     1.09633      0 -
     1      331     0.003302       492.2884      -6.7066      1.09046     1.09046     492.2884     1.09046      1 chain_01/itr_00331_trial_01.rho
     1      332     0.003245       492.2884       0.0000      1.09046     1.09046     492.2884     1.09046      0 -
     1      333      0.00319       492.2884       0.0000      1.09046     1.09046     492.2884     1.09046      0 -
     1      334     0.003135       491.7602      -0.5282      1.08987     1.08987     491.7602     1.08987      1 chain_01/itr_00334_trial_01.rho
     1      335     0.003081       492.6024       0.8422      1.09081     1.09081     491.7602     1.08987      1 chain_01/itr_00335_trial_01.rho
     1      336     0.003028       492.6024       0.0000      1.09081     1.09081     491.7602     1.08987      0 -
     1      337     0.002976       492.6024       0.0000      1.09081     1.09081     491.7602     1.08987      0 -
     1      338     0.002925       491.7448      -0.8576      1.08986     1.08986     491.7448     1.08986      1 chain_01/itr_00338_trial_01.rho
     1      339     0.002875       488.9357      -2.8091      1.08674     1.08674     488.9357     1.08674      1 chain_01/itr_00339_trial_01.rho
     1      340     0.002826       488.9357       0.0000      1.08674     1.08674     488.9357     1.08674      0 -
     1      341     0.002777       488.9357       0.0000      1.08674     1.08674     488.9357     1.08674      0 -
     1      342      0.00273       486.2543      -2.6814      1.08376     1.08376     486.2543     1.08376      1 chain_01/itr_00342_trial_01.rho
     1      343     0.002683       481.3502      -4.9041      1.07828     1.07828     481.3502     1.07828      1 chain_01/itr_00343_trial_01.rho
     1      344     0.002637       477.8381      -3.5120      1.07434     1.07434     477.8381     1.07434      1 chain_01/itr_00344_trial_01.rho
     1      345     0.002591       477.5395      -0.2986      1.07400     1.07400     477.5395     1.07400      1 chain_01/itr_00345_trial_01.rho
     1      346     0.002547       477.5395       0.0000      1.07400     1.07400     477.5395     1.07400      0 -
     1      347     0.002503       477.5395       0.0000      1.07400     1.07400     477.5395     1.07400      0 -
     1      348      0.00246       477.5395       0.0000      1.07400     1.07400     477.5395     1.07400      0 -
     1      349     0.002418       477.5395       0.0000      1.07400     1.07400     477.5395     1.07400      0 -
     1      350     0.002377       477.5395       0.0000      1.07400     1.07400     477.5395     1.07400      0 -
     1      351     0.002336       477.5395       0.0000      1.07400     1.07400     477.5395     1.07400      0 -
     1      352     0.002296       477.5395       0.0000      1.07400     1.07400     477.5395     1.07400      0 -
     1      353     0.002256       477.5395       0.0000      1.07400     1.07400     477.5395     1.07400      0 -
     1      354     0.002218       477.5395       0.0000      1.07400     1.07400     477.5395     1.07400      0 -
     1      355     0.002179       477.5395       0.0000      1.07400     1.07400     477.5395     1.07400      0 -
     1      356     0.002142       477.5395       0.0000      1.07400     1.07400     477.5395     1.07400      0 -
     1      357     0.002105       477.5395       0.0000      1.07400     1.07400     477.5395     1.07400      0 -
     1      358     0.002069       477.5395       0.0000      1.07400     1.07400     477.5395     1.07400      0 -
     1      359     0.002034       477.5395       0.0000      1.07400     1.07400     477.5395     1.07400      0 -
     1      360     0.001999       477.5395       0.0000      1.07400     1.07400     477.5395     1.07400      0 -
     1      361     0.001964       476.1920      -1.3475      1.07248     1.07248     476.1920     1.07248      1 chain_01/itr_00361_trial_01.rho
     1      362     0.001931       476.1920       0.0000      1.07248     1.07248     476.1920     1.07248      0 -
     1      363     0.001898       476.1920       0.0000      1.07248     1.07248     476.1920     1.07248      0 -
     1      364     0.001865       475.3238      -0.8682      1.07151     1.07151     475.3238     1.07151      1 chain_01/itr_00364_trial_01.rho
     1      365     0.001833       476.2296       0.9058      1.07253     1.07253     475.3238     1.07151      1 chain_01/itr_00365_trial_01.rho
     1      366     0.001802       476.1139      -0.1157      1.07240     1.07240     475.3238     1.07151      1 chain_01/itr_00366_trial_01.rho
     1      367     0.001771       476.1139       0.0000      1.07240     1.07240     475.3238     1.07151      0 -
     1      368      0.00174       476.1139       0.0000      1.07240     1.07240     475.3238     1.07151      0 -
     1      369      0.00171       476.1139       0.0000      1.07240     1.07240     475.3238     1.07151      0 -
     1      370     0.001681       476.1139       0.0000      1.07240     1.07240     475.3238     1.07151      0 -
     1      371     0.001652       476.1139       0.0000      1.07240     1.07240     475.3238     1.07151      0 -
     1      372     0.001624       476.1139       0.0000      1.07240     1.07240     475.3238     1.07151      0 -
     1      373     0.001596       475.6203      -0.4936      1.07184     1.07184     475.3238     1.07151      1 chain_01/itr_00373_trial_01.rho
     1      374     0.001569       475.6203       0.0000      1.07184     1.07184     475.3238     1.07151      0 -
     1      375     0.001542       475.6203       0.0000      1.07184     1.07184     475.3238     1.07151      0 -
     1      376     0.001515       475.6203       0.0000      1.07184     1.07184     475.3238     1.07151      0 -
     1      377     0.001489       475.6203       0.0000      1.07184     1.07184     475.3238     1.07151      0 -
     1      378     0.001464       468.8868      -6.7336      1.06423     1.06423     468.8868     1.06423      1 chain_01/itr_00378_trial_01.rho
     1      379     0.001438       468.8868       0.0000      1.06423     1.06423     468.8868     1.06423      0 -
     1      380     0.001414       468.8868       0.0000      1.06423     1.06423     468.8868     1.06423      0 -
     1      381     0.001389       467.1134      -1.7734      1.06221     1.06221     467.1134     1.06221      1 chain_01/itr_00381_trial_01.rho
     1      382     0.001366       467.1134       0.0000      1.06221     1.06221     467.1134     1.06221      0 -
     1      383     0.001342       467.1134       0.0000      1.06221     1.06221     467.1134     1.06221      0 -
     1      384     0.001319       467.1134       0.0000      1.06221     1.06221     467.1134     1.06221      0 -
     1      385     0.001297       467.1134       0.0000      1.06221     1.06221     467.1134     1.06221      0 -
     1      386     0.001274       467.1134       0.0000      1.06221     1.06221     467.1134     1.06221      0 -
     1      387     0.001252       467.1134       0.0000      1.06221     1.06221     467.1134     1.06221      0 -
     1      388     0.001231       465.1924      -1.9211      1.06003     1.06003     465.1924     1.06003      1 chain_01/itr_00388_trial_01.rho
     1      389      0.00121       465.1924       0.0000      1.06003     1.06003     465.1924     1.06003      0 -
     1      390     0.001189       465.2472       0.0548      1.06009     1.06009     465.1924     1.06003      1 chain_01/itr_00390_trial_01.rho
     1      391     0.001169       465.2472       0.0000      1.06009     1.06009     465.1924     1.06003      0 -
     1      392     0.001149       465.2472       0.0000      1.06009     1.06009     465.1924     1.06003      0 -
     1      393     0.001129       458.2644      -6.9828      1.05210     1.05210     458.2644     1.05210      1 chain_01/itr_00393_trial_01.rho
     1      394     0.001109       455.8572      -2.4071      1.04934     1.04934     455.8572     1.04934      1 chain_01/itr_00394_trial_01.rho
     1      395      0.00109       455.8572       0.0000      1.04934     1.04934     455.8572     1.04934      0 -
     1      396     0.001072       453.5290      -2.3282      1.04665     1.04665     453.5290     1.04665      1 chain_01/itr_00396_trial_01.rho
     1      397     0.001053       453.5290       0.0000      1.04665     1.04665     453.5290     1.04665      0 -
     1      398     0.001035       453.5290       0.0000      1.04665     1.04665     453.5290     1.04665      0 -
     1      399     0.001017       449.1452      -4.3838      1.04158     1.04158     449.1452     1.04158      1 chain_01/itr_00399_trial_01.rho
     1      400        0.001       449.1452       0.0000      1.04158     1.04158     449.1452     1.04158      0 -
