# VFSA 2D iteration best - 2026-09-14 18:10:20
# chains=2  n_ctrl=250  frac_update_controls=1.0  temp_kappa=1.0  cool_ratio=0.001  target_rms=1.0  n_trials=1
--------------------------------------------------------------------------------------------------------------------------------------------------------------------------------------------------------
 Chain     Iter         Temp       Chi2Curr        dChi2      RMSCurr     CurrRMS     Chi2Best     RMSBest   Nacc Model
--------------------------------------------------------------------------------------------------------------------------------------------------------------------------------------------------------
     2        1            1     17835.1967    -387.8433      4.60786     4.60786   17835.1967     4.60786      1 chain_02/itr_00001_trial_01.rho
     2        2       0.9828     17922.9951      87.7984      4.61919     4.61919   17835.1967     4.60786      1 chain_02/itr_00002_trial_01.rho
     2        3        0.966     17512.6503    -410.3448      4.56600     4.56600   17512.6503     4.56600      1 chain_02/itr_00003_trial_01.rho
     2        4       0.9494     18163.7546     651.1043      4.65011     4.65011   17512.6503     4.56600      1 chain_02/itr_00004_trial_01.rho
     2        5       0.9331     20591.5157    2427.7611      4.95113     4.95113   17512.6503     4.56600      1 chain_02/itr_00005_trial_01.rho
     2        6       0.9171     21845.2972    1253.7815      5.09964     5.09964   17512.6503     4.56600      1 chain_02/itr_00006_trial_01.rho
     2        7       0.9013     22130.3555     285.0583      5.13280     5.13280   17512.6503     4.56600      1 chain_02/itr_00007_trial_01.rho
     2        8       0.8859     21267.2331    -863.1224      5.03171     5.03171   17512.6503     4.56600      1 chain_02/itr_00008_trial_01.rho
     2        9       0.8707     22127.6424     860.4093      5.13249     5.13249   17512.6503     4.56600      1 chain_02/itr_00009_trial_01.rho
     2       10       0.8557     22127.6424       0.0000      5.13249     5.13249   17512.6503     4.56600      0 -
     2       11        0.841     21958.7604    -168.8820      5.11286     5.11286   17512.6503     4.56600      1 chain_02/itr_00011_trial_01.rho
     2       12       0.8266     23103.7541    1144.9938      5.24447     5.24447   17512.6503     4.56600      1 chain_02/itr_00012_trial_01.rho
     2       13       0.8124     24287.4720    1183.7179      5.37714     5.37714   17512.6503     4.56600      1 chain_02/itr_00013_trial_01.rho
     2       14       0.7985     23721.0336    -566.4384      5.31407     5.31407   17512.6503     4.56600      1 chain_02/itr_00014_trial_01.rho
     2       15       0.7848     24275.6946     554.6610      5.37584     5.37584   17512.6503     4.56600      1 chain_02/itr_00015_trial_01.rho
     2       16       0.7713     24443.0141     167.3195      5.39433     5.39433   17512.6503     4.56600      1 chain_02/itr_00016_trial_01.rho
     2       17       0.7581     24474.5349      31.5208      5.39781     5.39781   17512.6503     4.56600      1 chain_02/itr_00017_trial_01.rho
     2       18        0.745     25582.7011    1108.1662      5.51866     5.51866   17512.6503     4.56600      1 chain_02/itr_00018_trial_01.rho
     2       19       0.7323     22945.4946   -2637.2065      5.22648     5.22648   17512.6503     4.56600      1 chain_02/itr_00019_trial_01.rho
     2       20       0.7197     22875.7119     -69.7827      5.21852     5.21852   17512.6503     4.56600      1 chain_02/itr_00020_trial_01.rho
     2       21       0.7073     21995.6896    -880.0223      5.11716     5.11716   17512.6503     4.56600      1 chain_02/itr_00021_trial_01.rho
     2       22       0.6952     23614.9176    1619.2280      5.30217     5.30217   17512.6503     4.56600      1 chain_02/itr_00022_trial_01.rho
     2       23       0.6833     23614.9176       0.0000      5.30217     5.30217   17512.6503     4.56600      0 -
     2       24       0.6715     22858.2239    -756.6937      5.21653     5.21653   17512.6503     4.56600      1 chain_02/itr_00024_trial_01.rho
     2       25         0.66     23786.2569     928.0330      5.32137     5.32137   17512.6503     4.56600      1 chain_02/itr_00025_trial_01.rho
     2       26       0.6487     22300.5938   -1485.6631      5.15251     5.15251   17512.6503     4.56600      1 chain_02/itr_00026_trial_01.rho
     2       27       0.6375     22929.8902     629.2964      5.22470     5.22470   17512.6503     4.56600      1 chain_02/itr_00027_trial_01.rho
     2       28       0.6266     23370.7267     440.8364      5.27468     5.27468   17512.6503     4.56600      1 chain_02/itr_00028_trial_01.rho
     2       29       0.6158     24808.7231    1437.9964      5.43454     5.43454   17512.6503     4.56600      1 chain_02/itr_00029_trial_01.rho
     2       30       0.6053     24338.9386    -469.7845      5.38284     5.38284   17512.6503     4.56600      1 chain_02/itr_00030_trial_01.rho
     2       31       0.5949     22733.0571   -1605.8815      5.20223     5.20223   17512.6503     4.56600      1 chain_02/itr_00031_trial_01.rho
     2       32       0.5847     23714.7751     981.7179      5.31337     5.31337   17512.6503     4.56600      1 chain_02/itr_00032_trial_01.rho
     2       33       0.5746     22314.5302   -1400.2448      5.15412     5.15412   17512.6503     4.56600      1 chain_02/itr_00033_trial_01.rho
     2       34       0.5648     23353.8084    1039.2782      5.27277     5.27277   17512.6503     4.56600      1 chain_02/itr_00034_trial_01.rho
     2       35       0.5551     25357.8971    2004.0887      5.49436     5.49436   17512.6503     4.56600      1 chain_02/itr_00035_trial_01.rho
     2       36       0.5456     26201.3285     843.4314      5.58499     5.58499   17512.6503     4.56600      1 chain_02/itr_00036_trial_01.rho
     2       37       0.5362     31720.6395    5519.3110      6.14513     6.14513   17512.6503     4.56600      1 chain_02/itr_00037_trial_01.rho
     2       38        0.527     26995.2166   -4725.4229      5.66896     5.66896   17512.6503     4.56600      1 chain_02/itr_00038_trial_01.rho
     2       39       0.5179     26034.2734    -960.9431      5.56715     5.56715   17512.6503     4.56600      1 chain_02/itr_00039_trial_01.rho
     2       40       0.5091     25916.5243    -117.7491      5.55455     5.55455   17512.6503     4.56600      1 chain_02/itr_00040_trial_01.rho
     2       41       0.5003     27887.6258    1971.1015      5.76191     5.76191   17512.6503     4.56600      1 chain_02/itr_00041_trial_01.rho
     2       42       0.4917     38018.7676   10131.1418      6.72759     6.72759   17512.6503     4.56600      1 chain_02/itr_00042_trial_01.rho
     2       43       0.4833     36337.8293   -1680.9383      6.57718     6.57718   17512.6503     4.56600      1 chain_02/itr_00043_trial_01.rho
     2       44        0.475     36514.7604     176.9311      6.59317     6.59317   17512.6503     4.56600      1 chain_02/itr_00044_trial_01.rho
     2       45       0.4668     36514.7604       0.0000      6.59317     6.59317   17512.6503     4.56600      0 -
     2       46       0.4588     38104.4874    1589.7270      6.73517     6.73517   17512.6503     4.56600      1 chain_02/itr_00046_trial_01.rho
     2       47        0.451     46854.2897    8749.8023      7.46853     7.46853   17512.6503     4.56600      1 chain_02/itr_00047_trial_01.rho
     2       48       0.4432     46778.9207     -75.3690      7.46252     7.46252   17512.6503     4.56600      1 chain_02/itr_00048_trial_01.rho
     2       49       0.4356     45671.6667   -1107.2541      7.37367     7.37367   17512.6503     4.56600      1 chain_02/itr_00049_trial_01.rho
     2       50       0.4281     49353.2355    3681.5688      7.66511     7.66511   17512.6503     4.56600      1 chain_02/itr_00050_trial_01.rho
     2       51       0.4208     55502.6620    6149.4265      8.12863     8.12863   17512.6503     4.56600      1 chain_02/itr_00051_trial_01.rho
     2       52       0.4136     68622.8334   13120.1714      9.03846     9.03846   17512.6503     4.56600      1 chain_02/itr_00052_trial_01.rho
     2       53       0.4065     81429.5677   12806.7343      9.84581     9.84581   17512.6503     4.56600      1 chain_02/itr_00053_trial_01.rho
     2       54       0.3995     79291.6987   -2137.8690      9.71570     9.71570   17512.6503     4.56600      1 chain_02/itr_00054_trial_01.rho
     2       55       0.3926     70900.0050   -8391.6938      9.18721     9.18721   17512.6503     4.56600      1 chain_02/itr_00055_trial_01.rho
     2       56       0.3859     63763.1087   -7136.8963      8.71255     8.71255   17512.6503     4.56600      1 chain_02/itr_00056_trial_01.rho
     2       57       0.3793     54455.6532   -9307.4555      8.05159     8.05159   17512.6503     4.56600      1 chain_02/itr_00057_trial_01.rho
     2       58       0.3728     43558.4846  -10897.1686      7.20107     7.20107   17512.6503     4.56600      1 chain_02/itr_00058_trial_01.rho
     2       59       0.3664     52258.3377    8699.8531      7.88748     7.88748   17512.6503     4.56600      1 chain_02/itr_00059_trial_01.rho
     2       60       0.3601     58719.0050    6460.6673      8.36084     8.36084   17512.6503     4.56600      1 chain_02/itr_00060_trial_01.rho
     2       61       0.3539     61146.3470    2427.3420      8.53190     8.53190   17512.6503     4.56600      1 chain_02/itr_00061_trial_01.rho
     2       62       0.3478     61146.3470       0.0000      8.53190     8.53190   17512.6503     4.56600      0 -
     2       63       0.3418     62039.6757     893.3287      8.59400     8.59400   17512.6503     4.56600      1 chain_02/itr_00063_trial_01.rho
     2       64        0.336     63434.5986    1394.9229      8.69007     8.69007   17512.6503     4.56600      1 chain_02/itr_00064_trial_01.rho
     2       65       0.3302     58797.5235   -4637.0751      8.36642     8.36642   17512.6503     4.56600      1 chain_02/itr_00065_trial_01.rho
     2       66       0.3245     50775.3661   -8022.1574      7.77476     7.77476   17512.6503     4.56600      1 chain_02/itr_00066_trial_01.rho
     2       67        0.319     52266.6289    1491.2628      7.88810     7.88810   17512.6503     4.56600      1 chain_02/itr_00067_trial_01.rho
     2       68       0.3135     56640.8959    4374.2669      8.21156     8.21156   17512.6503     4.56600      1 chain_02/itr_00068_trial_01.rho
     2       69       0.3081     54467.0062   -2173.8897      8.05243     8.05243   17512.6503     4.56600      1 chain_02/itr_00069_trial_01.rho
     2       70       0.3028     54467.0062       0.0000      8.05243     8.05243   17512.6503     4.56600      0 -
     2       71       0.2976     53684.7050    -782.3012      7.99440     7.99440   17512.6503     4.56600      1 chain_02/itr_00071_trial_01.rho
     2       72       0.2925     57901.4864    4216.7814      8.30243     8.30243   17512.6503     4.56600      1 chain_02/itr_00072_trial_01.rho
     2       73       0.2875     62271.7575    4370.2711      8.61005     8.61005   17512.6503     4.56600      1 chain_02/itr_00073_trial_01.rho
     2       74       0.2826     51552.9184  -10718.8391      7.83406     7.83406   17512.6503     4.56600      1 chain_02/itr_00074_trial_01.rho
     2       75       0.2777     52308.9820     756.0635      7.89130     7.89130   17512.6503     4.56600      1 chain_02/itr_00075_trial_01.rho
     2       76        0.273     50725.9441   -1583.0379      7.77097     7.77097   17512.6503     4.56600      1 chain_02/itr_00076_trial_01.rho
     2       77       0.2683     49729.2338    -996.7103      7.69425     7.69425   17512.6503     4.56600      1 chain_02/itr_00077_trial_01.rho
     2       78       0.2637     50092.3537     363.1199      7.72229     7.72229   17512.6503     4.56600      1 chain_02/itr_00078_trial_01.rho
     2       79       0.2591     48398.1791   -1694.1747      7.59058     7.59058   17512.6503     4.56600      1 chain_02/itr_00079_trial_01.rho
     2       80       0.2547     50998.8922    2600.7132      7.79185     7.79185   17512.6503     4.56600      1 chain_02/itr_00080_trial_01.rho
     2       81       0.2503     50998.8922       0.0000      7.79185     7.79185   17512.6503     4.56600      0 -
     2       82        0.246     48345.0883   -2653.8039      7.58641     7.58641   17512.6503     4.56600      1 chain_02/itr_00082_trial_01.rho
     2       83       0.2418     55373.5834    7028.4952      8.11917     8.11917   17512.6503     4.56600      1 chain_02/itr_00083_trial_01.rho
     2       84       0.2377     47391.2444   -7982.3391      7.51120     7.51120   17512.6503     4.56600      1 chain_02/itr_00084_trial_01.rho
     2       85       0.2336     46127.6431   -1263.6013      7.41039     7.41039   17512.6503     4.56600      1 chain_02/itr_00085_trial_01.rho
     2       86       0.2296     45232.8908    -894.7523      7.33817     7.33817   17512.6503     4.56600      1 chain_02/itr_00086_trial_01.rho
     2       87       0.2256     45232.8908       0.0000      7.33817     7.33817   17512.6503     4.56600      0 -
     2       88       0.2218     48489.6094    3256.7187      7.59774     7.59774   17512.6503     4.56600      1 chain_02/itr_00088_trial_01.rho
     2       89       0.2179     58943.1218   10453.5124      8.37678     8.37678   17512.6503     4.56600      1 chain_02/itr_00089_trial_01.rho
     2       90       0.2142     53192.4270   -5750.6948      7.95766     7.95766   17512.6503     4.56600      1 chain_02/itr_00090_trial_01.rho
     2       91       0.2105     51041.7059   -2150.7211      7.79512     7.79512   17512.6503     4.56600      1 chain_02/itr_00091_trial_01.rho
     2       92       0.2069     47560.6897   -3481.0162      7.52462     7.52462   17512.6503     4.56600      1 chain_02/itr_00092_trial_01.rho
     2       93       0.2034     47993.6623     432.9726      7.55879     7.55879   17512.6503     4.56600      1 chain_02/itr_00093_trial_01.rho
     2       94       0.1999     45302.8464   -2690.8159      7.34384     7.34384   17512.6503     4.56600      1 chain_02/itr_00094_trial_01.rho
     2       95       0.1964     39104.1163   -6198.7301      6.82294     6.82294   17512.6503     4.56600      1 chain_02/itr_00095_trial_01.rho
     2       96       0.1931     35626.5942   -3477.5220      6.51250     6.51250   17512.6503     4.56600      1 chain_02/itr_00096_trial_01.rho
     2       97       0.1898     31733.4531   -3893.1412      6.14637     6.14637   17512.6503     4.56600      1 chain_02/itr_00097_trial_01.rho
     2       98       0.1865     29435.6093   -2297.8438      5.91966     5.91966   17512.6503     4.56600      1 chain_02/itr_00098_trial_01.rho
     2       99       0.1833     35671.2221    6235.6127      6.51657     6.51657   17512.6503     4.56600      1 chain_02/itr_00099_trial_01.rho
     2      100       0.1802     32797.7544   -2873.4676      6.24860     6.24860   17512.6503     4.56600      1 chain_02/itr_00100_trial_01.rho
     2      101       0.1771     29862.5291   -2935.2253      5.96243     5.96243   17512.6503     4.56600      1 chain_02/itr_00101_trial_01.rho
     2      102        0.174     32824.5689    2962.0398      6.25115     6.25115   17512.6503     4.56600      1 chain_02/itr_00102_trial_01.rho
     2      103        0.171     29688.9084   -3135.6605      5.94508     5.94508   17512.6503     4.56600      1 chain_02/itr_00103_trial_01.rho
     2      104       0.1681     30017.5768     328.6684      5.97789     5.97789   17512.6503     4.56600      1 chain_02/itr_00104_trial_01.rho
     2      105       0.1652     30017.5768       0.0000      5.97789     5.97789   17512.6503     4.56600      0 -
     2      106       0.1624     30017.5768       0.0000      5.97789     5.97789   17512.6503     4.56600      0 -
     2      107       0.1596     30802.7871     785.2103      6.05557     6.05557   17512.6503     4.56600      1 chain_02/itr_00107_trial_01.rho
     2      108       0.1569     30262.3853    -540.4019      6.00222     6.00222   17512.6503     4.56600      1 chain_02/itr_00108_trial_01.rho
     2      109       0.1542     38002.6154    7740.2302      6.72616     6.72616   17512.6503     4.56600      1 chain_02/itr_00109_trial_01.rho
     2      110       0.1515     41791.7161    3789.1007      7.05351     7.05351   17512.6503     4.56600      1 chain_02/itr_00110_trial_01.rho
     2      111       0.1489     42263.0115     471.2954      7.09317     7.09317   17512.6503     4.56600      1 chain_02/itr_00111_trial_01.rho
     2      112       0.1464     39005.5964   -3257.4151      6.81434     6.81434   17512.6503     4.56600      1 chain_02/itr_00112_trial_01.rho
     2      113       0.1438     40487.9691    1482.3727      6.94262     6.94262   17512.6503     4.56600      1 chain_02/itr_00113_trial_01.rho
     2      114       0.1414     38823.8350   -1664.1341      6.79844     6.79844   17512.6503     4.56600      1 chain_02/itr_00114_trial_01.rho
     2      115       0.1389     46192.1693    7368.3343      7.41557     7.41557   17512.6503     4.56600      1 chain_02/itr_00115_trial_01.rho
     2      116       0.1366     46192.1693       0.0000      7.41557     7.41557   17512.6503     4.56600      0 -
     2      117       0.1342     46432.1449     239.9757      7.43481     7.43481   17512.6503     4.56600      1 chain_02/itr_00117_trial_01.rho
     2      118       0.1319     46432.1449       0.0000      7.43481     7.43481   17512.6503     4.56600      0 -
     2      119       0.1297     44842.2976   -1589.8473      7.30641     7.30641   17512.6503     4.56600      1 chain_02/itr_00119_trial_01.rho
     2      120       0.1274     41406.0848   -3436.2129      7.02089     7.02089   17512.6503     4.56600      1 chain_02/itr_00120_trial_01.rho
     2      121       0.1252     41854.6125     448.5278      7.05882     7.05882   17512.6503     4.56600      1 chain_02/itr_00121_trial_01.rho
     2      122       0.1231     44206.4436    2351.8311      7.25443     7.25443   17512.6503     4.56600      1 chain_02/itr_00122_trial_01.rho
     2      123        0.121     53779.9894    9573.5457      8.00149     8.00149   17512.6503     4.56600      1 chain_02/itr_00123_trial_01.rho
     2      124       0.1189     52695.7915   -1084.1979      7.92042     7.92042   17512.6503     4.56600      1 chain_02/itr_00124_trial_01.rho
     2      125       0.1169     52695.7915       0.0000      7.92042     7.92042   17512.6503     4.56600      0 -
     2      126       0.1149     52695.7915       0.0000      7.92042     7.92042   17512.6503     4.56600      0 -
     2      127       0.1129     50727.6149   -1968.1766      7.77110     7.77110   17512.6503     4.56600      1 chain_02/itr_00127_trial_01.rho
     2      128       0.1109     52821.5559    2093.9410      7.92987     7.92987   17512.6503     4.56600      1 chain_02/itr_00128_trial_01.rho
     2      129        0.109     52821.5559       0.0000      7.92987     7.92987   17512.6503     4.56600      0 -
     2      130       0.1072     52821.5559       0.0000      7.92987     7.92987   17512.6503     4.56600      0 -
     2      131       0.1053     51272.8298   -1548.7261      7.81275     7.81275   17512.6503     4.56600      1 chain_02/itr_00131_trial_01.rho
     2      132       0.1035     41429.0723   -9843.7575      7.02284     7.02284   17512.6503     4.56600      1 chain_02/itr_00132_trial_01.rho
     2      133       0.1017     41355.8512     -73.2211      7.01663     7.01663   17512.6503     4.56600      1 chain_02/itr_00133_trial_01.rho
     2      134          0.1     40520.7192    -835.1320      6.94543     6.94543   17512.6503     4.56600      1 chain_02/itr_00134_trial_01.rho
     2      135      0.09828     43266.6635    2745.9443      7.17690     7.17690   17512.6503     4.56600      1 chain_02/itr_00135_trial_01.rho
     2      136       0.0966     43266.6635       0.0000      7.17690     7.17690   17512.6503     4.56600      0 -
     2      137      0.09494     39116.5536   -4150.1099      6.82403     6.82403   17512.6503     4.56600      1 chain_02/itr_00137_trial_01.rho
     2      138      0.09331     41104.1227    1987.5691      6.99525     6.99525   17512.6503     4.56600      1 chain_02/itr_00138_trial_01.rho
     2      139      0.09171     40662.3819    -441.7408      6.95756     6.95756   17512.6503     4.56600      1 chain_02/itr_00139_trial_01.rho
     2      140      0.09013     34354.6502   -6307.7317      6.39519     6.39519   17512.6503     4.56600      1 chain_02/itr_00140_trial_01.rho
     2      141      0.08859     35269.3084     914.6582      6.47976     6.47976   17512.6503     4.56600      1 chain_02/itr_00141_trial_01.rho
     2      142      0.08707     33744.8646   -1524.4438      6.33817     6.33817   17512.6503     4.56600      1 chain_02/itr_00142_trial_01.rho
     2      143      0.08557     34363.2552     618.3906      6.39599     6.39599   17512.6503     4.56600      1 chain_02/itr_00143_trial_01.rho
     2      144       0.0841     34363.2552       0.0000      6.39599     6.39599   17512.6503     4.56600      0 -
     2      145      0.08266     34363.2552       0.0000      6.39599     6.39599   17512.6503     4.56600      0 -
     2      146      0.08124     33241.2120   -1122.0432      6.29070     6.29070   17512.6503     4.56600      1 chain_02/itr_00146_trial_01.rho
     2      147      0.07985     34510.0454    1268.8334      6.40963     6.40963   17512.6503     4.56600      1 chain_02/itr_00147_trial_01.rho
     2      148      0.07848     35445.4526     935.4073      6.49592     6.49592   17512.6503     4.56600      1 chain_02/itr_00148_trial_01.rho
     2      149      0.07713     35165.2522    -280.2004      6.47019     6.47019   17512.6503     4.56600      1 chain_02/itr_00149_trial_01.rho
     2      150      0.07581     33541.4764   -1623.7758      6.31904     6.31904   17512.6503     4.56600      1 chain_02/itr_00150_trial_01.rho
     2      151       0.0745     33541.4764       0.0000      6.31904     6.31904   17512.6503     4.56600      0 -
     2      152      0.07323     30326.1867   -3215.2897      6.00854     6.00854   17512.6503     4.56600      1 chain_02/itr_00152_trial_01.rho
     2      153      0.07197     30326.1867       0.0000      6.00854     6.00854   17512.6503     4.56600      0 -
     2      154      0.07073     27308.2694   -3017.9173      5.70174     5.70174   17512.6503     4.56600      1 chain_02/itr_00154_trial_01.rho
     2      155      0.06952     29948.8746    2640.6052      5.97105     5.97105   17512.6503     4.56600      1 chain_02/itr_00155_trial_01.rho
     2      156      0.06833     29421.6761    -527.1984      5.91826     5.91826   17512.6503     4.56600      1 chain_02/itr_00156_trial_01.rho
     2      157      0.06715     30538.2531    1116.5769      6.02952     6.02952   17512.6503     4.56600      1 chain_02/itr_00157_trial_01.rho
     2      158        0.066     28814.7962   -1723.4569      5.85690     5.85690   17512.6503     4.56600      1 chain_02/itr_00158_trial_01.rho
     2      159      0.06487     27865.6756    -949.1206      5.75964     5.75964   17512.6503     4.56600      1 chain_02/itr_00159_trial_01.rho
     2      160      0.06375     27865.6756       0.0000      5.75964     5.75964   17512.6503     4.56600      0 -
     2      161      0.06266     27865.6756       0.0000      5.75964     5.75964   17512.6503     4.56600      0 -
     2      162      0.06158     27865.6756       0.0000      5.75964     5.75964   17512.6503     4.56600      0 -
     2      163      0.06053     28558.9290     693.2534      5.83084     5.83084   17512.6503     4.56600      1 chain_02/itr_00163_trial_01.rho
     2      164      0.05949     28246.4655    -312.4635      5.79886     5.79886   17512.6503     4.56600      1 chain_02/itr_00164_trial_01.rho
     2      165      0.05847     26733.2432   -1513.2223      5.64139     5.64139   17512.6503     4.56600      1 chain_02/itr_00165_trial_01.rho
     2      166      0.05746     28752.9930    2019.7498      5.85062     5.85062   17512.6503     4.56600      1 chain_02/itr_00166_trial_01.rho
     2      167      0.05648     28752.9930       0.0000      5.85062     5.85062   17512.6503     4.56600      0 -
     2      168      0.05551     28752.9930       0.0000      5.85062     5.85062   17512.6503     4.56600      0 -
     2      169      0.05456     28752.9930       0.0000      5.85062     5.85062   17512.6503     4.56600      0 -
     2      170      0.05362     27098.8391   -1654.1539      5.67983     5.67983   17512.6503     4.56600      1 chain_02/itr_00170_trial_01.rho
     2      171       0.0527     29957.4148    2858.5757      5.97190     5.97190   17512.6503     4.56600      1 chain_02/itr_00171_trial_01.rho
     2      172      0.05179     30757.8631     800.4483      6.05116     6.05116   17512.6503     4.56600      1 chain_02/itr_00172_trial_01.rho
     2      173      0.05091     30757.8631       0.0000      6.05116     6.05116   17512.6503     4.56600      0 -
     2      174      0.05003     30144.4822    -613.3809      5.99052     5.99052   17512.6503     4.56600      1 chain_02/itr_00174_trial_01.rho
     2      175      0.04917     30110.7478     -33.7345      5.98716     5.98716   17512.6503     4.56600      1 chain_02/itr_00175_trial_01.rho
     2      176      0.04833     30110.7478       0.0000      5.98716     5.98716   17512.6503     4.56600      0 -
     2      177       0.0475     30253.0491     142.3013      6.00129     6.00129   17512.6503     4.56600      1 chain_02/itr_00177_trial_01.rho
     2      178      0.04668     29899.3271    -353.7220      5.96611     5.96611   17512.6503     4.56600      1 chain_02/itr_00178_trial_01.rho
     2      179      0.04588     29899.3271       0.0000      5.96611     5.96611   17512.6503     4.56600      0 -
     2      180       0.0451     29548.8476    -350.4795      5.93104     5.93104   17512.6503     4.56600      1 chain_02/itr_00180_trial_01.rho
     2      181      0.04432     29604.6675      55.8199      5.93664     5.93664   17512.6503     4.56600      1 chain_02/itr_00181_trial_01.rho
     2      182      0.04356     31278.5650    1673.8975      6.10216     6.10216   17512.6503     4.56600      1 chain_02/itr_00182_trial_01.rho
     2      183      0.04281     29948.6955   -1329.8695      5.97103     5.97103   17512.6503     4.56600      1 chain_02/itr_00183_trial_01.rho
     2      184      0.04208     28265.5575   -1683.1379      5.80082     5.80082   17512.6503     4.56600      1 chain_02/itr_00184_trial_01.rho
     2      185      0.04136     28265.5575       0.0000      5.80082     5.80082   17512.6503     4.56600      0 -
     2      186      0.04065     28265.7752       0.2177      5.80084     5.80084   17512.6503     4.56600      1 chain_02/itr_00186_trial_01.rho
     2      187      0.03995     24575.8508   -3689.9244      5.40897     5.40897   17512.6503     4.56600      1 chain_02/itr_00187_trial_01.rho
     2      188      0.03926     24295.9079    -279.9429      5.37808     5.37808   17512.6503     4.56600      1 chain_02/itr_00188_trial_01.rho
     2      189      0.03859     24782.1831     486.2753      5.43163     5.43163   17512.6503     4.56600      1 chain_02/itr_00189_trial_01.rho
     2      190      0.03793     24782.1831       0.0000      5.43163     5.43163   17512.6503     4.56600      0 -
     2      191      0.03728     24970.6933     188.5101      5.45225     5.45225   17512.6503     4.56600      1 chain_02/itr_00191_trial_01.rho
     2      192      0.03664     24970.6933       0.0000      5.45225     5.45225   17512.6503     4.56600      0 -
     2      193      0.03601     24970.6933       0.0000      5.45225     5.45225   17512.6503     4.56600      0 -
     2      194      0.03539     24970.6933       0.0000      5.45225     5.45225   17512.6503     4.56600      0 -
     2      195      0.03478     24970.6933       0.0000      5.45225     5.45225   17512.6503     4.56600      0 -
     2      196      0.03418     24970.6933       0.0000      5.45225     5.45225   17512.6503     4.56600      0 -
     2      197       0.0336     24970.6933       0.0000      5.45225     5.45225   17512.6503     4.56600      0 -
     2      198      0.03302     25668.4081     697.7148      5.52790     5.52790   17512.6503     4.56600      1 chain_02/itr_00198_trial_01.rho
     2      199      0.03245     23871.3768   -1797.0313      5.33088     5.33088   17512.6503     4.56600      1 chain_02/itr_00199_trial_01.rho
     2      200       0.0319     23405.1482    -466.2285      5.27857     5.27857   17512.6503     4.56600      1 chain_02/itr_00200_trial_01.rho
     2      201      0.03135     22614.6061    -790.5421      5.18866     5.18866   17512.6503     4.56600      1 chain_02/itr_00201_trial_01.rho
     2      202      0.03081     22614.6061       0.0000      5.18866     5.18866   17512.6503     4.56600      0 -
     2      203      0.03028     22614.6061       0.0000      5.18866     5.18866   17512.6503     4.56600      0 -
     2      204      0.02976     23539.5717     924.9656      5.29370     5.29370   17512.6503     4.56600      1 chain_02/itr_00204_trial_01.rho
     2      205      0.02925     22941.8619    -597.7098      5.22606     5.22606   17512.6503     4.56600      1 chain_02/itr_00205_trial_01.rho
     2      206      0.02875     22975.7020      33.8401      5.22992     5.22992   17512.6503     4.56600      1 chain_02/itr_00206_trial_01.rho
     2      207      0.02826     24034.0885    1058.3866      5.34902     5.34902   17512.6503     4.56600      1 chain_02/itr_00207_trial_01.rho
     2      208      0.02777     24034.0885       0.0000      5.34902     5.34902   17512.6503     4.56600      0 -
     2      209       0.0273     24034.0885       0.0000      5.34902     5.34902   17512.6503     4.56600      0 -
     2      210      0.02683     24730.6087     696.5202      5.42597     5.42597   17512.6503     4.56600      1 chain_02/itr_00210_trial_01.rho
     2      211      0.02637     24255.2978    -475.3109      5.37358     5.37358   17512.6503     4.56600      1 chain_02/itr_00211_trial_01.rho
     2      212      0.02591     24255.2978       0.0000      5.37358     5.37358   17512.6503     4.56600      0 -
     2      213      0.02547     24959.4885     704.1907      5.45103     5.45103   17512.6503     4.56600      1 chain_02/itr_00213_trial_01.rho
     2      214      0.02503     24509.7998    -449.6887      5.40170     5.40170   17512.6503     4.56600      1 chain_02/itr_00214_trial_01.rho
     2      215       0.0246     24509.7998       0.0000      5.40170     5.40170   17512.6503     4.56600      0 -
     2      216      0.02418     22765.9209   -1743.8789      5.20599     5.20599   17512.6503     4.56600      1 chain_02/itr_00216_trial_01.rho
     2      217      0.02377     22765.9209       0.0000      5.20599     5.20599   17512.6503     4.56600      0 -
     2      218      0.02336     22613.8196    -152.1012      5.18857     5.18857   17512.6503     4.56600      1 chain_02/itr_00218_trial_01.rho
     2      219      0.02296     22571.3902     -42.4294      5.18370     5.18370   17512.6503     4.56600      1 chain_02/itr_00219_trial_01.rho
     2      220      0.02256     22571.3902       0.0000      5.18370     5.18370   17512.6503     4.56600      0 -
     2      221      0.02218     22571.3902       0.0000      5.18370     5.18370   17512.6503     4.56600      0 -
     2      222      0.02179     23272.9526     701.5624      5.26364     5.26364   17512.6503     4.56600      1 chain_02/itr_00222_trial_01.rho
     2      223      0.02142     23272.9526       0.0000      5.26364     5.26364   17512.6503     4.56600      0 -
     2      224      0.02105     23218.3008     -54.6518      5.25746     5.25746   17512.6503     4.56600      1 chain_02/itr_00224_trial_01.rho
     2      225      0.02069     22878.0069    -340.2939      5.21879     5.21879   17512.6503     4.56600      1 chain_02/itr_00225_trial_01.rho
     2      226      0.02034     22595.0227    -282.9842      5.18641     5.18641   17512.6503     4.56600      1 chain_02/itr_00226_trial_01.rho
     2      227      0.01999     22323.1809    -271.8418      5.15512     5.15512   17512.6503     4.56600      1 chain_02/itr_00227_trial_01.rho
     2      228      0.01964     22323.1809       0.0000      5.15512     5.15512   17512.6503     4.56600      0 -
     2      229      0.01931     22323.1809       0.0000      5.15512     5.15512   17512.6503     4.56600      0 -
     2      230      0.01898     22323.1809       0.0000      5.15512     5.15512   17512.6503     4.56600      0 -
     2      231      0.01865     22323.1809       0.0000      5.15512     5.15512   17512.6503     4.56600      0 -
     2      232      0.01833     22419.2833      96.1024      5.16620     5.16620   17512.6503     4.56600      1 chain_02/itr_00232_trial_01.rho
     2      233      0.01802     21815.1558    -604.1275      5.09612     5.09612   17512.6503     4.56600      1 chain_02/itr_00233_trial_01.rho
     2      234      0.01771     21815.1558       0.0000      5.09612     5.09612   17512.6503     4.56600      0 -
     2      235       0.0174     21815.1558       0.0000      5.09612     5.09612   17512.6503     4.56600      0 -
     2      236       0.0171     21815.1558       0.0000      5.09612     5.09612   17512.6503     4.56600      0 -
     2      237      0.01681     21443.6856    -371.4702      5.05254     5.05254   17512.6503     4.56600      1 chain_02/itr_00237_trial_01.rho
     2      238      0.01652     21009.3880    -434.2975      5.00112     5.00112   17512.6503     4.56600      1 chain_02/itr_00238_trial_01.rho
     2      239      0.01624     21074.9347      65.5466      5.00891     5.00891   17512.6503     4.56600      1 chain_02/itr_00239_trial_01.rho
     2      240      0.01596     21074.9347       0.0000      5.00891     5.00891   17512.6503     4.56600      0 -
     2      241      0.01569     21074.9347       0.0000      5.00891     5.00891   17512.6503     4.56600      0 -
     2      242      0.01542     21074.9347       0.0000      5.00891     5.00891   17512.6503     4.56600      0 -
     2      243      0.01515     21074.9347       0.0000      5.00891     5.00891   17512.6503     4.56600      0 -
     2      244      0.01489     21090.1526      15.2179      5.01072     5.01072   17512.6503     4.56600      1 chain_02/itr_00244_trial_01.rho
     2      245      0.01464     21090.1526       0.0000      5.01072     5.01072   17512.6503     4.56600      0 -
     2      246      0.01438     21090.1526       0.0000      5.01072     5.01072   17512.6503     4.56600      0 -
     2      247      0.01414     20967.7968    -122.3558      4.99616     4.99616   17512.6503     4.56600      1 chain_02/itr_00247_trial_01.rho
     2      248      0.01389     20589.8365    -377.9603      4.95093     4.95093   17512.6503     4.56600      1 chain_02/itr_00248_trial_01.rho
     2      249      0.01366     20589.8365       0.0000      4.95093     4.95093   17512.6503     4.56600      0 -
     2      250      0.01342     19985.2719    -604.5645      4.87770     4.87770   17512.6503     4.56600      1 chain_02/itr_00250_trial_01.rho
     2      251      0.01319     19970.0663     -15.2056      4.87585     4.87585   17512.6503     4.56600      1 chain_02/itr_00251_trial_01.rho
     2      252      0.01297     19970.0663       0.0000      4.87585     4.87585   17512.6503     4.56600      0 -
     2      253      0.01274     19558.8149    -411.2514      4.82538     4.82538   17512.6503     4.56600      1 chain_02/itr_00253_trial_01.rho
     2      254      0.01252     19950.8698     392.0549      4.87350     4.87350   17512.6503     4.56600      1 chain_02/itr_00254_trial_01.rho
     2      255      0.01231     19291.9541    -658.9157      4.79235     4.79235   17512.6503     4.56600      1 chain_02/itr_00255_trial_01.rho
     2      256       0.0121     19291.9541       0.0000      4.79235     4.79235   17512.6503     4.56600      0 -
     2      257      0.01189     19129.5141    -162.4400      4.77213     4.77213   17512.6503     4.56600      1 chain_02/itr_00257_trial_01.rho
     2      258      0.01169     18740.9296    -388.5846      4.72341     4.72341   17512.6503     4.56600      1 chain_02/itr_00258_trial_01.rho
     2      259      0.01149     18740.9296       0.0000      4.72341     4.72341   17512.6503     4.56600      0 -
     2      260      0.01129     18740.9296       0.0000      4.72341     4.72341   17512.6503     4.56600      0 -
     2      261      0.01109     18740.9296       0.0000      4.72341     4.72341   17512.6503     4.56600      0 -
     2      262       0.0109     18740.9296       0.0000      4.72341     4.72341   17512.6503     4.56600      0 -
     2      263      0.01072     19032.0854     291.1558      4.75996     4.75996   17512.6503     4.56600      1 chain_02/itr_00263_trial_01.rho
     2      264      0.01053     19032.0854       0.0000      4.75996     4.75996   17512.6503     4.56600      0 -
     2      265      0.01035     18978.8147     -53.2707      4.75330     4.75330   17512.6503     4.56600      1 chain_02/itr_00265_trial_01.rho
     2      266      0.01017     18978.8147       0.0000      4.75330     4.75330   17512.6503     4.56600      0 -
     2      267         0.01     18978.8147       0.0000      4.75330     4.75330   17512.6503     4.56600      0 -
     2      268     0.009828     19050.0006      71.1859      4.76220     4.76220   17512.6503     4.56600      1 chain_02/itr_00268_trial_01.rho
     2      269      0.00966     19050.0006       0.0000      4.76220     4.76220   17512.6503     4.56600      0 -
     2      270     0.009494     19050.0006       0.0000      4.76220     4.76220   17512.6503     4.56600      0 -
     2      271     0.009331     18915.3277    -134.6730      4.74534     4.74534   17512.6503     4.56600      1 chain_02/itr_00271_trial_01.rho
     2      272     0.009171     18977.1785      61.8508      4.75309     4.75309   17512.6503     4.56600      1 chain_02/itr_00272_trial_01.rho
     2      273     0.009013     18927.6968     -49.4817      4.74689     4.74689   17512.6503     4.56600      1 chain_02/itr_00273_trial_01.rho
     2      274     0.008859     18927.6968       0.0000      4.74689     4.74689   17512.6503     4.56600      0 -
     2      275     0.008707     18927.6968       0.0000      4.74689     4.74689   17512.6503     4.56600      0 -
     2      276     0.008557     18927.6968       0.0000      4.74689     4.74689   17512.6503     4.56600      0 -
     2      277      0.00841     18684.8114    -242.8854      4.71634     4.71634   17512.6503     4.56600      1 chain_02/itr_00277_trial_01.rho
     2      278     0.008266     18389.2442    -295.5672      4.67888     4.67888   17512.6503     4.56600      1 chain_02/itr_00278_trial_01.rho
     2      279     0.008124     17714.8055    -674.4388      4.59228     4.59228   17512.6503     4.56600      1 chain_02/itr_00279_trial_01.rho
     2      280     0.007985     17714.8055       0.0000      4.59228     4.59228   17512.6503     4.56600      0 -
     2      281     0.007848     17782.0303      67.2248      4.60099     4.60099   17512.6503     4.56600      1 chain_02/itr_00281_trial_01.rho
     2      282     0.007713     17782.0303       0.0000      4.60099     4.60099   17512.6503     4.56600      0 -
     2      283     0.007581     17186.2725    -595.7578      4.52326     4.52326   17186.2725     4.52326      1 chain_02/itr_00283_trial_01.rho
     2      284      0.00745     17186.2725       0.0000      4.52326     4.52326   17186.2725     4.52326      0 -
     2      285     0.007323     16832.3796    -353.8929      4.47644     4.47644   16832.3796     4.47644      1 chain_02/itr_00285_trial_01.rho
     2      286     0.007197     16339.5500    -492.8296      4.41042     4.41042   16339.5500     4.41042      1 chain_02/itr_00286_trial_01.rho
     2      287     0.007073     16339.5500       0.0000      4.41042     4.41042   16339.5500     4.41042      0 -
     2      288     0.006952     16339.5500       0.0000      4.41042     4.41042   16339.5500     4.41042      0 -
     2      289     0.006833     16339.5500       0.0000      4.41042     4.41042   16339.5500     4.41042      0 -
     2      290     0.006715     16228.5448    -111.0052      4.39542     4.39542   16228.5448     4.39542      1 chain_02/itr_00290_trial_01.rho
     2      291       0.0066     16228.5448       0.0000      4.39542     4.39542   16228.5448     4.39542      0 -
     2      292     0.006487     16228.5448       0.0000      4.39542     4.39542   16228.5448     4.39542      0 -
     2      293     0.006375     16423.8247     195.2800      4.42178     4.42178   16228.5448     4.39542      1 chain_02/itr_00293_trial_01.rho
     2      294     0.006266     16613.0979     189.2732      4.44719     4.44719   16228.5448     4.39542      1 chain_02/itr_00294_trial_01.rho
     2      295     0.006158     16721.8315     108.7335      4.46172     4.46172   16228.5448     4.39542      1 chain_02/itr_00295_trial_01.rho
     2      296     0.006053     16721.8315       0.0000      4.46172     4.46172   16228.5448     4.39542      0 -
     2      297     0.005949     16638.5233     -83.3082      4.45059     4.45059   16228.5448     4.39542      1 chain_02/itr_00297_trial_01.rho
     2      298     0.005847     16638.5233       0.0000      4.45059     4.45059   16228.5448     4.39542      0 -
     2      299     0.005746     16638.5233       0.0000      4.45059     4.45059   16228.5448     4.39542      0 -
     2      300     0.005648     16260.3760    -378.1472      4.39973     4.39973   16228.5448     4.39542      1 chain_02/itr_00300_trial_01.rho
     2      301     0.005551     16260.3760       0.0000      4.39973     4.39973   16228.5448     4.39542      0 -
     2      302     0.005456     16260.3760       0.0000      4.39973     4.39973   16228.5448     4.39542      0 -
     2      303     0.005362     16260.3760       0.0000      4.39973     4.39973   16228.5448     4.39542      0 -
     2      304      0.00527     16114.1693    -146.2067      4.37990     4.37990   16114.1693     4.37990      1 chain_02/itr_00304_trial_01.rho
     2      305     0.005179     16114.1693       0.0000      4.37990     4.37990   16114.1693     4.37990      0 -
     2      306     0.005091     16114.1693       0.0000      4.37990     4.37990   16114.1693     4.37990      0 -
     2      307     0.005003     15840.0839    -274.0854      4.34249     4.34249   15840.0839     4.34249      1 chain_02/itr_00307_trial_01.rho
     2      308     0.004917     15840.0839       0.0000      4.34249     4.34249   15840.0839     4.34249      0 -
     2      309     0.004833     15840.0839       0.0000      4.34249     4.34249   15840.0839     4.34249      0 -
     2      310      0.00475     15474.6568    -365.4271      4.29211     4.29211   15474.6568     4.29211      1 chain_02/itr_00310_trial_01.rho
     2      311     0.004668     15474.6568       0.0000      4.29211     4.29211   15474.6568     4.29211      0 -
     2      312     0.004588     14917.3550    -557.3018      4.21411     4.21411   14917.3550     4.21411      1 chain_02/itr_00312_trial_01.rho
     2      313      0.00451     14917.3550       0.0000      4.21411     4.21411   14917.3550     4.21411      0 -
     2      314     0.004432     14917.3550       0.0000      4.21411     4.21411   14917.3550     4.21411      0 -
     2      315     0.004356     14858.4772     -58.8779      4.20579     4.20579   14858.4772     4.20579      1 chain_02/itr_00315_trial_01.rho
     2      316     0.004281     14858.4772       0.0000      4.20579     4.20579   14858.4772     4.20579      0 -
     2      317     0.004208     14858.4772       0.0000      4.20579     4.20579   14858.4772     4.20579      0 -
     2      318     0.004136     14592.5105    -265.9667      4.16798     4.16798   14592.5105     4.16798      1 chain_02/itr_00318_trial_01.rho
     2      319     0.004065     14592.5105       0.0000      4.16798     4.16798   14592.5105     4.16798      0 -
     2      320     0.003995     14275.7339    -316.7766      4.12249     4.12249   14275.7339     4.12249      1 chain_02/itr_00320_trial_01.rho
     2      321     0.003926     14275.7339       0.0000      4.12249     4.12249   14275.7339     4.12249      0 -
     2      322     0.003859     14050.3996    -225.3342      4.08982     4.08982   14050.3996     4.08982      1 chain_02/itr_00322_trial_01.rho
     2      323     0.003793     14050.3996       0.0000      4.08982     4.08982   14050.3996     4.08982      0 -
     2      324     0.003728     14050.3996       0.0000      4.08982     4.08982   14050.3996     4.08982      0 -
     2      325     0.003664     14094.4910      44.0914      4.09624     4.09624   14050.3996     4.08982      1 chain_02/itr_00325_trial_01.rho
     2      326     0.003601     14072.6625     -21.8285      4.09306     4.09306   14050.3996     4.08982      1 chain_02/itr_00326_trial_01.rho
     2      327     0.003539     14072.6625       0.0000      4.09306     4.09306   14050.3996     4.08982      0 -
     2      328     0.003478     14072.6625       0.0000      4.09306     4.09306   14050.3996     4.08982      0 -
     2      329     0.003418     14072.6625       0.0000      4.09306     4.09306   14050.3996     4.08982      0 -
     2      330      0.00336     14072.6625       0.0000      4.09306     4.09306   14050.3996     4.08982      0 -
     2      331     0.003302     14076.1312       3.4687      4.09357     4.09357   14050.3996     4.08982      1 chain_02/itr_00331_trial_01.rho
     2      332     0.003245     14076.1312       0.0000      4.09357     4.09357   14050.3996     4.08982      0 -
     2      333      0.00319     14076.1312       0.0000      4.09357     4.09357   14050.3996     4.08982      0 -
     2      334     0.003135     14076.1312       0.0000      4.09357     4.09357   14050.3996     4.08982      0 -
     2      335     0.003081     14076.1312       0.0000      4.09357     4.09357   14050.3996     4.08982      0 -
     2      336     0.003028     14076.1312       0.0000      4.09357     4.09357   14050.3996     4.08982      0 -
     2      337     0.002976     14095.5822      19.4510      4.09640     4.09640   14050.3996     4.08982      1 chain_02/itr_00337_trial_01.rho
     2      338     0.002925     14095.5822       0.0000      4.09640     4.09640   14050.3996     4.08982      0 -
     2      339     0.002875     14095.5822       0.0000      4.09640     4.09640   14050.3996     4.08982      0 -
     2      340     0.002826     14074.6621     -20.9201      4.09335     4.09335   14050.3996     4.08982      1 chain_02/itr_00340_trial_01.rho
     2      341     0.002777     14074.6621       0.0000      4.09335     4.09335   14050.3996     4.08982      0 -
     2      342      0.00273     14074.6621       0.0000      4.09335     4.09335   14050.3996     4.08982      0 -
     2      343     0.002683     14074.6621       0.0000      4.09335     4.09335   14050.3996     4.08982      0 -
     2      344     0.002637     14074.6621       0.0000      4.09335     4.09335   14050.3996     4.08982      0 -
     2      345     0.002591     14074.6621       0.0000      4.09335     4.09335   14050.3996     4.08982      0 -
     2      346     0.002547     14074.6621       0.0000      4.09335     4.09335   14050.3996     4.08982      0 -
     2      347     0.002503     14074.6621       0.0000      4.09335     4.09335   14050.3996     4.08982      0 -
     2      348      0.00246     13976.9678     -97.6943      4.07912     4.07912   13976.9678     4.07912      1 chain_02/itr_00348_trial_01.rho
     2      349     0.002418     13976.9678       0.0000      4.07912     4.07912   13976.9678     4.07912      0 -
     2      350     0.002377     13976.9678       0.0000      4.07912     4.07912   13976.9678     4.07912      0 -
     2      351     0.002336     13976.9678       0.0000      4.07912     4.07912   13976.9678     4.07912      0 -
     2      352     0.002296     14005.4442      28.4764      4.08328     4.08328   13976.9678     4.07912      1 chain_02/itr_00352_trial_01.rho
     2      353     0.002256     14005.4442       0.0000      4.08328     4.08328   13976.9678     4.07912      0 -
     2      354     0.002218     14005.4442       0.0000      4.08328     4.08328   13976.9678     4.07912      0 -
     2      355     0.002179     14005.4442       0.0000      4.08328     4.08328   13976.9678     4.07912      0 -
     2      356     0.002142     14071.3955      65.9514      4.09288     4.09288   13976.9678     4.07912      1 chain_02/itr_00356_trial_01.rho
     2      357     0.002105     14071.3955       0.0000      4.09288     4.09288   13976.9678     4.07912      0 -
     2      358     0.002069     14041.1849     -30.2107      4.08848     4.08848   13976.9678     4.07912      1 chain_02/itr_00358_trial_01.rho
     2      359     0.002034     13832.7736    -208.4113      4.05803     4.05803   13832.7736     4.05803      1 chain_02/itr_00359_trial_01.rho
     2      360     0.001999     13832.7736       0.0000      4.05803     4.05803   13832.7736     4.05803      0 -
     2      361     0.001964     13832.7736       0.0000      4.05803     4.05803   13832.7736     4.05803      0 -
     2      362     0.001931     13832.7736       0.0000      4.05803     4.05803   13832.7736     4.05803      0 -
     2      363     0.001898     13832.7736       0.0000      4.05803     4.05803   13832.7736     4.05803      0 -
     2      364     0.001865     13511.6813    -321.0923      4.01065     4.01065   13511.6813     4.01065      1 chain_02/itr_00364_trial_01.rho
     2      365     0.001833     13511.6813       0.0000      4.01065     4.01065   13511.6813     4.01065      0 -
     2      366     0.001802     13344.7217    -166.9597      3.98580     3.98580   13344.7217     3.98580      1 chain_02/itr_00366_trial_01.rho
     2      367     0.001771     13344.7217       0.0000      3.98580     3.98580   13344.7217     3.98580      0 -
     2      368      0.00174     13344.7217       0.0000      3.98580     3.98580   13344.7217     3.98580      0 -
     2      369      0.00171     13344.7217       0.0000      3.98580     3.98580   13344.7217     3.98580      0 -
     2      370     0.001681     13344.7217       0.0000      3.98580     3.98580   13344.7217     3.98580      0 -
     2      371     0.001652     13344.7217       0.0000      3.98580     3.98580   13344.7217     3.98580      0 -
     2      372     0.001624     13344.7217       0.0000      3.98580     3.98580   13344.7217     3.98580      0 -
     2      373     0.001596     13344.7217       0.0000      3.98580     3.98580   13344.7217     3.98580      0 -
     2      374     0.001569     13362.3831      17.6614      3.98843     3.98843   13344.7217     3.98580      1 chain_02/itr_00374_trial_01.rho
     2      375     0.001542     13362.3831       0.0000      3.98843     3.98843   13344.7217     3.98580      0 -
     2      376     0.001515     13361.1847      -1.1984      3.98825     3.98825   13344.7217     3.98580      1 chain_02/itr_00376_trial_01.rho
     2      377     0.001489     13346.6754     -14.5092      3.98609     3.98609   13344.7217     3.98580      1 chain_02/itr_00377_trial_01.rho
     2      378     0.001464     13346.6754       0.0000      3.98609     3.98609   13344.7217     3.98580      0 -
     2      379     0.001438     13346.6754       0.0000      3.98609     3.98609   13344.7217     3.98580      0 -
     2      380     0.001414     13163.0926    -183.5828      3.95858     3.95858   13163.0926     3.95858      1 chain_02/itr_00380_trial_01.rho
     2      381     0.001389     13163.0926       0.0000      3.95858     3.95858   13163.0926     3.95858      0 -
     2      382     0.001366     13163.0926       0.0000      3.95858     3.95858   13163.0926     3.95858      0 -
     2      383     0.001342     13126.2624     -36.8302      3.95304     3.95304   13126.2624     3.95304      1 chain_02/itr_00383_trial_01.rho
     2      384     0.001319     13126.2624       0.0000      3.95304     3.95304   13126.2624     3.95304      0 -
     2      385     0.001297     12974.4340    -151.8284      3.93011     3.93011   12974.4340     3.93011      1 chain_02/itr_00385_trial_01.rho
     2      386     0.001274     12974.4340       0.0000      3.93011     3.93011   12974.4340     3.93011      0 -
     2      387     0.001252     12974.4340       0.0000      3.93011     3.93011   12974.4340     3.93011      0 -
     2      388     0.001231     12974.4340       0.0000      3.93011     3.93011   12974.4340     3.93011      0 -
     2      389      0.00121     12974.4340       0.0000      3.93011     3.93011   12974.4340     3.93011      0 -
     2      390     0.001189     12974.4340       0.0000      3.93011     3.93011   12974.4340     3.93011      0 -
     2      391     0.001169     12974.4340       0.0000      3.93011     3.93011   12974.4340     3.93011      0 -
     2      392     0.001149     12974.4340       0.0000      3.93011     3.93011   12974.4340     3.93011      0 -
     2      393     0.001129     12974.4340       0.0000      3.93011     3.93011   12974.4340     3.93011      0 -
     2      394     0.001109     12974.4340       0.0000      3.93011     3.93011   12974.4340     3.93011      0 -
     2      395      0.00109     12974.4340       0.0000      3.93011     3.93011   12974.4340     3.93011      0 -
     2      396     0.001072     12974.4340       0.0000      3.93011     3.93011   12974.4340     3.93011      0 -
     2      397     0.001053     12798.4751    -175.9589      3.90337     3.90337   12798.4751     3.90337      1 chain_02/itr_00397_trial_01.rho
     2      398     0.001035     12798.4751       0.0000      3.90337     3.90337   12798.4751     3.90337      0 -
     2      399     0.001017     12798.4751       0.0000      3.90337     3.90337   12798.4751     3.90337      0 -
     2      400        0.001     12798.4751       0.0000      3.90337     3.90337   12798.4751     3.90337      0 -
