# VFSA 2D iteration best - 2026-09-14 16:47:36
# chains=2  n_ctrl=250  frac_update_controls=1.0  temp_kappa=1.0  cool_ratio=0.001  target_rms=1.0  n_trials=1
--------------------------------------------------------------------------------------------------------------------------------------------------------------------------------------------------------
 Chain     Iter         Temp       Chi2Curr        dChi2      RMSCurr     CurrRMS     Chi2Best     RMSBest   Nacc Model
--------------------------------------------------------------------------------------------------------------------------------------------------------------------------------------------------------
     1        1            1    772526.1736    2464.1950     30.32613    30.32613  770061.9786    30.27772      1 chain_01/itr_00001_trial_01.rho
     1        2       0.9828    826915.1919   54389.0183     31.37551    31.37551  770061.9786    30.27772      1 chain_01/itr_00002_trial_01.rho
     1        3        0.966   1123936.5667  297021.3748     36.57895    36.57895  770061.9786    30.27772      1 chain_01/itr_00003_trial_01.rho
     1        4       0.9494   1151384.8139   27448.2472     37.02291    37.02291  770061.9786    30.27772      1 chain_01/itr_00004_trial_01.rho
     1        5       0.9331    930350.2798 -221034.5341     33.28002    33.28002  770061.9786    30.27772      1 chain_01/itr_00005_trial_01.rho
     1        6       0.9171   1021249.2680   90898.9882     34.86794    34.86794  770061.9786    30.27772      1 chain_01/itr_00006_trial_01.rho
     1        7       0.9013    961546.2617  -59703.0063     33.83338    33.83338  770061.9786    30.27772      1 chain_01/itr_00007_trial_01.rho
     1        8       0.8859    898118.7062  -63427.5555     32.69845    32.69845  770061.9786    30.27772      1 chain_01/itr_00008_trial_01.rho
     1        9       0.8707    780616.6032 -117502.1029     30.48451    30.48451  770061.9786    30.27772      1 chain_01/itr_00009_trial_01.rho
     1       10       0.8557    817227.4515   36610.8482     31.19118    31.19118  770061.9786    30.27772      1 chain_01/itr_00010_trial_01.rho
     1       11        0.841    838798.4542   21571.0027     31.60015    31.60015  770061.9786    30.27772      1 chain_01/itr_00011_trial_01.rho
     1       12       0.8266    726944.0319 -111854.4223     29.41784    29.41784  726944.0319    29.41784      1 chain_01/itr_00012_trial_01.rho
     1       13       0.8124    719137.3298   -7806.7021     29.25946    29.25946  719137.3298    29.25946      1 chain_01/itr_00013_trial_01.rho
     1       14       0.7985    791015.2151   71877.8854     30.68688    30.68688  719137.3298    29.25946      1 chain_01/itr_00014_trial_01.rho
     1       15       0.7848    549548.2314 -241466.9838     25.57780    25.57780  549548.2314    25.57780      1 chain_01/itr_00015_trial_01.rho
     1       16       0.7713    620440.5650   70892.3336     27.17756    27.17756  549548.2314    25.57780      1 chain_01/itr_00016_trial_01.rho
     1       17       0.7581    561466.5226  -58974.0424     25.85368    25.85368  549548.2314    25.57780      1 chain_01/itr_00017_trial_01.rho
     1       18        0.745    543910.6474  -17555.8752     25.44627    25.44627  543910.6474    25.44627      1 chain_01/itr_00018_trial_01.rho
     1       19       0.7323    559749.7580   15839.1107     25.81412    25.81412  543910.6474    25.44627      1 chain_01/itr_00019_trial_01.rho
     1       20       0.7197    431732.3796 -128017.3784     22.67084    22.67084  431732.3796    22.67084      1 chain_01/itr_00020_trial_01.rho
     1       21       0.7073    423555.3444   -8177.0353     22.45512    22.45512  423555.3444    22.45512      1 chain_01/itr_00021_trial_01.rho
     1       22       0.6952    443399.4637   19844.1193     22.97513    22.97513  423555.3444    22.45512      1 chain_01/itr_00022_trial_01.rho
     1       23       0.6833    381973.7078  -61425.7558     21.32441    21.32441  381973.7078    21.32441      1 chain_01/itr_00023_trial_01.rho
     1       24       0.6715    353186.9210  -28786.7868     20.50514    20.50514  353186.9210    20.50514      1 chain_01/itr_00024_trial_01.rho
     1       25         0.66    360865.5865    7678.6655     20.72684    20.72684  353186.9210    20.50514      1 chain_01/itr_00025_trial_01.rho
     1       26       0.6487    313993.5944  -46871.9921     19.33396    19.33396  313993.5944    19.33396      1 chain_01/itr_00026_trial_01.rho
     1       27       0.6375    331938.8833   17945.2888     19.87877    19.87877  313993.5944    19.33396      1 chain_01/itr_00027_trial_01.rho
     1       28       0.6266    350263.8227   18324.9395     20.42011    20.42011  313993.5944    19.33396      1 chain_01/itr_00028_trial_01.rho
     1       29       0.6158    335256.3108  -15007.5119     19.97785    19.97785  313993.5944    19.33396      1 chain_01/itr_00029_trial_01.rho
     1       30       0.6053    306926.9362  -28329.3747     19.11516    19.11516  306926.9362    19.11516      1 chain_01/itr_00030_trial_01.rho
     1       31       0.5949    296823.2581  -10103.6781     18.79790    18.79790  296823.2581    18.79790      1 chain_01/itr_00031_trial_01.rho
     1       32       0.5847    298780.8919    1957.6338     18.85979    18.85979  296823.2581    18.79790      1 chain_01/itr_00032_trial_01.rho
     1       33       0.5746    275437.5223  -23343.3696     18.10806    18.10806  275437.5223    18.10806      1 chain_01/itr_00033_trial_01.rho
     1       34       0.5648    252527.7989  -22909.7234     17.33864    17.33864  252527.7989    17.33864      1 chain_01/itr_00034_trial_01.rho
     1       35       0.5551    250393.0020   -2134.7970     17.26519    17.26519  250393.0020    17.26519      1 chain_01/itr_00035_trial_01.rho
     1       36       0.5456    207233.6237  -43159.3783     15.70690    15.70690  207233.6237    15.70690      1 chain_01/itr_00036_trial_01.rho
     1       37       0.5362    187454.2860  -19779.3377     14.93854    14.93854  187454.2860    14.93854      1 chain_01/itr_00037_trial_01.rho
     1       38        0.527    191829.7462    4375.4602     15.11187    15.11187  187454.2860    14.93854      1 chain_01/itr_00038_trial_01.rho
     1       39       0.5179    196127.1923    4297.4461     15.28021    15.28021  187454.2860    14.93854      1 chain_01/itr_00039_trial_01.rho
     1       40       0.5091    223477.7417   27350.5494     16.31088    16.31088  187454.2860    14.93854      1 chain_01/itr_00040_trial_01.rho
     1       41       0.5003    213369.9835  -10107.7582     15.93775    15.93775  187454.2860    14.93854      1 chain_01/itr_00041_trial_01.rho
     1       42       0.4917    202784.4426  -10585.5409     15.53738    15.53738  187454.2860    14.93854      1 chain_01/itr_00042_trial_01.rho
     1       43       0.4833    185145.0924  -17639.3502     14.84624    14.84624  185145.0924    14.84624      1 chain_01/itr_00043_trial_01.rho
     1       44        0.475    180958.6500   -4186.4424     14.67743    14.67743  180958.6500    14.67743      1 chain_01/itr_00044_trial_01.rho
     1       45       0.4668    154744.0513  -26214.5987     13.57273    13.57273  154744.0513    13.57273      1 chain_01/itr_00045_trial_01.rho
     1       46       0.4588    139299.0963  -15444.9551     12.87759    12.87759  139299.0963    12.87759      1 chain_01/itr_00046_trial_01.rho
     1       47        0.451    139299.0963       0.0000     12.87759    12.87759  139299.0963    12.87759      0 -
     1       48       0.4432    153195.1676   13896.0713     13.50464    13.50464  139299.0963    12.87759      1 chain_01/itr_00048_trial_01.rho
     1       49       0.4356    150413.0609   -2782.1067     13.38145    13.38145  139299.0963    12.87759      1 chain_01/itr_00049_trial_01.rho
     1       50       0.4281    154948.5696    4535.5088     13.58170    13.58170  139299.0963    12.87759      1 chain_01/itr_00050_trial_01.rho
     1       51       0.4208    150048.2968   -4900.2729     13.36521    13.36521  139299.0963    12.87759      1 chain_01/itr_00051_trial_01.rho
     1       52       0.4136    159830.3534    9782.0567     13.79399    13.79399  139299.0963    12.87759      1 chain_01/itr_00052_trial_01.rho
     1       53       0.4065    165098.5278    5268.1743     14.01948    14.01948  139299.0963    12.87759      1 chain_01/itr_00053_trial_01.rho
     1       54       0.3995    174396.9608    9298.4331     14.40887    14.40887  139299.0963    12.87759      1 chain_01/itr_00054_trial_01.rho
     1       55       0.3926    168822.6736   -5574.2873     14.17672    14.17672  139299.0963    12.87759      1 chain_01/itr_00055_trial_01.rho
     1       56       0.3859    146798.3976  -22024.2760     13.21968    13.21968  139299.0963    12.87759      1 chain_01/itr_00056_trial_01.rho
     1       57       0.3793    146798.3976       0.0000     13.21968    13.21968  139299.0963    12.87759      0 -
     1       58       0.3728    148924.0666    2125.6690     13.31505    13.31505  139299.0963    12.87759      1 chain_01/itr_00058_trial_01.rho
     1       59       0.3664    148924.0666       0.0000     13.31505    13.31505  139299.0963    12.87759      0 -
     1       60       0.3601    159851.9829   10927.9163     13.79493    13.79493  139299.0963    12.87759      1 chain_01/itr_00060_trial_01.rho
     1       61       0.3539    138291.1050  -21560.8778     12.83091    12.83091  138291.1050    12.83091      1 chain_01/itr_00061_trial_01.rho
     1       62       0.3478    141252.2682    2961.1632     12.96755    12.96755  138291.1050    12.83091      1 chain_01/itr_00062_trial_01.rho
     1       63       0.3418    127228.2166  -14024.0516     12.30700    12.30700  127228.2166    12.30700      1 chain_01/itr_00063_trial_01.rho
     1       64        0.336    126790.0145    -438.2021     12.28578    12.28578  126790.0145    12.28578      1 chain_01/itr_00064_trial_01.rho
     1       65       0.3302    133547.6318    6757.6173     12.60894    12.60894  126790.0145    12.28578      1 chain_01/itr_00065_trial_01.rho
     1       66       0.3245    125239.0607   -8308.5711     12.21041    12.21041  125239.0607    12.21041      1 chain_01/itr_00066_trial_01.rho
     1       67        0.319    124612.5875    -626.4732     12.17983    12.17983  124612.5875    12.17983      1 chain_01/itr_00067_trial_01.rho
     1       68       0.3135    127485.1732    2872.5857     12.31942    12.31942  124612.5875    12.17983      1 chain_01/itr_00068_trial_01.rho
     1       69       0.3081    130052.0174    2566.8442     12.44282    12.44282  124612.5875    12.17983      1 chain_01/itr_00069_trial_01.rho
     1       70       0.3028    126779.6971   -3272.3202     12.28528    12.28528  124612.5875    12.17983      1 chain_01/itr_00070_trial_01.rho
     1       71       0.2976    146176.3045   19396.6074     13.19164    13.19164  124612.5875    12.17983      1 chain_01/itr_00071_trial_01.rho
     1       72       0.2925    146176.3045       0.0000     13.19164    13.19164  124612.5875    12.17983      0 -
     1       73       0.2875    144143.0117   -2033.2928     13.09957    13.09957  124612.5875    12.17983      1 chain_01/itr_00073_trial_01.rho
     1       74       0.2826    122539.8030  -21603.2087     12.07811    12.07811  122539.8030    12.07811      1 chain_01/itr_00074_trial_01.rho
     1       75       0.2777    122539.8030       0.0000     12.07811    12.07811  122539.8030    12.07811      0 -
     1       76        0.273    113032.9452   -9506.8578     11.60013    11.60013  113032.9452    11.60013      1 chain_01/itr_00076_trial_01.rho
     1       77       0.2683    108225.1816   -4807.7635     11.35075    11.35075  108225.1816    11.35075      1 chain_01/itr_00077_trial_01.rho
     1       78       0.2637    100792.8967   -7432.2849     10.95407    10.95407  100792.8967    10.95407      1 chain_01/itr_00078_trial_01.rho
     1       79       0.2591    100792.8967       0.0000     10.95407    10.95407  100792.8967    10.95407      0 -
     1       80       0.2547     99353.9178   -1438.9789     10.87559    10.87559   99353.9178    10.87559      1 chain_01/itr_00080_trial_01.rho
     1       81       0.2503     92653.0681   -6700.8498     10.50244    10.50244   92653.0681    10.50244      1 chain_01/itr_00081_trial_01.rho
     1       82        0.246     73337.6158  -19315.4522      9.34380     9.34380   73337.6158     9.34380      1 chain_01/itr_00082_trial_01.rho
     1       83       0.2418     70256.0368   -3081.5790      9.14539     9.14539   70256.0368     9.14539      1 chain_01/itr_00083_trial_01.rho
     1       84       0.2377     70256.0368       0.0000      9.14539     9.14539   70256.0368     9.14539      0 -
     1       85       0.2336     77411.0266    7154.9898      9.59979     9.59979   70256.0368     9.14539      1 chain_01/itr_00085_trial_01.rho
     1       86       0.2296     77411.0266       0.0000      9.59979     9.59979   70256.0368     9.14539      0 -
     1       87       0.2256     77071.4228    -339.6037      9.57871     9.57871   70256.0368     9.14539      1 chain_01/itr_00087_trial_01.rho
     1       88       0.2218     70915.5811   -6155.8418      9.18822     9.18822   70256.0368     9.14539      1 chain_01/itr_00088_trial_01.rho
     1       89       0.2179     65104.1355   -5811.4455      8.80369     8.80369   65104.1355     8.80369      1 chain_01/itr_00089_trial_01.rho
     1       90       0.2142     55612.3582   -9491.7773      8.13666     8.13666   55612.3582     8.13666      1 chain_01/itr_00090_trial_01.rho
     1       91       0.2105     51317.1957   -4295.1625      7.81613     7.81613   51317.1957     7.81613      1 chain_01/itr_00091_trial_01.rho
     1       92       0.2069     52312.3842     995.1885      7.89156     7.89156   51317.1957     7.81613      1 chain_01/itr_00092_trial_01.rho
     1       93       0.2034     48120.5497   -4191.8345      7.56878     7.56878   48120.5497     7.56878      1 chain_01/itr_00093_trial_01.rho
     1       94       0.1999     48120.5497       0.0000      7.56878     7.56878   48120.5497     7.56878      0 -
     1       95       0.1964     53874.4926    5753.9429      8.00851     8.00851   48120.5497     7.56878      1 chain_01/itr_00095_trial_01.rho
     1       96       0.1931     55937.1683    2062.6757      8.16038     8.16038   48120.5497     7.56878      1 chain_01/itr_00096_trial_01.rho
     1       97       0.1898     54299.9204   -1637.2479      8.04007     8.04007   48120.5497     7.56878      1 chain_01/itr_00097_trial_01.rho
     1       98       0.1865     54299.9204       0.0000      8.04007     8.04007   48120.5497     7.56878      0 -
     1       99       0.1833     51410.6894   -2889.2311      7.82325     7.82325   48120.5497     7.56878      1 chain_01/itr_00099_trial_01.rho
     1      100       0.1802     51438.8902      28.2008      7.82539     7.82539   48120.5497     7.56878      1 chain_01/itr_00100_trial_01.rho
     1      101       0.1771     49483.3887   -1955.5015      7.67521     7.67521   48120.5497     7.56878      1 chain_01/itr_00101_trial_01.rho
     1      102        0.174     50244.3167     760.9280      7.73399     7.73399   48120.5497     7.56878      1 chain_01/itr_00102_trial_01.rho
     1      103        0.171     47328.0295   -2916.2872      7.50619     7.50619   47328.0295     7.50619      1 chain_01/itr_00103_trial_01.rho
     1      104       0.1681     47842.0818     514.0523      7.54684     7.54684   47328.0295     7.50619      1 chain_01/itr_00104_trial_01.rho
     1      105       0.1652     46782.5943   -1059.4875      7.46281     7.46281   46782.5943     7.46281      1 chain_01/itr_00105_trial_01.rho
     1      106       0.1624     45120.1910   -1662.4032      7.32902     7.32902   45120.1910     7.32902      1 chain_01/itr_00106_trial_01.rho
     1      107       0.1596     45485.7342     365.5431      7.35865     7.35865   45120.1910     7.32902      1 chain_01/itr_00107_trial_01.rho
     1      108       0.1569     42084.9211   -3400.8130      7.07821     7.07821   42084.9211     7.07821      1 chain_01/itr_00108_trial_01.rho
     1      109       0.1542     42006.0942     -78.8270      7.07158     7.07158   42006.0942     7.07158      1 chain_01/itr_00109_trial_01.rho
     1      110       0.1515     42647.4964     641.4022      7.12537     7.12537   42006.0942     7.07158      1 chain_01/itr_00110_trial_01.rho
     1      111       0.1489     41707.5848    -939.9116      7.04641     7.04641   41707.5848     7.04641      1 chain_01/itr_00111_trial_01.rho
     1      112       0.1464     40215.5784   -1492.0065      6.91923     6.91923   40215.5784     6.91923      1 chain_01/itr_00112_trial_01.rho
     1      113       0.1438     39853.4313    -362.1471      6.88800     6.88800   39853.4313     6.88800      1 chain_01/itr_00113_trial_01.rho
     1      114       0.1414     41450.8910    1597.4597      7.02469     7.02469   39853.4313     6.88800      1 chain_01/itr_00114_trial_01.rho
     1      115       0.1389     39061.0651   -2389.8259      6.81918     6.81918   39061.0651     6.81918      1 chain_01/itr_00115_trial_01.rho
     1      116       0.1366     40578.6994    1517.6342      6.95039     6.95039   39061.0651     6.81918      1 chain_01/itr_00116_trial_01.rho
     1      117       0.1342     43819.6776    3240.9782      7.22262     7.22262   39061.0651     6.81918      1 chain_01/itr_00117_trial_01.rho
     1      118       0.1319     43270.4611    -549.2165      7.17722     7.17722   39061.0651     6.81918      1 chain_01/itr_00118_trial_01.rho
     1      119       0.1297     44258.2676     987.8064      7.25868     7.25868   39061.0651     6.81918      1 chain_01/itr_00119_trial_01.rho
     1      120       0.1274     44146.3527    -111.9148      7.24950     7.24950   39061.0651     6.81918      1 chain_01/itr_00120_trial_01.rho
     1      121       0.1252     45912.4631    1766.1103      7.39308     7.39308   39061.0651     6.81918      1 chain_01/itr_00121_trial_01.rho
     1      122       0.1231     43216.1943   -2696.2688      7.17272     7.17272   39061.0651     6.81918      1 chain_01/itr_00122_trial_01.rho
     1      123        0.121     42556.4336    -659.7607      7.11775     7.11775   39061.0651     6.81918      1 chain_01/itr_00123_trial_01.rho
     1      124       0.1189     43056.7612     500.3277      7.15947     7.15947   39061.0651     6.81918      1 chain_01/itr_00124_trial_01.rho
     1      125       0.1169     42454.2452    -602.5160      7.10920     7.10920   39061.0651     6.81918      1 chain_01/itr_00125_trial_01.rho
     1      126       0.1149     42454.2452       0.0000      7.10920     7.10920   39061.0651     6.81918      0 -
     1      127       0.1129     41075.9363   -1378.3089      6.99285     6.99285   39061.0651     6.81918      1 chain_01/itr_00127_trial_01.rho
     1      128       0.1109     40518.4389    -557.4975      6.94523     6.94523   39061.0651     6.81918      1 chain_01/itr_00128_trial_01.rho
     1      129        0.109     39596.8364    -921.6024      6.86579     6.86579   39061.0651     6.81918      1 chain_01/itr_00129_trial_01.rho
     1      130       0.1072     39762.8105     165.9741      6.88017     6.88017   39061.0651     6.81918      1 chain_01/itr_00130_trial_01.rho
     1      131       0.1053     40281.2445     518.4340      6.92487     6.92487   39061.0651     6.81918      1 chain_01/itr_00131_trial_01.rho
     1      132       0.1035     39742.7762    -538.4682      6.87843     6.87843   39061.0651     6.81918      1 chain_01/itr_00132_trial_01.rho
     1      133       0.1017     39559.4322    -183.3440      6.86255     6.86255   39061.0651     6.81918      1 chain_01/itr_00133_trial_01.rho
     1      134          0.1     39803.2824     243.8502      6.88367     6.88367   39061.0651     6.81918      1 chain_01/itr_00134_trial_01.rho
     1      135      0.09828     40926.5236    1123.2412      6.98012     6.98012   39061.0651     6.81918      1 chain_01/itr_00135_trial_01.rho
     1      136       0.0966     40926.5236       0.0000      6.98012     6.98012   39061.0651     6.81918      0 -
     1      137      0.09494     40926.5236       0.0000      6.98012     6.98012   39061.0651     6.81918      0 -
     1      138      0.09331     41234.9464     308.4228      7.00637     7.00637   39061.0651     6.81918      1 chain_01/itr_00138_trial_01.rho
     1      139      0.09171     41382.1855     147.2391      7.01887     7.01887   39061.0651     6.81918      1 chain_01/itr_00139_trial_01.rho
     1      140      0.09013     40534.4974    -847.6881      6.94661     6.94661   39061.0651     6.81918      1 chain_01/itr_00140_trial_01.rho
     1      141      0.08859     40534.4974       0.0000      6.94661     6.94661   39061.0651     6.81918      0 -
     1      142      0.08707     41395.6266     861.1291      7.02001     7.02001   39061.0651     6.81918      1 chain_01/itr_00142_trial_01.rho
     1      143      0.08557     41141.4492    -254.1774      6.99842     6.99842   39061.0651     6.81918      1 chain_01/itr_00143_trial_01.rho
     1      144       0.0841     41337.1465     195.6973      7.01505     7.01505   39061.0651     6.81918      1 chain_01/itr_00144_trial_01.rho
     1      145      0.08266     41084.0201    -253.1264      6.99354     6.99354   39061.0651     6.81918      1 chain_01/itr_00145_trial_01.rho
     1      146      0.08124     39672.4438   -1411.5763      6.87234     6.87234   39061.0651     6.81918      1 chain_01/itr_00146_trial_01.rho
     1      147      0.07985     39672.4438       0.0000      6.87234     6.87234   39061.0651     6.81918      0 -
     1      148      0.07848     39470.9258    -201.5180      6.85487     6.85487   39061.0651     6.81918      1 chain_01/itr_00148_trial_01.rho
     1      149      0.07713     39470.9258       0.0000      6.85487     6.85487   39061.0651     6.81918      0 -
     1      150      0.07581     39045.3652    -425.5606      6.81781     6.81781   39045.3652     6.81781      1 chain_01/itr_00150_trial_01.rho
     1      151       0.0745     39039.0491      -6.3161      6.81726     6.81726   39039.0491     6.81726      1 chain_01/itr_00151_trial_01.rho
     1      152      0.07323     38402.4820    -636.5671      6.76145     6.76145   38402.4820     6.76145      1 chain_01/itr_00152_trial_01.rho
     1      153      0.07197     39074.4268     671.9449      6.82035     6.82035   38402.4820     6.76145      1 chain_01/itr_00153_trial_01.rho
     1      154      0.07073     37855.4992   -1218.9276      6.71313     6.71313   37855.4992     6.71313      1 chain_01/itr_00154_trial_01.rho
     1      155      0.06952     37517.6459    -337.8534      6.68310     6.68310   37517.6459     6.68310      1 chain_01/itr_00155_trial_01.rho
     1      156      0.06833     37912.1882     394.5423      6.71815     6.71815   37517.6459     6.68310      1 chain_01/itr_00156_trial_01.rho
     1      157      0.06715     38328.5475     416.3593      6.75494     6.75494   37517.6459     6.68310      1 chain_01/itr_00157_trial_01.rho
     1      158        0.066     38328.5475       0.0000      6.75494     6.75494   37517.6459     6.68310      0 -
     1      159      0.06487     38095.7989    -232.7486      6.73440     6.73440   37517.6459     6.68310      1 chain_01/itr_00159_trial_01.rho
     1      160      0.06375     38962.9144     867.1155      6.81061     6.81061   37517.6459     6.68310      1 chain_01/itr_00160_trial_01.rho
     1      161      0.06266     37734.3501   -1228.5643      6.70238     6.70238   37517.6459     6.68310      1 chain_01/itr_00161_trial_01.rho
     1      162      0.06158     37734.3501       0.0000      6.70238     6.70238   37517.6459     6.68310      0 -
     1      163      0.06053     38992.5341    1258.1840      6.81320     6.81320   37517.6459     6.68310      1 chain_01/itr_00163_trial_01.rho
     1      164      0.05949     38684.1328    -308.4013      6.78620     6.78620   37517.6459     6.68310      1 chain_01/itr_00164_trial_01.rho
     1      165      0.05847     38211.6489    -472.4838      6.74463     6.74463   37517.6459     6.68310      1 chain_01/itr_00165_trial_01.rho
     1      166      0.05746     38285.1277      73.4788      6.75111     6.75111   37517.6459     6.68310      1 chain_01/itr_00166_trial_01.rho
     1      167      0.05648     37320.5934    -964.5343      6.66553     6.66553   37320.5934     6.66553      1 chain_01/itr_00167_trial_01.rho
     1      168      0.05551     36738.9359    -581.6576      6.61338     6.61338   36738.9359     6.61338      1 chain_01/itr_00168_trial_01.rho
     1      169      0.05456     37088.0116     349.0757      6.64473     6.64473   36738.9359     6.61338      1 chain_01/itr_00169_trial_01.rho
     1      170      0.05362     38781.5273    1693.5157      6.79474     6.79474   36738.9359     6.61338      1 chain_01/itr_00170_trial_01.rho
     1      171       0.0527     38613.1454    -168.3819      6.77997     6.77997   36738.9359     6.61338      1 chain_01/itr_00171_trial_01.rho
     1      172      0.05179     39374.4639     761.3185      6.84649     6.84649   36738.9359     6.61338      1 chain_01/itr_00172_trial_01.rho
     1      173      0.05091     39374.4639       0.0000      6.84649     6.84649   36738.9359     6.61338      0 -
     1      174      0.05003     39374.4639       0.0000      6.84649     6.84649   36738.9359     6.61338      0 -
     1      175      0.04917     39374.4639       0.0000      6.84649     6.84649   36738.9359     6.61338      0 -
     1      176      0.04833     40558.2951    1183.8313      6.94865     6.94865   36738.9359     6.61338      1 chain_01/itr_00176_trial_01.rho
     1      177       0.0475     40906.9045     348.6094      6.97845     6.97845   36738.9359     6.61338      1 chain_01/itr_00177_trial_01.rho
     1      178      0.04668     39892.0916   -1014.8129      6.89134     6.89134   36738.9359     6.61338      1 chain_01/itr_00178_trial_01.rho
     1      179      0.04588     39930.6590      38.5674      6.89467     6.89467   36738.9359     6.61338      1 chain_01/itr_00179_trial_01.rho
     1      180       0.0451     39024.7768    -905.8822      6.81602     6.81602   36738.9359     6.61338      1 chain_01/itr_00180_trial_01.rho
     1      181      0.04432     38327.7430    -697.0338      6.75487     6.75487   36738.9359     6.61338      1 chain_01/itr_00181_trial_01.rho
     1      182      0.04356     38202.0621    -125.6809      6.74379     6.74379   36738.9359     6.61338      1 chain_01/itr_00182_trial_01.rho
     1      183      0.04281     38731.1479     529.0858      6.79032     6.79032   36738.9359     6.61338      1 chain_01/itr_00183_trial_01.rho
     1      184      0.04208     38731.1479       0.0000      6.79032     6.79032   36738.9359     6.61338      0 -
     1      185      0.04136     38027.5753    -703.5726      6.72837     6.72837   36738.9359     6.61338      1 chain_01/itr_00185_trial_01.rho
     1      186      0.04065     38027.5753       0.0000      6.72837     6.72837   36738.9359     6.61338      0 -
     1      187      0.03995     38219.7300     192.1547      6.74534     6.74534   36738.9359     6.61338      1 chain_01/itr_00187_trial_01.rho
     1      188      0.03926     38219.7300       0.0000      6.74534     6.74534   36738.9359     6.61338      0 -
     1      189      0.03859     36949.5796   -1270.1504      6.63231     6.63231   36738.9359     6.61338      1 chain_01/itr_00189_trial_01.rho
     1      190      0.03793     36259.0694    -690.5102      6.57005     6.57005   36259.0694     6.57005      1 chain_01/itr_00190_trial_01.rho
     1      191      0.03728     36099.8841    -159.1853      6.55561     6.55561   36099.8841     6.55561      1 chain_01/itr_00191_trial_01.rho
     1      192      0.03664     36099.8841       0.0000      6.55561     6.55561   36099.8841     6.55561      0 -
     1      193      0.03601     35187.3479    -912.5362      6.47223     6.47223   35187.3479     6.47223      1 chain_01/itr_00193_trial_01.rho
     1      194      0.03539     36382.3924    1195.0445      6.58121     6.58121   35187.3479     6.47223      1 chain_01/itr_00194_trial_01.rho
     1      195      0.03478     35549.6759    -832.7165      6.50546     6.50546   35187.3479     6.47223      1 chain_01/itr_00195_trial_01.rho
     1      196      0.03418     35101.0691    -448.6068      6.46429     6.46429   35101.0691     6.46429      1 chain_01/itr_00196_trial_01.rho
     1      197       0.0336     35089.4191     -11.6500      6.46321     6.46321   35089.4191     6.46321      1 chain_01/itr_00197_trial_01.rho
     1      198      0.03302     35089.4191       0.0000      6.46321     6.46321   35089.4191     6.46321      0 -
     1      199      0.03245     34384.0529    -705.3661      6.39792     6.39792   34384.0529     6.39792      1 chain_01/itr_00199_trial_01.rho
     1      200       0.0319     34159.7207    -224.3323      6.37702     6.37702   34159.7207     6.37702      1 chain_01/itr_00200_trial_01.rho
     1      201      0.03135     32999.5436   -1160.1771      6.26779     6.26779   32999.5436     6.26779      1 chain_01/itr_00201_trial_01.rho
     1      202      0.03081     32999.5436       0.0000      6.26779     6.26779   32999.5436     6.26779      0 -
     1      203      0.03028     33029.4717      29.9281      6.27063     6.27063   32999.5436     6.26779      1 chain_01/itr_00203_trial_01.rho
     1      204      0.02976     33686.0216     656.5499      6.33265     6.33265   32999.5436     6.26779      1 chain_01/itr_00204_trial_01.rho
     1      205      0.02925     33539.5748    -146.4468      6.31887     6.31887   32999.5436     6.26779      1 chain_01/itr_00205_trial_01.rho
     1      206      0.02875     32858.4192    -681.1556      6.25437     6.25437   32858.4192     6.25437      1 chain_01/itr_00206_trial_01.rho
     1      207      0.02826     32356.8097    -501.6094      6.20645     6.20645   32356.8097     6.20645      1 chain_01/itr_00207_trial_01.rho
     1      208      0.02777     32356.8097       0.0000      6.20645     6.20645   32356.8097     6.20645      0 -
     1      209       0.0273     32356.8097       0.0000      6.20645     6.20645   32356.8097     6.20645      0 -
     1      210      0.02683     32356.8097       0.0000      6.20645     6.20645   32356.8097     6.20645      0 -
     1      211      0.02637     32380.9757      24.1660      6.20877     6.20877   32356.8097     6.20645      1 chain_01/itr_00211_trial_01.rho
     1      212      0.02591     32380.9757       0.0000      6.20877     6.20877   32356.8097     6.20645      0 -
     1      213      0.02547     32422.1294      41.1537      6.21271     6.21271   32356.8097     6.20645      1 chain_01/itr_00213_trial_01.rho
     1      214      0.02503     33571.3356    1149.2061      6.32186     6.32186   32356.8097     6.20645      1 chain_01/itr_00214_trial_01.rho
     1      215       0.0246     33571.3356       0.0000      6.32186     6.32186   32356.8097     6.20645      0 -
     1      216      0.02418     33571.3356       0.0000      6.32186     6.32186   32356.8097     6.20645      0 -
     1      217      0.02377     33054.3581    -516.9775      6.27299     6.27299   32356.8097     6.20645      1 chain_01/itr_00217_trial_01.rho
     1      218      0.02336     32784.4482    -269.9099      6.24733     6.24733   32356.8097     6.20645      1 chain_01/itr_00218_trial_01.rho
     1      219      0.02296     32594.1895    -190.2587      6.22917     6.22917   32356.8097     6.20645      1 chain_01/itr_00219_trial_01.rho
     1      220      0.02256     32355.9642    -238.2254      6.20637     6.20637   32355.9642     6.20637      1 chain_01/itr_00220_trial_01.rho
     1      221      0.02218     32355.9642       0.0000      6.20637     6.20637   32355.9642     6.20637      0 -
     1      222      0.02179     32206.6877    -149.2765      6.19203     6.19203   32206.6877     6.19203      1 chain_01/itr_00222_trial_01.rho
     1      223      0.02142     31811.6926    -394.9951      6.15395     6.15395   31811.6926     6.15395      1 chain_01/itr_00223_trial_01.rho
     1      224      0.02105     32710.5185     898.8259      6.24028     6.24028   31811.6926     6.15395      1 chain_01/itr_00224_trial_01.rho
     1      225      0.02069     32710.5185       0.0000      6.24028     6.24028   31811.6926     6.15395      0 -
     1      226      0.02034     32710.5185       0.0000      6.24028     6.24028   31811.6926     6.15395      0 -
     1      227      0.01999     32710.5185       0.0000      6.24028     6.24028   31811.6926     6.15395      0 -
     1      228      0.01964     32710.5185       0.0000      6.24028     6.24028   31811.6926     6.15395      0 -
     1      229      0.01931     32737.9517      27.4333      6.24290     6.24290   31811.6926     6.15395      1 chain_01/itr_00229_trial_01.rho
     1      230      0.01898     32737.9517       0.0000      6.24290     6.24290   31811.6926     6.15395      0 -
     1      231      0.01865     32882.2754     144.3236      6.25664     6.25664   31811.6926     6.15395      1 chain_01/itr_00231_trial_01.rho
     1      232      0.01833     32882.2754       0.0000      6.25664     6.25664   31811.6926     6.15395      0 -
     1      233      0.01802     32882.2754       0.0000      6.25664     6.25664   31811.6926     6.15395      0 -
     1      234      0.01771     31988.4340    -893.8414      6.17102     6.17102   31811.6926     6.15395      1 chain_01/itr_00234_trial_01.rho
     1      235       0.0174     31966.5728     -21.8612      6.16891     6.16891   31811.6926     6.15395      1 chain_01/itr_00235_trial_01.rho
     1      236       0.0171     31208.0162    -758.5566      6.09528     6.09528   31208.0162     6.09528      1 chain_01/itr_00236_trial_01.rho
     1      237      0.01681     31208.0162       0.0000      6.09528     6.09528   31208.0162     6.09528      0 -
     1      238      0.01652     31244.3362      36.3200      6.09882     6.09882   31208.0162     6.09528      1 chain_01/itr_00238_trial_01.rho
     1      239      0.01624     30420.1510    -824.1851      6.01785     6.01785   30420.1510     6.01785      1 chain_01/itr_00239_trial_01.rho
     1      240      0.01596     30420.1510       0.0000      6.01785     6.01785   30420.1510     6.01785      0 -
     1      241      0.01569     30420.1510       0.0000      6.01785     6.01785   30420.1510     6.01785      0 -
     1      242      0.01542     31101.9264     681.7753      6.08491     6.08491   30420.1510     6.01785      1 chain_01/itr_00242_trial_01.rho
     1      243      0.01515     31101.9264       0.0000      6.08491     6.08491   30420.1510     6.01785      0 -
     1      244      0.01489     31348.5767     246.6504      6.10899     6.10899   30420.1510     6.01785      1 chain_01/itr_00244_trial_01.rho
     1      245      0.01464     30948.2569    -400.3199      6.06986     6.06986   30420.1510     6.01785      1 chain_01/itr_00245_trial_01.rho
     1      246      0.01438     30948.2569       0.0000      6.06986     6.06986   30420.1510     6.01785      0 -
     1      247      0.01414     30193.5682    -754.6886      5.99539     5.99539   30193.5682     5.99539      1 chain_01/itr_00247_trial_01.rho
     1      248      0.01389     30193.5682       0.0000      5.99539     5.99539   30193.5682     5.99539      0 -
     1      249      0.01366     30193.5682       0.0000      5.99539     5.99539   30193.5682     5.99539      0 -
     1      250      0.01342     30193.5682       0.0000      5.99539     5.99539   30193.5682     5.99539      0 -
     1      251      0.01319     30104.5525     -89.0158      5.98655     5.98655   30104.5525     5.98655      1 chain_01/itr_00251_trial_01.rho
     1      252      0.01297     30104.5525       0.0000      5.98655     5.98655   30104.5525     5.98655      0 -
     1      253      0.01274     30088.3856     -16.1668      5.98494     5.98494   30088.3856     5.98494      1 chain_01/itr_00253_trial_01.rho
     1      254      0.01252     30088.3856       0.0000      5.98494     5.98494   30088.3856     5.98494      0 -
     1      255      0.01231     30315.0185     226.6328      6.00744     6.00744   30088.3856     5.98494      1 chain_01/itr_00255_trial_01.rho
     1      256       0.0121     30315.0185       0.0000      6.00744     6.00744   30088.3856     5.98494      0 -
     1      257      0.01189     29820.8135    -494.2050      5.95827     5.95827   29820.8135     5.95827      1 chain_01/itr_00257_trial_01.rho
     1      258      0.01169     29104.4548    -716.3587      5.88627     5.88627   29104.4548     5.88627      1 chain_01/itr_00258_trial_01.rho
     1      259      0.01149     29104.4548       0.0000      5.88627     5.88627   29104.4548     5.88627      0 -
     1      260      0.01129     28048.2631   -1056.1917      5.77848     5.77848   28048.2631     5.77848      1 chain_01/itr_00260_trial_01.rho
     1      261      0.01109     28264.7340     216.4710      5.80073     5.80073   28048.2631     5.77848      1 chain_01/itr_00261_trial_01.rho
     1      262       0.0109     28300.5830      35.8490      5.80441     5.80441   28048.2631     5.77848      1 chain_01/itr_00262_trial_01.rho
     1      263      0.01072     28300.5830       0.0000      5.80441     5.80441   28048.2631     5.77848      0 -
     1      264      0.01053     28300.5830       0.0000      5.80441     5.80441   28048.2631     5.77848      0 -
     1      265      0.01035     27857.1816    -443.4014      5.75876     5.75876   27857.1816     5.75876      1 chain_01/itr_00265_trial_01.rho
     1      266      0.01017     27857.1816       0.0000      5.75876     5.75876   27857.1816     5.75876      0 -
     1      267         0.01     27857.1816       0.0000      5.75876     5.75876   27857.1816     5.75876      0 -
     1      268     0.009828     27798.2851     -58.8966      5.75267     5.75267   27798.2851     5.75267      1 chain_01/itr_00268_trial_01.rho
     1      269      0.00966     27798.2851       0.0000      5.75267     5.75267   27798.2851     5.75267      0 -
     1      270     0.009494     27798.2851       0.0000      5.75267     5.75267   27798.2851     5.75267      0 -
     1      271     0.009331     27798.2851       0.0000      5.75267     5.75267   27798.2851     5.75267      0 -
     1      272     0.009171     27798.2851       0.0000      5.75267     5.75267   27798.2851     5.75267      0 -
     1      273     0.009013     27709.1081     -89.1770      5.74343     5.74343   27709.1081     5.74343      1 chain_01/itr_00273_trial_01.rho
     1      274     0.008859     27541.0887    -168.0194      5.72599     5.72599   27541.0887     5.72599      1 chain_01/itr_00274_trial_01.rho
     1      275     0.008707     27541.0887       0.0000      5.72599     5.72599   27541.0887     5.72599      0 -
     1      276     0.008557     27541.0887       0.0000      5.72599     5.72599   27541.0887     5.72599      0 -
     1      277      0.00841     27541.0887       0.0000      5.72599     5.72599   27541.0887     5.72599      0 -
     1      278     0.008266     26798.8232    -742.2655      5.64831     5.64831   26798.8232     5.64831      1 chain_01/itr_00278_trial_01.rho
     1      279     0.008124     26798.8232       0.0000      5.64831     5.64831   26798.8232     5.64831      0 -
     1      280     0.007985     27079.4128     280.5896      5.67780     5.67780   26798.8232     5.64831      1 chain_01/itr_00280_trial_01.rho
     1      281     0.007848     27079.4128       0.0000      5.67780     5.67780   26798.8232     5.64831      0 -
     1      282     0.007713     27079.4128       0.0000      5.67780     5.67780   26798.8232     5.64831      0 -
     1      283     0.007581     26948.8526    -130.5602      5.66409     5.66409   26798.8232     5.64831      1 chain_01/itr_00283_trial_01.rho
     1      284      0.00745     26842.7835    -106.0691      5.65294     5.65294   26798.8232     5.64831      1 chain_01/itr_00284_trial_01.rho
     1      285     0.007323     26842.7835       0.0000      5.65294     5.65294   26798.8232     5.64831      0 -
     1      286     0.007197     26842.7835       0.0000      5.65294     5.65294   26798.8232     5.64831      0 -
     1      287     0.007073     26842.7835       0.0000      5.65294     5.65294   26798.8232     5.64831      0 -
     1      288     0.006952     26567.6026    -275.1809      5.62389     5.62389   26567.6026     5.62389      1 chain_01/itr_00288_trial_01.rho
     1      289     0.006833     26567.6026       0.0000      5.62389     5.62389   26567.6026     5.62389      0 -
     1      290     0.006715     26413.2066    -154.3960      5.60752     5.60752   26413.2066     5.60752      1 chain_01/itr_00290_trial_01.rho
     1      291       0.0066     26413.2066       0.0000      5.60752     5.60752   26413.2066     5.60752      0 -
     1      292     0.006487     26127.9337    -285.2729      5.57716     5.57716   26127.9337     5.57716      1 chain_01/itr_00292_trial_01.rho
     1      293     0.006375     25842.3596    -285.5741      5.54659     5.54659   25842.3596     5.54659      1 chain_01/itr_00293_trial_01.rho
     1      294     0.006266     25799.3225     -43.0370      5.54197     5.54197   25799.3225     5.54197      1 chain_01/itr_00294_trial_01.rho
     1      295     0.006158     25513.2012    -286.1213      5.51116     5.51116   25513.2012     5.51116      1 chain_01/itr_00295_trial_01.rho
     1      296     0.006053     25513.2012       0.0000      5.51116     5.51116   25513.2012     5.51116      0 -
     1      297     0.005949     24680.8736    -832.3276      5.42052     5.42052   24680.8736     5.42052      1 chain_01/itr_00297_trial_01.rho
     1      298     0.005847     24680.8736       0.0000      5.42052     5.42052   24680.8736     5.42052      0 -
     1      299     0.005746     23713.3286    -967.5450      5.31321     5.31321   23713.3286     5.31321      1 chain_01/itr_00299_trial_01.rho
     1      300     0.005648     24091.0744     377.7458      5.35536     5.35536   23713.3286     5.31321      1 chain_01/itr_00300_trial_01.rho
     1      301     0.005551     24091.0744       0.0000      5.35536     5.35536   23713.3286     5.31321      0 -
     1      302     0.005456     24091.0744       0.0000      5.35536     5.35536   23713.3286     5.31321      0 -
     1      303     0.005362     24091.0744       0.0000      5.35536     5.35536   23713.3286     5.31321      0 -
     1      304      0.00527     24091.0744       0.0000      5.35536     5.35536   23713.3286     5.31321      0 -
     1      305     0.005179     23740.8055    -350.2689      5.31628     5.31628   23713.3286     5.31321      1 chain_01/itr_00305_trial_01.rho
     1      306     0.005091     23740.8055       0.0000      5.31628     5.31628   23713.3286     5.31321      0 -
     1      307     0.005003     23740.8055       0.0000      5.31628     5.31628   23713.3286     5.31321      0 -
     1      308     0.004917     23740.8055       0.0000      5.31628     5.31628   23713.3286     5.31321      0 -
     1      309     0.004833     22605.7925   -1135.0130      5.18764     5.18764   22605.7925     5.18764      1 chain_01/itr_00309_trial_01.rho
     1      310      0.00475     22275.2169    -330.5755      5.14957     5.14957   22275.2169     5.14957      1 chain_01/itr_00310_trial_01.rho
     1      311     0.004668     22275.2169       0.0000      5.14957     5.14957   22275.2169     5.14957      0 -
     1      312     0.004588     22220.4114     -54.8055      5.14324     5.14324   22220.4114     5.14324      1 chain_01/itr_00312_trial_01.rho
     1      313      0.00451     22220.4114       0.0000      5.14324     5.14324   22220.4114     5.14324      0 -
     1      314     0.004432     21810.7689    -409.6425      5.09561     5.09561   21810.7689     5.09561      1 chain_01/itr_00314_trial_01.rho
     1      315     0.004356     21810.7689       0.0000      5.09561     5.09561   21810.7689     5.09561      0 -
     1      316     0.004281     21810.7689       0.0000      5.09561     5.09561   21810.7689     5.09561      0 -
     1      317     0.004208     21810.7689       0.0000      5.09561     5.09561   21810.7689     5.09561      0 -
     1      318     0.004136     21810.7689       0.0000      5.09561     5.09561   21810.7689     5.09561      0 -
     1      319     0.004065     21810.7689       0.0000      5.09561     5.09561   21810.7689     5.09561      0 -
     1      320     0.003995     21982.5391     171.7703      5.11563     5.11563   21810.7689     5.09561      1 chain_01/itr_00320_trial_01.rho
     1      321     0.003926     21982.5391       0.0000      5.11563     5.11563   21810.7689     5.09561      0 -
     1      322     0.003859     21982.5391       0.0000      5.11563     5.11563   21810.7689     5.09561      0 -
     1      323     0.003793     21982.5391       0.0000      5.11563     5.11563   21810.7689     5.09561      0 -
     1      324     0.003728     21781.3518    -201.1873      5.09217     5.09217   21781.3518     5.09217      1 chain_01/itr_00324_trial_01.rho
     1      325     0.003664     21781.3518       0.0000      5.09217     5.09217   21781.3518     5.09217      0 -
     1      326     0.003601     21703.5303     -77.8215      5.08306     5.08306   21703.5303     5.08306      1 chain_01/itr_00326_trial_01.rho
     1      327     0.003539     21703.5303       0.0000      5.08306     5.08306   21703.5303     5.08306      0 -
     1      328     0.003478     21703.5303       0.0000      5.08306     5.08306   21703.5303     5.08306      0 -
     1      329     0.003418     21388.5371    -314.9932      5.04604     5.04604   21388.5371     5.04604      1 chain_01/itr_00329_trial_01.rho
     1      330      0.00336     21388.5371       0.0000      5.04604     5.04604   21388.5371     5.04604      0 -
     1      331     0.003302     21388.5371       0.0000      5.04604     5.04604   21388.5371     5.04604      0 -
     1      332     0.003245     21388.5371       0.0000      5.04604     5.04604   21388.5371     5.04604      0 -
     1      333      0.00319     21388.5371       0.0000      5.04604     5.04604   21388.5371     5.04604      0 -
     1      334     0.003135     21388.5371       0.0000      5.04604     5.04604   21388.5371     5.04604      0 -
     1      335     0.003081     21257.5434    -130.9936      5.03057     5.03057   21257.5434     5.03057      1 chain_01/itr_00335_trial_01.rho
     1      336     0.003028     20895.5137    -362.0298      4.98755     4.98755   20895.5137     4.98755      1 chain_01/itr_00336_trial_01.rho
     1      337     0.002976     20905.7511      10.2374      4.98877     4.98877   20895.5137     4.98755      1 chain_01/itr_00337_trial_01.rho
     1      338     0.002925     20760.6094    -145.1417      4.97142     4.97142   20760.6094     4.97142      1 chain_01/itr_00338_trial_01.rho
     1      339     0.002875     20760.6094       0.0000      4.97142     4.97142   20760.6094     4.97142      0 -
     1      340     0.002826     20760.6094       0.0000      4.97142     4.97142   20760.6094     4.97142      0 -
     1      341     0.002777     20760.6094       0.0000      4.97142     4.97142   20760.6094     4.97142      0 -
     1      342      0.00273     20555.0672    -205.5423      4.94675     4.94675   20555.0672     4.94675      1 chain_01/itr_00342_trial_01.rho
     1      343     0.002683     20555.0672       0.0000      4.94675     4.94675   20555.0672     4.94675      0 -
     1      344     0.002637     20357.0299    -198.0372      4.92286     4.92286   20357.0299     4.92286      1 chain_01/itr_00344_trial_01.rho
     1      345     0.002591     20357.0299       0.0000      4.92286     4.92286   20357.0299     4.92286      0 -
     1      346     0.002547     20305.7017     -51.3283      4.91665     4.91665   20305.7017     4.91665      1 chain_01/itr_00346_trial_01.rho
     1      347     0.002503     20170.2920    -135.4096      4.90023     4.90023   20170.2920     4.90023      1 chain_01/itr_00347_trial_01.rho
     1      348      0.00246     20170.2920       0.0000      4.90023     4.90023   20170.2920     4.90023      0 -
     1      349     0.002418     19709.5092    -460.7828      4.84393     4.84393   19709.5092     4.84393      1 chain_01/itr_00349_trial_01.rho
     1      350     0.002377     19709.5092       0.0000      4.84393     4.84393   19709.5092     4.84393      0 -
     1      351     0.002336     19640.8012     -68.7080      4.83548     4.83548   19640.8012     4.83548      1 chain_01/itr_00351_trial_01.rho
     1      352     0.002296     19580.3079     -60.4933      4.82803     4.82803   19580.3079     4.82803      1 chain_01/itr_00352_trial_01.rho
     1      353     0.002256     19580.3079       0.0000      4.82803     4.82803   19580.3079     4.82803      0 -
     1      354     0.002218     19580.3079       0.0000      4.82803     4.82803   19580.3079     4.82803      0 -
     1      355     0.002179     19437.8062    -142.5017      4.81043     4.81043   19437.8062     4.81043      1 chain_01/itr_00355_trial_01.rho
     1      356     0.002142     19437.8062       0.0000      4.81043     4.81043   19437.8062     4.81043      0 -
     1      357     0.002105     19437.8062       0.0000      4.81043     4.81043   19437.8062     4.81043      0 -
     1      358     0.002069     19437.8062       0.0000      4.81043     4.81043   19437.8062     4.81043      0 -
     1      359     0.002034     19437.8062       0.0000      4.81043     4.81043   19437.8062     4.81043      0 -
     1      360     0.001999     19400.4282     -37.3781      4.80580     4.80580   19400.4282     4.80580      1 chain_01/itr_00360_trial_01.rho
     1      361     0.001964     19400.4282       0.0000      4.80580     4.80580   19400.4282     4.80580      0 -
     1      362     0.001931     19400.4282       0.0000      4.80580     4.80580   19400.4282     4.80580      0 -
     1      363     0.001898     19400.4282       0.0000      4.80580     4.80580   19400.4282     4.80580      0 -
     1      364     0.001865     19400.4282       0.0000      4.80580     4.80580   19400.4282     4.80580      0 -
     1      365     0.001833     19400.4282       0.0000      4.80580     4.80580   19400.4282     4.80580      0 -
     1      366     0.001802     19400.4282       0.0000      4.80580     4.80580   19400.4282     4.80580      0 -
     1      367     0.001771     19196.9086    -203.5196      4.78053     4.78053   19196.9086     4.78053      1 chain_01/itr_00367_trial_01.rho
     1      368      0.00174     19196.9086       0.0000      4.78053     4.78053   19196.9086     4.78053      0 -
     1      369      0.00171     19196.9086       0.0000      4.78053     4.78053   19196.9086     4.78053      0 -
     1      370     0.001681     19196.9086       0.0000      4.78053     4.78053   19196.9086     4.78053      0 -
     1      371     0.001652     19196.9086       0.0000      4.78053     4.78053   19196.9086     4.78053      0 -
     1      372     0.001624     19196.9086       0.0000      4.78053     4.78053   19196.9086     4.78053      0 -
     1      373     0.001596     19196.9086       0.0000      4.78053     4.78053   19196.9086     4.78053      0 -
     1      374     0.001569     19196.9086       0.0000      4.78053     4.78053   19196.9086     4.78053      0 -
     1      375     0.001542     19196.9086       0.0000      4.78053     4.78053   19196.9086     4.78053      0 -
     1      376     0.001515     19196.9086       0.0000      4.78053     4.78053   19196.9086     4.78053      0 -
     1      377     0.001489     19196.9086       0.0000      4.78053     4.78053   19196.9086     4.78053      0 -
     1      378     0.001464     19196.9086       0.0000      4.78053     4.78053   19196.9086     4.78053      0 -
     1      379     0.001438     19126.7924     -70.1162      4.77179     4.77179   19126.7924     4.77179      1 chain_01/itr_00379_trial_01.rho
     1      380     0.001414     19126.7924       0.0000      4.77179     4.77179   19126.7924     4.77179      0 -
     1      381     0.001389     19126.7924       0.0000      4.77179     4.77179   19126.7924     4.77179      0 -
     1      382     0.001366     19126.7924       0.0000      4.77179     4.77179   19126.7924     4.77179      0 -
     1      383     0.001342     19126.7924       0.0000      4.77179     4.77179   19126.7924     4.77179      0 -
     1      384     0.001319     19049.7594     -77.0329      4.76217     4.76217   19049.7594     4.76217      1 chain_01/itr_00384_trial_01.rho
     1      385     0.001297     18921.7582    -128.0012      4.74615     4.74615   18921.7582     4.74615      1 chain_01/itr_00385_trial_01.rho
     1      386     0.001274     18921.7582       0.0000      4.74615     4.74615   18921.7582     4.74615      0 -
     1      387     0.001252     18585.2282    -336.5300      4.70375     4.70375   18585.2282     4.70375      1 chain_01/itr_00387_trial_01.rho
     1      388     0.001231     18585.2282       0.0000      4.70375     4.70375   18585.2282     4.70375      0 -
     1      389      0.00121     18585.2282       0.0000      4.70375     4.70375   18585.2282     4.70375      0 -
     1      390     0.001189     18585.2282       0.0000      4.70375     4.70375   18585.2282     4.70375      0 -
     1      391     0.001169     18527.4013     -57.8269      4.69643     4.69643   18527.4013     4.69643      1 chain_01/itr_00391_trial_01.rho
     1      392     0.001149     18527.4013       0.0000      4.69643     4.69643   18527.4013     4.69643      0 -
     1      393     0.001129     18527.4013       0.0000      4.69643     4.69643   18527.4013     4.69643      0 -
     1      394     0.001109     18527.4013       0.0000      4.69643     4.69643   18527.4013     4.69643      0 -
     1      395      0.00109     18527.4013       0.0000      4.69643     4.69643   18527.4013     4.69643      0 -
     1      396     0.001072     18527.4013       0.0000      4.69643     4.69643   18527.4013     4.69643      0 -
     1      397     0.001053     17893.4768    -633.9245      4.61538     4.61538   17893.4768     4.61538      1 chain_01/itr_00397_trial_01.rho
     1      398     0.001035     17882.8806     -10.5962      4.61402     4.61402   17882.8806     4.61402      1 chain_01/itr_00398_trial_01.rho
     1      399     0.001017     17775.7756    -107.1049      4.60018     4.60018   17775.7756     4.60018      1 chain_01/itr_00399_trial_01.rho
     1      400        0.001     17755.8099     -19.9657      4.59759     4.59759   17755.8099     4.59759      1 chain_01/itr_00400_trial_01.rho
