# VFSA 2D iteration best - 2026-09-14 17:01:27
# chains=2  n_ctrl=250  frac_update_controls=1.0  temp_kappa=1.0  cool_ratio=0.001  target_rms=1.0  n_trials=1
--------------------------------------------------------------------------------------------------------------------------------------------------------------------------------------------------------
 Chain     Iter         Temp       Chi2Curr        dChi2      RMSCurr     CurrRMS     Chi2Best     RMSBest   Nacc Model
--------------------------------------------------------------------------------------------------------------------------------------------------------------------------------------------------------
     2        1            1     17480.4608    -471.8915      4.56181     4.56181   17480.4608     4.56181      1 chain_02/itr_00001_trial_01.rho
     2        2       0.9828     19431.2645    1950.8037      4.80962     4.80962   17480.4608     4.56181      1 chain_02/itr_00002_trial_01.rho
     2        3        0.966     19774.5831     343.3186      4.85192     4.85192   17480.4608     4.56181      1 chain_02/itr_00003_trial_01.rho
     2        4       0.9494     20298.6241     524.0410      4.91579     4.91579   17480.4608     4.56181      1 chain_02/itr_00004_trial_01.rho
     2        5       0.9331     19636.6924    -661.9317      4.83498     4.83498   17480.4608     4.56181      1 chain_02/itr_00005_trial_01.rho
     2        6       0.9171     18950.0683    -686.6241      4.74970     4.74970   17480.4608     4.56181      1 chain_02/itr_00006_trial_01.rho
     2        7       0.9013     19429.8674     479.7992      4.80945     4.80945   17480.4608     4.56181      1 chain_02/itr_00007_trial_01.rho
     2        8       0.8859     19240.5572    -189.3102      4.78596     4.78596   17480.4608     4.56181      1 chain_02/itr_00008_trial_01.rho
     2        9       0.8707     21256.7113    2016.1541      5.03047     5.03047   17480.4608     4.56181      1 chain_02/itr_00009_trial_01.rho
     2       10       0.8557     23481.6602    2224.9489      5.28719     5.28719   17480.4608     4.56181      1 chain_02/itr_00010_trial_01.rho
     2       11        0.841     23055.5466    -426.1136      5.23900     5.23900   17480.4608     4.56181      1 chain_02/itr_00011_trial_01.rho
     2       12       0.8266     23875.0810     819.5343      5.33130     5.33130   17480.4608     4.56181      1 chain_02/itr_00012_trial_01.rho
     2       13       0.8124     25853.2440    1978.1630      5.54776     5.54776   17480.4608     4.56181      1 chain_02/itr_00013_trial_01.rho
     2       14       0.7985     26280.9508     427.7068      5.59346     5.59346   17480.4608     4.56181      1 chain_02/itr_00014_trial_01.rho
     2       15       0.7848     24455.5892   -1825.3616      5.39572     5.39572   17480.4608     4.56181      1 chain_02/itr_00015_trial_01.rho
     2       16       0.7713     22641.9355   -1813.6537      5.19179     5.19179   17480.4608     4.56181      1 chain_02/itr_00016_trial_01.rho
     2       17       0.7581     22914.0799     272.1444      5.22290     5.22290   17480.4608     4.56181      1 chain_02/itr_00017_trial_01.rho
     2       18        0.745     23695.9482     781.8684      5.31126     5.31126   17480.4608     4.56181      1 chain_02/itr_00018_trial_01.rho
     2       19       0.7323     24567.3280     871.3798      5.40803     5.40803   17480.4608     4.56181      1 chain_02/itr_00019_trial_01.rho
     2       20       0.7197     24817.8560     250.5280      5.43554     5.43554   17480.4608     4.56181      1 chain_02/itr_00020_trial_01.rho
     2       21       0.7073     24591.7260    -226.1300      5.41072     5.41072   17480.4608     4.56181      1 chain_02/itr_00021_trial_01.rho
     2       22       0.6952     24152.9992    -438.7268      5.36224     5.36224   17480.4608     4.56181      1 chain_02/itr_00022_trial_01.rho
     2       23       0.6833     27430.3937    3277.3945      5.71448     5.71448   17480.4608     4.56181      1 chain_02/itr_00023_trial_01.rho
     2       24       0.6715     30128.9452    2698.5515      5.98897     5.98897   17480.4608     4.56181      1 chain_02/itr_00024_trial_01.rho
     2       25         0.66     30619.8545     490.9092      6.03757     6.03757   17480.4608     4.56181      1 chain_02/itr_00025_trial_01.rho
     2       26       0.6487     29048.8548   -1570.9997      5.88064     5.88064   17480.4608     4.56181      1 chain_02/itr_00026_trial_01.rho
     2       27       0.6375     28976.5689     -72.2859      5.87332     5.87332   17480.4608     4.56181      1 chain_02/itr_00027_trial_01.rho
     2       28       0.6266     28999.2048      22.6359      5.87562     5.87562   17480.4608     4.56181      1 chain_02/itr_00028_trial_01.rho
     2       29       0.6158     28972.3377     -26.8671      5.87289     5.87289   17480.4608     4.56181      1 chain_02/itr_00029_trial_01.rho
     2       30       0.6053     28761.5111    -210.8265      5.85149     5.85149   17480.4608     4.56181      1 chain_02/itr_00030_trial_01.rho
     2       31       0.5949     27464.9047   -1296.6064      5.71807     5.71807   17480.4608     4.56181      1 chain_02/itr_00031_trial_01.rho
     2       32       0.5847     25422.5497   -2042.3551      5.50136     5.50136   17480.4608     4.56181      1 chain_02/itr_00032_trial_01.rho
     2       33       0.5746     26799.2461    1376.6965      5.64835     5.64835   17480.4608     4.56181      1 chain_02/itr_00033_trial_01.rho
     2       34       0.5648     27994.9644    1195.7182      5.77298     5.77298   17480.4608     4.56181      1 chain_02/itr_00034_trial_01.rho
     2       35       0.5551     30046.3010    2051.3367      5.98075     5.98075   17480.4608     4.56181      1 chain_02/itr_00035_trial_01.rho
     2       36       0.5456     37080.8856    7034.5846      6.64409     6.64409   17480.4608     4.56181      1 chain_02/itr_00036_trial_01.rho
     2       37       0.5362     34697.0640   -2383.8216      6.42698     6.42698   17480.4608     4.56181      1 chain_02/itr_00037_trial_01.rho
     2       38        0.527     34808.2439     111.1800      6.43727     6.43727   17480.4608     4.56181      1 chain_02/itr_00038_trial_01.rho
     2       39       0.5179     31964.0196   -2844.2243      6.16866     6.16866   17480.4608     4.56181      1 chain_02/itr_00039_trial_01.rho
     2       40       0.5091     32046.6882      82.6686      6.17663     6.17663   17480.4608     4.56181      1 chain_02/itr_00040_trial_01.rho
     2       41       0.5003     31883.4132    -163.2750      6.16088     6.16088   17480.4608     4.56181      1 chain_02/itr_00041_trial_01.rho
     2       42       0.4917     35190.6752    3307.2620      6.47253     6.47253   17480.4608     4.56181      1 chain_02/itr_00042_trial_01.rho
     2       43       0.4833     33742.3419   -1448.3333      6.33794     6.33794   17480.4608     4.56181      1 chain_02/itr_00043_trial_01.rho
     2       44        0.475     34196.4746     454.1327      6.38045     6.38045   17480.4608     4.56181      1 chain_02/itr_00044_trial_01.rho
     2       45       0.4668     34196.4746       0.0000      6.38045     6.38045   17480.4608     4.56181      0 -
     2       46       0.4588     29830.3259   -4366.1487      5.95922     5.95922   17480.4608     4.56181      1 chain_02/itr_00046_trial_01.rho
     2       47        0.451     29028.4174    -801.9084      5.87857     5.87857   17480.4608     4.56181      1 chain_02/itr_00047_trial_01.rho
     2       48       0.4432     28905.6173    -122.8001      5.86613     5.86613   17480.4608     4.56181      1 chain_02/itr_00048_trial_01.rho
     2       49       0.4356     28656.1120    -249.5053      5.84076     5.84076   17480.4608     4.56181      1 chain_02/itr_00049_trial_01.rho
     2       50       0.4281     28541.7174    -114.3946      5.82909     5.82909   17480.4608     4.56181      1 chain_02/itr_00050_trial_01.rho
     2       51       0.4208     28786.8616     245.1441      5.85406     5.85406   17480.4608     4.56181      1 chain_02/itr_00051_trial_01.rho
     2       52       0.4136     27591.5539   -1195.3076      5.73124     5.73124   17480.4608     4.56181      1 chain_02/itr_00052_trial_01.rho
     2       53       0.4065     29368.1908    1776.6368      5.91288     5.91288   17480.4608     4.56181      1 chain_02/itr_00053_trial_01.rho
     2       54       0.3995     30315.9727     947.7819      6.00753     6.00753   17480.4608     4.56181      1 chain_02/itr_00054_trial_01.rho
     2       55       0.3926     30315.9727       0.0000      6.00753     6.00753   17480.4608     4.56181      0 -
     2       56       0.3859     31907.6476    1591.6750      6.16322     6.16322   17480.4608     4.56181      1 chain_02/itr_00056_trial_01.rho
     2       57       0.3793     31907.6476       0.0000      6.16322     6.16322   17480.4608     4.56181      0 -
     2       58       0.3728     31988.4394      80.7918      6.17102     6.17102   17480.4608     4.56181      1 chain_02/itr_00058_trial_01.rho
     2       59       0.3664     31616.7671    -371.6723      6.13506     6.13506   17480.4608     4.56181      1 chain_02/itr_00059_trial_01.rho
     2       60       0.3601     31954.7829     338.0158      6.16777     6.16777   17480.4608     4.56181      1 chain_02/itr_00060_trial_01.rho
     2       61       0.3539     32305.9695     351.1866      6.20157     6.20157   17480.4608     4.56181      1 chain_02/itr_00061_trial_01.rho
     2       62       0.3478     31095.3789   -1210.5906      6.08427     6.08427   17480.4608     4.56181      1 chain_02/itr_00062_trial_01.rho
     2       63       0.3418     31095.3789       0.0000      6.08427     6.08427   17480.4608     4.56181      0 -
     2       64        0.336     28758.6439   -2336.7350      5.85119     5.85119   17480.4608     4.56181      1 chain_02/itr_00064_trial_01.rho
     2       65       0.3302     28904.0140     145.3701      5.86596     5.86596   17480.4608     4.56181      1 chain_02/itr_00065_trial_01.rho
     2       66       0.3245     28890.6330     -13.3810      5.86461     5.86461   17480.4608     4.56181      1 chain_02/itr_00066_trial_01.rho
     2       67        0.319     28556.9943    -333.6387      5.83065     5.83065   17480.4608     4.56181      1 chain_02/itr_00067_trial_01.rho
     2       68       0.3135     28228.5063    -328.4880      5.79701     5.79701   17480.4608     4.56181      1 chain_02/itr_00068_trial_01.rho
     2       69       0.3081     28228.5063       0.0000      5.79701     5.79701   17480.4608     4.56181      0 -
     2       70       0.3028     26221.0689   -2007.4375      5.58709     5.58709   17480.4608     4.56181      1 chain_02/itr_00070_trial_01.rho
     2       71       0.2976     28000.7903    1779.7214      5.77358     5.77358   17480.4608     4.56181      1 chain_02/itr_00071_trial_01.rho
     2       72       0.2925     28720.2736     719.4833      5.84729     5.84729   17480.4608     4.56181      1 chain_02/itr_00072_trial_01.rho
     2       73       0.2875     29299.3909     579.1172      5.90595     5.90595   17480.4608     4.56181      1 chain_02/itr_00073_trial_01.rho
     2       74       0.2826     29085.8991    -213.4918      5.88439     5.88439   17480.4608     4.56181      1 chain_02/itr_00074_trial_01.rho
     2       75       0.2777     29085.8991       0.0000      5.88439     5.88439   17480.4608     4.56181      0 -
     2       76        0.273     27570.6100   -1515.2891      5.72906     5.72906   17480.4608     4.56181      1 chain_02/itr_00076_trial_01.rho
     2       77       0.2683     27570.6100       0.0000      5.72906     5.72906   17480.4608     4.56181      0 -
     2       78       0.2637     27570.6100       0.0000      5.72906     5.72906   17480.4608     4.56181      0 -
     2       79       0.2591     27023.0225    -547.5875      5.67188     5.67188   17480.4608     4.56181      1 chain_02/itr_00079_trial_01.rho
     2       80       0.2547     26844.8092    -178.2133      5.65315     5.65315   17480.4608     4.56181      1 chain_02/itr_00080_trial_01.rho
     2       81       0.2503     26844.8092       0.0000      5.65315     5.65315   17480.4608     4.56181      0 -
     2       82        0.246     28355.4928    1510.6837      5.81004     5.81004   17480.4608     4.56181      1 chain_02/itr_00082_trial_01.rho
     2       83       0.2418     29364.2649    1008.7721      5.91248     5.91248   17480.4608     4.56181      1 chain_02/itr_00083_trial_01.rho
     2       84       0.2377     30358.8870     994.6221      6.01178     6.01178   17480.4608     4.56181      1 chain_02/itr_00084_trial_01.rho
     2       85       0.2336     30385.8576      26.9705      6.01445     6.01445   17480.4608     4.56181      1 chain_02/itr_00085_trial_01.rho
     2       86       0.2296     29057.1997   -1328.6579      5.88149     5.88149   17480.4608     4.56181      1 chain_02/itr_00086_trial_01.rho
     2       87       0.2256     29057.1997       0.0000      5.88149     5.88149   17480.4608     4.56181      0 -
     2       88       0.2218     27616.2481   -1440.9516      5.73380     5.73380   17480.4608     4.56181      1 chain_02/itr_00088_trial_01.rho
     2       89       0.2179     28634.4053    1018.1572      5.83854     5.83854   17480.4608     4.56181      1 chain_02/itr_00089_trial_01.rho
     2       90       0.2142     29667.0489    1032.6436      5.94289     5.94289   17480.4608     4.56181      1 chain_02/itr_00090_trial_01.rho
     2       91       0.2105     28699.4571    -967.5919      5.84517     5.84517   17480.4608     4.56181      1 chain_02/itr_00091_trial_01.rho
     2       92       0.2069     28699.4571       0.0000      5.84517     5.84517   17480.4608     4.56181      0 -
     2       93       0.2034     28705.8772       6.4201      5.84582     5.84582   17480.4608     4.56181      1 chain_02/itr_00093_trial_01.rho
     2       94       0.1999     32045.2940    3339.4168      6.17650     6.17650   17480.4608     4.56181      1 chain_02/itr_00094_trial_01.rho
     2       95       0.1964     34928.9274    2883.6334      6.44842     6.44842   17480.4608     4.56181      1 chain_02/itr_00095_trial_01.rho
     2       96       0.1931     38289.5806    3360.6533      6.75151     6.75151   17480.4608     4.56181      1 chain_02/itr_00096_trial_01.rho
     2       97       0.1898     39970.3108    1680.7302      6.89809     6.89809   17480.4608     4.56181      1 chain_02/itr_00097_trial_01.rho
     2       98       0.1865     39970.3108       0.0000      6.89809     6.89809   17480.4608     4.56181      0 -
     2       99       0.1833     35844.1220   -4126.1888      6.53235     6.53235   17480.4608     4.56181      1 chain_02/itr_00099_trial_01.rho
     2      100       0.1802     35844.1220       0.0000      6.53235     6.53235   17480.4608     4.56181      0 -
     2      101       0.1771     35844.1220       0.0000      6.53235     6.53235   17480.4608     4.56181      0 -
     2      102        0.174     40913.8268    5069.7048      6.97904     6.97904   17480.4608     4.56181      1 chain_02/itr_00102_trial_01.rho
     2      103        0.171     40913.8268       0.0000      6.97904     6.97904   17480.4608     4.56181      0 -
     2      104       0.1681     34138.4166   -6775.4101      6.37503     6.37503   17480.4608     4.56181      1 chain_02/itr_00104_trial_01.rho
     2      105       0.1652     37746.1668    3607.7502      6.70343     6.70343   17480.4608     4.56181      1 chain_02/itr_00105_trial_01.rho
     2      106       0.1624     35715.7076   -2030.4592      6.52064     6.52064   17480.4608     4.56181      1 chain_02/itr_00106_trial_01.rho
     2      107       0.1596     36586.4497     870.7421      6.59964     6.59964   17480.4608     4.56181      1 chain_02/itr_00107_trial_01.rho
     2      108       0.1569     36142.8685    -443.5812      6.55951     6.55951   17480.4608     4.56181      1 chain_02/itr_00108_trial_01.rho
     2      109       0.1542     36345.7627     202.8942      6.57790     6.57790   17480.4608     4.56181      1 chain_02/itr_00109_trial_01.rho
     2      110       0.1515     32448.0994   -3897.6633      6.21520     6.21520   17480.4608     4.56181      1 chain_02/itr_00110_trial_01.rho
     2      111       0.1489     34965.9758    2517.8765      6.45183     6.45183   17480.4608     4.56181      1 chain_02/itr_00111_trial_01.rho
     2      112       0.1464     34965.9758       0.0000      6.45183     6.45183   17480.4608     4.56181      0 -
     2      113       0.1438     35911.8291     945.8532      6.53851     6.53851   17480.4608     4.56181      1 chain_02/itr_00113_trial_01.rho
     2      114       0.1414     36671.4402     759.6111      6.60730     6.60730   17480.4608     4.56181      1 chain_02/itr_00114_trial_01.rho
     2      115       0.1389     36671.4402       0.0000      6.60730     6.60730   17480.4608     4.56181      0 -
     2      116       0.1366     36671.4402       0.0000      6.60730     6.60730   17480.4608     4.56181      0 -
     2      117       0.1342     36671.4402       0.0000      6.60730     6.60730   17480.4608     4.56181      0 -
     2      118       0.1319     36671.4402       0.0000      6.60730     6.60730   17480.4608     4.56181      0 -
     2      119       0.1297     35229.9365   -1441.5036      6.47614     6.47614   17480.4608     4.56181      1 chain_02/itr_00119_trial_01.rho
     2      120       0.1274     35229.9365       0.0000      6.47614     6.47614   17480.4608     4.56181      0 -
     2      121       0.1252     34116.0591   -1113.8774      6.37294     6.37294   17480.4608     4.56181      1 chain_02/itr_00121_trial_01.rho
     2      122       0.1231     34116.0591       0.0000      6.37294     6.37294   17480.4608     4.56181      0 -
     2      123        0.121     39911.4255    5795.3664      6.89301     6.89301   17480.4608     4.56181      1 chain_02/itr_00123_trial_01.rho
     2      124       0.1189     37684.0774   -2227.3481      6.69791     6.69791   17480.4608     4.56181      1 chain_02/itr_00124_trial_01.rho
     2      125       0.1169     43784.0569    6099.9795      7.21969     7.21969   17480.4608     4.56181      1 chain_02/itr_00125_trial_01.rho
     2      126       0.1149     48100.1082    4316.0513      7.56717     7.56717   17480.4608     4.56181      1 chain_02/itr_00126_trial_01.rho
     2      127       0.1129     41513.8832   -6586.2250      7.03003     7.03003   17480.4608     4.56181      1 chain_02/itr_00127_trial_01.rho
     2      128       0.1109     41513.8832       0.0000      7.03003     7.03003   17480.4608     4.56181      0 -
     2      129        0.109     41812.0560     298.1728      7.05523     7.05523   17480.4608     4.56181      1 chain_02/itr_00129_trial_01.rho
     2      130       0.1072     39940.2238   -1871.8322      6.89550     6.89550   17480.4608     4.56181      1 chain_02/itr_00130_trial_01.rho
     2      131       0.1053     38789.1188   -1151.1050      6.79540     6.79540   17480.4608     4.56181      1 chain_02/itr_00131_trial_01.rho
     2      132       0.1035     38670.0733    -119.0455      6.78497     6.78497   17480.4608     4.56181      1 chain_02/itr_00132_trial_01.rho
     2      133       0.1017     38670.0733       0.0000      6.78497     6.78497   17480.4608     4.56181      0 -
     2      134          0.1     38670.0733       0.0000      6.78497     6.78497   17480.4608     4.56181      0 -
     2      135      0.09828     37289.2491   -1380.8242      6.66273     6.66273   17480.4608     4.56181      1 chain_02/itr_00135_trial_01.rho
     2      136       0.0966     36708.5977    -580.6513      6.61065     6.61065   17480.4608     4.56181      1 chain_02/itr_00136_trial_01.rho
     2      137      0.09494     36708.5977       0.0000      6.61065     6.61065   17480.4608     4.56181      0 -
     2      138      0.09331     34579.5226   -2129.0751      6.41608     6.41608   17480.4608     4.56181      1 chain_02/itr_00138_trial_01.rho
     2      139      0.09171     39048.0747    4468.5520      6.81805     6.81805   17480.4608     4.56181      1 chain_02/itr_00139_trial_01.rho
     2      140      0.09013     39048.0747       0.0000      6.81805     6.81805   17480.4608     4.56181      0 -
     2      141      0.08859     38323.3004    -724.7742      6.75448     6.75448   17480.4608     4.56181      1 chain_02/itr_00141_trial_01.rho
     2      142      0.08707     36381.9827   -1941.3178      6.58118     6.58118   17480.4608     4.56181      1 chain_02/itr_00142_trial_01.rho
     2      143      0.08557     35977.4006    -404.5821      6.54448     6.54448   17480.4608     4.56181      1 chain_02/itr_00143_trial_01.rho
     2      144       0.0841     33966.8664   -2010.5342      6.35899     6.35899   17480.4608     4.56181      1 chain_02/itr_00144_trial_01.rho
     2      145      0.08266     36392.1392    2425.2728      6.58210     6.58210   17480.4608     4.56181      1 chain_02/itr_00145_trial_01.rho
     2      146      0.08124     38013.5016    1621.3623      6.72712     6.72712   17480.4608     4.56181      1 chain_02/itr_00146_trial_01.rho
     2      147      0.07985     36799.5592   -1213.9424      6.61884     6.61884   17480.4608     4.56181      1 chain_02/itr_00147_trial_01.rho
     2      148      0.07848     34922.9994   -1876.5597      6.44787     6.44787   17480.4608     4.56181      1 chain_02/itr_00148_trial_01.rho
     2      149      0.07713     34922.9994       0.0000      6.44787     6.44787   17480.4608     4.56181      0 -
     2      150      0.07581     34922.9994       0.0000      6.44787     6.44787   17480.4608     4.56181      0 -
     2      151       0.0745     34215.3669    -707.6326      6.38221     6.38221   17480.4608     4.56181      1 chain_02/itr_00151_trial_01.rho
     2      152      0.07323     33948.0943    -267.2726      6.35723     6.35723   17480.4608     4.56181      1 chain_02/itr_00152_trial_01.rho
     2      153      0.07197     31441.3484   -2506.7459      6.11802     6.11802   17480.4608     4.56181      1 chain_02/itr_00153_trial_01.rho
     2      154      0.07073     31679.2394     237.8910      6.14112     6.14112   17480.4608     4.56181      1 chain_02/itr_00154_trial_01.rho
     2      155      0.06952     31679.2394       0.0000      6.14112     6.14112   17480.4608     4.56181      0 -
     2      156      0.06833     34660.0372    2980.7979      6.42355     6.42355   17480.4608     4.56181      1 chain_02/itr_00156_trial_01.rho
     2      157      0.06715     33772.2514    -887.7859      6.34075     6.34075   17480.4608     4.56181      1 chain_02/itr_00157_trial_01.rho
     2      158        0.066     33772.2514       0.0000      6.34075     6.34075   17480.4608     4.56181      0 -
     2      159      0.06487     32075.8792   -1696.3722      6.17945     6.17945   17480.4608     4.56181      1 chain_02/itr_00159_trial_01.rho
     2      160      0.06375     32564.2025     488.3233      6.22631     6.22631   17480.4608     4.56181      1 chain_02/itr_00160_trial_01.rho
     2      161      0.06266     33074.8688     510.6664      6.27494     6.27494   17480.4608     4.56181      1 chain_02/itr_00161_trial_01.rho
     2      162      0.06158     32274.5945    -800.2743      6.19856     6.19856   17480.4608     4.56181      1 chain_02/itr_00162_trial_01.rho
     2      163      0.06053     32342.9419      68.3473      6.20512     6.20512   17480.4608     4.56181      1 chain_02/itr_00163_trial_01.rho
     2      164      0.05949     33176.8574     833.9156      6.28460     6.28460   17480.4608     4.56181      1 chain_02/itr_00164_trial_01.rho
     2      165      0.05847     32437.8618    -738.9956      6.21422     6.21422   17480.4608     4.56181      1 chain_02/itr_00165_trial_01.rho
     2      166      0.05746     31763.2842    -674.5776      6.14926     6.14926   17480.4608     4.56181      1 chain_02/itr_00166_trial_01.rho
     2      167      0.05648     31763.2842       0.0000      6.14926     6.14926   17480.4608     4.56181      0 -
     2      168      0.05551     34128.2472    2364.9630      6.37408     6.37408   17480.4608     4.56181      1 chain_02/itr_00168_trial_01.rho
     2      169      0.05456     34128.2472       0.0000      6.37408     6.37408   17480.4608     4.56181      0 -
     2      170      0.05362     33552.3552    -575.8920      6.32007     6.32007   17480.4608     4.56181      1 chain_02/itr_00170_trial_01.rho
     2      171       0.0527     34486.5277     934.1724      6.40745     6.40745   17480.4608     4.56181      1 chain_02/itr_00171_trial_01.rho
     2      172      0.05179     35262.6054     776.0777      6.47914     6.47914   17480.4608     4.56181      1 chain_02/itr_00172_trial_01.rho
     2      173      0.05091     35262.6054       0.0000      6.47914     6.47914   17480.4608     4.56181      0 -
     2      174      0.05003     34042.7257   -1219.8796      6.36609     6.36609   17480.4608     4.56181      1 chain_02/itr_00174_trial_01.rho
     2      175      0.04917     34005.0507     -37.6751      6.36256     6.36256   17480.4608     4.56181      1 chain_02/itr_00175_trial_01.rho
     2      176      0.04833     35070.8289    1065.7782      6.46150     6.46150   17480.4608     4.56181      1 chain_02/itr_00176_trial_01.rho
     2      177       0.0475     35271.4094     200.5805      6.47995     6.47995   17480.4608     4.56181      1 chain_02/itr_00177_trial_01.rho
     2      178      0.04668     35498.3965     226.9871      6.50077     6.50077   17480.4608     4.56181      1 chain_02/itr_00178_trial_01.rho
     2      179      0.04588     34705.2775    -793.1191      6.42774     6.42774   17480.4608     4.56181      1 chain_02/itr_00179_trial_01.rho
     2      180       0.0451     35476.9531     771.6756      6.49881     6.49881   17480.4608     4.56181      1 chain_02/itr_00180_trial_01.rho
     2      181      0.04432     35476.9531       0.0000      6.49881     6.49881   17480.4608     4.56181      0 -
     2      182      0.04356     36127.4198     650.4667      6.55811     6.55811   17480.4608     4.56181      1 chain_02/itr_00182_trial_01.rho
     2      183      0.04281     34828.5893   -1298.8305      6.43915     6.43915   17480.4608     4.56181      1 chain_02/itr_00183_trial_01.rho
     2      184      0.04208     36999.2445    2170.6552      6.63677     6.63677   17480.4608     4.56181      1 chain_02/itr_00184_trial_01.rho
     2      185      0.04136     37290.1935     290.9490      6.66281     6.66281   17480.4608     4.56181      1 chain_02/itr_00185_trial_01.rho
     2      186      0.04065     36337.6335    -952.5600      6.57716     6.57716   17480.4608     4.56181      1 chain_02/itr_00186_trial_01.rho
     2      187      0.03995     36337.6335       0.0000      6.57716     6.57716   17480.4608     4.56181      0 -
     2      188      0.03926     34866.7872   -1470.8463      6.44268     6.44268   17480.4608     4.56181      1 chain_02/itr_00188_trial_01.rho
     2      189      0.03859     34866.7872       0.0000      6.44268     6.44268   17480.4608     4.56181      0 -
     2      190      0.03793     34326.3760    -540.4112      6.39255     6.39255   17480.4608     4.56181      1 chain_02/itr_00190_trial_01.rho
     2      191      0.03728     33966.5750    -359.8010      6.35896     6.35896   17480.4608     4.56181      1 chain_02/itr_00191_trial_01.rho
     2      192      0.03664     34842.7369     876.1619      6.44045     6.44045   17480.4608     4.56181      1 chain_02/itr_00192_trial_01.rho
     2      193      0.03601     36590.9000    1748.1631      6.60005     6.60005   17480.4608     4.56181      1 chain_02/itr_00193_trial_01.rho
     2      194      0.03539     37031.4636     440.5637      6.63966     6.63966   17480.4608     4.56181      1 chain_02/itr_00194_trial_01.rho
     2      195      0.03478     37145.4946     114.0310      6.64987     6.64987   17480.4608     4.56181      1 chain_02/itr_00195_trial_01.rho
     2      196      0.03418     35877.9146   -1267.5800      6.53543     6.53543   17480.4608     4.56181      1 chain_02/itr_00196_trial_01.rho
     2      197       0.0336     35235.7633    -642.1513      6.47668     6.47668   17480.4608     4.56181      1 chain_02/itr_00197_trial_01.rho
     2      198      0.03302     36242.8942    1007.1309      6.56858     6.56858   17480.4608     4.56181      1 chain_02/itr_00198_trial_01.rho
     2      199      0.03245     36242.8942       0.0000      6.56858     6.56858   17480.4608     4.56181      0 -
     2      200       0.0319     35812.3369    -430.5573      6.52945     6.52945   17480.4608     4.56181      1 chain_02/itr_00200_trial_01.rho
     2      201      0.03135     35758.4573     -53.8796      6.52454     6.52454   17480.4608     4.56181      1 chain_02/itr_00201_trial_01.rho
     2      202      0.03081     36294.1481     535.6909      6.57323     6.57323   17480.4608     4.56181      1 chain_02/itr_00202_trial_01.rho
     2      203      0.03028     37856.9170    1562.7688      6.71325     6.71325   17480.4608     4.56181      1 chain_02/itr_00203_trial_01.rho
     2      204      0.02976     37493.5666    -363.3503      6.68096     6.68096   17480.4608     4.56181      1 chain_02/itr_00204_trial_01.rho
     2      205      0.02925     36794.6204    -698.9462      6.61839     6.61839   17480.4608     4.56181      1 chain_02/itr_00205_trial_01.rho
     2      206      0.02875     36534.7502    -259.8702      6.59498     6.59498   17480.4608     4.56181      1 chain_02/itr_00206_trial_01.rho
     2      207      0.02826     36624.9662      90.2160      6.60312     6.60312   17480.4608     4.56181      1 chain_02/itr_00207_trial_01.rho
     2      208      0.02777     37643.5749    1018.6087      6.69431     6.69431   17480.4608     4.56181      1 chain_02/itr_00208_trial_01.rho
     2      209       0.0273     36771.0677    -872.5073      6.61627     6.61627   17480.4608     4.56181      1 chain_02/itr_00209_trial_01.rho
     2      210      0.02683     36375.2447    -395.8229      6.58057     6.58057   17480.4608     4.56181      1 chain_02/itr_00210_trial_01.rho
     2      211      0.02637     36333.3469     -41.8979      6.57678     6.57678   17480.4608     4.56181      1 chain_02/itr_00211_trial_01.rho
     2      212      0.02591     36333.3469       0.0000      6.57678     6.57678   17480.4608     4.56181      0 -
     2      213      0.02547     36445.2235     111.8767      6.58689     6.58689   17480.4608     4.56181      1 chain_02/itr_00213_trial_01.rho
     2      214      0.02503     34409.3355   -2035.8880      6.40027     6.40027   17480.4608     4.56181      1 chain_02/itr_00214_trial_01.rho
     2      215       0.0246     33423.9903    -985.3452      6.30797     6.30797   17480.4608     4.56181      1 chain_02/itr_00215_trial_01.rho
     2      216      0.02418     33070.4149    -353.5754      6.27452     6.27452   17480.4608     4.56181      1 chain_02/itr_00216_trial_01.rho
     2      217      0.02377     32908.8960    -161.5189      6.25917     6.25917   17480.4608     4.56181      1 chain_02/itr_00217_trial_01.rho
     2      218      0.02336     33096.5537     187.6577      6.27699     6.27699   17480.4608     4.56181      1 chain_02/itr_00218_trial_01.rho
     2      219      0.02296     32842.1339    -254.4199      6.25282     6.25282   17480.4608     4.56181      1 chain_02/itr_00219_trial_01.rho
     2      220      0.02256     31834.2712   -1007.8627      6.15613     6.15613   17480.4608     4.56181      1 chain_02/itr_00220_trial_01.rho
     2      221      0.02218     31543.6771    -290.5941      6.12797     6.12797   17480.4608     4.56181      1 chain_02/itr_00221_trial_01.rho
     2      222      0.02179     31787.7972     244.1202      6.15164     6.15164   17480.4608     4.56181      1 chain_02/itr_00222_trial_01.rho
     2      223      0.02142     31787.7972       0.0000      6.15164     6.15164   17480.4608     4.56181      0 -
     2      224      0.02105     31396.8756    -390.9217      6.11369     6.11369   17480.4608     4.56181      1 chain_02/itr_00224_trial_01.rho
     2      225      0.02069     31396.8756       0.0000      6.11369     6.11369   17480.4608     4.56181      0 -
     2      226      0.02034     31396.8756       0.0000      6.11369     6.11369   17480.4608     4.56181      0 -
     2      227      0.01999     30907.4165    -489.4591      6.06585     6.06585   17480.4608     4.56181      1 chain_02/itr_00227_trial_01.rho
     2      228      0.01964     30707.1354    -200.2811      6.04617     6.04617   17480.4608     4.56181      1 chain_02/itr_00228_trial_01.rho
     2      229      0.01931     29122.0875   -1585.0479      5.88805     5.88805   17480.4608     4.56181      1 chain_02/itr_00229_trial_01.rho
     2      230      0.01898     29122.0875       0.0000      5.88805     5.88805   17480.4608     4.56181      0 -
     2      231      0.01865     29511.1924     389.1049      5.92726     5.92726   17480.4608     4.56181      1 chain_02/itr_00231_trial_01.rho
     2      232      0.01833     29196.9708    -314.2216      5.89562     5.89562   17480.4608     4.56181      1 chain_02/itr_00232_trial_01.rho
     2      233      0.01802     29180.6597     -16.3111      5.89397     5.89397   17480.4608     4.56181      1 chain_02/itr_00233_trial_01.rho
     2      234      0.01771     28928.1052    -252.5546      5.86841     5.86841   17480.4608     4.56181      1 chain_02/itr_00234_trial_01.rho
     2      235       0.0174     28928.1052       0.0000      5.86841     5.86841   17480.4608     4.56181      0 -
     2      236       0.0171     28928.1052       0.0000      5.86841     5.86841   17480.4608     4.56181      0 -
     2      237      0.01681     28460.1608    -467.9443      5.82075     5.82075   17480.4608     4.56181      1 chain_02/itr_00237_trial_01.rho
     2      238      0.01652     28411.2573     -48.9036      5.81575     5.81575   17480.4608     4.56181      1 chain_02/itr_00238_trial_01.rho
     2      239      0.01624     28411.2573       0.0000      5.81575     5.81575   17480.4608     4.56181      0 -
     2      240      0.01596     27598.0353    -813.2219      5.73191     5.73191   17480.4608     4.56181      1 chain_02/itr_00240_trial_01.rho
     2      241      0.01569     27779.6826     181.6473      5.75074     5.75074   17480.4608     4.56181      1 chain_02/itr_00241_trial_01.rho
     2      242      0.01542     27779.6826       0.0000      5.75074     5.75074   17480.4608     4.56181      0 -
     2      243      0.01515     27779.6826       0.0000      5.75074     5.75074   17480.4608     4.56181      0 -
     2      244      0.01489     27673.6963    -105.9863      5.73976     5.73976   17480.4608     4.56181      1 chain_02/itr_00244_trial_01.rho
     2      245      0.01464     27471.0275    -202.6688      5.71871     5.71871   17480.4608     4.56181      1 chain_02/itr_00245_trial_01.rho
     2      246      0.01438     27596.6172     125.5897      5.73176     5.73176   17480.4608     4.56181      1 chain_02/itr_00246_trial_01.rho
     2      247      0.01414     27596.6172       0.0000      5.73176     5.73176   17480.4608     4.56181      0 -
     2      248      0.01389     27596.6172       0.0000      5.73176     5.73176   17480.4608     4.56181      0 -
     2      249      0.01366     26862.2852    -734.3320      5.65499     5.65499   17480.4608     4.56181      1 chain_02/itr_00249_trial_01.rho
     2      250      0.01342     26862.2852       0.0000      5.65499     5.65499   17480.4608     4.56181      0 -
     2      251      0.01319     26862.2852       0.0000      5.65499     5.65499   17480.4608     4.56181      0 -
     2      252      0.01297     26741.0578    -121.2274      5.64222     5.64222   17480.4608     4.56181      1 chain_02/itr_00252_trial_01.rho
     2      253      0.01274     26964.8676     223.8099      5.66578     5.66578   17480.4608     4.56181      1 chain_02/itr_00253_trial_01.rho
     2      254      0.01252     26964.8676       0.0000      5.66578     5.66578   17480.4608     4.56181      0 -
     2      255      0.01231     26964.8676       0.0000      5.66578     5.66578   17480.4608     4.56181      0 -
     2      256       0.0121     27155.9243     191.0566      5.68581     5.68581   17480.4608     4.56181      1 chain_02/itr_00256_trial_01.rho
     2      257      0.01189     27580.1794     424.2551      5.73006     5.73006   17480.4608     4.56181      1 chain_02/itr_00257_trial_01.rho
     2      258      0.01169     27580.1794       0.0000      5.73006     5.73006   17480.4608     4.56181      0 -
     2      259      0.01149     27580.1794       0.0000      5.73006     5.73006   17480.4608     4.56181      0 -
     2      260      0.01129     27580.1794       0.0000      5.73006     5.73006   17480.4608     4.56181      0 -
     2      261      0.01109     26926.3105    -653.8688      5.66173     5.66173   17480.4608     4.56181      1 chain_02/itr_00261_trial_01.rho
     2      262       0.0109     26926.3105       0.0000      5.66173     5.66173   17480.4608     4.56181      0 -
     2      263      0.01072     26938.5730      12.2625      5.66301     5.66301   17480.4608     4.56181      1 chain_02/itr_00263_trial_01.rho
     2      264      0.01053     27668.2865     729.7134      5.73920     5.73920   17480.4608     4.56181      1 chain_02/itr_00264_trial_01.rho
     2      265      0.01035     27668.2865       0.0000      5.73920     5.73920   17480.4608     4.56181      0 -
     2      266      0.01017     27668.2865       0.0000      5.73920     5.73920   17480.4608     4.56181      0 -
     2      267         0.01     27849.4155     181.1290      5.75796     5.75796   17480.4608     4.56181      1 chain_02/itr_00267_trial_01.rho
     2      268     0.009828     27849.4155       0.0000      5.75796     5.75796   17480.4608     4.56181      0 -
     2      269      0.00966     27849.4155       0.0000      5.75796     5.75796   17480.4608     4.56181      0 -
     2      270     0.009494     27450.1249    -399.2906      5.71653     5.71653   17480.4608     4.56181      1 chain_02/itr_00270_trial_01.rho
     2      271     0.009331     27450.1249       0.0000      5.71653     5.71653   17480.4608     4.56181      0 -
     2      272     0.009171     27450.1249       0.0000      5.71653     5.71653   17480.4608     4.56181      0 -
     2      273     0.009013     27450.1249       0.0000      5.71653     5.71653   17480.4608     4.56181      0 -
     2      274     0.008859     27450.1249       0.0000      5.71653     5.71653   17480.4608     4.56181      0 -
     2      275     0.008707     27450.1249       0.0000      5.71653     5.71653   17480.4608     4.56181      0 -
     2      276     0.008557     27440.3801      -9.7448      5.71552     5.71552   17480.4608     4.56181      1 chain_02/itr_00276_trial_01.rho
     2      277      0.00841     27440.3801       0.0000      5.71552     5.71552   17480.4608     4.56181      0 -
     2      278     0.008266     27440.3801       0.0000      5.71552     5.71552   17480.4608     4.56181      0 -
     2      279     0.008124     27440.3801       0.0000      5.71552     5.71552   17480.4608     4.56181      0 -
     2      280     0.007985     27440.3801       0.0000      5.71552     5.71552   17480.4608     4.56181      0 -
     2      281     0.007848     27440.3801       0.0000      5.71552     5.71552   17480.4608     4.56181      0 -
     2      282     0.007713     26904.9124    -535.4677      5.65948     5.65948   17480.4608     4.56181      1 chain_02/itr_00282_trial_01.rho
     2      283     0.007581     26033.8858    -871.0266      5.56711     5.56711   17480.4608     4.56181      1 chain_02/itr_00283_trial_01.rho
     2      284      0.00745     25638.7712    -395.1146      5.52470     5.52470   17480.4608     4.56181      1 chain_02/itr_00284_trial_01.rho
     2      285     0.007323     25131.3415    -507.4298      5.46976     5.46976   17480.4608     4.56181      1 chain_02/itr_00285_trial_01.rho
     2      286     0.007197     25131.3415       0.0000      5.46976     5.46976   17480.4608     4.56181      0 -
     2      287     0.007073     25131.3415       0.0000      5.46976     5.46976   17480.4608     4.56181      0 -
     2      288     0.006952     24700.2958    -431.0456      5.42265     5.42265   17480.4608     4.56181      1 chain_02/itr_00288_trial_01.rho
     2      289     0.006833     24395.5381    -304.7577      5.38909     5.38909   17480.4608     4.56181      1 chain_02/itr_00289_trial_01.rho
     2      290     0.006715     24395.5381       0.0000      5.38909     5.38909   17480.4608     4.56181      0 -
     2      291       0.0066     24395.5381       0.0000      5.38909     5.38909   17480.4608     4.56181      0 -
     2      292     0.006487     24401.2118       5.6737      5.38972     5.38972   17480.4608     4.56181      1 chain_02/itr_00292_trial_01.rho
     2      293     0.006375     24401.2118       0.0000      5.38972     5.38972   17480.4608     4.56181      0 -
     2      294     0.006266     24401.2118       0.0000      5.38972     5.38972   17480.4608     4.56181      0 -
     2      295     0.006158     23960.4726    -440.7393      5.34082     5.34082   17480.4608     4.56181      1 chain_02/itr_00295_trial_01.rho
     2      296     0.006053     23530.0587    -430.4138      5.29263     5.29263   17480.4608     4.56181      1 chain_02/itr_00296_trial_01.rho
     2      297     0.005949     23530.0587       0.0000      5.29263     5.29263   17480.4608     4.56181      0 -
     2      298     0.005847     23402.7520    -127.3067      5.27830     5.27830   17480.4608     4.56181      1 chain_02/itr_00298_trial_01.rho
     2      299     0.005746     23402.7520       0.0000      5.27830     5.27830   17480.4608     4.56181      0 -
     2      300     0.005648     21671.6031   -1731.1489      5.07932     5.07932   17480.4608     4.56181      1 chain_02/itr_00300_trial_01.rho
     2      301     0.005551     21671.6031       0.0000      5.07932     5.07932   17480.4608     4.56181      0 -
     2      302     0.005456     21671.6031       0.0000      5.07932     5.07932   17480.4608     4.56181      0 -
     2      303     0.005362     21671.6031       0.0000      5.07932     5.07932   17480.4608     4.56181      0 -
     2      304      0.00527     21671.6031       0.0000      5.07932     5.07932   17480.4608     4.56181      0 -
     2      305     0.005179     21076.2879    -595.3152      5.00907     5.00907   17480.4608     4.56181      1 chain_02/itr_00305_trial_01.rho
     2      306     0.005091     21076.2879       0.0000      5.00907     5.00907   17480.4608     4.56181      0 -
     2      307     0.005003     20871.0915    -205.1964      4.98463     4.98463   17480.4608     4.56181      1 chain_02/itr_00307_trial_01.rho
     2      308     0.004917     20871.0915       0.0000      4.98463     4.98463   17480.4608     4.56181      0 -
     2      309     0.004833     20405.0701    -466.0213      4.92867     4.92867   17480.4608     4.56181      1 chain_02/itr_00309_trial_01.rho
     2      310      0.00475     20405.0701       0.0000      4.92867     4.92867   17480.4608     4.56181      0 -
     2      311     0.004668     20405.0701       0.0000      4.92867     4.92867   17480.4608     4.56181      0 -
     2      312     0.004588     20405.0701       0.0000      4.92867     4.92867   17480.4608     4.56181      0 -
     2      313      0.00451     20405.0701       0.0000      4.92867     4.92867   17480.4608     4.56181      0 -
     2      314     0.004432     19518.1102    -886.9599      4.82036     4.82036   17480.4608     4.56181      1 chain_02/itr_00314_trial_01.rho
     2      315     0.004356     19518.1102       0.0000      4.82036     4.82036   17480.4608     4.56181      0 -
     2      316     0.004281     19219.7225    -298.3877      4.78337     4.78337   17480.4608     4.56181      1 chain_02/itr_00316_trial_01.rho
     2      317     0.004208     19219.7225       0.0000      4.78337     4.78337   17480.4608     4.56181      0 -
     2      318     0.004136     19219.7225       0.0000      4.78337     4.78337   17480.4608     4.56181      0 -
     2      319     0.004065     18594.8996    -624.8229      4.70497     4.70497   17480.4608     4.56181      1 chain_02/itr_00319_trial_01.rho
     2      320     0.003995     18594.8996       0.0000      4.70497     4.70497   17480.4608     4.56181      0 -
     2      321     0.003926     18600.0355       5.1359      4.70562     4.70562   17480.4608     4.56181      1 chain_02/itr_00321_trial_01.rho
     2      322     0.003859     18626.8710      26.8355      4.70902     4.70902   17480.4608     4.56181      1 chain_02/itr_00322_trial_01.rho
     2      323     0.003793     18626.8710       0.0000      4.70902     4.70902   17480.4608     4.56181      0 -
     2      324     0.003728     18626.8710       0.0000      4.70902     4.70902   17480.4608     4.56181      0 -
     2      325     0.003664     18450.9025    -175.9685      4.68672     4.68672   17480.4608     4.56181      1 chain_02/itr_00325_trial_01.rho
     2      326     0.003601     18296.5703    -154.3322      4.66708     4.66708   17480.4608     4.56181      1 chain_02/itr_00326_trial_01.rho
     2      327     0.003539     18296.5703       0.0000      4.66708     4.66708   17480.4608     4.56181      0 -
     2      328     0.003478     18296.5703       0.0000      4.66708     4.66708   17480.4608     4.56181      0 -
     2      329     0.003418     18296.5703       0.0000      4.66708     4.66708   17480.4608     4.56181      0 -
     2      330      0.00336     18217.1836     -79.3867      4.65694     4.65694   17480.4608     4.56181      1 chain_02/itr_00330_trial_01.rho
     2      331     0.003302     18217.1836       0.0000      4.65694     4.65694   17480.4608     4.56181      0 -
     2      332     0.003245     17631.5857    -585.5979      4.58148     4.58148   17480.4608     4.56181      1 chain_02/itr_00332_trial_01.rho
     2      333      0.00319     17366.0734    -265.5123      4.54686     4.54686   17366.0734     4.54686      1 chain_02/itr_00333_trial_01.rho
     2      334     0.003135     17366.0734       0.0000      4.54686     4.54686   17366.0734     4.54686      0 -
     2      335     0.003081     17366.0734       0.0000      4.54686     4.54686   17366.0734     4.54686      0 -
     2      336     0.003028     17366.0734       0.0000      4.54686     4.54686   17366.0734     4.54686      0 -
     2      337     0.002976     17468.2446     102.1712      4.56021     4.56021   17366.0734     4.54686      1 chain_02/itr_00337_trial_01.rho
     2      338     0.002925     17468.2446       0.0000      4.56021     4.56021   17366.0734     4.54686      0 -
     2      339     0.002875     17468.2446       0.0000      4.56021     4.56021   17366.0734     4.54686      0 -
     2      340     0.002826     17468.2446       0.0000      4.56021     4.56021   17366.0734     4.54686      0 -
     2      341     0.002777     17444.7878     -23.4568      4.55715     4.55715   17366.0734     4.54686      1 chain_02/itr_00341_trial_01.rho
     2      342      0.00273     17444.7878       0.0000      4.55715     4.55715   17366.0734     4.54686      0 -
     2      343     0.002683     17444.7878       0.0000      4.55715     4.55715   17366.0734     4.54686      0 -
     2      344     0.002637     17230.1839    -214.6040      4.52903     4.52903   17230.1839     4.52903      1 chain_02/itr_00344_trial_01.rho
     2      345     0.002591     17070.1525    -160.0314      4.50795     4.50795   17070.1525     4.50795      1 chain_02/itr_00345_trial_01.rho
     2      346     0.002547     17070.1525       0.0000      4.50795     4.50795   17070.1525     4.50795      0 -
     2      347     0.002503     17070.1525       0.0000      4.50795     4.50795   17070.1525     4.50795      0 -
     2      348      0.00246     17070.1525       0.0000      4.50795     4.50795   17070.1525     4.50795      0 -
     2      349     0.002418     17070.1525       0.0000      4.50795     4.50795   17070.1525     4.50795      0 -
     2      350     0.002377     17070.1525       0.0000      4.50795     4.50795   17070.1525     4.50795      0 -
     2      351     0.002336     16907.3751    -162.7774      4.48640     4.48640   16907.3751     4.48640      1 chain_02/itr_00351_trial_01.rho
     2      352     0.002296     16907.3751       0.0000      4.48640     4.48640   16907.3751     4.48640      0 -
     2      353     0.002256     16907.3751       0.0000      4.48640     4.48640   16907.3751     4.48640      0 -
     2      354     0.002218     16907.3751       0.0000      4.48640     4.48640   16907.3751     4.48640      0 -
     2      355     0.002179     16598.6116    -308.7635      4.44525     4.44525   16598.6116     4.44525      1 chain_02/itr_00355_trial_01.rho
     2      356     0.002142     16525.7392     -72.8724      4.43548     4.43548   16525.7392     4.43548      1 chain_02/itr_00356_trial_01.rho
     2      357     0.002105     16525.7392       0.0000      4.43548     4.43548   16525.7392     4.43548      0 -
     2      358     0.002069     16525.7392       0.0000      4.43548     4.43548   16525.7392     4.43548      0 -
     2      359     0.002034     16525.7392       0.0000      4.43548     4.43548   16525.7392     4.43548      0 -
     2      360     0.001999     16525.7392       0.0000      4.43548     4.43548   16525.7392     4.43548      0 -
     2      361     0.001964     16525.7392       0.0000      4.43548     4.43548   16525.7392     4.43548      0 -
     2      362     0.001931     16525.7392       0.0000      4.43548     4.43548   16525.7392     4.43548      0 -
     2      363     0.001898     16525.7392       0.0000      4.43548     4.43548   16525.7392     4.43548      0 -
     2      364     0.001865     16525.7392       0.0000      4.43548     4.43548   16525.7392     4.43548      0 -
     2      365     0.001833     16525.7392       0.0000      4.43548     4.43548   16525.7392     4.43548      0 -
     2      366     0.001802     16525.7392       0.0000      4.43548     4.43548   16525.7392     4.43548      0 -
     2      367     0.001771     16525.7392       0.0000      4.43548     4.43548   16525.7392     4.43548      0 -
     2      368      0.00174     16525.7392       0.0000      4.43548     4.43548   16525.7392     4.43548      0 -
     2      369      0.00171     16525.7392       0.0000      4.43548     4.43548   16525.7392     4.43548      0 -
     2      370     0.001681     16525.7392       0.0000      4.43548     4.43548   16525.7392     4.43548      0 -
     2      371     0.001652     16525.7392       0.0000      4.43548     4.43548   16525.7392     4.43548      0 -
     2      372     0.001624     16513.4902     -12.2490      4.43384     4.43384   16513.4902     4.43384      1 chain_02/itr_00372_trial_01.rho
     2      373     0.001596     16513.4902       0.0000      4.43384     4.43384   16513.4902     4.43384      0 -
     2      374     0.001569     16577.0548      63.5645      4.44236     4.44236   16513.4902     4.43384      1 chain_02/itr_00374_trial_01.rho
     2      375     0.001542     16515.1219     -61.9329      4.43406     4.43406   16513.4902     4.43384      1 chain_02/itr_00375_trial_01.rho
     2      376     0.001515     16110.3900    -404.7319      4.37939     4.37939   16110.3900     4.37939      1 chain_02/itr_00376_trial_01.rho
     2      377     0.001489     16025.3192     -85.0708      4.36781     4.36781   16025.3192     4.36781      1 chain_02/itr_00377_trial_01.rho
     2      378     0.001464     15892.1514    -133.1677      4.34962     4.34962   15892.1514     4.34962      1 chain_02/itr_00378_trial_01.rho
     2      379     0.001438     15723.1768    -168.9747      4.32644     4.32644   15723.1768     4.32644      1 chain_02/itr_00379_trial_01.rho
     2      380     0.001414     15723.1768       0.0000      4.32644     4.32644   15723.1768     4.32644      0 -
     2      381     0.001389     15723.1768       0.0000      4.32644     4.32644   15723.1768     4.32644      0 -
     2      382     0.001366     15077.7904    -645.3863      4.23671     4.23671   15077.7904     4.23671      1 chain_02/itr_00382_trial_01.rho
     2      383     0.001342     15077.7904       0.0000      4.23671     4.23671   15077.7904     4.23671      0 -
     2      384     0.001319     15077.7904       0.0000      4.23671     4.23671   15077.7904     4.23671      0 -
     2      385     0.001297     15077.7904       0.0000      4.23671     4.23671   15077.7904     4.23671      0 -
     2      386     0.001274     15077.7904       0.0000      4.23671     4.23671   15077.7904     4.23671      0 -
     2      387     0.001252     15077.7904       0.0000      4.23671     4.23671   15077.7904     4.23671      0 -
     2      388     0.001231     15077.7904       0.0000      4.23671     4.23671   15077.7904     4.23671      0 -
     2      389      0.00121     15077.7904       0.0000      4.23671     4.23671   15077.7904     4.23671      0 -
     2      390     0.001189     14991.9380     -85.8525      4.22464     4.22464   14991.9380     4.22464      1 chain_02/itr_00390_trial_01.rho
     2      391     0.001169     14991.9380       0.0000      4.22464     4.22464   14991.9380     4.22464      0 -
     2      392     0.001149     14711.9028    -280.0351      4.18499     4.18499   14711.9028     4.18499      1 chain_02/itr_00392_trial_01.rho
     2      393     0.001129     14268.6224    -443.2805      4.12146     4.12146   14268.6224     4.12146      1 chain_02/itr_00393_trial_01.rho
     2      394     0.001109     14126.2385    -142.3839      4.10085     4.10085   14126.2385     4.10085      1 chain_02/itr_00394_trial_01.rho
     2      395      0.00109     13881.5725    -244.6659      4.06518     4.06518   13881.5725     4.06518      1 chain_02/itr_00395_trial_01.rho
     2      396     0.001072     13574.2758    -307.2968      4.01993     4.01993   13574.2758     4.01993      1 chain_02/itr_00396_trial_01.rho
     2      397     0.001053     13574.2758       0.0000      4.01993     4.01993   13574.2758     4.01993      0 -
     2      398     0.001035     13574.2758       0.0000      4.01993     4.01993   13574.2758     4.01993      0 -
     2      399     0.001017     13479.8097     -94.4660      4.00592     4.00592   13479.8097     4.00592      1 chain_02/itr_00399_trial_01.rho
     2      400        0.001     13479.8097       0.0000      4.00592     4.00592   13479.8097     4.00592      0 -
