# VFSA 2D iteration best - 2026-09-14 17:05:45
# chains=2  n_ctrl=250  frac_update_controls=1.0  temp_kappa=1.0  cool_ratio=0.001  target_rms=0.1  n_trials=1
--------------------------------------------------------------------------------------------------------------------------------------------------------------------------------------------------------
 Chain     Iter         Temp       Chi2Curr        dChi2      RMSCurr     CurrRMS     Chi2Best     RMSBest   Nacc Model
--------------------------------------------------------------------------------------------------------------------------------------------------------------------------------------------------------
     1        1            1       444.2751     -63.4345      1.03592     1.03592     444.2751     1.03592      1 chain_01/itr_00001_trial_01.rho
     1        2       0.9828       424.8143     -19.4609      1.01298     1.01298     424.8143     1.01298      1 chain_01/itr_00002_trial_01.rho
     1        3        0.966       433.6410       8.8268      1.02345     1.02345     424.8143     1.01298      1 chain_01/itr_00003_trial_01.rho
     1        4       0.9494       417.3944     -16.2467      1.00409     1.00409     417.3944     1.00409      1 chain_01/itr_00004_trial_01.rho
     1        5       0.9331       382.3968     -34.9976      0.96107     0.96107     382.3968     0.96107      1 chain_01/itr_00005_trial_01.rho
     1        6       0.9171       395.9685      13.5717      0.97798     0.97798     382.3968     0.96107      1 chain_01/itr_00006_trial_01.rho
     1        7       0.9013       388.4590      -7.5095      0.96866     0.96866     382.3968     0.96107      1 chain_01/itr_00007_trial_01.rho
     1        8       0.8859       381.5251      -6.9339      0.95998     0.95998     381.5251     0.95998      1 chain_01/itr_00008_trial_01.rho
     1        9       0.8707       408.2514      26.7264      0.99303     0.99303     381.5251     0.95998      1 chain_01/itr_00009_trial_01.rho
     1       10       0.8557       409.9002       1.6488      0.99504     0.99504     381.5251     0.95998      1 chain_01/itr_00010_trial_01.rho
     1       11        0.841       442.9141      33.0139      1.03433     1.03433     381.5251     0.95998      1 chain_01/itr_00011_trial_01.rho
     1       12       0.8266       457.3853      14.4711      1.05109     1.05109     381.5251     0.95998      1 chain_01/itr_00012_trial_01.rho
     1       13       0.8124       473.0810      15.6958      1.06898     1.06898     381.5251     0.95998      1 chain_01/itr_00013_trial_01.rho
     1       14       0.7985       500.4816      27.4006      1.09950     1.09950     381.5251     0.95998      1 chain_01/itr_00014_trial_01.rho
     1       15       0.7848       528.5816      28.1000      1.12994     1.12994     381.5251     0.95998      1 chain_01/itr_00015_trial_01.rho
     1       16       0.7713       567.6991      39.1175      1.17101     1.17101     381.5251     0.95998      1 chain_01/itr_00016_trial_01.rho
     1       17       0.7581       551.6049     -16.0942      1.15429     1.15429     381.5251     0.95998      1 chain_01/itr_00017_trial_01.rho
     1       18        0.745       511.7570     -39.8479      1.11181     1.11181     381.5251     0.95998      1 chain_01/itr_00018_trial_01.rho
     1       19       0.7323       526.4882      14.7312      1.12770     1.12770     381.5251     0.95998      1 chain_01/itr_00019_trial_01.rho
     1       20       0.7197       537.3546      10.8663      1.13928     1.13928     381.5251     0.95998      1 chain_01/itr_00020_trial_01.rho
     1       21       0.7073       497.8383     -39.5163      1.09659     1.09659     381.5251     0.95998      1 chain_01/itr_00021_trial_01.rho
     1       22       0.6952       472.8322     -25.0061      1.06869     1.06869     381.5251     0.95998      1 chain_01/itr_00022_trial_01.rho
     1       23       0.6833       500.1282      27.2960      1.09911     1.09911     381.5251     0.95998      1 chain_01/itr_00023_trial_01.rho
     1       24       0.6715       490.6288      -9.4994      1.08862     1.08862     381.5251     0.95998      1 chain_01/itr_00024_trial_01.rho
     1       25         0.66       462.4622     -28.1666      1.05691     1.05691     381.5251     0.95998      1 chain_01/itr_00025_trial_01.rho
     1       26       0.6487       460.0709      -2.3913      1.05417     1.05417     381.5251     0.95998      1 chain_01/itr_00026_trial_01.rho
     1       27       0.6375       459.8844      -0.1865      1.05396     1.05396     381.5251     0.95998      1 chain_01/itr_00027_trial_01.rho
     1       28       0.6266       480.9352      21.0508      1.07781     1.07781     381.5251     0.95998      1 chain_01/itr_00028_trial_01.rho
     1       29       0.6158       474.0336      -6.9016      1.07005     1.07005     381.5251     0.95998      1 chain_01/itr_00029_trial_01.rho
     1       30       0.6053       470.4447      -3.5889      1.06599     1.06599     381.5251     0.95998      1 chain_01/itr_00030_trial_01.rho
     1       31       0.5949       485.8185      15.3738      1.08327     1.08327     381.5251     0.95998      1 chain_01/itr_00031_trial_01.rho
     1       32       0.5847       475.3158     -10.5027      1.07150     1.07150     381.5251     0.95998      1 chain_01/itr_00032_trial_01.rho
     1       33       0.5746       463.9118     -11.4040      1.05856     1.05856     381.5251     0.95998      1 chain_01/itr_00033_trial_01.rho
     1       34       0.5648       481.8442      17.9324      1.07883     1.07883     381.5251     0.95998      1 chain_01/itr_00034_trial_01.rho
     1       35       0.5551       476.7500      -5.0942      1.07311     1.07311     381.5251     0.95998      1 chain_01/itr_00035_trial_01.rho
     1       36       0.5456       452.5167     -24.2333      1.04548     1.04548     381.5251     0.95998      1 chain_01/itr_00036_trial_01.rho
     1       37       0.5362       427.6052     -24.9115      1.01630     1.01630     381.5251     0.95998      1 chain_01/itr_00037_trial_01.rho
     1       38        0.527       433.0159       5.4107      1.02271     1.02271     381.5251     0.95998      1 chain_01/itr_00038_trial_01.rho
     1       39       0.5179       446.4709      13.4550      1.03848     1.03848     381.5251     0.95998      1 chain_01/itr_00039_trial_01.rho
     1       40       0.5091       446.1033      -0.3676      1.03805     1.03805     381.5251     0.95998      1 chain_01/itr_00040_trial_01.rho
     1       41       0.5003       456.8202      10.7169      1.05044     1.05044     381.5251     0.95998      1 chain_01/itr_00041_trial_01.rho
     1       42       0.4917       437.6960     -19.1242      1.02822     1.02822     381.5251     0.95998      1 chain_01/itr_00042_trial_01.rho
     1       43       0.4833       442.8811       5.1850      1.03429     1.03429     381.5251     0.95998      1 chain_01/itr_00043_trial_01.rho
     1       44        0.475       465.2718      22.3908      1.06012     1.06012     381.5251     0.95998      1 chain_01/itr_00044_trial_01.rho
     1       45       0.4668       474.8326       9.5608      1.07095     1.07095     381.5251     0.95998      1 chain_01/itr_00045_trial_01.rho
     1       46       0.4588       483.0135       8.1809      1.08014     1.08014     381.5251     0.95998      1 chain_01/itr_00046_trial_01.rho
     1       47        0.451       461.3022     -21.7113      1.05558     1.05558     381.5251     0.95998      1 chain_01/itr_00047_trial_01.rho
     1       48       0.4432       448.8555     -12.4467      1.04125     1.04125     381.5251     0.95998      1 chain_01/itr_00048_trial_01.rho
     1       49       0.4356       439.6598      -9.1958      1.03052     1.03052     381.5251     0.95998      1 chain_01/itr_00049_trial_01.rho
     1       50       0.4281       441.6655       2.0058      1.03287     1.03287     381.5251     0.95998      1 chain_01/itr_00050_trial_01.rho
     1       51       0.4208       439.8960      -1.7695      1.03080     1.03080     381.5251     0.95998      1 chain_01/itr_00051_trial_01.rho
     1       52       0.4136       443.7308       3.8348      1.03528     1.03528     381.5251     0.95998      1 chain_01/itr_00052_trial_01.rho
     1       53       0.4065       434.0136      -9.7171      1.02389     1.02389     381.5251     0.95998      1 chain_01/itr_00053_trial_01.rho
     1       54       0.3995       436.2833       2.2697      1.02656     1.02656     381.5251     0.95998      1 chain_01/itr_00054_trial_01.rho
     1       55       0.3926       440.2875       4.0042      1.03126     1.03126     381.5251     0.95998      1 chain_01/itr_00055_trial_01.rho
     1       56       0.3859       438.4391      -1.8484      1.02909     1.02909     381.5251     0.95998      1 chain_01/itr_00056_trial_01.rho
     1       57       0.3793       460.0744      21.6353      1.05418     1.05418     381.5251     0.95998      1 chain_01/itr_00057_trial_01.rho
     1       58       0.3728       467.9513       7.8769      1.06316     1.06316     381.5251     0.95998      1 chain_01/itr_00058_trial_01.rho
     1       59       0.3664       484.7782      16.8270      1.08211     1.08211     381.5251     0.95998      1 chain_01/itr_00059_trial_01.rho
     1       60       0.3601       476.4215      -8.3567      1.07274     1.07274     381.5251     0.95998      1 chain_01/itr_00060_trial_01.rho
     1       61       0.3539       473.0366      -3.3849      1.06892     1.06892     381.5251     0.95998      1 chain_01/itr_00061_trial_01.rho
     1       62       0.3478       485.9733      12.9367      1.08344     1.08344     381.5251     0.95998      1 chain_01/itr_00062_trial_01.rho
     1       63       0.3418       491.2241       5.2509      1.08928     1.08928     381.5251     0.95998      1 chain_01/itr_00063_trial_01.rho
     1       64        0.336       519.1175      27.8933      1.11978     1.11978     381.5251     0.95998      1 chain_01/itr_00064_trial_01.rho
     1       65       0.3302       524.7490       5.6315      1.12584     1.12584     381.5251     0.95998      1 chain_01/itr_00065_trial_01.rho
     1       66       0.3245       515.7899      -8.9591      1.11619     1.11619     381.5251     0.95998      1 chain_01/itr_00066_trial_01.rho
     1       67        0.319       518.3190       2.5292      1.11892     1.11892     381.5251     0.95998      1 chain_01/itr_00067_trial_01.rho
     1       68       0.3135       535.1728      16.8538      1.13696     1.13696     381.5251     0.95998      1 chain_01/itr_00068_trial_01.rho
     1       69       0.3081       531.8900      -3.2829      1.13347     1.13347     381.5251     0.95998      1 chain_01/itr_00069_trial_01.rho
     1       70       0.3028       531.8576      -0.0324      1.13344     1.13344     381.5251     0.95998      1 chain_01/itr_00070_trial_01.rho
     1       71       0.2976       538.1067       6.2491      1.14008     1.14008     381.5251     0.95998      1 chain_01/itr_00071_trial_01.rho
     1       72       0.2925       549.5407      11.4341      1.15213     1.15213     381.5251     0.95998      1 chain_01/itr_00072_trial_01.rho
     1       73       0.2875       551.9328       2.3920      1.15463     1.15463     381.5251     0.95998      1 chain_01/itr_00073_trial_01.rho
     1       74       0.2826       548.3206      -3.6121      1.15085     1.15085     381.5251     0.95998      1 chain_01/itr_00074_trial_01.rho
     1       75       0.2777       554.7086       6.3880      1.15753     1.15753     381.5251     0.95998      1 chain_01/itr_00075_trial_01.rho
     1       76        0.273       559.4167       4.7081      1.16243     1.16243     381.5251     0.95998      1 chain_01/itr_00076_trial_01.rho
     1       77       0.2683       553.2258      -6.1909      1.15598     1.15598     381.5251     0.95998      1 chain_01/itr_00077_trial_01.rho
     1       78       0.2637       562.5309       9.3051      1.16566     1.16566     381.5251     0.95998      1 chain_01/itr_00078_trial_01.rho
     1       79       0.2591       561.6784      -0.8525      1.16478     1.16478     381.5251     0.95998      1 chain_01/itr_00079_trial_01.rho
     1       80       0.2547       558.7746      -2.9038      1.16176     1.16176     381.5251     0.95998      1 chain_01/itr_00080_trial_01.rho
     1       81       0.2503       561.0802       2.3057      1.16416     1.16416     381.5251     0.95998      1 chain_01/itr_00081_trial_01.rho
     1       82        0.246       581.6685      20.5882      1.18533     1.18533     381.5251     0.95998      1 chain_01/itr_00082_trial_01.rho
     1       83       0.2418       570.6125     -11.0559      1.17401     1.17401     381.5251     0.95998      1 chain_01/itr_00083_trial_01.rho
     1       84       0.2377       568.1400      -2.4725      1.17146     1.17146     381.5251     0.95998      1 chain_01/itr_00084_trial_01.rho
     1       85       0.2336       581.1346      12.9946      1.18478     1.18478     381.5251     0.95998      1 chain_01/itr_00085_trial_01.rho
     1       86       0.2296       581.4520       0.3173      1.18510     1.18510     381.5251     0.95998      1 chain_01/itr_00086_trial_01.rho
     1       87       0.2256       589.0158       7.5639      1.19279     1.19279     381.5251     0.95998      1 chain_01/itr_00087_trial_01.rho
     1       88       0.2218       607.6886      18.6728      1.21155     1.21155     381.5251     0.95998      1 chain_01/itr_00088_trial_01.rho
     1       89       0.2179       639.5464      31.8578      1.24290     1.24290     381.5251     0.95998      1 chain_01/itr_00089_trial_01.rho
     1       90       0.2142       606.3700     -33.1765      1.21023     1.21023     381.5251     0.95998      1 chain_01/itr_00090_trial_01.rho
     1       91       0.2105       599.2176      -7.1524      1.20307     1.20307     381.5251     0.95998      1 chain_01/itr_00091_trial_01.rho
     1       92       0.2069       581.6753     -17.5422      1.18533     1.18533     381.5251     0.95998      1 chain_01/itr_00092_trial_01.rho
     1       93       0.2034       582.9679       1.2925      1.18665     1.18665     381.5251     0.95998      1 chain_01/itr_00093_trial_01.rho
     1       94       0.1999       582.8380      -0.1299      1.18652     1.18652     381.5251     0.95998      1 chain_01/itr_00094_trial_01.rho
     1       95       0.1964       593.7969      10.9589      1.19762     1.19762     381.5251     0.95998      1 chain_01/itr_00095_trial_01.rho
     1       96       0.1931       617.9603      24.1634      1.22174     1.22174     381.5251     0.95998      1 chain_01/itr_00096_trial_01.rho
     1       97       0.1898       630.2968      12.3365      1.23388     1.23388     381.5251     0.95998      1 chain_01/itr_00097_trial_01.rho
     1       98       0.1865       649.7553      19.4585      1.25278     1.25278     381.5251     0.95998      1 chain_01/itr_00098_trial_01.rho
     1       99       0.1833       663.7988      14.0435      1.26625     1.26625     381.5251     0.95998      1 chain_01/itr_00099_trial_01.rho
     1      100       0.1802       671.0012       7.2024      1.27310     1.27310     381.5251     0.95998      1 chain_01/itr_00100_trial_01.rho
     1      101       0.1771       681.3264      10.3252      1.28285     1.28285     381.5251     0.95998      1 chain_01/itr_00101_trial_01.rho
     1      102        0.174       681.1645      -0.1619      1.28270     1.28270     381.5251     0.95998      1 chain_01/itr_00102_trial_01.rho
     1      103        0.171       676.9270      -4.2375      1.27871     1.27871     381.5251     0.95998      1 chain_01/itr_00103_trial_01.rho
     1      104       0.1681       706.6911      29.7642      1.30652     1.30652     381.5251     0.95998      1 chain_01/itr_00104_trial_01.rho
     1      105       0.1652       691.6079     -15.0833      1.29250     1.29250     381.5251     0.95998      1 chain_01/itr_00105_trial_01.rho
     1      106       0.1624       695.0496       3.4417      1.29571     1.29571     381.5251     0.95998      1 chain_01/itr_00106_trial_01.rho
     1      107       0.1596       691.8972      -3.1524      1.29277     1.29277     381.5251     0.95998      1 chain_01/itr_00107_trial_01.rho
     1      108       0.1569       685.9233      -5.9739      1.28718     1.28718     381.5251     0.95998      1 chain_01/itr_00108_trial_01.rho
     1      109       0.1542       692.8244       6.9011      1.29363     1.29363     381.5251     0.95998      1 chain_01/itr_00109_trial_01.rho
     1      110       0.1515       700.5631       7.7388      1.30084     1.30084     381.5251     0.95998      1 chain_01/itr_00110_trial_01.rho
     1      111       0.1489       705.6168       5.0537      1.30552     1.30552     381.5251     0.95998      1 chain_01/itr_00111_trial_01.rho
     1      112       0.1464       683.4652     -22.1516      1.28487     1.28487     381.5251     0.95998      1 chain_01/itr_00112_trial_01.rho
     1      113       0.1438       654.1630     -29.3023      1.25702     1.25702     381.5251     0.95998      1 chain_01/itr_00113_trial_01.rho
     1      114       0.1414       644.2098      -9.9532      1.24742     1.24742     381.5251     0.95998      1 chain_01/itr_00114_trial_01.rho
     1      115       0.1389       659.9727      15.7629      1.26259     1.26259     381.5251     0.95998      1 chain_01/itr_00115_trial_01.rho
     1      116       0.1366       642.7600     -17.2127      1.24602     1.24602     381.5251     0.95998      1 chain_01/itr_00116_trial_01.rho
     1      117       0.1342       632.5116     -10.2484      1.23604     1.23604     381.5251     0.95998      1 chain_01/itr_00117_trial_01.rho
     1      118       0.1319       632.6732       0.1616      1.23620     1.23620     381.5251     0.95998      1 chain_01/itr_00118_trial_01.rho
     1      119       0.1297       638.6342       5.9610      1.24201     1.24201     381.5251     0.95998      1 chain_01/itr_00119_trial_01.rho
     1      120       0.1274       641.7651       3.1310      1.24505     1.24505     381.5251     0.95998      1 chain_01/itr_00120_trial_01.rho
     1      121       0.1252       643.0895       1.3243      1.24634     1.24634     381.5251     0.95998      1 chain_01/itr_00121_trial_01.rho
     1      122       0.1231       658.4600      15.3706      1.26114     1.26114     381.5251     0.95998      1 chain_01/itr_00122_trial_01.rho
     1      123        0.121       647.6595     -10.8005      1.25076     1.25076     381.5251     0.95998      1 chain_01/itr_00123_trial_01.rho
     1      124       0.1189       654.7045       7.0450      1.25754     1.25754     381.5251     0.95998      1 chain_01/itr_00124_trial_01.rho
     1      125       0.1169       647.7276      -6.9769      1.25082     1.25082     381.5251     0.95998      1 chain_01/itr_00125_trial_01.rho
     1      126       0.1149       651.0240       3.2964      1.25400     1.25400     381.5251     0.95998      1 chain_01/itr_00126_trial_01.rho
     1      127       0.1129       651.0240       0.0000      1.25400     1.25400     381.5251     0.95998      0 -
     1      128       0.1109       635.0974     -15.9266      1.23857     1.23857     381.5251     0.95998      1 chain_01/itr_00128_trial_01.rho
     1      129        0.109       642.9695       7.8721      1.24622     1.24622     381.5251     0.95998      1 chain_01/itr_00129_trial_01.rho
     1      130       0.1072       631.2755     -11.6940      1.23484     1.23484     381.5251     0.95998      1 chain_01/itr_00130_trial_01.rho
     1      131       0.1053       636.1039       4.8284      1.23955     1.23955     381.5251     0.95998      1 chain_01/itr_00131_trial_01.rho
     1      132       0.1035       624.6980     -11.4058      1.22839     1.22839     381.5251     0.95998      1 chain_01/itr_00132_trial_01.rho
     1      133       0.1017       611.9623     -12.7358      1.21580     1.21580     381.5251     0.95998      1 chain_01/itr_00133_trial_01.rho
     1      134          0.1       611.9623       0.0000      1.21580     1.21580     381.5251     0.95998      0 -
     1      135      0.09828       606.4158      -5.5464      1.21028     1.21028     381.5251     0.95998      1 chain_01/itr_00135_trial_01.rho
     1      136       0.0966       609.1494       2.7336      1.21300     1.21300     381.5251     0.95998      1 chain_01/itr_00136_trial_01.rho
     1      137      0.09494       609.1494       0.0000      1.21300     1.21300     381.5251     0.95998      0 -
     1      138      0.09331       598.7572     -10.3922      1.20261     1.20261     381.5251     0.95998      1 chain_01/itr_00138_trial_01.rho
     1      139      0.09171       603.8026       5.0454      1.20767     1.20767     381.5251     0.95998      1 chain_01/itr_00139_trial_01.rho
     1      140      0.09013       601.6208      -2.1818      1.20548     1.20548     381.5251     0.95998      1 chain_01/itr_00140_trial_01.rho
     1      141      0.08859       598.9899      -2.6309      1.20284     1.20284     381.5251     0.95998      1 chain_01/itr_00141_trial_01.rho
     1      142      0.08707       600.7401       1.7501      1.20460     1.20460     381.5251     0.95998      1 chain_01/itr_00142_trial_01.rho
     1      143      0.08557       606.1826       5.4426      1.21005     1.21005     381.5251     0.95998      1 chain_01/itr_00143_trial_01.rho
     1      144       0.0841       609.5069       3.3243      1.21336     1.21336     381.5251     0.95998      1 chain_01/itr_00144_trial_01.rho
     1      145      0.08266       619.1379       9.6310      1.22291     1.22291     381.5251     0.95998      1 chain_01/itr_00145_trial_01.rho
     1      146      0.08124       636.8658      17.7279      1.24029     1.24029     381.5251     0.95998      1 chain_01/itr_00146_trial_01.rho
     1      147      0.07985       632.9199      -3.9458      1.23644     1.23644     381.5251     0.95998      1 chain_01/itr_00147_trial_01.rho
     1      148      0.07848       641.0867       8.1667      1.24439     1.24439     381.5251     0.95998      1 chain_01/itr_00148_trial_01.rho
     1      149      0.07713       647.0276       5.9410      1.25015     1.25015     381.5251     0.95998      1 chain_01/itr_00149_trial_01.rho
     1      150      0.07581       653.3826       6.3549      1.25627     1.25627     381.5251     0.95998      1 chain_01/itr_00150_trial_01.rho
     1      151       0.0745       653.3826       0.0000      1.25627     1.25627     381.5251     0.95998      0 -
     1      152      0.07323       657.0728       3.6903      1.25981     1.25981     381.5251     0.95998      1 chain_01/itr_00152_trial_01.rho
     1      153      0.07197       657.0728       0.0000      1.25981     1.25981     381.5251     0.95998      0 -
     1      154      0.07073       653.4847      -3.5881      1.25637     1.25637     381.5251     0.95998      1 chain_01/itr_00154_trial_01.rho
     1      155      0.06952       646.4251      -7.0596      1.24957     1.24957     381.5251     0.95998      1 chain_01/itr_00155_trial_01.rho
     1      156      0.06833       660.7404      14.3153      1.26333     1.26333     381.5251     0.95998      1 chain_01/itr_00156_trial_01.rho
     1      157      0.06715       662.2038       1.4634      1.26472     1.26472     381.5251     0.95998      1 chain_01/itr_00157_trial_01.rho
     1      158        0.066       661.0942      -1.1096      1.26366     1.26366     381.5251     0.95998      1 chain_01/itr_00158_trial_01.rho
     1      159      0.06487       655.4251      -5.6691      1.25823     1.25823     381.5251     0.95998      1 chain_01/itr_00159_trial_01.rho
     1      160      0.06375       663.9340       8.5089      1.26637     1.26637     381.5251     0.95998      1 chain_01/itr_00160_trial_01.rho
     1      161      0.06266       666.5873       2.6533      1.26890     1.26890     381.5251     0.95998      1 chain_01/itr_00161_trial_01.rho
     1      162      0.06158       648.5743     -18.0130      1.25164     1.25164     381.5251     0.95998      1 chain_01/itr_00162_trial_01.rho
     1      163      0.06053       654.1809       5.6066      1.25704     1.25704     381.5251     0.95998      1 chain_01/itr_00163_trial_01.rho
     1      164      0.05949       637.6310     -16.5499      1.24104     1.24104     381.5251     0.95998      1 chain_01/itr_00164_trial_01.rho
     1      165      0.05847       638.9320       1.3010      1.24230     1.24230     381.5251     0.95998      1 chain_01/itr_00165_trial_01.rho
     1      166      0.05746       635.9732      -2.9587      1.23942     1.23942     381.5251     0.95998      1 chain_01/itr_00166_trial_01.rho
     1      167      0.05648       616.6247     -19.3485      1.22042     1.22042     381.5251     0.95998      1 chain_01/itr_00167_trial_01.rho
     1      168      0.05551       644.6823      28.0576      1.24788     1.24788     381.5251     0.95998      1 chain_01/itr_00168_trial_01.rho
     1      169      0.05456       627.5514     -17.1309      1.23119     1.23119     381.5251     0.95998      1 chain_01/itr_00169_trial_01.rho
     1      170      0.05362       625.8635      -1.6880      1.22953     1.22953     381.5251     0.95998      1 chain_01/itr_00170_trial_01.rho
     1      171       0.0527       634.0732       8.2097      1.23757     1.23757     381.5251     0.95998      1 chain_01/itr_00171_trial_01.rho
     1      172      0.05179       637.6416       3.5684      1.24105     1.24105     381.5251     0.95998      1 chain_01/itr_00172_trial_01.rho
     1      173      0.05091       648.0291      10.3875      1.25111     1.25111     381.5251     0.95998      1 chain_01/itr_00173_trial_01.rho
     1      174      0.05003       644.2553      -3.7738      1.24747     1.24747     381.5251     0.95998      1 chain_01/itr_00174_trial_01.rho
     1      175      0.04917       636.7070      -7.5482      1.24014     1.24014     381.5251     0.95998      1 chain_01/itr_00175_trial_01.rho
     1      176      0.04833       640.8179       4.1108      1.24413     1.24413     381.5251     0.95998      1 chain_01/itr_00176_trial_01.rho
     1      177       0.0475       630.8092     -10.0087      1.23438     1.23438     381.5251     0.95998      1 chain_01/itr_00177_trial_01.rho
     1      178      0.04668       646.5886      15.7794      1.24972     1.24972     381.5251     0.95998      1 chain_01/itr_00178_trial_01.rho
     1      179      0.04588       634.1538     -12.4348      1.23765     1.23765     381.5251     0.95998      1 chain_01/itr_00179_trial_01.rho
     1      180       0.0451       642.4056       8.2518      1.24567     1.24567     381.5251     0.95998      1 chain_01/itr_00180_trial_01.rho
     1      181      0.04432       628.4484     -13.9572      1.23207     1.23207     381.5251     0.95998      1 chain_01/itr_00181_trial_01.rho
     1      182      0.04356       614.5595     -13.8890      1.21838     1.21838     381.5251     0.95998      1 chain_01/itr_00182_trial_01.rho
     1      183      0.04281       620.4759       5.9165      1.22423     1.22423     381.5251     0.95998      1 chain_01/itr_00183_trial_01.rho
     1      184      0.04208       635.8484      15.3724      1.23930     1.23930     381.5251     0.95998      1 chain_01/itr_00184_trial_01.rho
     1      185      0.04136       634.5319      -1.3165      1.23802     1.23802     381.5251     0.95998      1 chain_01/itr_00185_trial_01.rho
     1      186      0.04065       638.6687       4.1368      1.24205     1.24205     381.5251     0.95998      1 chain_01/itr_00186_trial_01.rho
     1      187      0.03995       631.8723      -6.7964      1.23542     1.23542     381.5251     0.95998      1 chain_01/itr_00187_trial_01.rho
     1      188      0.03926       625.5159      -6.3565      1.22919     1.22919     381.5251     0.95998      1 chain_01/itr_00188_trial_01.rho
     1      189      0.03859       624.0898      -1.4261      1.22779     1.22779     381.5251     0.95998      1 chain_01/itr_00189_trial_01.rho
     1      190      0.03793       605.0900     -18.9998      1.20895     1.20895     381.5251     0.95998      1 chain_01/itr_00190_trial_01.rho
     1      191      0.03728       603.8364      -1.2536      1.20770     1.20770     381.5251     0.95998      1 chain_01/itr_00191_trial_01.rho
     1      192      0.03664       582.6152     -21.2213      1.18629     1.18629     381.5251     0.95998      1 chain_01/itr_00192_trial_01.rho
     1      193      0.03601       591.0028       8.3877      1.19480     1.19480     381.5251     0.95998      1 chain_01/itr_00193_trial_01.rho
     1      194      0.03539       582.8716      -8.1312      1.18655     1.18655     381.5251     0.95998      1 chain_01/itr_00194_trial_01.rho
     1      195      0.03478       591.5697       8.6981      1.19537     1.19537     381.5251     0.95998      1 chain_01/itr_00195_trial_01.rho
     1      196      0.03418       592.1665       0.5967      1.19597     1.19597     381.5251     0.95998      1 chain_01/itr_00196_trial_01.rho
     1      197       0.0336       593.2334       1.0669      1.19705     1.19705     381.5251     0.95998      1 chain_01/itr_00197_trial_01.rho
     1      198      0.03302       593.2334       0.0000      1.19705     1.19705     381.5251     0.95998      0 -
     1      199      0.03245       591.2733      -1.9602      1.19507     1.19507     381.5251     0.95998      1 chain_01/itr_00199_trial_01.rho
     1      200       0.0319       597.1915       5.9183      1.20104     1.20104     381.5251     0.95998      1 chain_01/itr_00200_trial_01.rho
     1      201      0.03135       597.0514      -0.1401      1.20090     1.20090     381.5251     0.95998      1 chain_01/itr_00201_trial_01.rho
     1      202      0.03081       598.4903       1.4389      1.20234     1.20234     381.5251     0.95998      1 chain_01/itr_00202_trial_01.rho
     1      203      0.03028       598.4903       0.0000      1.20234     1.20234     381.5251     0.95998      0 -
     1      204      0.02976       600.8701       2.3798      1.20473     1.20473     381.5251     0.95998      1 chain_01/itr_00204_trial_01.rho
     1      205      0.02925       607.8866       7.0166      1.21174     1.21174     381.5251     0.95998      1 chain_01/itr_00205_trial_01.rho
     1      206      0.02875       601.9531      -5.9335      1.20582     1.20582     381.5251     0.95998      1 chain_01/itr_00206_trial_01.rho
     1      207      0.02826       601.9531       0.0000      1.20582     1.20582     381.5251     0.95998      0 -
     1      208      0.02777       599.3813      -2.5718      1.20324     1.20324     381.5251     0.95998      1 chain_01/itr_00208_trial_01.rho
     1      209       0.0273       600.9713       1.5900      1.20483     1.20483     381.5251     0.95998      1 chain_01/itr_00209_trial_01.rho
     1      210      0.02683       589.1258     -11.8455      1.19290     1.19290     381.5251     0.95998      1 chain_01/itr_00210_trial_01.rho
     1      211      0.02637       586.5275      -2.5983      1.19027     1.19027     381.5251     0.95998      1 chain_01/itr_00211_trial_01.rho
     1      212      0.02591       586.5275       0.0000      1.19027     1.19027     381.5251     0.95998      0 -
     1      213      0.02547       586.9313       0.4038      1.19068     1.19068     381.5251     0.95998      1 chain_01/itr_00213_trial_01.rho
     1      214      0.02503       584.4073      -2.5240      1.18811     1.18811     381.5251     0.95998      1 chain_01/itr_00214_trial_01.rho
     1      215       0.0246       585.1514       0.7440      1.18887     1.18887     381.5251     0.95998      1 chain_01/itr_00215_trial_01.rho
     1      216      0.02418       570.6830     -14.4683      1.17408     1.17408     381.5251     0.95998      1 chain_01/itr_00216_trial_01.rho
     1      217      0.02377       572.6557       1.9727      1.17611     1.17611     381.5251     0.95998      1 chain_01/itr_00217_trial_01.rho
     1      218      0.02336       555.5717     -17.0840      1.15843     1.15843     381.5251     0.95998      1 chain_01/itr_00218_trial_01.rho
     1      219      0.02296       555.5717       0.0000      1.15843     1.15843     381.5251     0.95998      0 -
     1      220      0.02256       556.0127       0.4410      1.15889     1.15889     381.5251     0.95998      1 chain_01/itr_00220_trial_01.rho
     1      221      0.02218       549.4673      -6.5454      1.15205     1.15205     381.5251     0.95998      1 chain_01/itr_00221_trial_01.rho
     1      222      0.02179       555.3171       5.8497      1.15816     1.15816     381.5251     0.95998      1 chain_01/itr_00222_trial_01.rho
     1      223      0.02142       555.3171       0.0000      1.15816     1.15816     381.5251     0.95998      0 -
     1      224      0.02105       554.6936      -0.6235      1.15751     1.15751     381.5251     0.95998      1 chain_01/itr_00224_trial_01.rho
     1      225      0.02069       554.6936       0.0000      1.15751     1.15751     381.5251     0.95998      0 -
     1      226      0.02034       549.8465      -4.8472      1.15245     1.15245     381.5251     0.95998      1 chain_01/itr_00226_trial_01.rho
     1      227      0.01999       548.1199      -1.7266      1.15064     1.15064     381.5251     0.95998      1 chain_01/itr_00227_trial_01.rho
     1      228      0.01964       548.1082      -0.0117      1.15062     1.15062     381.5251     0.95998      1 chain_01/itr_00228_trial_01.rho
     1      229      0.01931       549.0404       0.9322      1.15160     1.15160     381.5251     0.95998      1 chain_01/itr_00229_trial_01.rho
     1      230      0.01898       560.1219      11.0815      1.16316     1.16316     381.5251     0.95998      1 chain_01/itr_00230_trial_01.rho
     1      231      0.01865       562.3468       2.2249      1.16547     1.16547     381.5251     0.95998      1 chain_01/itr_00231_trial_01.rho
     1      232      0.01833       558.0274      -4.3194      1.16099     1.16099     381.5251     0.95998      1 chain_01/itr_00232_trial_01.rho
     1      233      0.01802       558.6227       0.5953      1.16161     1.16161     381.5251     0.95998      1 chain_01/itr_00233_trial_01.rho
     1      234      0.01771       554.7685      -3.8542      1.15759     1.15759     381.5251     0.95998      1 chain_01/itr_00234_trial_01.rho
     1      235       0.0174       559.5739       4.8054      1.16260     1.16260     381.5251     0.95998      1 chain_01/itr_00235_trial_01.rho
     1      236       0.0171       558.8074      -0.7665      1.16180     1.16180     381.5251     0.95998      1 chain_01/itr_00236_trial_01.rho
     1      237      0.01681       558.6705      -0.1369      1.16166     1.16166     381.5251     0.95998      1 chain_01/itr_00237_trial_01.rho
     1      238      0.01652       558.6705       0.0000      1.16166     1.16166     381.5251     0.95998      0 -
     1      239      0.01624       558.6705       0.0000      1.16166     1.16166     381.5251     0.95998      0 -
     1      240      0.01596       558.6705       0.0000      1.16166     1.16166     381.5251     0.95998      0 -
     1      241      0.01569       562.5420       3.8715      1.16567     1.16567     381.5251     0.95998      1 chain_01/itr_00241_trial_01.rho
     1      242      0.01542       564.8691       2.3271      1.16808     1.16808     381.5251     0.95998      1 chain_01/itr_00242_trial_01.rho
     1      243      0.01515       562.9843      -1.8848      1.16613     1.16613     381.5251     0.95998      1 chain_01/itr_00243_trial_01.rho
     1      244      0.01489       562.9843       0.0000      1.16613     1.16613     381.5251     0.95998      0 -
     1      245      0.01464       568.1519       5.1675      1.17147     1.17147     381.5251     0.95998      1 chain_01/itr_00245_trial_01.rho
     1      246      0.01438       569.1549       1.0031      1.17251     1.17251     381.5251     0.95998      1 chain_01/itr_00246_trial_01.rho
     1      247      0.01414       569.1549       0.0000      1.17251     1.17251     381.5251     0.95998      0 -
     1      248      0.01389       569.1549       0.0000      1.17251     1.17251     381.5251     0.95998      0 -
     1      249      0.01366       572.3150       3.1600      1.17576     1.17576     381.5251     0.95998      1 chain_01/itr_00249_trial_01.rho
     1      250      0.01342       568.9982      -3.3168      1.17234     1.17234     381.5251     0.95998      1 chain_01/itr_00250_trial_01.rho
     1      251      0.01319       567.3881      -1.6101      1.17068     1.17068     381.5251     0.95998      1 chain_01/itr_00251_trial_01.rho
     1      252      0.01297       566.9763      -0.4117      1.17026     1.17026     381.5251     0.95998      1 chain_01/itr_00252_trial_01.rho
     1      253      0.01274       566.9763       0.0000      1.17026     1.17026     381.5251     0.95998      0 -
     1      254      0.01252       559.2910      -7.6854      1.16230     1.16230     381.5251     0.95998      1 chain_01/itr_00254_trial_01.rho
     1      255      0.01231       557.5046      -1.7863      1.16044     1.16044     381.5251     0.95998      1 chain_01/itr_00255_trial_01.rho
     1      256       0.0121       557.5046       0.0000      1.16044     1.16044     381.5251     0.95998      0 -
     1      257      0.01189       557.5046       0.0000      1.16044     1.16044     381.5251     0.95998      0 -
     1      258      0.01169       557.5046       0.0000      1.16044     1.16044     381.5251     0.95998      0 -
     1      259      0.01149       551.8515      -5.6531      1.15455     1.15455     381.5251     0.95998      1 chain_01/itr_00259_trial_01.rho
     1      260      0.01129       551.8515       0.0000      1.15455     1.15455     381.5251     0.95998      0 -
     1      261      0.01109       551.8515       0.0000      1.15455     1.15455     381.5251     0.95998      0 -
     1      262       0.0109       552.6782       0.8267      1.15541     1.15541     381.5251     0.95998      1 chain_01/itr_00262_trial_01.rho
     1      263      0.01072       549.0161      -3.6621      1.15158     1.15158     381.5251     0.95998      1 chain_01/itr_00263_trial_01.rho
     1      264      0.01053       546.9462      -2.0699      1.14940     1.14940     381.5251     0.95998      1 chain_01/itr_00264_trial_01.rho
     1      265      0.01035       544.2239      -2.7223      1.14654     1.14654     381.5251     0.95998      1 chain_01/itr_00265_trial_01.rho
     1      266      0.01017       540.6557      -3.5683      1.14277     1.14277     381.5251     0.95998      1 chain_01/itr_00266_trial_01.rho
     1      267         0.01       540.6557       0.0000      1.14277     1.14277     381.5251     0.95998      0 -
     1      268     0.009828       540.6557       0.0000      1.14277     1.14277     381.5251     0.95998      0 -
     1      269      0.00966       540.6557       0.0000      1.14277     1.14277     381.5251     0.95998      0 -
     1      270     0.009494       540.6557       0.0000      1.14277     1.14277     381.5251     0.95998      0 -
     1      271     0.009331       541.1185       0.4628      1.14326     1.14326     381.5251     0.95998      1 chain_01/itr_00271_trial_01.rho
     1      272     0.009171       540.8486      -0.2699      1.14298     1.14298     381.5251     0.95998      1 chain_01/itr_00272_trial_01.rho
     1      273     0.009013       539.2854      -1.5632      1.14132     1.14132     381.5251     0.95998      1 chain_01/itr_00273_trial_01.rho
     1      274     0.008859       536.4387      -2.8467      1.13831     1.13831     381.5251     0.95998      1 chain_01/itr_00274_trial_01.rho
     1      275     0.008707       534.0626      -2.3761      1.13578     1.13578     381.5251     0.95998      1 chain_01/itr_00275_trial_01.rho
     1      276     0.008557       526.3032      -7.7594      1.12750     1.12750     381.5251     0.95998      1 chain_01/itr_00276_trial_01.rho
     1      277      0.00841       526.3032       0.0000      1.12750     1.12750     381.5251     0.95998      0 -
     1      278     0.008266       526.3032       0.0000      1.12750     1.12750     381.5251     0.95998      0 -
     1      279     0.008124       527.9483       1.6452      1.12926     1.12926     381.5251     0.95998      1 chain_01/itr_00279_trial_01.rho
     1      280     0.007985       532.0219       4.0736      1.13361     1.13361     381.5251     0.95998      1 chain_01/itr_00280_trial_01.rho
     1      281     0.007848       534.7310       2.7091      1.13649     1.13649     381.5251     0.95998      1 chain_01/itr_00281_trial_01.rho
     1      282     0.007713       534.7310       0.0000      1.13649     1.13649     381.5251     0.95998      0 -
     1      283     0.007581       534.7310       0.0000      1.13649     1.13649     381.5251     0.95998      0 -
     1      284      0.00745       533.5536      -1.1774      1.13524     1.13524     381.5251     0.95998      1 chain_01/itr_00284_trial_01.rho
     1      285     0.007323       532.9517      -0.6020      1.13460     1.13460     381.5251     0.95998      1 chain_01/itr_00285_trial_01.rho
     1      286     0.007197       534.5299       1.5782      1.13628     1.13628     381.5251     0.95998      1 chain_01/itr_00286_trial_01.rho
     1      287     0.007073       533.8567      -0.6731      1.13557     1.13557     381.5251     0.95998      1 chain_01/itr_00287_trial_01.rho
     1      288     0.006952       531.4280      -2.4288      1.13298     1.13298     381.5251     0.95998      1 chain_01/itr_00288_trial_01.rho
     1      289     0.006833       531.4280       0.0000      1.13298     1.13298     381.5251     0.95998      0 -
     1      290     0.006715       529.6138      -1.8142      1.13104     1.13104     381.5251     0.95998      1 chain_01/itr_00290_trial_01.rho
     1      291       0.0066       533.9165       4.3028      1.13563     1.13563     381.5251     0.95998      1 chain_01/itr_00291_trial_01.rho
     1      292     0.006487       533.7124      -0.2042      1.13541     1.13541     381.5251     0.95998      1 chain_01/itr_00292_trial_01.rho
     1      293     0.006375       535.5006       1.7882      1.13731     1.13731     381.5251     0.95998      1 chain_01/itr_00293_trial_01.rho
     1      294     0.006266       535.5006       0.0000      1.13731     1.13731     381.5251     0.95998      0 -
     1      295     0.006158       534.6322      -0.8684      1.13639     1.13639     381.5251     0.95998      1 chain_01/itr_00295_trial_01.rho
     1      296     0.006053       528.9633      -5.6690      1.13035     1.13035     381.5251     0.95998      1 chain_01/itr_00296_trial_01.rho
     1      297     0.005949       528.9633       0.0000      1.13035     1.13035     381.5251     0.95998      0 -
     1      298     0.005847       528.9633       0.0000      1.13035     1.13035     381.5251     0.95998      0 -
     1      299     0.005746       526.7689      -2.1944      1.12800     1.12800     381.5251     0.95998      1 chain_01/itr_00299_trial_01.rho
     1      300     0.005648       525.1773      -1.5915      1.12630     1.12630     381.5251     0.95998      1 chain_01/itr_00300_trial_01.rho
     1      301     0.005551       525.1410      -0.0363      1.12626     1.12626     381.5251     0.95998      1 chain_01/itr_00301_trial_01.rho
     1      302     0.005456       518.7537      -6.3873      1.11939     1.11939     381.5251     0.95998      1 chain_01/itr_00302_trial_01.rho
     1      303     0.005362       518.6802      -0.0735      1.11931     1.11931     381.5251     0.95998      1 chain_01/itr_00303_trial_01.rho
     1      304      0.00527       518.1468      -0.5334      1.11873     1.11873     381.5251     0.95998      1 chain_01/itr_00304_trial_01.rho
     1      305     0.005179       515.9100      -2.2367      1.11632     1.11632     381.5251     0.95998      1 chain_01/itr_00305_trial_01.rho
     1      306     0.005091       515.9100       0.0000      1.11632     1.11632     381.5251     0.95998      0 -
     1      307     0.005003       516.2887       0.3786      1.11672     1.11672     381.5251     0.95998      1 chain_01/itr_00307_trial_01.rho
     1      308     0.004917       513.4166      -2.8721      1.11361     1.11361     381.5251     0.95998      1 chain_01/itr_00308_trial_01.rho
     1      309     0.004833       513.4166       0.0000      1.11361     1.11361     381.5251     0.95998      0 -
     1      310      0.00475       517.1444       3.7279      1.11765     1.11765     381.5251     0.95998      1 chain_01/itr_00310_trial_01.rho
     1      311     0.004668       513.3730      -3.7714      1.11357     1.11357     381.5251     0.95998      1 chain_01/itr_00311_trial_01.rho
     1      312     0.004588       513.3730       0.0000      1.11357     1.11357     381.5251     0.95998      0 -
     1      313      0.00451       513.2652      -0.1078      1.11345     1.11345     381.5251     0.95998      1 chain_01/itr_00313_trial_01.rho
     1      314     0.004432       513.2652       0.0000      1.11345     1.11345     381.5251     0.95998      0 -
     1      315     0.004356       512.3793      -0.8859      1.11249     1.11249     381.5251     0.95998      1 chain_01/itr_00315_trial_01.rho
     1      316     0.004281       512.3793       0.0000      1.11249     1.11249     381.5251     0.95998      0 -
     1      317     0.004208       512.3793       0.0000      1.11249     1.11249     381.5251     0.95998      0 -
     1      318     0.004136       512.5791       0.1998      1.11271     1.11271     381.5251     0.95998      1 chain_01/itr_00318_trial_01.rho
     1      319     0.004065       512.5791       0.0000      1.11271     1.11271     381.5251     0.95998      0 -
     1      320     0.003995       506.5046      -6.0746      1.10609     1.10609     381.5251     0.95998      1 chain_01/itr_00320_trial_01.rho
     1      321     0.003926       505.0143      -1.4903      1.10446     1.10446     381.5251     0.95998      1 chain_01/itr_00321_trial_01.rho
     1      322     0.003859       503.7202      -1.2941      1.10305     1.10305     381.5251     0.95998      1 chain_01/itr_00322_trial_01.rho
     1      323     0.003793       503.7202       0.0000      1.10305     1.10305     381.5251     0.95998      0 -
     1      324     0.003728       503.7202       0.0000      1.10305     1.10305     381.5251     0.95998      0 -
     1      325     0.003664       500.9520      -2.7682      1.10001     1.10001     381.5251     0.95998      1 chain_01/itr_00325_trial_01.rho
     1      326     0.003601       502.2375       1.2855      1.10142     1.10142     381.5251     0.95998      1 chain_01/itr_00326_trial_01.rho
     1      327     0.003539       501.9893      -0.2483      1.10115     1.10115     381.5251     0.95998      1 chain_01/itr_00327_trial_01.rho
     1      328     0.003478       501.9893       0.0000      1.10115     1.10115     381.5251     0.95998      0 -
     1      329     0.003418       501.9893       0.0000      1.10115     1.10115     381.5251     0.95998      0 -
     1      330      0.00336       501.9893       0.0000      1.10115     1.10115     381.5251     0.95998      0 -
     1      331     0.003302       497.7936      -4.1957      1.09654     1.09654     381.5251     0.95998      1 chain_01/itr_00331_trial_01.rho
     1      332     0.003245       497.7936       0.0000      1.09654     1.09654     381.5251     0.95998      0 -
     1      333      0.00319       497.7936       0.0000      1.09654     1.09654     381.5251     0.95998      0 -
     1      334     0.003135       498.5007       0.7071      1.09732     1.09732     381.5251     0.95998      1 chain_01/itr_00334_trial_01.rho
     1      335     0.003081       498.5007       0.0000      1.09732     1.09732     381.5251     0.95998      0 -
     1      336     0.003028       498.5007       0.0000      1.09732     1.09732     381.5251     0.95998      0 -
     1      337     0.002976       498.5007       0.0000      1.09732     1.09732     381.5251     0.95998      0 -
     1      338     0.002925       497.7681      -0.7327      1.09651     1.09651     381.5251     0.95998      1 chain_01/itr_00338_trial_01.rho
     1      339     0.002875       493.7746      -3.9935      1.09210     1.09210     381.5251     0.95998      1 chain_01/itr_00339_trial_01.rho
     1      340     0.002826       491.9352      -1.8395      1.09007     1.09007     381.5251     0.95998      1 chain_01/itr_00340_trial_01.rho
     1      341     0.002777       491.9352       0.0000      1.09007     1.09007     381.5251     0.95998      0 -
     1      342      0.00273       490.1373      -1.7979      1.08807     1.08807     381.5251     0.95998      1 chain_01/itr_00342_trial_01.rho
     1      343     0.002683       487.0809      -3.0564      1.08468     1.08468     381.5251     0.95998      1 chain_01/itr_00343_trial_01.rho
     1      344     0.002637       481.9035      -5.1774      1.07890     1.07890     381.5251     0.95998      1 chain_01/itr_00344_trial_01.rho
     1      345     0.002591       482.4800       0.5765      1.07954     1.07954     381.5251     0.95998      1 chain_01/itr_00345_trial_01.rho
     1      346     0.002547       482.4800       0.0000      1.07954     1.07954     381.5251     0.95998      0 -
     1      347     0.002503       481.7005      -0.7795      1.07867     1.07867     381.5251     0.95998      1 chain_01/itr_00347_trial_01.rho
     1      348      0.00246       481.7005       0.0000      1.07867     1.07867     381.5251     0.95998      0 -
     1      349     0.002418       481.7266       0.0261      1.07870     1.07870     381.5251     0.95998      1 chain_01/itr_00349_trial_01.rho
     1      350     0.002377       480.3431      -1.3835      1.07715     1.07715     381.5251     0.95998      1 chain_01/itr_00350_trial_01.rho
     1      351     0.002336       480.3431       0.0000      1.07715     1.07715     381.5251     0.95998      0 -
     1      352     0.002296       480.3431       0.0000      1.07715     1.07715     381.5251     0.95998      0 -
     1      353     0.002256       480.8508       0.5077      1.07772     1.07772     381.5251     0.95998      1 chain_01/itr_00353_trial_01.rho
     1      354     0.002218       480.8508       0.0000      1.07772     1.07772     381.5251     0.95998      0 -
     1      355     0.002179       480.8508       0.0000      1.07772     1.07772     381.5251     0.95998      0 -
     1      356     0.002142       480.3779      -0.4729      1.07719     1.07719     381.5251     0.95998      1 chain_01/itr_00356_trial_01.rho
     1      357     0.002105       480.3779       0.0000      1.07719     1.07719     381.5251     0.95998      0 -
     1      358     0.002069       480.0724      -0.3054      1.07685     1.07685     381.5251     0.95998      1 chain_01/itr_00358_trial_01.rho
     1      359     0.002034       480.0724       0.0000      1.07685     1.07685     381.5251     0.95998      0 -
     1      360     0.001999       480.0724       0.0000      1.07685     1.07685     381.5251     0.95998      0 -
     1      361     0.001964       478.1716      -1.9009      1.07471     1.07471     381.5251     0.95998      1 chain_01/itr_00361_trial_01.rho
     1      362     0.001931       478.1716       0.0000      1.07471     1.07471     381.5251     0.95998      0 -
     1      363     0.001898       478.1716       0.0000      1.07471     1.07471     381.5251     0.95998      0 -
     1      364     0.001865       479.0109       0.8394      1.07565     1.07565     381.5251     0.95998      1 chain_01/itr_00364_trial_01.rho
     1      365     0.001833       475.2610      -3.7499      1.07144     1.07144     381.5251     0.95998      1 chain_01/itr_00365_trial_01.rho
     1      366     0.001802       473.3405      -1.9205      1.06927     1.06927     381.5251     0.95998      1 chain_01/itr_00366_trial_01.rho
     1      367     0.001771       473.3405       0.0000      1.06927     1.06927     381.5251     0.95998      0 -
     1      368      0.00174       473.3405       0.0000      1.06927     1.06927     381.5251     0.95998      0 -
     1      369      0.00171       473.3405       0.0000      1.06927     1.06927     381.5251     0.95998      0 -
     1      370     0.001681       474.2437       0.9032      1.07029     1.07029     381.5251     0.95998      1 chain_01/itr_00370_trial_01.rho
     1      371     0.001652       474.2437       0.0000      1.07029     1.07029     381.5251     0.95998      0 -
     1      372     0.001624       474.2437       0.0000      1.07029     1.07029     381.5251     0.95998      0 -
     1      373     0.001596       473.8633      -0.3804      1.06986     1.06986     381.5251     0.95998      1 chain_01/itr_00373_trial_01.rho
     1      374     0.001569       473.8633       0.0000      1.06986     1.06986     381.5251     0.95998      0 -
     1      375     0.001542       473.8633       0.0000      1.06986     1.06986     381.5251     0.95998      0 -
     1      376     0.001515       473.8633       0.0000      1.06986     1.06986     381.5251     0.95998      0 -
     1      377     0.001489       473.8633       0.0000      1.06986     1.06986     381.5251     0.95998      0 -
     1      378     0.001464       472.3344      -1.5289      1.06813     1.06813     381.5251     0.95998      1 chain_01/itr_00378_trial_01.rho
     1      379     0.001438       472.3344       0.0000      1.06813     1.06813     381.5251     0.95998      0 -
     1      380     0.001414       472.3344       0.0000      1.06813     1.06813     381.5251     0.95998      0 -
     1      381     0.001389       470.5265      -1.8079      1.06609     1.06609     381.5251     0.95998      1 chain_01/itr_00381_trial_01.rho
     1      382     0.001366       470.5265       0.0000      1.06609     1.06609     381.5251     0.95998      0 -
     1      383     0.001342       470.4607      -0.0659      1.06601     1.06601     381.5251     0.95998      1 chain_01/itr_00383_trial_01.rho
     1      384     0.001319       467.3919      -3.0688      1.06253     1.06253     381.5251     0.95998      1 chain_01/itr_00384_trial_01.rho
     1      385     0.001297       467.3919       0.0000      1.06253     1.06253     381.5251     0.95998      0 -
     1      386     0.001274       467.3919       0.0000      1.06253     1.06253     381.5251     0.95998      0 -
     1      387     0.001252       467.3919       0.0000      1.06253     1.06253     381.5251     0.95998      0 -
     1      388     0.001231       466.0114      -1.3805      1.06096     1.06096     381.5251     0.95998      1 chain_01/itr_00388_trial_01.rho
     1      389      0.00121       465.2630      -0.7484      1.06011     1.06011     381.5251     0.95998      1 chain_01/itr_00389_trial_01.rho
     1      390     0.001189       465.5637       0.3007      1.06045     1.06045     381.5251     0.95998      1 chain_01/itr_00390_trial_01.rho
     1      391     0.001169       465.5637       0.0000      1.06045     1.06045     381.5251     0.95998      0 -
     1      392     0.001149       466.5426       0.9789      1.06156     1.06156     381.5251     0.95998      1 chain_01/itr_00392_trial_01.rho
     1      393     0.001129       460.9066      -5.6360      1.05513     1.05513     381.5251     0.95998      1 chain_01/itr_00393_trial_01.rho
     1      394     0.001109       458.1533      -2.7532      1.05197     1.05197     381.5251     0.95998      1 chain_01/itr_00394_trial_01.rho
     1      395      0.00109       458.1533       0.0000      1.05197     1.05197     381.5251     0.95998      0 -
     1      396     0.001072       457.3459      -0.8074      1.05105     1.05105     381.5251     0.95998      1 chain_01/itr_00396_trial_01.rho
     1      397     0.001053       457.3459       0.0000      1.05105     1.05105     381.5251     0.95998      0 -
     1      398     0.001035       457.3459       0.0000      1.05105     1.05105     381.5251     0.95998      0 -
     1      399     0.001017       453.3405      -4.0054      1.04643     1.04643     381.5251     0.95998      1 chain_01/itr_00399_trial_01.rho
     1      400        0.001       453.3405       0.0000      1.04643     1.04643     381.5251     0.95998      0 -
