# VFSA 2D iteration best - 2026-09-14 19:50:57
# chains=2  n_ctrl=250  frac_update_controls=1.0  temp_kappa=1.0  cool_ratio=0.001  target_rms=1.0  n_trials=1
--------------------------------------------------------------------------------------------------------------------------------------------------------------------------------------------------------
 Chain     Iter         Temp       Chi2Curr        dChi2      RMSCurr     CurrRMS     Chi2Best     RMSBest   Nacc Model
--------------------------------------------------------------------------------------------------------------------------------------------------------------------------------------------------------
     1        1            1     16971.8626    -564.5185      4.49495     4.49495   16971.8626     4.49495      1 chain_01/itr_00001_trial_01.rho
     1        2       0.9828     15600.1446   -1371.7179      4.30948     4.30948   15600.1446     4.30948      1 chain_01/itr_00002_trial_01.rho
     1        3        0.966     15856.7152     256.5706      4.34477     4.34477   15600.1446     4.30948      1 chain_01/itr_00003_trial_01.rho
     1        4       0.9494     16453.3350     596.6198      4.42575     4.42575   15600.1446     4.30948      1 chain_01/itr_00004_trial_01.rho
     1        5       0.9331     16755.5154     302.1804      4.46621     4.46621   15600.1446     4.30948      1 chain_01/itr_00005_trial_01.rho
     1        6       0.9171     16981.3143     225.7988      4.49620     4.49620   15600.1446     4.30948      1 chain_01/itr_00006_trial_01.rho
     1        7       0.9013     16439.3264    -541.9879      4.42387     4.42387   15600.1446     4.30948      1 chain_01/itr_00007_trial_01.rho
     1        8       0.8859     15495.4150    -943.9114      4.29499     4.29499   15495.4150     4.29499      1 chain_01/itr_00008_trial_01.rho
     1        9       0.8707     16351.6740     856.2590      4.41206     4.41206   15495.4150     4.29499      1 chain_01/itr_00009_trial_01.rho
     1       10       0.8557     16612.1706     260.4966      4.44707     4.44707   15495.4150     4.29499      1 chain_01/itr_00010_trial_01.rho
     1       11        0.841     15898.1505    -714.0202      4.35044     4.35044   15495.4150     4.29499      1 chain_01/itr_00011_trial_01.rho
     1       12       0.8266     15549.4706    -348.6798      4.30247     4.30247   15495.4150     4.29499      1 chain_01/itr_00012_trial_01.rho
     1       13       0.8124     14686.3109    -863.1598      4.18135     4.18135   14686.3109     4.18135      1 chain_01/itr_00013_trial_01.rho
     1       14       0.7985     14700.3614      14.0506      4.18335     4.18335   14686.3109     4.18135      1 chain_01/itr_00014_trial_01.rho
     1       15       0.7848     16290.2072    1589.8457      4.40376     4.40376   14686.3109     4.18135      1 chain_01/itr_00015_trial_01.rho
     1       16       0.7713     16411.7924     121.5852      4.42016     4.42016   14686.3109     4.18135      1 chain_01/itr_00016_trial_01.rho
     1       17       0.7581     17313.0930     901.3006      4.53991     4.53991   14686.3109     4.18135      1 chain_01/itr_00017_trial_01.rho
     1       18        0.745     16570.2228    -742.8701      4.44145     4.44145   14686.3109     4.18135      1 chain_01/itr_00018_trial_01.rho
     1       19       0.7323     17035.0716     464.8488      4.50332     4.50332   14686.3109     4.18135      1 chain_01/itr_00019_trial_01.rho
     1       20       0.7197     17473.8532     438.7816      4.56094     4.56094   14686.3109     4.18135      1 chain_01/itr_00020_trial_01.rho
     1       21       0.7073     16863.0751    -610.7781      4.48052     4.48052   14686.3109     4.18135      1 chain_01/itr_00021_trial_01.rho
     1       22       0.6952     16682.0840    -180.9912      4.45641     4.45641   14686.3109     4.18135      1 chain_01/itr_00022_trial_01.rho
     1       23       0.6833     18113.2008    1431.1168      4.64363     4.64363   14686.3109     4.18135      1 chain_01/itr_00023_trial_01.rho
     1       24       0.6715     18508.5871     395.3864      4.69404     4.69404   14686.3109     4.18135      1 chain_01/itr_00024_trial_01.rho
     1       25         0.66     17962.3833    -546.2039      4.62426     4.62426   14686.3109     4.18135      1 chain_01/itr_00025_trial_01.rho
     1       26       0.6487     18553.0636     590.6804      4.69968     4.69968   14686.3109     4.18135      1 chain_01/itr_00026_trial_01.rho
     1       27       0.6375     17779.0703    -773.9933      4.60060     4.60060   14686.3109     4.18135      1 chain_01/itr_00027_trial_01.rho
     1       28       0.6266     17512.9988    -266.0715      4.56605     4.56605   14686.3109     4.18135      1 chain_01/itr_00028_trial_01.rho
     1       29       0.6158     17965.7061     452.7073      4.62469     4.62469   14686.3109     4.18135      1 chain_01/itr_00029_trial_01.rho
     1       30       0.6053     19559.8973    1594.1912      4.82551     4.82551   14686.3109     4.18135      1 chain_01/itr_00030_trial_01.rho
     1       31       0.5949     20979.5460    1419.6487      4.99756     4.99756   14686.3109     4.18135      1 chain_01/itr_00031_trial_01.rho
     1       32       0.5847     20105.5711    -873.9749      4.89236     4.89236   14686.3109     4.18135      1 chain_01/itr_00032_trial_01.rho
     1       33       0.5746     19925.2992    -180.2719      4.87038     4.87038   14686.3109     4.18135      1 chain_01/itr_00033_trial_01.rho
     1       34       0.5648     20594.8079     669.5087      4.95153     4.95153   14686.3109     4.18135      1 chain_01/itr_00034_trial_01.rho
     1       35       0.5551     19939.7156    -655.0923      4.87214     4.87214   14686.3109     4.18135      1 chain_01/itr_00035_trial_01.rho
     1       36       0.5456     19939.7156       0.0000      4.87214     4.87214   14686.3109     4.18135      0 -
     1       37       0.5362     21444.9889    1505.2733      5.05270     5.05270   14686.3109     4.18135      1 chain_01/itr_00037_trial_01.rho
     1       38        0.527     21442.1636      -2.8254      5.05236     5.05236   14686.3109     4.18135      1 chain_01/itr_00038_trial_01.rho
     1       39       0.5179     21539.3167      97.1532      5.06380     5.06380   14686.3109     4.18135      1 chain_01/itr_00039_trial_01.rho
     1       40       0.5091     21638.8391      99.5224      5.07548     5.07548   14686.3109     4.18135      1 chain_01/itr_00040_trial_01.rho
     1       41       0.5003     20579.7350   -1059.1041      4.94972     4.94972   14686.3109     4.18135      1 chain_01/itr_00041_trial_01.rho
     1       42       0.4917     21645.4330    1065.6980      5.07626     5.07626   14686.3109     4.18135      1 chain_01/itr_00042_trial_01.rho
     1       43       0.4833     21780.8182     135.3851      5.09211     5.09211   14686.3109     4.18135      1 chain_01/itr_00043_trial_01.rho
     1       44        0.475     22853.7611    1072.9429      5.21602     5.21602   14686.3109     4.18135      1 chain_01/itr_00044_trial_01.rho
     1       45       0.4668     23691.1698     837.4088      5.31072     5.31072   14686.3109     4.18135      1 chain_01/itr_00045_trial_01.rho
     1       46       0.4588     24386.1909     695.0210      5.38806     5.38806   14686.3109     4.18135      1 chain_01/itr_00046_trial_01.rho
     1       47        0.451     25217.8266     831.6357      5.47916     5.47916   14686.3109     4.18135      1 chain_01/itr_00047_trial_01.rho
     1       48       0.4432     25547.6213     329.7947      5.51487     5.51487   14686.3109     4.18135      1 chain_01/itr_00048_trial_01.rho
     1       49       0.4356     25005.5470    -542.0743      5.45605     5.45605   14686.3109     4.18135      1 chain_01/itr_00049_trial_01.rho
     1       50       0.4281     24107.8587    -897.6883      5.35722     5.35722   14686.3109     4.18135      1 chain_01/itr_00050_trial_01.rho
     1       51       0.4208     24719.2502     611.3916      5.42473     5.42473   14686.3109     4.18135      1 chain_01/itr_00051_trial_01.rho
     1       52       0.4136     24323.8938    -395.3564      5.38117     5.38117   14686.3109     4.18135      1 chain_01/itr_00052_trial_01.rho
     1       53       0.4065     24598.8243     274.9305      5.41150     5.41150   14686.3109     4.18135      1 chain_01/itr_00053_trial_01.rho
     1       54       0.3995     25339.9167     741.0924      5.49241     5.49241   14686.3109     4.18135      1 chain_01/itr_00054_trial_01.rho
     1       55       0.3926     24585.0045    -754.9122      5.40998     5.40998   14686.3109     4.18135      1 chain_01/itr_00055_trial_01.rho
     1       56       0.3859     25342.3847     757.3802      5.49268     5.49268   14686.3109     4.18135      1 chain_01/itr_00056_trial_01.rho
     1       57       0.3793     25421.8768      79.4921      5.50129     5.50129   14686.3109     4.18135      1 chain_01/itr_00057_trial_01.rho
     1       58       0.3728     25039.7230    -382.1538      5.45978     5.45978   14686.3109     4.18135      1 chain_01/itr_00058_trial_01.rho
     1       59       0.3664     26343.1916    1303.4686      5.60008     5.60008   14686.3109     4.18135      1 chain_01/itr_00059_trial_01.rho
     1       60       0.3601     26751.8949     408.7034      5.64336     5.64336   14686.3109     4.18135      1 chain_01/itr_00060_trial_01.rho
     1       61       0.3539     25365.9975   -1385.8974      5.49524     5.49524   14686.3109     4.18135      1 chain_01/itr_00061_trial_01.rho
     1       62       0.3478     25365.9975       0.0000      5.49524     5.49524   14686.3109     4.18135      0 -
     1       63       0.3418     25365.9975       0.0000      5.49524     5.49524   14686.3109     4.18135      0 -
     1       64        0.336     25886.3059     520.3084      5.55131     5.55131   14686.3109     4.18135      1 chain_01/itr_00064_trial_01.rho
     1       65       0.3302     26028.3443     142.0384      5.56652     5.56652   14686.3109     4.18135      1 chain_01/itr_00065_trial_01.rho
     1       66       0.3245     25279.7877    -748.5566      5.48589     5.48589   14686.3109     4.18135      1 chain_01/itr_00066_trial_01.rho
     1       67        0.319     26464.5987    1184.8110      5.61297     5.61297   14686.3109     4.18135      1 chain_01/itr_00067_trial_01.rho
     1       68       0.3135     26838.2438     373.6451      5.65246     5.65246   14686.3109     4.18135      1 chain_01/itr_00068_trial_01.rho
     1       69       0.3081     28011.9970    1173.7532      5.77474     5.77474   14686.3109     4.18135      1 chain_01/itr_00069_trial_01.rho
     1       70       0.3028     27021.7993    -990.1977      5.67176     5.67176   14686.3109     4.18135      1 chain_01/itr_00070_trial_01.rho
     1       71       0.2976     27404.9039     383.1046      5.71182     5.71182   14686.3109     4.18135      1 chain_01/itr_00071_trial_01.rho
     1       72       0.2925     26946.9055    -457.9984      5.66389     5.66389   14686.3109     4.18135      1 chain_01/itr_00072_trial_01.rho
     1       73       0.2875     25774.6174   -1172.2881      5.53932     5.53932   14686.3109     4.18135      1 chain_01/itr_00073_trial_01.rho
     1       74       0.2826     24168.6828   -1605.9346      5.36398     5.36398   14686.3109     4.18135      1 chain_01/itr_00074_trial_01.rho
     1       75       0.2777     24168.6828       0.0000      5.36398     5.36398   14686.3109     4.18135      0 -
     1       76        0.273     24281.1300     112.4472      5.37644     5.37644   14686.3109     4.18135      1 chain_01/itr_00076_trial_01.rho
     1       77       0.2683     25426.6894    1145.5593      5.50181     5.50181   14686.3109     4.18135      1 chain_01/itr_00077_trial_01.rho
     1       78       0.2637     24968.0191    -458.6703      5.45196     5.45196   14686.3109     4.18135      1 chain_01/itr_00078_trial_01.rho
     1       79       0.2591     25558.2546     590.2355      5.51602     5.51602   14686.3109     4.18135      1 chain_01/itr_00079_trial_01.rho
     1       80       0.2547     25360.1529    -198.1017      5.49460     5.49460   14686.3109     4.18135      1 chain_01/itr_00080_trial_01.rho
     1       81       0.2503     27567.8173    2207.6644      5.72877     5.72877   14686.3109     4.18135      1 chain_01/itr_00081_trial_01.rho
     1       82        0.246     28976.4392    1408.6219      5.87331     5.87331   14686.3109     4.18135      1 chain_01/itr_00082_trial_01.rho
     1       83       0.2418     28757.7751    -218.6641      5.85111     5.85111   14686.3109     4.18135      1 chain_01/itr_00083_trial_01.rho
     1       84       0.2377     27376.0672   -1381.7079      5.70881     5.70881   14686.3109     4.18135      1 chain_01/itr_00084_trial_01.rho
     1       85       0.2336     27260.1938    -115.8734      5.69672     5.69672   14686.3109     4.18135      1 chain_01/itr_00085_trial_01.rho
     1       86       0.2296     26736.6910    -523.5028      5.64175     5.64175   14686.3109     4.18135      1 chain_01/itr_00086_trial_01.rho
     1       87       0.2256     27119.2012     382.5102      5.68197     5.68197   14686.3109     4.18135      1 chain_01/itr_00087_trial_01.rho
     1       88       0.2218     27119.2012       0.0000      5.68197     5.68197   14686.3109     4.18135      0 -
     1       89       0.2179     25878.9188   -1240.2825      5.55052     5.55052   14686.3109     4.18135      1 chain_01/itr_00089_trial_01.rho
     1       90       0.2142     26563.0096     684.0908      5.62340     5.62340   14686.3109     4.18135      1 chain_01/itr_00090_trial_01.rho
     1       91       0.2105     25911.3677    -651.6419      5.55400     5.55400   14686.3109     4.18135      1 chain_01/itr_00091_trial_01.rho
     1       92       0.2069     25911.3677       0.0000      5.55400     5.55400   14686.3109     4.18135      0 -
     1       93       0.2034     25435.7629    -475.6047      5.50279     5.50279   14686.3109     4.18135      1 chain_01/itr_00093_trial_01.rho
     1       94       0.1999     25435.7629       0.0000      5.50279     5.50279   14686.3109     4.18135      0 -
     1       95       0.1964     27040.2518    1604.4889      5.67369     5.67369   14686.3109     4.18135      1 chain_01/itr_00095_trial_01.rho
     1       96       0.1931     27538.7515     498.4997      5.72575     5.72575   14686.3109     4.18135      1 chain_01/itr_00096_trial_01.rho
     1       97       0.1898     27520.4838     -18.2676      5.72385     5.72385   14686.3109     4.18135      1 chain_01/itr_00097_trial_01.rho
     1       98       0.1865     27655.3167     134.8328      5.73786     5.73786   14686.3109     4.18135      1 chain_01/itr_00098_trial_01.rho
     1       99       0.1833     28986.9063    1331.5896      5.87437     5.87437   14686.3109     4.18135      1 chain_01/itr_00099_trial_01.rho
     1      100       0.1802     28645.0855    -341.8208      5.83963     5.83963   14686.3109     4.18135      1 chain_01/itr_00100_trial_01.rho
     1      101       0.1771     28001.0087    -644.0768      5.77361     5.77361   14686.3109     4.18135      1 chain_01/itr_00101_trial_01.rho
     1      102        0.174     29336.3933    1335.3845      5.90968     5.90968   14686.3109     4.18135      1 chain_01/itr_00102_trial_01.rho
     1      103        0.171     30268.7329     932.3396      6.00285     6.00285   14686.3109     4.18135      1 chain_01/itr_00103_trial_01.rho
     1      104       0.1681     30381.7653     113.0324      6.01405     6.01405   14686.3109     4.18135      1 chain_01/itr_00104_trial_01.rho
     1      105       0.1652     32213.0140    1831.2487      6.19264     6.19264   14686.3109     4.18135      1 chain_01/itr_00105_trial_01.rho
     1      106       0.1624     32967.2475     754.2335      6.26472     6.26472   14686.3109     4.18135      1 chain_01/itr_00106_trial_01.rho
     1      107       0.1596     33194.8506     227.6031      6.28631     6.28631   14686.3109     4.18135      1 chain_01/itr_00107_trial_01.rho
     1      108       0.1569     33474.5906     279.7400      6.31274     6.31274   14686.3109     4.18135      1 chain_01/itr_00108_trial_01.rho
     1      109       0.1542     32207.3004   -1267.2903      6.19209     6.19209   14686.3109     4.18135      1 chain_01/itr_00109_trial_01.rho
     1      110       0.1515     31713.3248    -493.9755      6.14442     6.14442   14686.3109     4.18135      1 chain_01/itr_00110_trial_01.rho
     1      111       0.1489     30205.9453   -1507.3795      5.99662     5.99662   14686.3109     4.18135      1 chain_01/itr_00111_trial_01.rho
     1      112       0.1464     29948.8687    -257.0767      5.97105     5.97105   14686.3109     4.18135      1 chain_01/itr_00112_trial_01.rho
     1      113       0.1438     28931.5097   -1017.3590      5.86875     5.86875   14686.3109     4.18135      1 chain_01/itr_00113_trial_01.rho
     1      114       0.1414     29209.6759     278.1662      5.89690     5.89690   14686.3109     4.18135      1 chain_01/itr_00114_trial_01.rho
     1      115       0.1389     28814.7702    -394.9057      5.85690     5.85690   14686.3109     4.18135      1 chain_01/itr_00115_trial_01.rho
     1      116       0.1366     28754.6672     -60.1031      5.85079     5.85079   14686.3109     4.18135      1 chain_01/itr_00116_trial_01.rho
     1      117       0.1342     29131.5332     376.8661      5.88901     5.88901   14686.3109     4.18135      1 chain_01/itr_00117_trial_01.rho
     1      118       0.1319     28812.2318    -319.3014      5.85664     5.85664   14686.3109     4.18135      1 chain_01/itr_00118_trial_01.rho
     1      119       0.1297     29706.1000     893.8682      5.94680     5.94680   14686.3109     4.18135      1 chain_01/itr_00119_trial_01.rho
     1      120       0.1274     29706.1000       0.0000      5.94680     5.94680   14686.3109     4.18135      0 -
     1      121       0.1252     30990.0899    1283.9899      6.07396     6.07396   14686.3109     4.18135      1 chain_01/itr_00121_trial_01.rho
     1      122       0.1231     32094.3849    1104.2950      6.18123     6.18123   14686.3109     4.18135      1 chain_01/itr_00122_trial_01.rho
     1      123        0.121     32121.0917      26.7069      6.18380     6.18380   14686.3109     4.18135      1 chain_01/itr_00123_trial_01.rho
     1      124       0.1189     32267.3708     146.2791      6.19787     6.19787   14686.3109     4.18135      1 chain_01/itr_00124_trial_01.rho
     1      125       0.1169     32360.4336      93.0628      6.20680     6.20680   14686.3109     4.18135      1 chain_01/itr_00125_trial_01.rho
     1      126       0.1149     31985.4611    -374.9725      6.17073     6.17073   14686.3109     4.18135      1 chain_01/itr_00126_trial_01.rho
     1      127       0.1129     32396.1525     410.6914      6.21022     6.21022   14686.3109     4.18135      1 chain_01/itr_00127_trial_01.rho
     1      128       0.1109     31670.9060    -725.2465      6.14031     6.14031   14686.3109     4.18135      1 chain_01/itr_00128_trial_01.rho
     1      129        0.109     31337.0499    -333.8562      6.10786     6.10786   14686.3109     4.18135      1 chain_01/itr_00129_trial_01.rho
     1      130       0.1072     33049.0787    1712.0288      6.27249     6.27249   14686.3109     4.18135      1 chain_01/itr_00130_trial_01.rho
     1      131       0.1053     33256.1140     207.0353      6.29211     6.29211   14686.3109     4.18135      1 chain_01/itr_00131_trial_01.rho
     1      132       0.1035     33662.8911     406.7772      6.33047     6.33047   14686.3109     4.18135      1 chain_01/itr_00132_trial_01.rho
     1      133       0.1017     34118.3088     455.4176      6.37315     6.37315   14686.3109     4.18135      1 chain_01/itr_00133_trial_01.rho
     1      134          0.1     34118.3088       0.0000      6.37315     6.37315   14686.3109     4.18135      0 -
     1      135      0.09828     34408.0581     289.7494      6.40015     6.40015   14686.3109     4.18135      1 chain_01/itr_00135_trial_01.rho
     1      136       0.0966     34188.7953    -219.2629      6.37973     6.37973   14686.3109     4.18135      1 chain_01/itr_00136_trial_01.rho
     1      137      0.09494     34188.7953       0.0000      6.37973     6.37973   14686.3109     4.18135      0 -
     1      138      0.09331     34188.7953       0.0000      6.37973     6.37973   14686.3109     4.18135      0 -
     1      139      0.09171     33943.6933    -245.1020      6.35682     6.35682   14686.3109     4.18135      1 chain_01/itr_00139_trial_01.rho
     1      140      0.09013     32959.0704    -984.6229      6.26394     6.26394   14686.3109     4.18135      1 chain_01/itr_00140_trial_01.rho
     1      141      0.08859     32959.0704       0.0000      6.26394     6.26394   14686.3109     4.18135      0 -
     1      142      0.08707     34491.9410    1532.8706      6.40795     6.40795   14686.3109     4.18135      1 chain_01/itr_00142_trial_01.rho
     1      143      0.08557     33848.5635    -643.3775      6.34791     6.34791   14686.3109     4.18135      1 chain_01/itr_00143_trial_01.rho
     1      144       0.0841     34475.6477     627.0842      6.40644     6.40644   14686.3109     4.18135      1 chain_01/itr_00144_trial_01.rho
     1      145      0.08266     34369.7451    -105.9026      6.39659     6.39659   14686.3109     4.18135      1 chain_01/itr_00145_trial_01.rho
     1      146      0.08124     32895.0169   -1474.7282      6.25785     6.25785   14686.3109     4.18135      1 chain_01/itr_00146_trial_01.rho
     1      147      0.07985     33379.8661     484.8492      6.30380     6.30380   14686.3109     4.18135      1 chain_01/itr_00147_trial_01.rho
     1      148      0.07848     34180.9262     801.0601      6.37900     6.37900   14686.3109     4.18135      1 chain_01/itr_00148_trial_01.rho
     1      149      0.07713     34180.9262       0.0000      6.37900     6.37900   14686.3109     4.18135      0 -
     1      150      0.07581     33596.2081    -584.7181      6.32420     6.32420   14686.3109     4.18135      1 chain_01/itr_00150_trial_01.rho
     1      151       0.0745     33787.6780     191.4699      6.34219     6.34219   14686.3109     4.18135      1 chain_01/itr_00151_trial_01.rho
     1      152      0.07323     33240.0946    -547.5834      6.29059     6.29059   14686.3109     4.18135      1 chain_01/itr_00152_trial_01.rho
     1      153      0.07197     33347.1143     107.0197      6.30071     6.30071   14686.3109     4.18135      1 chain_01/itr_00153_trial_01.rho
     1      154      0.07073     31331.2250   -2015.8893      6.10730     6.10730   14686.3109     4.18135      1 chain_01/itr_00154_trial_01.rho
     1      155      0.06952     31044.1492    -287.0758      6.07925     6.07925   14686.3109     4.18135      1 chain_01/itr_00155_trial_01.rho
     1      156      0.06833     31916.6718     872.5226      6.16409     6.16409   14686.3109     4.18135      1 chain_01/itr_00156_trial_01.rho
     1      157      0.06715     32406.5873     489.9155      6.21122     6.21122   14686.3109     4.18135      1 chain_01/itr_00157_trial_01.rho
     1      158        0.066     32406.5873       0.0000      6.21122     6.21122   14686.3109     4.18135      0 -
     1      159      0.06487     32065.5599    -341.0274      6.17845     6.17845   14686.3109     4.18135      1 chain_01/itr_00159_trial_01.rho
     1      160      0.06375     31563.5280    -502.0319      6.12990     6.12990   14686.3109     4.18135      1 chain_01/itr_00160_trial_01.rho
     1      161      0.06266     29517.5339   -2045.9940      5.92789     5.92789   14686.3109     4.18135      1 chain_01/itr_00161_trial_01.rho
     1      162      0.06158     29342.3614    -175.1726      5.91028     5.91028   14686.3109     4.18135      1 chain_01/itr_00162_trial_01.rho
     1      163      0.06053     29600.0194     257.6581      5.93617     5.93617   14686.3109     4.18135      1 chain_01/itr_00163_trial_01.rho
     1      164      0.05949     29268.0781    -331.9413      5.90279     5.90279   14686.3109     4.18135      1 chain_01/itr_00164_trial_01.rho
     1      165      0.05847     30180.8088     912.7307      5.99412     5.99412   14686.3109     4.18135      1 chain_01/itr_00165_trial_01.rho
     1      166      0.05746     31003.2314     822.4226      6.07525     6.07525   14686.3109     4.18135      1 chain_01/itr_00166_trial_01.rho
     1      167      0.05648     29234.0724   -1769.1590      5.89936     5.89936   14686.3109     4.18135      1 chain_01/itr_00167_trial_01.rho
     1      168      0.05551     28460.5580    -773.5144      5.82079     5.82079   14686.3109     4.18135      1 chain_01/itr_00168_trial_01.rho
     1      169      0.05456     27972.1895    -488.3685      5.77063     5.77063   14686.3109     4.18135      1 chain_01/itr_00169_trial_01.rho
     1      170      0.05362     29088.4309    1116.2414      5.88465     5.88465   14686.3109     4.18135      1 chain_01/itr_00170_trial_01.rho
     1      171       0.0527     29670.0056     581.5748      5.94318     5.94318   14686.3109     4.18135      1 chain_01/itr_00171_trial_01.rho
     1      172      0.05179     28701.6975    -968.3081      5.84540     5.84540   14686.3109     4.18135      1 chain_01/itr_00172_trial_01.rho
     1      173      0.05091     28701.6975       0.0000      5.84540     5.84540   14686.3109     4.18135      0 -
     1      174      0.05003     28670.4665     -31.2310      5.84222     5.84222   14686.3109     4.18135      1 chain_01/itr_00174_trial_01.rho
     1      175      0.04917     29425.3420     754.8755      5.91863     5.91863   14686.3109     4.18135      1 chain_01/itr_00175_trial_01.rho
     1      176      0.04833     29425.3420       0.0000      5.91863     5.91863   14686.3109     4.18135      0 -
     1      177       0.0475     28868.6179    -556.7242      5.86237     5.86237   14686.3109     4.18135      1 chain_01/itr_00177_trial_01.rho
     1      178      0.04668     28589.3974    -279.2204      5.83395     5.83395   14686.3109     4.18135      1 chain_01/itr_00178_trial_01.rho
     1      179      0.04588     27470.7309   -1118.6665      5.71868     5.71868   14686.3109     4.18135      1 chain_01/itr_00179_trial_01.rho
     1      180       0.0451     26794.8012    -675.9298      5.64788     5.64788   14686.3109     4.18135      1 chain_01/itr_00180_trial_01.rho
     1      181      0.04432     27070.8645     276.0633      5.67690     5.67690   14686.3109     4.18135      1 chain_01/itr_00181_trial_01.rho
     1      182      0.04356     26705.5169    -365.3476      5.63846     5.63846   14686.3109     4.18135      1 chain_01/itr_00182_trial_01.rho
     1      183      0.04281     27669.0961     963.5792      5.73929     5.73929   14686.3109     4.18135      1 chain_01/itr_00183_trial_01.rho
     1      184      0.04208     27766.7241      97.6279      5.74940     5.74940   14686.3109     4.18135      1 chain_01/itr_00184_trial_01.rho
     1      185      0.04136     27287.5053    -479.2188      5.69957     5.69957   14686.3109     4.18135      1 chain_01/itr_00185_trial_01.rho
     1      186      0.04065     27287.5053       0.0000      5.69957     5.69957   14686.3109     4.18135      0 -
     1      187      0.03995     27287.5053       0.0000      5.69957     5.69957   14686.3109     4.18135      0 -
     1      188      0.03926     27287.5053       0.0000      5.69957     5.69957   14686.3109     4.18135      0 -
     1      189      0.03859     25107.4164   -2180.0888      5.46715     5.46715   14686.3109     4.18135      1 chain_01/itr_00189_trial_01.rho
     1      190      0.03793     25083.2311     -24.1853      5.46452     5.46452   14686.3109     4.18135      1 chain_01/itr_00190_trial_01.rho
     1      191      0.03728     25585.5320     502.3008      5.51896     5.51896   14686.3109     4.18135      1 chain_01/itr_00191_trial_01.rho
     1      192      0.03664     25585.5320       0.0000      5.51896     5.51896   14686.3109     4.18135      0 -
     1      193      0.03601     25549.8667     -35.6653      5.51512     5.51512   14686.3109     4.18135      1 chain_01/itr_00193_trial_01.rho
     1      194      0.03539     25549.8667       0.0000      5.51512     5.51512   14686.3109     4.18135      0 -
     1      195      0.03478     24896.3477    -653.5190      5.44413     5.44413   14686.3109     4.18135      1 chain_01/itr_00195_trial_01.rho
     1      196      0.03418     24025.7874    -870.5603      5.34810     5.34810   14686.3109     4.18135      1 chain_01/itr_00196_trial_01.rho
     1      197       0.0336     23728.7372    -297.0502      5.31493     5.31493   14686.3109     4.18135      1 chain_01/itr_00197_trial_01.rho
     1      198      0.03302     23729.3483       0.6111      5.31500     5.31500   14686.3109     4.18135      1 chain_01/itr_00198_trial_01.rho
     1      199      0.03245     23605.9314    -123.4169      5.30116     5.30116   14686.3109     4.18135      1 chain_01/itr_00199_trial_01.rho
     1      200       0.0319     23719.8533     113.9219      5.31394     5.31394   14686.3109     4.18135      1 chain_01/itr_00200_trial_01.rho
     1      201      0.03135     22586.7115   -1133.1418      5.18545     5.18545   14686.3109     4.18135      1 chain_01/itr_00201_trial_01.rho
     1      202      0.03081     22586.7115       0.0000      5.18545     5.18545   14686.3109     4.18135      0 -
     1      203      0.03028     22509.9574     -76.7542      5.17664     5.17664   14686.3109     4.18135      1 chain_01/itr_00203_trial_01.rho
     1      204      0.02976     22509.9574       0.0000      5.17664     5.17664   14686.3109     4.18135      0 -
     1      205      0.02925     22509.9574       0.0000      5.17664     5.17664   14686.3109     4.18135      0 -
     1      206      0.02875     22016.2712    -493.6862      5.11956     5.11956   14686.3109     4.18135      1 chain_01/itr_00206_trial_01.rho
     1      207      0.02826     21982.8395     -33.4317      5.11567     5.11567   14686.3109     4.18135      1 chain_01/itr_00207_trial_01.rho
     1      208      0.02777     21982.8395       0.0000      5.11567     5.11567   14686.3109     4.18135      0 -
     1      209       0.0273     21982.8395       0.0000      5.11567     5.11567   14686.3109     4.18135      0 -
     1      210      0.02683     21982.8395       0.0000      5.11567     5.11567   14686.3109     4.18135      0 -
     1      211      0.02637     21439.4533    -543.3863      5.05204     5.05204   14686.3109     4.18135      1 chain_01/itr_00211_trial_01.rho
     1      212      0.02591     21439.4533       0.0000      5.05204     5.05204   14686.3109     4.18135      0 -
     1      213      0.02547     21001.4341    -438.0192      5.00017     5.00017   14686.3109     4.18135      1 chain_01/itr_00213_trial_01.rho
     1      214      0.02503     21922.2066     920.7725      5.10861     5.10861   14686.3109     4.18135      1 chain_01/itr_00214_trial_01.rho
     1      215       0.0246     21922.2066       0.0000      5.10861     5.10861   14686.3109     4.18135      0 -
     1      216      0.02418     21922.2066       0.0000      5.10861     5.10861   14686.3109     4.18135      0 -
     1      217      0.02377     21284.3202    -637.8864      5.03373     5.03373   14686.3109     4.18135      1 chain_01/itr_00217_trial_01.rho
     1      218      0.02336     20830.1673    -454.1529      4.97974     4.97974   14686.3109     4.18135      1 chain_01/itr_00218_trial_01.rho
     1      219      0.02296     20587.6127    -242.5546      4.95066     4.95066   14686.3109     4.18135      1 chain_01/itr_00219_trial_01.rho
     1      220      0.02256     20879.7273     292.1146      4.98566     4.98566   14686.3109     4.18135      1 chain_01/itr_00220_trial_01.rho
     1      221      0.02218     20879.7273       0.0000      4.98566     4.98566   14686.3109     4.18135      0 -
     1      222      0.02179     20879.7273       0.0000      4.98566     4.98566   14686.3109     4.18135      0 -
     1      223      0.02142     20879.7273       0.0000      4.98566     4.98566   14686.3109     4.18135      0 -
     1      224      0.02105     21028.6279     148.9006      5.00341     5.00341   14686.3109     4.18135      1 chain_01/itr_00224_trial_01.rho
     1      225      0.02069     21028.6279       0.0000      5.00341     5.00341   14686.3109     4.18135      0 -
     1      226      0.02034     21028.6279       0.0000      5.00341     5.00341   14686.3109     4.18135      0 -
     1      227      0.01999     21028.6279       0.0000      5.00341     5.00341   14686.3109     4.18135      0 -
     1      228      0.01964     21028.6279       0.0000      5.00341     5.00341   14686.3109     4.18135      0 -
     1      229      0.01931     20814.2553    -214.3725      4.97784     4.97784   14686.3109     4.18135      1 chain_01/itr_00229_trial_01.rho
     1      230      0.01898     20814.2553       0.0000      4.97784     4.97784   14686.3109     4.18135      0 -
     1      231      0.01865     21451.0070     636.7517      5.05341     5.05341   14686.3109     4.18135      1 chain_01/itr_00231_trial_01.rho
     1      232      0.01833     21451.0070       0.0000      5.05341     5.05341   14686.3109     4.18135      0 -
     1      233      0.01802     21451.0070       0.0000      5.05341     5.05341   14686.3109     4.18135      0 -
     1      234      0.01771     20202.1811   -1248.8259      4.90410     4.90410   14686.3109     4.18135      1 chain_01/itr_00234_trial_01.rho
     1      235       0.0174     20120.4194     -81.7617      4.89417     4.89417   14686.3109     4.18135      1 chain_01/itr_00235_trial_01.rho
     1      236       0.0171     19440.9867    -679.4327      4.81082     4.81082   14686.3109     4.18135      1 chain_01/itr_00236_trial_01.rho
     1      237      0.01681     19440.9867       0.0000      4.81082     4.81082   14686.3109     4.18135      0 -
     1      238      0.01652     19410.3737     -30.6129      4.80704     4.80704   14686.3109     4.18135      1 chain_01/itr_00238_trial_01.rho
     1      239      0.01624     19402.8214      -7.5524      4.80610     4.80610   14686.3109     4.18135      1 chain_01/itr_00239_trial_01.rho
     1      240      0.01596     19063.9996    -338.8217      4.76395     4.76395   14686.3109     4.18135      1 chain_01/itr_00240_trial_01.rho
     1      241      0.01569     19063.9996       0.0000      4.76395     4.76395   14686.3109     4.18135      0 -
     1      242      0.01542     19625.5080     561.5084      4.83360     4.83360   14686.3109     4.18135      1 chain_01/itr_00242_trial_01.rho
     1      243      0.01515     19625.5080       0.0000      4.83360     4.83360   14686.3109     4.18135      0 -
     1      244      0.01489     19751.9625     126.4545      4.84915     4.84915   14686.3109     4.18135      1 chain_01/itr_00244_trial_01.rho
     1      245      0.01464     19751.9625       0.0000      4.84915     4.84915   14686.3109     4.18135      0 -
     1      246      0.01438     19644.7446    -107.2179      4.83597     4.83597   14686.3109     4.18135      1 chain_01/itr_00246_trial_01.rho
     1      247      0.01414     18365.9808   -1278.7637      4.67592     4.67592   14686.3109     4.18135      1 chain_01/itr_00247_trial_01.rho
     1      248      0.01389     18365.9808       0.0000      4.67592     4.67592   14686.3109     4.18135      0 -
     1      249      0.01366     18365.9808       0.0000      4.67592     4.67592   14686.3109     4.18135      0 -
     1      250      0.01342     18365.9808       0.0000      4.67592     4.67592   14686.3109     4.18135      0 -
     1      251      0.01319     18075.0062    -290.9746      4.63874     4.63874   14686.3109     4.18135      1 chain_01/itr_00251_trial_01.rho
     1      252      0.01297     18075.0062       0.0000      4.63874     4.63874   14686.3109     4.18135      0 -
     1      253      0.01274     17904.2649    -170.7413      4.61677     4.61677   14686.3109     4.18135      1 chain_01/itr_00253_trial_01.rho
     1      254      0.01252     17904.2649       0.0000      4.61677     4.61677   14686.3109     4.18135      0 -
     1      255      0.01231     17904.2649       0.0000      4.61677     4.61677   14686.3109     4.18135      0 -
     1      256       0.0121     17904.2649       0.0000      4.61677     4.61677   14686.3109     4.18135      0 -
     1      257      0.01189     17605.1534    -299.1115      4.57805     4.57805   14686.3109     4.18135      1 chain_01/itr_00257_trial_01.rho
     1      258      0.01169     16728.1854    -876.9680      4.46257     4.46257   14686.3109     4.18135      1 chain_01/itr_00258_trial_01.rho
     1      259      0.01149     16728.1854       0.0000      4.46257     4.46257   14686.3109     4.18135      0 -
     1      260      0.01129     15913.8907    -814.2947      4.35260     4.35260   14686.3109     4.18135      1 chain_01/itr_00260_trial_01.rho
     1      261      0.01109     15922.4378       8.5471      4.35377     4.35377   14686.3109     4.18135      1 chain_01/itr_00261_trial_01.rho
     1      262       0.0109     15594.8630    -327.5748      4.30875     4.30875   14686.3109     4.18135      1 chain_01/itr_00262_trial_01.rho
     1      263      0.01072     15594.8630       0.0000      4.30875     4.30875   14686.3109     4.18135      0 -
     1      264      0.01053     15594.8630       0.0000      4.30875     4.30875   14686.3109     4.18135      0 -
     1      265      0.01035     15208.6989    -386.1641      4.25507     4.25507   14686.3109     4.18135      1 chain_01/itr_00265_trial_01.rho
     1      266      0.01017     15208.6989       0.0000      4.25507     4.25507   14686.3109     4.18135      0 -
     1      267         0.01     15208.6989       0.0000      4.25507     4.25507   14686.3109     4.18135      0 -
     1      268     0.009828     14978.0501    -230.6488      4.22268     4.22268   14686.3109     4.18135      1 chain_01/itr_00268_trial_01.rho
     1      269      0.00966     14978.0501       0.0000      4.22268     4.22268   14686.3109     4.18135      0 -
     1      270     0.009494     14978.0501       0.0000      4.22268     4.22268   14686.3109     4.18135      0 -
     1      271     0.009331     14978.0501       0.0000      4.22268     4.22268   14686.3109     4.18135      0 -
     1      272     0.009171     14978.0501       0.0000      4.22268     4.22268   14686.3109     4.18135      0 -
     1      273     0.009013     14978.0501       0.0000      4.22268     4.22268   14686.3109     4.18135      0 -
     1      274     0.008859     14954.4070     -23.6432      4.21934     4.21934   14686.3109     4.18135      1 chain_01/itr_00274_trial_01.rho
     1      275     0.008707     14954.4070       0.0000      4.21934     4.21934   14686.3109     4.18135      0 -
     1      276     0.008557     14954.4070       0.0000      4.21934     4.21934   14686.3109     4.18135      0 -
     1      277      0.00841     14954.4070       0.0000      4.21934     4.21934   14686.3109     4.18135      0 -
     1      278     0.008266     14249.5264    -704.8806      4.11870     4.11870   14249.5264     4.11870      1 chain_01/itr_00278_trial_01.rho
     1      279     0.008124     14249.5264       0.0000      4.11870     4.11870   14249.5264     4.11870      0 -
     1      280     0.007985     14249.5264       0.0000      4.11870     4.11870   14249.5264     4.11870      0 -
     1      281     0.007848     14249.5264       0.0000      4.11870     4.11870   14249.5264     4.11870      0 -
     1      282     0.007713     14249.5264       0.0000      4.11870     4.11870   14249.5264     4.11870      0 -
     1      283     0.007581     13992.1899    -257.3365      4.08134     4.08134   13992.1899     4.08134      1 chain_01/itr_00283_trial_01.rho
     1      284      0.00745     13992.1899       0.0000      4.08134     4.08134   13992.1899     4.08134      0 -
     1      285     0.007323     13992.1899       0.0000      4.08134     4.08134   13992.1899     4.08134      0 -
     1      286     0.007197     13992.1899       0.0000      4.08134     4.08134   13992.1899     4.08134      0 -
     1      287     0.007073     13992.1899       0.0000      4.08134     4.08134   13992.1899     4.08134      0 -
     1      288     0.006952     13946.0517     -46.1382      4.07461     4.07461   13946.0517     4.07461      1 chain_01/itr_00288_trial_01.rho
     1      289     0.006833     13946.0517       0.0000      4.07461     4.07461   13946.0517     4.07461      0 -
     1      290     0.006715     13850.8846     -95.1671      4.06068     4.06068   13850.8846     4.06068      1 chain_01/itr_00290_trial_01.rho
     1      291       0.0066     13850.8846       0.0000      4.06068     4.06068   13850.8846     4.06068      0 -
     1      292     0.006487     13443.1490    -407.7356      4.00047     4.00047   13443.1490     4.00047      1 chain_01/itr_00292_trial_01.rho
     1      293     0.006375     13443.1490       0.0000      4.00047     4.00047   13443.1490     4.00047      0 -
     1      294     0.006266     13315.1621    -127.9869      3.98138     3.98138   13315.1621     3.98138      1 chain_01/itr_00294_trial_01.rho
     1      295     0.006158     12872.2392    -442.9229      3.91460     3.91460   12872.2392     3.91460      1 chain_01/itr_00295_trial_01.rho
     1      296     0.006053     12872.2392       0.0000      3.91460     3.91460   12872.2392     3.91460      0 -
     1      297     0.005949     12496.3271    -375.9121      3.85702     3.85702   12496.3271     3.85702      1 chain_01/itr_00297_trial_01.rho
     1      298     0.005847     12496.3271       0.0000      3.85702     3.85702   12496.3271     3.85702      0 -
     1      299     0.005746     12390.1394    -106.1878      3.84059     3.84059   12390.1394     3.84059      1 chain_01/itr_00299_trial_01.rho
     1      300     0.005648     12390.1394       0.0000      3.84059     3.84059   12390.1394     3.84059      0 -
     1      301     0.005551     12390.1394       0.0000      3.84059     3.84059   12390.1394     3.84059      0 -
     1      302     0.005456     12264.1706    -125.9688      3.82102     3.82102   12264.1706     3.82102      1 chain_01/itr_00302_trial_01.rho
     1      303     0.005362     12264.1706       0.0000      3.82102     3.82102   12264.1706     3.82102      0 -
     1      304      0.00527     12264.1706       0.0000      3.82102     3.82102   12264.1706     3.82102      0 -
     1      305     0.005179     12075.2650    -188.9055      3.79148     3.79148   12075.2650     3.79148      1 chain_01/itr_00305_trial_01.rho
     1      306     0.005091     12075.2650       0.0000      3.79148     3.79148   12075.2650     3.79148      0 -
     1      307     0.005003     12075.2650       0.0000      3.79148     3.79148   12075.2650     3.79148      0 -
     1      308     0.004917     11955.4687    -119.7963      3.77263     3.77263   11955.4687     3.77263      1 chain_01/itr_00308_trial_01.rho
     1      309     0.004833     11399.3458    -556.1229      3.68384     3.68384   11399.3458     3.68384      1 chain_01/itr_00309_trial_01.rho
     1      310      0.00475     11036.8544    -362.4914      3.62479     3.62479   11036.8544     3.62479      1 chain_01/itr_00310_trial_01.rho
     1      311     0.004668     11036.8544       0.0000      3.62479     3.62479   11036.8544     3.62479      0 -
     1      312     0.004588     11036.8544       0.0000      3.62479     3.62479   11036.8544     3.62479      0 -
     1      313      0.00451     11036.8544       0.0000      3.62479     3.62479   11036.8544     3.62479      0 -
     1      314     0.004432     10768.9136    -267.9408      3.58052     3.58052   10768.9136     3.58052      1 chain_01/itr_00314_trial_01.rho
     1      315     0.004356     10768.9136       0.0000      3.58052     3.58052   10768.9136     3.58052      0 -
     1      316     0.004281     10768.9136       0.0000      3.58052     3.58052   10768.9136     3.58052      0 -
     1      317     0.004208     10768.9136       0.0000      3.58052     3.58052   10768.9136     3.58052      0 -
     1      318     0.004136     10768.9136       0.0000      3.58052     3.58052   10768.9136     3.58052      0 -
     1      319     0.004065     10768.9136       0.0000      3.58052     3.58052   10768.9136     3.58052      0 -
     1      320     0.003995     10831.1785      62.2649      3.59086     3.59086   10768.9136     3.58052      1 chain_01/itr_00320_trial_01.rho
     1      321     0.003926     10831.1785       0.0000      3.59086     3.59086   10768.9136     3.58052      0 -
     1      322     0.003859     10831.1785       0.0000      3.59086     3.59086   10768.9136     3.58052      0 -
     1      323     0.003793     10831.1785       0.0000      3.59086     3.59086   10768.9136     3.58052      0 -
     1      324     0.003728     10486.2001    -344.9784      3.53321     3.53321   10486.2001     3.53321      1 chain_01/itr_00324_trial_01.rho
     1      325     0.003664     10486.2001       0.0000      3.53321     3.53321   10486.2001     3.53321      0 -
     1      326     0.003601     10486.2001       0.0000      3.53321     3.53321   10486.2001     3.53321      0 -
     1      327     0.003539     10486.2001       0.0000      3.53321     3.53321   10486.2001     3.53321      0 -
     1      328     0.003478     10469.0678     -17.1324      3.53032     3.53032   10469.0678     3.53032      1 chain_01/itr_00328_trial_01.rho
     1      329     0.003418     10328.0592    -141.0085      3.50647     3.50647   10328.0592     3.50647      1 chain_01/itr_00329_trial_01.rho
     1      330      0.00336     10213.0478    -115.0115      3.48689     3.48689   10213.0478     3.48689      1 chain_01/itr_00330_trial_01.rho
     1      331     0.003302     10213.0478       0.0000      3.48689     3.48689   10213.0478     3.48689      0 -
     1      332     0.003245     10213.0478       0.0000      3.48689     3.48689   10213.0478     3.48689      0 -
     1      333      0.00319      9995.9546    -217.0931      3.44963     3.44963    9995.9546     3.44963      1 chain_01/itr_00333_trial_01.rho
     1      334     0.003135      9995.9546       0.0000      3.44963     3.44963    9995.9546     3.44963      0 -
     1      335     0.003081      9878.1603    -117.7944      3.42924     3.42924    9878.1603     3.42924      1 chain_01/itr_00335_trial_01.rho
     1      336     0.003028      9878.1603       0.0000      3.42924     3.42924    9878.1603     3.42924      0 -
     1      337     0.002976      9878.1603       0.0000      3.42924     3.42924    9878.1603     3.42924      0 -
     1      338     0.002925      9773.3084    -104.8518      3.41100     3.41100    9773.3084     3.41100      1 chain_01/itr_00338_trial_01.rho
     1      339     0.002875      9618.2101    -155.0983      3.38382     3.38382    9618.2101     3.38382      1 chain_01/itr_00339_trial_01.rho
     1      340     0.002826      9618.2101       0.0000      3.38382     3.38382    9618.2101     3.38382      0 -
     1      341     0.002777      9618.2101       0.0000      3.38382     3.38382    9618.2101     3.38382      0 -
     1      342      0.00273      9322.6399    -295.5702      3.33142     3.33142    9322.6399     3.33142      1 chain_01/itr_00342_trial_01.rho
     1      343     0.002683      9322.6399       0.0000      3.33142     3.33142    9322.6399     3.33142      0 -
     1      344     0.002637      9322.6399       0.0000      3.33142     3.33142    9322.6399     3.33142      0 -
     1      345     0.002591      9322.6399       0.0000      3.33142     3.33142    9322.6399     3.33142      0 -
     1      346     0.002547      9148.0245    -174.6154      3.30008     3.30008    9148.0245     3.30008      1 chain_01/itr_00346_trial_01.rho
     1      347     0.002503      9148.0245       0.0000      3.30008     3.30008    9148.0245     3.30008      0 -
     1      348      0.00246      9079.4981     -68.5264      3.28769     3.28769    9079.4981     3.28769      1 chain_01/itr_00348_trial_01.rho
     1      349     0.002418      9079.4981       0.0000      3.28769     3.28769    9079.4981     3.28769      0 -
     1      350     0.002377      9079.4981       0.0000      3.28769     3.28769    9079.4981     3.28769      0 -
     1      351     0.002336      8889.1923    -190.3058      3.25306     3.25306    8889.1923     3.25306      1 chain_01/itr_00351_trial_01.rho
     1      352     0.002296      8768.7253    -120.4670      3.23094     3.23094    8768.7253     3.23094      1 chain_01/itr_00352_trial_01.rho
     1      353     0.002256      8768.7253       0.0000      3.23094     3.23094    8768.7253     3.23094      0 -
     1      354     0.002218      8768.7253       0.0000      3.23094     3.23094    8768.7253     3.23094      0 -
     1      355     0.002179      8768.7253       0.0000      3.23094     3.23094    8768.7253     3.23094      0 -
     1      356     0.002142      8768.7253       0.0000      3.23094     3.23094    8768.7253     3.23094      0 -
     1      357     0.002105      8768.7253       0.0000      3.23094     3.23094    8768.7253     3.23094      0 -
     1      358     0.002069      8768.7253       0.0000      3.23094     3.23094    8768.7253     3.23094      0 -
     1      359     0.002034      8618.4231    -150.3021      3.20313     3.20313    8618.4231     3.20313      1 chain_01/itr_00359_trial_01.rho
     1      360     0.001999      8618.4231       0.0000      3.20313     3.20313    8618.4231     3.20313      0 -
     1      361     0.001964      8618.4231       0.0000      3.20313     3.20313    8618.4231     3.20313      0 -
     1      362     0.001931      8618.4231       0.0000      3.20313     3.20313    8618.4231     3.20313      0 -
     1      363     0.001898      8618.4231       0.0000      3.20313     3.20313    8618.4231     3.20313      0 -
     1      364     0.001865      8576.8677     -41.5554      3.19540     3.19540    8576.8677     3.19540      1 chain_01/itr_00364_trial_01.rho
     1      365     0.001833      8469.7998    -107.0678      3.17539     3.17539    8469.7998     3.17539      1 chain_01/itr_00365_trial_01.rho
     1      366     0.001802      8469.7998       0.0000      3.17539     3.17539    8469.7998     3.17539      0 -
     1      367     0.001771      8329.7264    -140.0734      3.14902     3.14902    8329.7264     3.14902      1 chain_01/itr_00367_trial_01.rho
     1      368      0.00174      8329.7264       0.0000      3.14902     3.14902    8329.7264     3.14902      0 -
     1      369      0.00171      8329.7264       0.0000      3.14902     3.14902    8329.7264     3.14902      0 -
     1      370     0.001681      8329.7264       0.0000      3.14902     3.14902    8329.7264     3.14902      0 -
     1      371     0.001652      8329.7264       0.0000      3.14902     3.14902    8329.7264     3.14902      0 -
     1      372     0.001624      8329.7264       0.0000      3.14902     3.14902    8329.7264     3.14902      0 -
     1      373     0.001596      8329.7264       0.0000      3.14902     3.14902    8329.7264     3.14902      0 -
     1      374     0.001569      8329.7264       0.0000      3.14902     3.14902    8329.7264     3.14902      0 -
     1      375     0.001542      8297.5664     -32.1600      3.14294     3.14294    8297.5664     3.14294      1 chain_01/itr_00375_trial_01.rho
     1      376     0.001515      8297.5664       0.0000      3.14294     3.14294    8297.5664     3.14294      0 -
     1      377     0.001489      8297.5664       0.0000      3.14294     3.14294    8297.5664     3.14294      0 -
     1      378     0.001464      8297.5664       0.0000      3.14294     3.14294    8297.5664     3.14294      0 -
     1      379     0.001438      8297.5664       0.0000      3.14294     3.14294    8297.5664     3.14294      0 -
     1      380     0.001414      8297.5664       0.0000      3.14294     3.14294    8297.5664     3.14294      0 -
     1      381     0.001389      8297.5664       0.0000      3.14294     3.14294    8297.5664     3.14294      0 -
     1      382     0.001366      8297.5664       0.0000      3.14294     3.14294    8297.5664     3.14294      0 -
     1      383     0.001342      8297.5664       0.0000      3.14294     3.14294    8297.5664     3.14294      0 -
     1      384     0.001319      8297.5664       0.0000      3.14294     3.14294    8297.5664     3.14294      0 -
     1      385     0.001297      8246.2059     -51.3605      3.13320     3.13320    8246.2059     3.13320      1 chain_01/itr_00385_trial_01.rho
     1      386     0.001274      8246.2059       0.0000      3.13320     3.13320    8246.2059     3.13320      0 -
     1      387     0.001252      8074.5646    -171.6413      3.10042     3.10042    8074.5646     3.10042      1 chain_01/itr_00387_trial_01.rho
     1      388     0.001231      8074.5646       0.0000      3.10042     3.10042    8074.5646     3.10042      0 -
     1      389      0.00121      8074.5646       0.0000      3.10042     3.10042    8074.5646     3.10042      0 -
     1      390     0.001189      8074.5646       0.0000      3.10042     3.10042    8074.5646     3.10042      0 -
     1      391     0.001169      8074.5646       0.0000      3.10042     3.10042    8074.5646     3.10042      0 -
     1      392     0.001149      8074.5646       0.0000      3.10042     3.10042    8074.5646     3.10042      0 -
     1      393     0.001129      8074.5646       0.0000      3.10042     3.10042    8074.5646     3.10042      0 -
     1      394     0.001109      8074.5646       0.0000      3.10042     3.10042    8074.5646     3.10042      0 -
     1      395      0.00109      8074.5646       0.0000      3.10042     3.10042    8074.5646     3.10042      0 -
     1      396     0.001072      8074.5646       0.0000      3.10042     3.10042    8074.5646     3.10042      0 -
     1      397     0.001053      7939.9442    -134.6204      3.07446     3.07446    7939.9442     3.07446      1 chain_01/itr_00397_trial_01.rho
     1      398     0.001035      7939.9442       0.0000      3.07446     3.07446    7939.9442     3.07446      0 -
     1      399     0.001017      7939.9442       0.0000      3.07446     3.07446    7939.9442     3.07446      0 -
     1      400        0.001      7939.9442       0.0000      3.07446     3.07446    7939.9442     3.07446      0 -
