[36m[1m┌ [22m[39m[36m[1mInfo: [22m[39marm D prior written
[36m[1m│ [22m[39m  paths_D.rho = "tmp_ablation/prior.rho"
[36m[1m│ [22m[39m  paths_D.std = "tmp_ablation/prior.std"
[36m[1m└ [22m[39m  paths_D.spread = "tmp_ablation/prior.spread"
[36m[1m┌ [22m[39m[36m[1mInfo: [22m[39mreconstructed μ vs start_D.rho
[36m[1m└ [22m[39m  max_abs_delta = 2.170095658726723e-9
σ vs ensemble spread — arm D, ablation synthetic (single run, seed TRAIN=2026)
WORK = tmp_ablation
nmembers = 5

DEFINITIONS
  bundle.sigma  = sqrt( mean_k(σ_k^2) + var_k(μ_k) )   # combined (aleatoric + epistemic)
  aleatoric     = sqrt( mean_k(σ_k^2) )                # network σ head, ensemble-mean
  bundle.spread = sqrt( var_k(μ_k) )                   # empirical μ disagreement
  PriorBundle.spread was populated by prior_from_ensemble (not nothing).
  ablation_prior_2d.jl previously never called write_prior, so .std was not on disk.

NUMBERS — global (all 1232 live cells)
  bundle.sigma (combined)       mean 0.3688  median 0.3588  min 0.3479  max 0.6232  std 0.0308
  aleatoric σ head              mean 0.3501  median 0.3500  min 0.3459  max 0.3551  std 0.0012
  bundle.spread                 mean 0.0960  median 0.0777  min 0.0016  max 0.5158  std 0.0720
  |μ − truth|                   mean 0.3637  median 0.2259  min 0.0001  max 2.5092  std 0.4089
  mean(spread) / mean(sigma)     = 0.260
  mean(aleatoric) / mean(sigma)  = 0.949

  corr(sigma, spread)            = +0.953
  corr(aleatoric, spread)        = +0.013
  corr(sigma, |μ−truth|)         = +0.337
  corr(spread, |μ−truth|)        = +0.334

COLUMN y ≈ −3 km: nearest cell-centre y = -3000.0 m (iy = 21 of 56, Δy = 0.0 m)
  column depth cells: 22   z = 100 … 9200 m
  column bundle.sigma           mean 0.3522  median 0.3519  min 0.3485  max 0.3589  std 0.0026
  column aleatoric              mean 0.3499  median 0.3497  min 0.3474  max 0.3535  std 0.0015
  column spread                 mean 0.0355  median 0.0322  min 0.0016  max 0.0789  std 0.0211
  column |μ − truth|            mean 0.5503  median 0.5087  min 0.0873  max 1.2048  std 0.3092
  column μ                      mean 1.8283  median 1.9915  min 0.7468  max 2.5127  std 0.5028
  column truth μ                mean 2.2364  median 2.6000  min 0.6000  max 2.6000  std 0.7895

  REST bundle.sigma             mean 0.3691  median 0.3589  min 0.3479  max 0.6232  std 0.0310
  REST aleatoric                mean 0.3501  median 0.3500  min 0.3459  max 0.3551  std 0.0012
  REST spread                   mean 0.0971  median 0.0788  min 0.0024  max 0.5158  std 0.0721
  REST |μ − truth|              mean 0.3603  median 0.2222  min 0.0001  max 2.5092  std 0.4098

  column/rest  mean(sigma)       = 0.954
  column/rest  median(sigma)     = 0.980
  column/rest  mean(spread)      = 0.366
  column/rest  median(spread)    = 0.408
  corr(sigma, spread) in column  = +0.708
  cells in column with μ < 2.10  = 14 / 22
  those cells: mean σ 0.3515  mean spread 0.0306  mean |μ−truth| 0.6860  mean μ 1.5661

INTERPRETATION (separated from the numbers above)
  The network σ head (aleatoric) is spatially almost constant: std 0.0012
  around 0.350, i.e. pinned at sigma_target. It cannot flag the y ≈ −3 km
  stripe. corr(aleatoric, spread) ≈ 0, so the head does not track disagreement.
  corr(bundle.sigma, spread) is high only because bundle.sigma = hypot(head, spread)
  and the head is flat — that correlation is algebraic, not a second measurement.

  At y ≈ −3 km, combined σ is slightly below the rest of the model and
  ensemble spread is well below it. Both say 'I am sure' on the column
  that hosts the depth-wrong vertical conductor. They do not diverge:
  members agree with each other on the wrong conductor. |μ−truth| in the
  column is higher than the rest, so confidence and error anti-align here.
  Single-run numbers; not a 3-seed claim. TRAIN_SEED=2026, nmembers=5.
  This is prior-stage fusion (warm start), not joint inversion.
[36m[1m┌ [22m[39m[36m[1mInfo: [22m[39mwrote report
[36m[1m└ [22m[39m  path = "tmp_ablation/sigma_vs_spread_report.txt"
[36m[1m┌ [22m[39m[36m[1mInfo: [22m[39mwrote report
[36m[1m└ [22m[39m  path = "/Users/hayrunnisayildiz/SmartPriorModel/docs/sigma_vs_spread_report.txt"
[36m[1m┌ [22m[39m[36m[1mInfo: [22m[39mwrote figure
[36m[1m│ [22m[39m  out_work = "tmp_ablation/ablation_sigma_vs_spread.png"
[36m[1m│ [22m[39m  out_docs = "/Users/hayrunnisayildiz/SmartPriorModel/docs/figures/ablation_sigma_vs_spread.png"
[36m[1m└ [22m[39m  bytes = 62037
