[36m[1m┌ [22m[39m[36m[1mInfo: [22m[39mworking directory
[36m[1m│ [22m[39m  WORK = "tmp_verify_musgrave"
[36m[1m│ [22m[39m  EPOCHS = 300
[36m[1m└ [22m[39m  NMEMBERS = 1
[36m[1m┌ [22m[39m[36m[1mInfo: [22m[39mprior grid
[36m[1m│ [22m[39m  size(grid) = (1, 123, 40)
[36m[1m└ [22m[39m  ncells(grid) = 4920
[36m[1m┌ [22m[39m[36m[1mInfo: [22m[39mMT sites
[36m[1m│ [22m[39m  nsites(sites) = 9
[36m[1m└ [22m[39m  nperiods = 23
gravity: 10675 stations, -146.19 to 65.07 mGal, err 15.000 to 15.012 mGal (mean 15.002)
[36m[1m┌ [22m[39m[36m[1mInfo: [22m[39mDEM geotransform (cross-check: tie ≈ 126.9998611, -23.9998611, scale ≈ 0.0002777778)
[36m[1m│ [22m[39m  gt[1] = 126.9998611111518
[36m[1m│ [22m[39m  gt[4] = -23.999861111122236
[36m[1m│ [22m[39m  gt[2] = 0.0002777777777778146
[36m[1m│ [22m[39m  gt[6] = -0.0002777777777778146
[36m[1m│ [22m[39m  width = 18000
[36m[1m└ [22m[39m  height = 18000
[36m[1m┌ [22m[39m[36m[1mInfo: [22m[39mDEM edge extrapolation
[36m[1m│ [22m[39m  n_extrap = 23
[36m[1m└ [22m[39m  ny = 123
surface_z: (1, 123), 480.0 to 1067.0 m
[36m[1m┌ [22m[39m[36m[1mInfo: [22m[39mfeatures
[36m[1m│ [22m[39m  nchannels(stack) = 16
[36m[1m│ [22m[39m  size(X) = (40, 4920)
[36m[1m│ [22m[39m  names =
[36m[1m│ [22m[39m   16-element Vector{String}:
[36m[1m│ [22m[39m    "x_norm"
[36m[1m└ [22m[39m    ⋮
residual_span protocol: half_band=2.000  from_baseline=1.543  (σ_lat=0.5143)
--- ensemble member 1/1 (seed 2026) ---
epoch      1  total 3.54851e+04  slope +0.749  sat 0.000
epoch     50  total 5.89690e+02  slope +0.708  sat 0.000
epoch    100  total 4.73086e+02  slope +0.668  sat 0.000
epoch    150  total 4.30828e+02  slope +0.637  sat 0.000
epoch    200  total 3.93866e+02  slope +0.617  sat 0.000
epoch    250  total 3.58149e+02  slope +0.612  sat 0.000
epoch    300  total 3.23430e+02  slope +0.628  sat 0.000
[36m[1m┌ [22m[39m[36m[1mInfo: [22m[39mprior written
[36m[1m│ [22m[39m  paths.rho = "tmp_verify_musgrave/prior/prior.rho"
[36m[1m│ [22m[39m  paths.lo = "tmp_verify_musgrave/prior/prior.lo"
[36m[1m└ [22m[39m  paths.hi = "tmp_verify_musgrave/prior/prior.hi"
any(isnan, bundle.mu) = false
any(isnan, bundle.sigma) = false

==============================================================
  musgrave real-data prior  (no truth)
==============================================================
epochs / members             300 / 1
last epoch                   300
last-epoch unweighted terms  grav 8.152  mt 314.160  smooth 2.223e-02  sigma 0.000  ref 0.064
last-epoch total             3.23430e+02  slope +0.628  sat 0.000
mean |μ − baseline|          0.1842 decades
corr(μ, baseline)            0.9179
damping warning fired        no
==============================================================
[36m[1m┌ [22m[39m[36m[1mInfo: [22m[39mmetrics written
[36m[1m└ [22m[39m  metrics_path = "tmp_verify_musgrave/metrics.txt"
[36m[1m┌ [22m[39m[36m[1mInfo: [22m[39mall outputs kept
[36m[1m└ [22m[39m  WORK = "tmp_verify_musgrave"
