[36m[1m┌ [22m[39m[36m[1mInfo: [22m[39mscenario sweep
[36m[1m│ [22m[39m  WORK = "tmp_verify_scenario_sweep"
[36m[1m│ [22m[39m  EPOCHS = 3000
[36m[1m│ [22m[39m  NMEMBERS = 5
[36m[1m└ [22m[39m  length(SCENARIOS) = 4
[36m[1m┌ [22m[39m[36m[1mInfo: [22m[39mrunning scenarios
[36m[1m│ [22m[39m  [sc.name for sc = SCENARIOS] =
[36m[1m│ [22m[39m   4-element Vector{String}:
[36m[1m│ [22m[39m    "dip15_conductive"
[36m[1m│ [22m[39m    "dip35_conductive_published"
[36m[1m│ [22m[39m    "dip55_conductive"
[36m[1m└ [22m[39m    "dip35_resistive"
[36m[1m┌ [22m[39m[36m[1mInfo: [22m[39mscenario
[36m[1m│ [22m[39m  sc.name = "dip15_conductive"
[36m[1m│ [22m[39m  sc.dip_deg = 15.0
[36m[1m│ [22m[39m  sc.slab_log_rho = 0.6
[36m[1m└ [22m[39m  sc.slope_bounds = (-4.0, -0.2)
--- ensemble member 1/5 (seed 2026) ---
[33m[1m┌ [22m[39m[33m[1mWarning: [22m[39mtrain_prior: residual-mode training with an unpenalised residual. The network may move residual_span decades from the baseline at no cost; the symptom is data terms settling well below one while the prior scores worse than the baseline it started from. Set LossWeights(reference = ...) so structure only survives if it buys more misfit reduction than it costs.
[33m[1m└ [22m[39m[90m@ SmartPriorMT ~/SmartPriorModel/src/Train.jl:233[39m
epoch      1  total 8.02554e+02  slope -2.097  sat 0.000
epoch    250  total 7.17206e+00  slope -2.059  sat 0.000
epoch    500  total 4.80458e+00  slope -2.058  sat 0.000
epoch    750  total 4.18639e+00  slope -2.052  sat 0.000
epoch   1000  total 6.04364e+00  slope -2.046  sat 0.000
epoch   1250  total 3.66088e+00  slope -2.037  sat 0.000
epoch   1500  total 3.65599e+00  slope -2.024  sat 0.000
epoch   1750  total 5.15148e+00  slope -2.011  sat 0.000
epoch   2000  total 3.39791e+00  slope -2.007  sat 0.000
epoch   2250  total 3.29202e+00  slope -2.009  sat 0.000
epoch   2500  total 3.33782e+00  slope -1.978  sat 0.000
epoch   2750  total 3.22849e+00  slope -1.980  sat 0.000
epoch   3000  total 3.72685e+00  slope -1.920  sat 0.000
--- ensemble member 2/5 (seed 2027) ---
[33m[1m┌ [22m[39m[33m[1mWarning: [22m[39mtrain_prior: residual-mode training with an unpenalised residual. The network may move residual_span decades from the baseline at no cost; the symptom is data terms settling well below one while the prior scores worse than the baseline it started from. Set LossWeights(reference = ...) so structure only survives if it buys more misfit reduction than it costs.
[33m[1m└ [22m[39m[90m@ SmartPriorMT ~/SmartPriorModel/src/Train.jl:233[39m
epoch      1  total 1.73457e+03  slope -2.097  sat 0.000
epoch    250  total 1.03369e+01  slope -2.063  sat 0.000
epoch    500  total 9.35928e+00  slope -2.056  sat 0.000
epoch    750  total 4.29841e+00  slope -2.056  sat 0.000
epoch   1000  total 5.02071e+00  slope -2.038  sat 0.000
epoch   1250  total 3.76406e+00  slope -2.037  sat 0.000
epoch   1500  total 1.25854e+01  slope -2.035  sat 0.000
epoch   1750  total 3.45425e+00  slope -2.030  sat 0.000
epoch   2000  total 3.52122e+00  slope -2.006  sat 0.000
epoch   2250  total 3.36315e+00  slope -2.008  sat 0.000
epoch   2500  total 3.27608e+00  slope -2.011  sat 0.000
epoch   2750  total 3.31469e+00  slope -1.989  sat 0.000
epoch   3000  total 3.47491e+00  slope -1.976  sat 0.000
--- ensemble member 3/5 (seed 2028) ---
[33m[1m┌ [22m[39m[33m[1mWarning: [22m[39mtrain_prior: residual-mode training with an unpenalised residual. The network may move residual_span decades from the baseline at no cost; the symptom is data terms settling well below one while the prior scores worse than the baseline it started from. Set LossWeights(reference = ...) so structure only survives if it buys more misfit reduction than it costs.
[33m[1m└ [22m[39m[90m@ SmartPriorMT ~/SmartPriorModel/src/Train.jl:233[39m
epoch      1  total 2.20897e+03  slope -2.097  sat 0.000
epoch    250  total 9.34117e+00  slope -2.060  sat 0.000
epoch    500  total 1.93747e+01  slope -2.062  sat 0.000
epoch    750  total 4.06065e+00  slope -2.061  sat 0.000
epoch   1000  total 3.76630e+00  slope -2.058  sat 0.000
epoch   1250  total 3.59048e+00  slope -2.054  sat 0.000
epoch   1500  total 3.57519e+00  slope -2.046  sat 0.000
epoch   1750  total 3.42337e+00  slope -2.047  sat 0.000
epoch   2000  total 3.38253e+00  slope -2.040  sat 0.000
epoch   2250  total 3.51179e+00  slope -2.031  sat 0.000
epoch   2500  total 3.30996e+00  slope -2.032  sat 0.000
epoch   2750  total 3.28520e+00  slope -2.022  sat 0.000
epoch   3000  total 3.85770e+00  slope -2.024  sat 0.000
--- ensemble member 4/5 (seed 2029) ---
[33m[1m┌ [22m[39m[33m[1mWarning: [22m[39mtrain_prior: residual-mode training with an unpenalised residual. The network may move residual_span decades from the baseline at no cost; the symptom is data terms settling well below one while the prior scores worse than the baseline it started from. Set LossWeights(reference = ...) so structure only survives if it buys more misfit reduction than it costs.
[33m[1m└ [22m[39m[90m@ SmartPriorMT ~/SmartPriorModel/src/Train.jl:233[39m
epoch      1  total 1.00634e+03  slope -2.097  sat 0.000
epoch    250  total 6.52481e+00  slope -2.057  sat 0.000
epoch    500  total 4.41783e+00  slope -2.051  sat 0.000
epoch    750  total 3.94736e+00  slope -2.037  sat 0.000
epoch   1000  total 4.08275e+00  slope -2.019  sat 0.000
epoch   1250  total 3.53040e+00  slope -2.022  sat 0.000
epoch   1500  total 3.47671e+00  slope -2.002  sat 0.000
epoch   1750  total 3.35354e+00  slope -2.004  sat 0.000
epoch   2000  total 3.35538e+00  slope -1.981  sat 0.000
epoch   2250  total 5.65200e+00  slope -1.954  sat 0.000
epoch   2500  total 3.23704e+00  slope -1.947  sat 0.000
epoch   2750  total 4.12727e+00  slope -1.923  sat 0.000
epoch   3000  total 3.16748e+00  slope -1.923  sat 0.000
--- ensemble member 5/5 (seed 2030) ---
[33m[1m┌ [22m[39m[33m[1mWarning: [22m[39mtrain_prior: residual-mode training with an unpenalised residual. The network may move residual_span decades from the baseline at no cost; the symptom is data terms settling well below one while the prior scores worse than the baseline it started from. Set LossWeights(reference = ...) so structure only survives if it buys more misfit reduction than it costs.
[33m[1m└ [22m[39m[90m@ SmartPriorMT ~/SmartPriorModel/src/Train.jl:233[39m
epoch      1  total 3.66730e+03  slope -2.097  sat 0.000
epoch    250  total 8.41914e+00  slope -2.061  sat 0.000
epoch    500  total 4.86900e+00  slope -2.062  sat 0.000
epoch    750  total 4.29461e+00  slope -2.059  sat 0.000
epoch   1000  total 3.88317e+00  slope -2.059  sat 0.000
epoch   1250  total 3.84510e+00  slope -2.052  sat 0.000
epoch   1500  total 3.56772e+00  slope -2.053  sat 0.000
epoch   1750  total 3.55210e+00  slope -2.043  sat 0.000
epoch   2000  total 3.40917e+00  slope -2.044  sat 0.000
epoch   2250  total 3.39479e+00  slope -2.033  sat 0.000
epoch   2500  total 3.28705e+00  slope -2.034  sat 0.000
epoch   2750  total 3.34598e+00  slope -2.015  sat 0.000
epoch   3000  total 3.23226e+00  slope -2.017  sat 0.000
  dip15_conductive             nb corr 0.4888  prior corr 0.7406  gain +0.2518  prior rmse 0.4226
[36m[1m┌ [22m[39m[36m[1mInfo: [22m[39mscenario
[36m[1m│ [22m[39m  sc.name = "dip35_conductive_published"
[36m[1m│ [22m[39m  sc.dip_deg = 35.0
[36m[1m│ [22m[39m  sc.slab_log_rho = 0.6
[36m[1m└ [22m[39m  sc.slope_bounds = (-4.0, -0.2)
--- ensemble member 1/5 (seed 2026) ---
[33m[1m┌ [22m[39m[33m[1mWarning: [22m[39mtrain_prior: residual-mode training with an unpenalised residual. The network may move residual_span decades from the baseline at no cost; the symptom is data terms settling well below one while the prior scores worse than the baseline it started from. Set LossWeights(reference = ...) so structure only survives if it buys more misfit reduction than it costs.
[33m[1m└ [22m[39m[90m@ SmartPriorMT ~/SmartPriorModel/src/Train.jl:233[39m
epoch      1  total 1.05826e+03  slope -2.097  sat 0.000
epoch    250  total 1.62039e+01  slope -2.086  sat 0.000
epoch    500  total 9.97173e+00  slope -2.109  sat 0.000
epoch    750  total 6.85763e+00  slope -2.126  sat 0.000
epoch   1000  total 4.95942e+00  slope -2.140  sat 0.000
epoch   1250  total 4.37219e+00  slope -2.147  sat 0.000
epoch   1500  total 1.53251e+01  slope -2.152  sat 0.000
epoch   1750  total 3.66328e+00  slope -2.164  sat 0.000
epoch   2000  total 3.46396e+00  slope -2.176  sat 0.000
epoch   2250  total 3.42262e+00  slope -2.174  sat 0.000
epoch   2500  total 3.28376e+00  slope -2.186  sat 0.000
epoch   2750  total 3.23711e+00  slope -2.192  sat 0.000
epoch   3000  total 3.15011e+00  slope -2.197  sat 0.000
--- ensemble member 2/5 (seed 2027) ---
[33m[1m┌ [22m[39m[33m[1mWarning: [22m[39mtrain_prior: residual-mode training with an unpenalised residual. The network may move residual_span decades from the baseline at no cost; the symptom is data terms settling well below one while the prior scores worse than the baseline it started from. Set LossWeights(reference = ...) so structure only survives if it buys more misfit reduction than it costs.
[33m[1m└ [22m[39m[90m@ SmartPriorMT ~/SmartPriorModel/src/Train.jl:233[39m
epoch      1  total 2.59016e+03  slope -2.097  sat 0.000
epoch    250  total 1.63935e+01  slope -2.080  sat 0.000
epoch    500  total 1.05285e+01  slope -2.100  sat 0.000
epoch    750  total 8.40805e+00  slope -2.111  sat 0.000
epoch   1000  total 5.30331e+00  slope -2.130  sat 0.000
epoch   1250  total 4.48904e+00  slope -2.139  sat 0.000
epoch   1500  total 4.11653e+00  slope -2.144  sat 0.000
epoch   1750  total 3.71201e+00  slope -2.158  sat 0.000
epoch   2000  total 3.80207e+00  slope -2.168  sat 0.000
epoch   2250  total 3.43616e+00  slope -2.175  sat 0.000
epoch   2500  total 3.49686e+00  slope -2.174  sat 0.000
epoch   2750  total 3.24401e+00  slope -2.189  sat 0.000
epoch   3000  total 3.17693e+00  slope -2.198  sat 0.000
--- ensemble member 3/5 (seed 2028) ---
[33m[1m┌ [22m[39m[33m[1mWarning: [22m[39mtrain_prior: residual-mode training with an unpenalised residual. The network may move residual_span decades from the baseline at no cost; the symptom is data terms settling well below one while the prior scores worse than the baseline it started from. Set LossWeights(reference = ...) so structure only survives if it buys more misfit reduction than it costs.
[33m[1m└ [22m[39m[90m@ SmartPriorMT ~/SmartPriorModel/src/Train.jl:233[39m
epoch      1  total 4.38623e+02  slope -2.097  sat 0.000
epoch    250  total 1.54714e+01  slope -2.081  sat 0.000
epoch    500  total 9.82815e+00  slope -2.093  sat 0.000
epoch    750  total 7.55401e+00  slope -2.099  sat 0.000
epoch   1000  total 5.96496e+00  slope -2.108  sat 0.000
epoch   1250  total 4.40214e+00  slope -2.121  sat 0.000
epoch   1500  total 4.07229e+00  slope -2.125  sat 0.000
epoch   1750  total 3.87933e+00  slope -2.129  sat 0.000
epoch   2000  total 3.55029e+00  slope -2.140  sat 0.000
epoch   2250  total 3.41439e+00  slope -2.144  sat 0.000
epoch   2500  total 3.52812e+00  slope -2.149  sat 0.000
epoch   2750  total 3.21960e+00  slope -2.156  sat 0.000
epoch   3000  total 3.82968e+01  slope -2.166  sat 0.000
--- ensemble member 4/5 (seed 2029) ---
[33m[1m┌ [22m[39m[33m[1mWarning: [22m[39mtrain_prior: residual-mode training with an unpenalised residual. The network may move residual_span decades from the baseline at no cost; the symptom is data terms settling well below one while the prior scores worse than the baseline it started from. Set LossWeights(reference = ...) so structure only survives if it buys more misfit reduction than it costs.
[33m[1m└ [22m[39m[90m@ SmartPriorMT ~/SmartPriorModel/src/Train.jl:233[39m
epoch      1  total 7.54548e+02  slope -2.097  sat 0.000
epoch    250  total 1.35604e+01  slope -2.089  sat 0.000
epoch    500  total 1.55363e+01  slope -2.106  sat 0.000
epoch    750  total 6.35467e+00  slope -2.122  sat 0.000
epoch   1000  total 1.23159e+01  slope -2.138  sat 0.000
epoch   1250  total 3.90983e+00  slope -2.161  sat 0.000
epoch   1500  total 3.59415e+00  slope -2.168  sat 0.000
epoch   1750  total 6.09045e+01  slope -2.182  sat 0.000
epoch   2000  total 4.97090e+00  slope -2.183  sat 0.000
epoch   2250  total 3.14230e+00  slope -2.196  sat 0.000
epoch   2500  total 3.22368e+00  slope -2.188  sat 0.000
epoch   2750  total 3.00987e+00  slope -2.204  sat 0.000
epoch   3000  total 3.01407e+00  slope -2.209  sat 0.000
--- ensemble member 5/5 (seed 2030) ---
[33m[1m┌ [22m[39m[33m[1mWarning: [22m[39mtrain_prior: residual-mode training with an unpenalised residual. The network may move residual_span decades from the baseline at no cost; the symptom is data terms settling well below one while the prior scores worse than the baseline it started from. Set LossWeights(reference = ...) so structure only survives if it buys more misfit reduction than it costs.
[33m[1m└ [22m[39m[90m@ SmartPriorMT ~/SmartPriorModel/src/Train.jl:233[39m
epoch      1  total 1.10711e+03  slope -2.097  sat 0.000
epoch    250  total 1.35005e+01  slope -2.084  sat 0.000
epoch    500  total 8.74194e+00  slope -2.096  sat 0.000
epoch    750  total 6.10137e+00  slope -2.104  sat 0.000
epoch   1000  total 4.87649e+00  slope -2.113  sat 0.000
epoch   1250  total 4.31810e+00  slope -2.121  sat 0.000
epoch   1500  total 4.60436e+00  slope -2.126  sat 0.000
epoch   1750  total 4.63339e+00  slope -2.137  sat 0.000
epoch   2000  total 3.55302e+00  slope -2.147  sat 0.000
epoch   2250  total 4.04745e+00  slope -2.148  sat 0.000
epoch   2500  total 3.30733e+00  slope -2.165  sat 0.000
epoch   2750  total 3.22941e+00  slope -2.169  sat 0.000
epoch   3000  total 3.07510e+00  slope -2.184  sat 0.000
  dip35_conductive_published   nb corr 0.4262  prior corr 0.4376  gain +0.0114  prior rmse 0.5444
[36m[1m┌ [22m[39m[36m[1mInfo: [22m[39mscenario
[36m[1m│ [22m[39m  sc.name = "dip55_conductive"
[36m[1m│ [22m[39m  sc.dip_deg = 55.0
[36m[1m│ [22m[39m  sc.slab_log_rho = 0.6
[36m[1m└ [22m[39m  sc.slope_bounds = (-4.0, -0.2)
--- ensemble member 1/5 (seed 2026) ---
[33m[1m┌ [22m[39m[33m[1mWarning: [22m[39mtrain_prior: residual-mode training with an unpenalised residual. The network may move residual_span decades from the baseline at no cost; the symptom is data terms settling well below one while the prior scores worse than the baseline it started from. Set LossWeights(reference = ...) so structure only survives if it buys more misfit reduction than it costs.
[33m[1m└ [22m[39m[90m@ SmartPriorMT ~/SmartPriorModel/src/Train.jl:233[39m
epoch      1  total 1.08326e+03  slope -2.097  sat 0.000
epoch    250  total 1.95371e+01  slope -2.095  sat 0.000
epoch    500  total 1.14598e+01  slope -2.132  sat 0.000
epoch    750  total 6.25066e+00  slope -2.158  sat 0.000
epoch   1000  total 4.96166e+00  slope -2.166  sat 0.000
epoch   1250  total 4.33489e+00  slope -2.177  sat 0.000
epoch   1500  total 4.41287e+00  slope -2.172  sat 0.000
epoch   1750  total 4.01561e+00  slope -2.185  sat 0.000
epoch   2000  total 4.44623e+00  slope -2.164  sat 0.000
epoch   2250  total 3.91070e+00  slope -2.177  sat 0.000
epoch   2500  total 3.68009e+00  slope -2.191  sat 0.000
epoch   2750  total 4.08706e+00  slope -2.165  sat 0.000
epoch   3000  total 3.64506e+00  slope -2.180  sat 0.000
--- ensemble member 2/5 (seed 2027) ---
[33m[1m┌ [22m[39m[33m[1mWarning: [22m[39mtrain_prior: residual-mode training with an unpenalised residual. The network may move residual_span decades from the baseline at no cost; the symptom is data terms settling well below one while the prior scores worse than the baseline it started from. Set LossWeights(reference = ...) so structure only survives if it buys more misfit reduction than it costs.
[33m[1m└ [22m[39m[90m@ SmartPriorMT ~/SmartPriorModel/src/Train.jl:233[39m
epoch      1  total 1.34469e+03  slope -2.097  sat 0.000
epoch    250  total 1.64464e+01  slope -2.088  sat 0.000
epoch    500  total 8.92169e+00  slope -2.112  sat 0.000
epoch    750  total 6.17836e+00  slope -2.128  sat 0.000
epoch   1000  total 5.00365e+00  slope -2.138  sat 0.000
epoch   1250  total 4.49713e+00  slope -2.148  sat 0.000
epoch   1500  total 4.27140e+00  slope -2.153  sat 0.000
epoch   1750  total 4.23595e+00  slope -2.152  sat 0.000
epoch   2000  total 3.94099e+00  slope -2.164  sat 0.000
epoch   2250  total 3.97387e+00  slope -2.163  sat 0.000
epoch   2500  total 3.73477e+00  slope -2.177  sat 0.000
epoch   2750  total 3.73011e+00  slope -2.173  sat 0.000
epoch   3000  total 4.57804e+00  slope -2.172  sat 0.000
--- ensemble member 3/5 (seed 2028) ---
[33m[1m┌ [22m[39m[33m[1mWarning: [22m[39mtrain_prior: residual-mode training with an unpenalised residual. The network may move residual_span decades from the baseline at no cost; the symptom is data terms settling well below one while the prior scores worse than the baseline it started from. Set LossWeights(reference = ...) so structure only survives if it buys more misfit reduction than it costs.
[33m[1m└ [22m[39m[90m@ SmartPriorMT ~/SmartPriorModel/src/Train.jl:233[39m
epoch      1  total 4.65409e+02  slope -2.097  sat 0.000
epoch    250  total 1.85070e+01  slope -2.083  sat 0.000
epoch    500  total 9.71894e+00  slope -2.102  sat 0.000
epoch    750  total 7.03134e+00  slope -2.109  sat 0.000
epoch   1000  total 5.28551e+00  slope -2.121  sat 0.000
epoch   1250  total 4.88866e+00  slope -2.125  sat 0.000
epoch   1500  total 2.26831e+01  slope -2.130  sat 0.000
epoch   1750  total 4.45791e+00  slope -2.133  sat 0.000
epoch   2000  total 4.17267e+00  slope -2.142  sat 0.000
epoch   2250  total 4.45836e+00  slope -2.139  sat 0.000
epoch   2500  total 3.99856e+00  slope -2.149  sat 0.000
epoch   2750  total 4.27765e+00  slope -2.139  sat 0.000
epoch   3000  total 3.86767e+00  slope -2.150  sat 0.000
--- ensemble member 4/5 (seed 2029) ---
[33m[1m┌ [22m[39m[33m[1mWarning: [22m[39mtrain_prior: residual-mode training with an unpenalised residual. The network may move residual_span decades from the baseline at no cost; the symptom is data terms settling well below one while the prior scores worse than the baseline it started from. Set LossWeights(reference = ...) so structure only survives if it buys more misfit reduction than it costs.
[33m[1m└ [22m[39m[90m@ SmartPriorMT ~/SmartPriorModel/src/Train.jl:233[39m
epoch      1  total 5.95170e+02  slope -2.097  sat 0.000
epoch    250  total 1.55698e+01  slope -2.096  sat 0.000
epoch    500  total 1.01800e+01  slope -2.127  sat 0.000
epoch    750  total 7.64771e+00  slope -2.145  sat 0.000
epoch   1000  total 5.67798e+00  slope -2.155  sat 0.000
epoch   1250  total 4.43314e+00  slope -2.170  sat 0.000
epoch   1500  total 4.33609e+00  slope -2.173  sat 0.000
epoch   1750  total 3.88327e+00  slope -2.185  sat 0.000
epoch   2000  total 3.93552e+00  slope -2.177  sat 0.000
epoch   2250  total 3.70347e+00  slope -2.191  sat 0.000
epoch   2500  total 4.05725e+00  slope -2.172  sat 0.000
epoch   2750  total 3.68012e+00  slope -2.186  sat 0.000
epoch   3000  total 3.54544e+00  slope -2.201  sat 0.000
--- ensemble member 5/5 (seed 2030) ---
[33m[1m┌ [22m[39m[33m[1mWarning: [22m[39mtrain_prior: residual-mode training with an unpenalised residual. The network may move residual_span decades from the baseline at no cost; the symptom is data terms settling well below one while the prior scores worse than the baseline it started from. Set LossWeights(reference = ...) so structure only survives if it buys more misfit reduction than it costs.
[33m[1m└ [22m[39m[90m@ SmartPriorMT ~/SmartPriorModel/src/Train.jl:233[39m
epoch      1  total 1.03212e+03  slope -2.097  sat 0.000
epoch    250  total 1.81975e+01  slope -2.084  sat 0.000
epoch    500  total 1.12714e+01  slope -2.101  sat 0.000
epoch    750  total 7.16565e+00  slope -2.113  sat 0.000
epoch   1000  total 5.74779e+00  slope -2.118  sat 0.000
epoch   1250  total 4.57435e+00  slope -2.129  sat 0.000
epoch   1500  total 4.48222e+00  slope -2.132  sat 0.000
epoch   1750  total 4.01989e+00  slope -2.141  sat 0.000
epoch   2000  total 4.07513e+00  slope -2.138  sat 0.000
epoch   2250  total 3.81392e+00  slope -2.148  sat 0.000
epoch   2500  total 7.81663e+00  slope -2.152  sat 0.000
epoch   2750  total 3.66580e+00  slope -2.160  sat 0.000
epoch   3000  total 3.65067e+00  slope -2.158  sat 0.000
  dip55_conductive             nb corr 0.3910  prior corr 0.3169  gain -0.0741  prior rmse 0.5573
[36m[1m┌ [22m[39m[36m[1mInfo: [22m[39mscenario
[36m[1m│ [22m[39m  sc.name = "dip35_resistive"
[36m[1m│ [22m[39m  sc.dip_deg = 35.0
[36m[1m│ [22m[39m  sc.slab_log_rho = 3.8
[36m[1m└ [22m[39m  sc.slope_bounds = (0.2, 4.0)
--- ensemble member 1/5 (seed 2026) ---
[33m[1m┌ [22m[39m[33m[1mWarning: [22m[39mtrain_prior: residual-mode training with an unpenalised residual. The network may move residual_span decades from the baseline at no cost; the symptom is data terms settling well below one while the prior scores worse than the baseline it started from. Set LossWeights(reference = ...) so structure only survives if it buys more misfit reduction than it costs.
[33m[1m└ [22m[39m[90m@ SmartPriorMT ~/SmartPriorModel/src/Train.jl:233[39m
epoch      1  total 3.44499e+03  slope +2.097  sat 0.000
epoch    250  total 7.01916e+00  slope +2.088  sat 0.000
epoch    500  total 4.48277e+00  slope +2.101  sat 0.000
epoch    750  total 3.22491e+00  slope +2.111  sat 0.000
epoch   1000  total 2.54779e+00  slope +2.119  sat 0.000
epoch   1250  total 2.27577e+00  slope +2.125  sat 0.000
epoch   1500  total 2.17690e+00  slope +2.131  sat 0.000
epoch   1750  total 1.79565e+00  slope +2.141  sat 0.000
epoch   2000  total 1.75478e+00  slope +2.147  sat 0.000
epoch   2250  total 1.67501e+00  slope +2.155  sat 0.000
epoch   2500  total 1.02317e+01  slope +2.165  sat 0.000
epoch   2750  total 1.76767e+00  slope +2.173  sat 0.000
epoch   3000  total 1.44956e+00  slope +2.185  sat 0.000
--- ensemble member 2/5 (seed 2027) ---
[33m[1m┌ [22m[39m[33m[1mWarning: [22m[39mtrain_prior: residual-mode training with an unpenalised residual. The network may move residual_span decades from the baseline at no cost; the symptom is data terms settling well below one while the prior scores worse than the baseline it started from. Set LossWeights(reference = ...) so structure only survives if it buys more misfit reduction than it costs.
[33m[1m└ [22m[39m[90m@ SmartPriorMT ~/SmartPriorModel/src/Train.jl:233[39m
epoch      1  total 3.16026e+03  slope +2.097  sat 0.000
epoch    250  total 7.67165e+00  slope +2.087  sat 0.000
epoch    500  total 4.98347e+00  slope +2.102  sat 0.000
epoch    750  total 3.49450e+00  slope +2.115  sat 0.000
epoch   1000  total 2.99383e+00  slope +2.122  sat 0.000
epoch   1250  total 2.28790e+00  slope +2.132  sat 0.000
epoch   1500  total 2.16391e+00  slope +2.138  sat 0.000
epoch   1750  total 1.93303e+00  slope +2.146  sat 0.000
epoch   2000  total 1.90927e+00  slope +2.150  sat 0.000
epoch   2250  total 2.02504e+00  slope +2.155  sat 0.000
epoch   2500  total 1.69497e+00  slope +2.167  sat 0.000
epoch   2750  total 1.59260e+00  slope +2.178  sat 0.000
epoch   3000  total 1.57299e+00  slope +2.188  sat 0.000
--- ensemble member 3/5 (seed 2028) ---
[33m[1m┌ [22m[39m[33m[1mWarning: [22m[39mtrain_prior: residual-mode training with an unpenalised residual. The network may move residual_span decades from the baseline at no cost; the symptom is data terms settling well below one while the prior scores worse than the baseline it started from. Set LossWeights(reference = ...) so structure only survives if it buys more misfit reduction than it costs.
[33m[1m└ [22m[39m[90m@ SmartPriorMT ~/SmartPriorModel/src/Train.jl:233[39m
epoch      1  total 2.47912e+03  slope +2.097  sat 0.000
epoch    250  total 7.86230e+00  slope +2.088  sat 0.000
epoch    500  total 4.88471e+00  slope +2.104  sat 0.000
epoch    750  total 3.72908e+00  slope +2.114  sat 0.000
epoch   1000  total 3.56235e+00  slope +2.120  sat 0.000
epoch   1250  total 2.52643e+00  slope +2.132  sat 0.000
epoch   1500  total 2.29317e+00  slope +2.140  sat 0.000
epoch   1750  total 2.04849e+00  slope +2.149  sat 0.000
epoch   2000  total 2.09596e+00  slope +2.153  sat 0.000
epoch   2250  total 1.89759e+00  slope +2.163  sat 0.000
epoch   2500  total 1.86731e+00  slope +2.168  sat 0.000
epoch   2750  total 1.75442e+00  slope +2.178  sat 0.000
epoch   3000  total 1.74758e+00  slope +2.186  sat 0.000
--- ensemble member 4/5 (seed 2029) ---
[33m[1m┌ [22m[39m[33m[1mWarning: [22m[39mtrain_prior: residual-mode training with an unpenalised residual. The network may move residual_span decades from the baseline at no cost; the symptom is data terms settling well below one while the prior scores worse than the baseline it started from. Set LossWeights(reference = ...) so structure only survives if it buys more misfit reduction than it costs.
[33m[1m└ [22m[39m[90m@ SmartPriorMT ~/SmartPriorModel/src/Train.jl:233[39m
epoch      1  total 1.19367e+03  slope +2.097  sat 0.000
epoch    250  total 6.74510e+00  slope +2.092  sat 0.000
epoch    500  total 6.26595e+00  slope +2.111  sat 0.000
epoch    750  total 3.41146e+00  slope +2.124  sat 0.000
epoch   1000  total 2.50158e+00  slope +2.131  sat 0.000
epoch   1250  total 2.13946e+00  slope +2.140  sat 0.000
epoch   1500  total 2.04370e+00  slope +2.148  sat 0.000
epoch   1750  total 1.98743e+00  slope +2.156  sat 0.000
epoch   2000  total 1.91620e+00  slope +2.166  sat 0.000
epoch   2250  total 1.88342e+00  slope +2.176  sat 0.000
epoch   2500  total 1.60974e+00  slope +2.188  sat 0.000
epoch   2750  total 1.71845e+00  slope +2.196  sat 0.000
epoch   3000  total 1.49528e+00  slope +2.208  sat 0.000
--- ensemble member 5/5 (seed 2030) ---
[33m[1m┌ [22m[39m[33m[1mWarning: [22m[39mtrain_prior: residual-mode training with an unpenalised residual. The network may move residual_span decades from the baseline at no cost; the symptom is data terms settling well below one while the prior scores worse than the baseline it started from. Set LossWeights(reference = ...) so structure only survives if it buys more misfit reduction than it costs.
[33m[1m└ [22m[39m[90m@ SmartPriorMT ~/SmartPriorModel/src/Train.jl:233[39m
epoch      1  total 1.98469e+03  slope +2.097  sat 0.000
epoch    250  total 7.31685e+00  slope +2.095  sat 0.000
epoch    500  total 4.36443e+00  slope +2.112  sat 0.000
epoch    750  total 2.82958e+00  slope +2.124  sat 0.000
epoch   1000  total 2.32305e+00  slope +2.134  sat 0.000
epoch   1250  total 2.06885e+00  slope +2.142  sat 0.000
epoch   1500  total 1.90892e+00  slope +2.152  sat 0.000
epoch   1750  total 1.80067e+00  slope +2.161  sat 0.000
epoch   2000  total 1.70090e+00  slope +2.172  sat 0.000
epoch   2250  total 1.67795e+00  slope +2.183  sat 0.000
epoch   2500  total 1.52508e+00  slope +2.198  sat 0.000
epoch   2750  total 1.46044e+00  slope +2.211  sat 0.000
epoch   3000  total 1.56936e+00  slope +2.225  sat 0.000
  dip35_resistive              nb corr 0.2550  prior corr 0.2737  gain +0.0187  prior rmse 0.3385

wrote tmp_verify_scenario_sweep/sweep_metrics.tsv
sanity check: dip35_conductive_published prior_corr should land near 0.438 (ARA_RAPOR.md t1) -- if it does not, this script's pipeline has diverged from compare_prior_2d.jl and the other rows are not yet trustworthy.
