# VFSA 2D iteration best - 2026-09-14 17:40:40
# chains=2  n_ctrl=250  frac_update_controls=1.0  temp_kappa=1.0  cool_ratio=0.001  target_rms=1.0  n_trials=1
--------------------------------------------------------------------------------------------------------------------------------------------------------------------------------------------------------
 Chain     Iter         Temp       Chi2Curr        dChi2      RMSCurr     CurrRMS     Chi2Best     RMSBest   Nacc Model
--------------------------------------------------------------------------------------------------------------------------------------------------------------------------------------------------------
     1        1            1    858548.5530   90426.4533     31.97001    31.97001  768122.0996    30.23956      1 chain_01/itr_00001_trial_01.rho
     1        2       0.9828   1025794.7631  167246.2102     34.94545    34.94545  768122.0996    30.23956      1 chain_01/itr_00002_trial_01.rho
     1        3        0.966   1121739.4968   95944.7337     36.54318    36.54318  768122.0996    30.23956      1 chain_01/itr_00003_trial_01.rho
     1        4       0.9494    995137.4764 -126602.0205     34.41929    34.41929  768122.0996    30.23956      1 chain_01/itr_00004_trial_01.rho
     1        5       0.9331    937052.7120  -58084.7644     33.39968    33.39968  768122.0996    30.23956      1 chain_01/itr_00005_trial_01.rho
     1        6       0.9171    921431.2365  -15621.4754     33.12011    33.12011  768122.0996    30.23956      1 chain_01/itr_00006_trial_01.rho
     1        7       0.9013   1001558.5495   80127.3130     34.53016    34.53016  768122.0996    30.23956      1 chain_01/itr_00007_trial_01.rho
     1        8       0.8859   1130309.8108  128751.2613     36.68252    36.68252  768122.0996    30.23956      1 chain_01/itr_00008_trial_01.rho
     1        9       0.8707   1204435.9217   74126.1109     37.86624    37.86624  768122.0996    30.23956      1 chain_01/itr_00009_trial_01.rho
     1       10       0.8557   1303838.5222   99402.6005     39.39783    39.39783  768122.0996    30.23956      1 chain_01/itr_00010_trial_01.rho
     1       11        0.841   1216505.0130  -87333.5092     38.05549    38.05549  768122.0996    30.23956      1 chain_01/itr_00011_trial_01.rho
     1       12       0.8266   1269070.9205   52565.9075     38.86899    38.86899  768122.0996    30.23956      1 chain_01/itr_00012_trial_01.rho
     1       13       0.8124   1253759.4713  -15311.4492     38.63380    38.63380  768122.0996    30.23956      1 chain_01/itr_00013_trial_01.rho
     1       14       0.7985   1083796.0999 -169963.3713     35.91982    35.91982  768122.0996    30.23956      1 chain_01/itr_00014_trial_01.rho
     1       15       0.7848    961397.8181 -122398.2819     33.83077    33.83077  768122.0996    30.23956      1 chain_01/itr_00015_trial_01.rho
     1       16       0.7713    769314.1536 -192083.6644     30.26302    30.26302  768122.0996    30.23956      1 chain_01/itr_00016_trial_01.rho
     1       17       0.7581    776270.5380    6956.3844     30.39953    30.39953  768122.0996    30.23956      1 chain_01/itr_00017_trial_01.rho
     1       18        0.745    690527.6973  -85742.8407     28.67153    28.67153  690527.6973    28.67153      1 chain_01/itr_00018_trial_01.rho
     1       19       0.7323    559941.3145 -130586.3828     25.81854    25.81854  559941.3145    25.81854      1 chain_01/itr_00019_trial_01.rho
     1       20       0.7197    548667.7210  -11273.5935     25.55731    25.55731  548667.7210    25.55731      1 chain_01/itr_00020_trial_01.rho
     1       21       0.7073    513180.0638  -35487.6573     24.71697    24.71697  513180.0638    24.71697      1 chain_01/itr_00021_trial_01.rho
     1       22       0.6952    451367.0103  -61813.0535     23.18063    23.18063  451367.0103    23.18063      1 chain_01/itr_00022_trial_01.rho
     1       23       0.6833    452196.5736     829.5633     23.20192    23.20192  451367.0103    23.18063      1 chain_01/itr_00023_trial_01.rho
     1       24       0.6715    404520.1272  -47676.4464     21.94474    21.94474  404520.1272    21.94474      1 chain_01/itr_00024_trial_01.rho
     1       25         0.66    385823.5486  -18696.5786     21.43161    21.43161  385823.5486    21.43161      1 chain_01/itr_00025_trial_01.rho
     1       26       0.6487    367782.2044  -18041.3441     20.92453    20.92453  367782.2044    20.92453      1 chain_01/itr_00026_trial_01.rho
     1       27       0.6375    371644.2297    3862.0252     21.03411    21.03411  367782.2044    20.92453      1 chain_01/itr_00027_trial_01.rho
     1       28       0.6266    366901.4784   -4742.7513     20.89946    20.89946  366901.4784    20.89946      1 chain_01/itr_00028_trial_01.rho
     1       29       0.6158    328848.4584  -38053.0200     19.78601    19.78601  328848.4584    19.78601      1 chain_01/itr_00029_trial_01.rho
     1       30       0.6053    336067.2981    7218.8397     20.00200    20.00200  328848.4584    19.78601      1 chain_01/itr_00030_trial_01.rho
     1       31       0.5949    297096.5771  -38970.7209     18.80655    18.80655  297096.5771    18.80655      1 chain_01/itr_00031_trial_01.rho
     1       32       0.5847    262055.4514  -35041.1257     17.66269    17.66269  262055.4514    17.66269      1 chain_01/itr_00032_trial_01.rho
     1       33       0.5746    262055.4514       0.0000     17.66269    17.66269  262055.4514    17.66269      0 -
     1       34       0.5648    274444.0528   12388.6014     18.07537    18.07537  262055.4514    17.66269      1 chain_01/itr_00034_trial_01.rho
     1       35       0.5551    324792.5952   50348.5423     19.66362    19.66362  262055.4514    17.66269      1 chain_01/itr_00035_trial_01.rho
     1       36       0.5456    373512.1312   48719.5361     21.08690    21.08690  262055.4514    17.66269      1 chain_01/itr_00036_trial_01.rho
     1       37       0.5362    335808.8048  -37703.3265     19.99431    19.99431  262055.4514    17.66269      1 chain_01/itr_00037_trial_01.rho
     1       38        0.527    334285.7638   -1523.0410     19.94892    19.94892  262055.4514    17.66269      1 chain_01/itr_00038_trial_01.rho
     1       39       0.5179    287460.3920  -46825.3718     18.49905    18.49905  262055.4514    17.66269      1 chain_01/itr_00039_trial_01.rho
     1       40       0.5091    290003.1551    2542.7631     18.58068    18.58068  262055.4514    17.66269      1 chain_01/itr_00040_trial_01.rho
     1       41       0.5003    262046.5701  -27956.5850     17.66240    17.66240  262046.5701    17.66240      1 chain_01/itr_00041_trial_01.rho
     1       42       0.4917    331754.4364   69707.8663     19.87324    19.87324  262046.5701    17.66240      1 chain_01/itr_00042_trial_01.rho
     1       43       0.4833    289998.9614  -41755.4749     18.58055    18.58055  262046.5701    17.66240      1 chain_01/itr_00043_trial_01.rho
     1       44        0.475    258490.7856  -31508.1759     17.54215    17.54215  258490.7856    17.54215      1 chain_01/itr_00044_trial_01.rho
     1       45       0.4668    264020.1200    5529.3344     17.72878    17.72878  258490.7856    17.54215      1 chain_01/itr_00045_trial_01.rho
     1       46       0.4588    208797.1193  -55223.0007     15.76604    15.76604  208797.1193    15.76604      1 chain_01/itr_00046_trial_01.rho
     1       47        0.451    187322.5317  -21474.5876     14.93329    14.93329  187322.5317    14.93329      1 chain_01/itr_00047_trial_01.rho
     1       48       0.4432    171291.1084  -16031.4234     14.27999    14.27999  171291.1084    14.27999      1 chain_01/itr_00048_trial_01.rho
     1       49       0.4356    133201.2394  -38089.8689     12.59257    12.59257  133201.2394    12.59257      1 chain_01/itr_00049_trial_01.rho
     1       50       0.4281    140705.5096    7504.2702     12.94243    12.94243  133201.2394    12.59257      1 chain_01/itr_00050_trial_01.rho
     1       51       0.4208    130550.9112  -10154.5984     12.46667    12.46667  130550.9112    12.46667      1 chain_01/itr_00051_trial_01.rho
     1       52       0.4136    158413.8619   27862.9507     13.73273    13.73273  130550.9112    12.46667      1 chain_01/itr_00052_trial_01.rho
     1       53       0.4065    156578.1924   -1835.6695     13.65293    13.65293  130550.9112    12.46667      1 chain_01/itr_00053_trial_01.rho
     1       54       0.3995    185776.8874   29198.6950     14.87155    14.87155  130550.9112    12.46667      1 chain_01/itr_00054_trial_01.rho
     1       55       0.3926    185776.8874       0.0000     14.87155    14.87155  130550.9112    12.46667      0 -
     1       56       0.3859    175604.5644  -10172.3230     14.45867    14.45867  130550.9112    12.46667      1 chain_01/itr_00056_trial_01.rho
     1       57       0.3793    175604.5644       0.0000     14.45867    14.45867  130550.9112    12.46667      0 -
     1       58       0.3728    200518.1993   24913.6349     15.45031    15.45031  130550.9112    12.46667      1 chain_01/itr_00058_trial_01.rho
     1       59       0.3664    211239.1345   10720.9352     15.85797    15.85797  130550.9112    12.46667      1 chain_01/itr_00059_trial_01.rho
     1       60       0.3601    171736.0767  -39503.0578     14.29852    14.29852  130550.9112    12.46667      1 chain_01/itr_00060_trial_01.rho
     1       61       0.3539    154748.7009  -16987.3758     13.57294    13.57294  130550.9112    12.46667      1 chain_01/itr_00061_trial_01.rho
     1       62       0.3478    120958.7916  -33789.9093     11.99994    11.99994  120958.7916    11.99994      1 chain_01/itr_00062_trial_01.rho
     1       63       0.3418    107355.8277  -13602.9639     11.30507    11.30507  107355.8277    11.30507      1 chain_01/itr_00063_trial_01.rho
     1       64        0.336    104413.2117   -2942.6160     11.14906    11.14906  104413.2117    11.14906      1 chain_01/itr_00064_trial_01.rho
     1       65       0.3302     99610.1764   -4803.0353     10.88961    10.88961   99610.1764    10.88961      1 chain_01/itr_00065_trial_01.rho
     1       66       0.3245    100337.6777     727.5013     10.92930    10.92930   99610.1764    10.88961      1 chain_01/itr_00066_trial_01.rho
     1       67        0.319    101773.6860    1436.0083     11.00723    11.00723   99610.1764    10.88961      1 chain_01/itr_00067_trial_01.rho
     1       68       0.3135     96697.0206   -5076.6654     10.72919    10.72919   96697.0206    10.72919      1 chain_01/itr_00068_trial_01.rho
     1       69       0.3081     96697.0206       0.0000     10.72919    10.72919   96697.0206    10.72919      0 -
     1       70       0.3028     98054.8885    1357.8679     10.80426    10.80426   96697.0206    10.72919      1 chain_01/itr_00070_trial_01.rho
     1       71       0.2976    124029.0437   25974.1553     12.15128    12.15128   96697.0206    10.72919      1 chain_01/itr_00071_trial_01.rho
     1       72       0.2925    118064.0881   -5964.9556     11.85548    11.85548   96697.0206    10.72919      1 chain_01/itr_00072_trial_01.rho
     1       73       0.2875    132134.1540   14070.0659     12.54203    12.54203   96697.0206    10.72919      1 chain_01/itr_00073_trial_01.rho
     1       74       0.2826    143107.9357   10973.7817     13.05246    13.05246   96697.0206    10.72919      1 chain_01/itr_00074_trial_01.rho
     1       75       0.2777    143107.9357       0.0000     13.05246    13.05246   96697.0206    10.72919      0 -
     1       76        0.273    137720.4786   -5387.4571     12.80441    12.80441   96697.0206    10.72919      1 chain_01/itr_00076_trial_01.rho
     1       77       0.2683    125093.1927  -12627.2859     12.20330    12.20330   96697.0206    10.72919      1 chain_01/itr_00077_trial_01.rho
     1       78       0.2637    124513.6447    -579.5480     12.17500    12.17500   96697.0206    10.72919      1 chain_01/itr_00078_trial_01.rho
     1       79       0.2591    116978.9173   -7534.7274     11.80087    11.80087   96697.0206    10.72919      1 chain_01/itr_00079_trial_01.rho
     1       80       0.2547    128067.9703   11089.0530     12.34755    12.34755   96697.0206    10.72919      1 chain_01/itr_00080_trial_01.rho
     1       81       0.2503    128067.9703       0.0000     12.34755    12.34755   96697.0206    10.72919      0 -
     1       82        0.246    141505.8492   13437.8789     12.97919    12.97919   96697.0206    10.72919      1 chain_01/itr_00082_trial_01.rho
     1       83       0.2418    148813.0773    7307.2281     13.31009    13.31009   96697.0206    10.72919      1 chain_01/itr_00083_trial_01.rho
     1       84       0.2377    144776.1534   -4036.9239     13.12831    13.12831   96697.0206    10.72919      1 chain_01/itr_00084_trial_01.rho
     1       85       0.2336    137199.0291   -7577.1243     12.78015    12.78015   96697.0206    10.72919      1 chain_01/itr_00085_trial_01.rho
     1       86       0.2296    135758.4823   -1440.5468     12.71288    12.71288   96697.0206    10.72919      1 chain_01/itr_00086_trial_01.rho
     1       87       0.2256    135758.4823       0.0000     12.71288    12.71288   96697.0206    10.72919      0 -
     1       88       0.2218    132107.8122   -3650.6701     12.54078    12.54078   96697.0206    10.72919      1 chain_01/itr_00088_trial_01.rho
     1       89       0.2179    137206.2998    5098.4876     12.78049    12.78049   96697.0206    10.72919      1 chain_01/itr_00089_trial_01.rho
     1       90       0.2142    146960.7650    9754.4653     13.22699    13.22699   96697.0206    10.72919      1 chain_01/itr_00090_trial_01.rho
     1       91       0.2105    132696.7399  -14264.0251     12.56870    12.56870   96697.0206    10.72919      1 chain_01/itr_00091_trial_01.rho
     1       92       0.2069    136479.1578    3782.4179     12.74658    12.74658   96697.0206    10.72919      1 chain_01/itr_00092_trial_01.rho
     1       93       0.2034    150679.3997   14200.2418     13.39329    13.39329   96697.0206    10.72919      1 chain_01/itr_00093_trial_01.rho
     1       94       0.1999    169557.7422   18878.3425     14.20755    14.20755   96697.0206    10.72919      1 chain_01/itr_00094_trial_01.rho
     1       95       0.1964    173959.8789    4402.1367     14.39080    14.39080   96697.0206    10.72919      1 chain_01/itr_00095_trial_01.rho
     1       96       0.1931    193491.8615   19531.9826     15.17720    15.17720   96697.0206    10.72919      1 chain_01/itr_00096_trial_01.rho
     1       97       0.1898    193491.8615       0.0000     15.17720    15.17720   96697.0206    10.72919      0 -
     1       98       0.1865    193491.8615       0.0000     15.17720    15.17720   96697.0206    10.72919      0 -
     1       99       0.1833    167123.4222  -26368.4392     14.10519    14.10519   96697.0206    10.72919      1 chain_01/itr_00099_trial_01.rho
     1      100       0.1802    167123.4222       0.0000     14.10519    14.10519   96697.0206    10.72919      0 -
     1      101       0.1771    167123.4222       0.0000     14.10519    14.10519   96697.0206    10.72919      0 -
     1      102        0.174    200156.7231   33033.3009     15.43638    15.43638   96697.0206    10.72919      1 chain_01/itr_00102_trial_01.rho
     1      103        0.171    200156.7231       0.0000     15.43638    15.43638   96697.0206    10.72919      0 -
     1      104       0.1681    163266.1596  -36890.5635     13.94147    13.94147   96697.0206    10.72919      1 chain_01/itr_00104_trial_01.rho
     1      105       0.1652    173444.3272   10178.1676     14.36946    14.36946   96697.0206    10.72919      1 chain_01/itr_00105_trial_01.rho
     1      106       0.1624    164834.9707   -8609.3564     14.00829    14.00829   96697.0206    10.72919      1 chain_01/itr_00106_trial_01.rho
     1      107       0.1596    172883.3644    8048.3937     14.34620    14.34620   96697.0206    10.72919      1 chain_01/itr_00107_trial_01.rho
     1      108       0.1569    176019.7918    3136.4274     14.47575    14.47575   96697.0206    10.72919      1 chain_01/itr_00108_trial_01.rho
     1      109       0.1542    177723.3749    1703.5831     14.54563    14.54563   96697.0206    10.72919      1 chain_01/itr_00109_trial_01.rho
     1      110       0.1515    155154.5110  -22568.8639     13.59072    13.59072   96697.0206    10.72919      1 chain_01/itr_00110_trial_01.rho
     1      111       0.1489    164656.3092    9501.7982     14.00069    14.00069   96697.0206    10.72919      1 chain_01/itr_00111_trial_01.rho
     1      112       0.1464    184790.4095   20134.1003     14.83201    14.83201   96697.0206    10.72919      1 chain_01/itr_00112_trial_01.rho
     1      113       0.1438    192995.0260    8204.6165     15.15770    15.15770   96697.0206    10.72919      1 chain_01/itr_00113_trial_01.rho
     1      114       0.1414    196484.4708    3489.4448     15.29412    15.29412   96697.0206    10.72919      1 chain_01/itr_00114_trial_01.rho
     1      115       0.1389    196484.4708       0.0000     15.29412    15.29412   96697.0206    10.72919      0 -
     1      116       0.1366    196484.4708       0.0000     15.29412    15.29412   96697.0206    10.72919      0 -
     1      117       0.1342    196484.4708       0.0000     15.29412    15.29412   96697.0206    10.72919      0 -
     1      118       0.1319    196484.4708       0.0000     15.29412    15.29412   96697.0206    10.72919      0 -
     1      119       0.1297    181542.7996  -14941.6712     14.70110    14.70110   96697.0206    10.72919      1 chain_01/itr_00119_trial_01.rho
     1      120       0.1274    181542.7996       0.0000     14.70110    14.70110   96697.0206    10.72919      0 -
     1      121       0.1252    167184.9765  -14357.8231     14.10779    14.10779   96697.0206    10.72919      1 chain_01/itr_00121_trial_01.rho
     1      122       0.1231    167184.9765       0.0000     14.10779    14.10779   96697.0206    10.72919      0 -
     1      123        0.121    201057.2701   33872.2937     15.47107    15.47107   96697.0206    10.72919      1 chain_01/itr_00123_trial_01.rho
     1      124       0.1189    190178.5890  -10878.6812     15.04670    15.04670   96697.0206    10.72919      1 chain_01/itr_00124_trial_01.rho
     1      125       0.1169    213676.6221   23498.0332     15.94920    15.94920   96697.0206    10.72919      1 chain_01/itr_00125_trial_01.rho
     1      126       0.1149    236518.5463   22841.9241     16.78004    16.78004   96697.0206    10.72919      1 chain_01/itr_00126_trial_01.rho
     1      127       0.1129    196887.7897  -39630.7566     15.30981    15.30981   96697.0206    10.72919      1 chain_01/itr_00127_trial_01.rho
     1      128       0.1109    196887.7897       0.0000     15.30981    15.30981   96697.0206    10.72919      0 -
     1      129        0.109    196596.6375    -291.1522     15.29848    15.29848   96697.0206    10.72919      1 chain_01/itr_00129_trial_01.rho
     1      130       0.1072    177559.5130  -19037.1245     14.53893    14.53893   96697.0206    10.72919      1 chain_01/itr_00130_trial_01.rho
     1      131       0.1053    164626.7979  -12932.7151     13.99944    13.99944   96697.0206    10.72919      1 chain_01/itr_00131_trial_01.rho
     1      132       0.1035    160129.9698   -4496.8281     13.80692    13.80692   96697.0206    10.72919      1 chain_01/itr_00132_trial_01.rho
     1      133       0.1017    160129.9698       0.0000     13.80692    13.80692   96697.0206    10.72919      0 -
     1      134          0.1    160129.9698       0.0000     13.80692    13.80692   96697.0206    10.72919      0 -
     1      135      0.09828    150527.4640   -9602.5058     13.38654    13.38654   96697.0206    10.72919      1 chain_01/itr_00135_trial_01.rho
     1      136       0.0966    147715.9276   -2811.5364     13.26093    13.26093   96697.0206    10.72919      1 chain_01/itr_00136_trial_01.rho
     1      137      0.09494    147715.9276       0.0000     13.26093    13.26093   96697.0206    10.72919      0 -
     1      138      0.09331    129914.6441  -17801.2835     12.43625    12.43625   96697.0206    10.72919      1 chain_01/itr_00138_trial_01.rho
     1      139      0.09171    129914.6441       0.0000     12.43625    12.43625   96697.0206    10.72919      0 -
     1      140      0.09013    129615.0215    -299.6226     12.42190    12.42190   96697.0206    10.72919      1 chain_01/itr_00140_trial_01.rho
     1      141      0.08859    124748.2747   -4866.7468     12.18646    12.18646   96697.0206    10.72919      1 chain_01/itr_00141_trial_01.rho
     1      142      0.08707    119659.0326   -5089.2421     11.93529    11.93529   96697.0206    10.72919      1 chain_01/itr_00142_trial_01.rho
     1      143      0.08557    116755.4278   -2903.6048     11.78960    11.78960   96697.0206    10.72919      1 chain_01/itr_00143_trial_01.rho
     1      144       0.0841    109727.4767   -7027.9511     11.42926    11.42926   96697.0206    10.72919      1 chain_01/itr_00144_trial_01.rho
     1      145      0.08266    121811.9035   12084.4269     12.04218    12.04218   96697.0206    10.72919      1 chain_01/itr_00145_trial_01.rho
     1      146      0.08124    121811.9035       0.0000     12.04218    12.04218   96697.0206    10.72919      0 -
     1      147      0.07985    121414.6847    -397.2188     12.02253    12.02253   96697.0206    10.72919      1 chain_01/itr_00147_trial_01.rho
     1      148      0.07848    109841.0453  -11573.6395     11.43517    11.43517   96697.0206    10.72919      1 chain_01/itr_00148_trial_01.rho
     1      149      0.07713    109841.0453       0.0000     11.43517    11.43517   96697.0206    10.72919      0 -
     1      150      0.07581    109841.0453       0.0000     11.43517    11.43517   96697.0206    10.72919      0 -
     1      151       0.0745    109793.2628     -47.7825     11.43268    11.43268   96697.0206    10.72919      1 chain_01/itr_00151_trial_01.rho
     1      152      0.07323    108931.9441    -861.3186     11.38775    11.38775   96697.0206    10.72919      1 chain_01/itr_00152_trial_01.rho
     1      153      0.07197     94488.0951  -14443.8490     10.60593    10.60593   94488.0951    10.60593      1 chain_01/itr_00153_trial_01.rho
     1      154      0.07073     90146.9850   -4341.1101     10.35943    10.35943   90146.9850    10.35943      1 chain_01/itr_00154_trial_01.rho
     1      155      0.06952     90146.9850       0.0000     10.35943    10.35943   90146.9850    10.35943      0 -
     1      156      0.06833     99362.3179    9215.3329     10.87605    10.87605   90146.9850    10.35943      1 chain_01/itr_00156_trial_01.rho
     1      157      0.06715     94424.7376   -4937.5803     10.60238    10.60238   90146.9850    10.35943      1 chain_01/itr_00157_trial_01.rho
     1      158        0.066     94424.7376       0.0000     10.60238    10.60238   90146.9850    10.35943      0 -
     1      159      0.06487     85026.0016   -9398.7359     10.06089    10.06089   85026.0016    10.06089      1 chain_01/itr_00159_trial_01.rho
     1      160      0.06375     85026.0016       0.0000     10.06089    10.06089   85026.0016    10.06089      0 -
     1      161      0.06266     86529.9667    1503.9651     10.14948    10.14948   85026.0016    10.06089      1 chain_01/itr_00161_trial_01.rho
     1      162      0.06158     82400.0498   -4129.9169      9.90431     9.90431   82400.0498     9.90431      1 chain_01/itr_00162_trial_01.rho
     1      163      0.06053     80251.6939   -2148.3558      9.77434     9.77434   80251.6939     9.77434      1 chain_01/itr_00163_trial_01.rho
     1      164      0.05949     79980.0552    -271.6387      9.75778     9.75778   79980.0552     9.75778      1 chain_01/itr_00164_trial_01.rho
     1      165      0.05847     72553.1767   -7426.8785      9.29370     9.29370   72553.1767     9.29370      1 chain_01/itr_00165_trial_01.rho
     1      166      0.05746     74952.3777    2399.2009      9.44611     9.44611   72553.1767     9.29370      1 chain_01/itr_00166_trial_01.rho
     1      167      0.05648     74952.3777       0.0000      9.44611     9.44611   72553.1767     9.29370      0 -
     1      168      0.05551     74952.3777       0.0000      9.44611     9.44611   72553.1767     9.29370      0 -
     1      169      0.05456     74952.3777       0.0000      9.44611     9.44611   72553.1767     9.29370      0 -
     1      170      0.05362     71783.7917   -3168.5860      9.24429     9.24429   71783.7917     9.24429      1 chain_01/itr_00170_trial_01.rho
     1      171       0.0527     76935.6645    5151.8728      9.57027     9.57027   71783.7917     9.24429      1 chain_01/itr_00171_trial_01.rho
     1      172      0.05179     76935.6645       0.0000      9.57027     9.57027   71783.7917     9.24429      0 -
     1      173      0.05091     76935.6645       0.0000      9.57027     9.57027   71783.7917     9.24429      0 -
     1      174      0.05003     70133.7951   -6801.8694      9.13743     9.13743   70133.7951     9.13743      1 chain_01/itr_00174_trial_01.rho
     1      175      0.04917     70133.7951       0.0000      9.13743     9.13743   70133.7951     9.13743      0 -
     1      176      0.04833     70133.7951       0.0000      9.13743     9.13743   70133.7951     9.13743      0 -
     1      177       0.0475     70133.7951       0.0000      9.13743     9.13743   70133.7951     9.13743      0 -
     1      178      0.04668     72570.3168    2436.5217      9.29480     9.29480   70133.7951     9.13743      1 chain_01/itr_00178_trial_01.rho
     1      179      0.04588     68303.1104   -4267.2064      9.01738     9.01738   68303.1104     9.01738      1 chain_01/itr_00179_trial_01.rho
     1      180       0.0451     69546.8457    1243.7353      9.09911     9.09911   68303.1104     9.01738      1 chain_01/itr_00180_trial_01.rho
     1      181      0.04432     69546.8457       0.0000      9.09911     9.09911   68303.1104     9.01738      0 -
     1      182      0.04356     67716.8982   -1829.9475      8.97861     8.97861   67716.8982     8.97861      1 chain_01/itr_00182_trial_01.rho
     1      183      0.04281     62287.4635   -5429.4347      8.61114     8.61114   62287.4635     8.61114      1 chain_01/itr_00183_trial_01.rho
     1      184      0.04208     62287.4635       0.0000      8.61114     8.61114   62287.4635     8.61114      0 -
     1      185      0.04136     61189.0809   -1098.3826      8.53488     8.53488   61189.0809     8.53488      1 chain_01/itr_00185_trial_01.rho
     1      186      0.04065     59138.2325   -2050.8484      8.39063     8.39063   59138.2325     8.39063      1 chain_01/itr_00186_trial_01.rho
     1      187      0.03995     59138.2325       0.0000      8.39063     8.39063   59138.2325     8.39063      0 -
     1      188      0.03926     59933.6930     795.4605      8.44687     8.44687   59138.2325     8.39063      1 chain_01/itr_00188_trial_01.rho
     1      189      0.03859     59933.6930       0.0000      8.44687     8.44687   59138.2325     8.39063      0 -
     1      190      0.03793     56345.1217   -3588.5712      8.19009     8.19009   56345.1217     8.19009      1 chain_01/itr_00190_trial_01.rho
     1      191      0.03728     54991.0578   -1354.0640      8.09108     8.09108   54991.0578     8.09108      1 chain_01/itr_00191_trial_01.rho
     1      192      0.03664     54851.3649    -139.6929      8.08079     8.08079   54851.3649     8.08079      1 chain_01/itr_00192_trial_01.rho
     1      193      0.03601     56126.0896    1274.7247      8.17415     8.17415   54851.3649     8.08079      1 chain_01/itr_00193_trial_01.rho
     1      194      0.03539     55628.3578    -497.7318      8.13783     8.13783   54851.3649     8.08079      1 chain_01/itr_00194_trial_01.rho
     1      195      0.03478     57616.6107    1988.2529      8.28198     8.28198   54851.3649     8.08079      1 chain_01/itr_00195_trial_01.rho
     1      196      0.03418     55839.9671   -1776.6436      8.15329     8.15329   54851.3649     8.08079      1 chain_01/itr_00196_trial_01.rho
     1      197       0.0336     54706.4798   -1133.4873      8.07012     8.07012   54706.4798     8.07012      1 chain_01/itr_00197_trial_01.rho
     1      198      0.03302     56013.0485    1306.5687      8.16592     8.16592   54706.4798     8.07012      1 chain_01/itr_00198_trial_01.rho
     1      199      0.03245     56786.2910     773.2425      8.22209     8.22209   54706.4798     8.07012      1 chain_01/itr_00199_trial_01.rho
     1      200       0.0319     55420.7466   -1365.5444      8.12263     8.12263   54706.4798     8.07012      1 chain_01/itr_00200_trial_01.rho
     1      201      0.03135     53820.0293   -1600.7173      8.00447     8.00447   53820.0293     8.00447      1 chain_01/itr_00201_trial_01.rho
     1      202      0.03081     53820.0293       0.0000      8.00447     8.00447   53820.0293     8.00447      0 -
     1      203      0.03028     55278.6597    1458.6304      8.11221     8.11221   53820.0293     8.00447      1 chain_01/itr_00203_trial_01.rho
     1      204      0.02976     55179.6003     -99.0594      8.10494     8.10494   53820.0293     8.00447      1 chain_01/itr_00204_trial_01.rho
     1      205      0.02925     52069.1191   -3110.4812      7.87319     7.87319   52069.1191     7.87319      1 chain_01/itr_00205_trial_01.rho
     1      206      0.02875     52069.1191       0.0000      7.87319     7.87319   52069.1191     7.87319      0 -
     1      207      0.02826     50425.8115   -1643.3076      7.74795     7.74795   50425.8115     7.74795      1 chain_01/itr_00207_trial_01.rho
     1      208      0.02777     50425.8115       0.0000      7.74795     7.74795   50425.8115     7.74795      0 -
     1      209       0.0273     49123.3724   -1302.4391      7.64724     7.64724   49123.3724     7.64724      1 chain_01/itr_00209_trial_01.rho
     1      210      0.02683     49123.3724       0.0000      7.64724     7.64724   49123.3724     7.64724      0 -
     1      211      0.02637     49123.3724       0.0000      7.64724     7.64724   49123.3724     7.64724      0 -
     1      212      0.02591     49123.3724       0.0000      7.64724     7.64724   49123.3724     7.64724      0 -
     1      213      0.02547     49470.1327     346.7603      7.67418     7.67418   49123.3724     7.64724      1 chain_01/itr_00213_trial_01.rho
     1      214      0.02503     47393.3633   -2076.7694      7.51137     7.51137   47393.3633     7.51137      1 chain_01/itr_00214_trial_01.rho
     1      215       0.0246     46076.9068   -1316.4565      7.40631     7.40631   46076.9068     7.40631      1 chain_01/itr_00215_trial_01.rho
     1      216      0.02418     45244.4598    -832.4470      7.33910     7.33910   45244.4598     7.33910      1 chain_01/itr_00216_trial_01.rho
     1      217      0.02377     45455.5963     211.1365      7.35621     7.35621   45244.4598     7.33910      1 chain_01/itr_00217_trial_01.rho
     1      218      0.02336     45883.2025     427.6063      7.39073     7.39073   45244.4598     7.33910      1 chain_01/itr_00218_trial_01.rho
     1      219      0.02296     45883.2025       0.0000      7.39073     7.39073   45244.4598     7.33910      0 -
     1      220      0.02256     45206.3603    -676.8423      7.33601     7.33601   45206.3603     7.33601      1 chain_01/itr_00220_trial_01.rho
     1      221      0.02218     44725.1088    -481.2514      7.29686     7.29686   44725.1088     7.29686      1 chain_01/itr_00221_trial_01.rho
     1      222      0.02179     45206.8126     481.7038      7.33605     7.33605   44725.1088     7.29686      1 chain_01/itr_00222_trial_01.rho
     1      223      0.02142     45206.8126       0.0000      7.33605     7.33605   44725.1088     7.29686      0 -
     1      224      0.02105     45494.4036     287.5910      7.35935     7.35935   44725.1088     7.29686      1 chain_01/itr_00224_trial_01.rho
     1      225      0.02069     45494.4036       0.0000      7.35935     7.35935   44725.1088     7.29686      0 -
     1      226      0.02034     45494.4036       0.0000      7.35935     7.35935   44725.1088     7.29686      0 -
     1      227      0.01999     44453.8610   -1040.5426      7.27470     7.27470   44453.8610     7.27470      1 chain_01/itr_00227_trial_01.rho
     1      228      0.01964     44429.3937     -24.4673      7.27270     7.27270   44429.3937     7.27270      1 chain_01/itr_00228_trial_01.rho
     1      229      0.01931     42701.6960   -1727.6977      7.12989     7.12989   42701.6960     7.12989      1 chain_01/itr_00229_trial_01.rho
     1      230      0.01898     42701.6960       0.0000      7.12989     7.12989   42701.6960     7.12989      0 -
     1      231      0.01865     43383.6781     681.9821      7.18660     7.18660   42701.6960     7.12989      1 chain_01/itr_00231_trial_01.rho
     1      232      0.01833     43329.8832     -53.7949      7.18214     7.18214   42701.6960     7.12989      1 chain_01/itr_00232_trial_01.rho
     1      233      0.01802     44308.1737     978.2905      7.26277     7.26277   42701.6960     7.12989      1 chain_01/itr_00233_trial_01.rho
     1      234      0.01771     43737.9567    -570.2171      7.21588     7.21588   42701.6960     7.12989      1 chain_01/itr_00234_trial_01.rho
     1      235       0.0174     43737.9567       0.0000      7.21588     7.21588   42701.6960     7.12989      0 -
     1      236       0.0171     43737.9567       0.0000      7.21588     7.21588   42701.6960     7.12989      0 -
     1      237      0.01681     42749.1335    -988.8231      7.13385     7.13385   42701.6960     7.12989      1 chain_01/itr_00237_trial_01.rho
     1      238      0.01652     42080.6020    -668.5316      7.07785     7.07785   42080.6020     7.07785      1 chain_01/itr_00238_trial_01.rho
     1      239      0.01624     42080.6020       0.0000      7.07785     7.07785   42080.6020     7.07785      0 -
     1      240      0.01596     40761.3621   -1319.2399      6.96602     6.96602   40761.3621     6.96602      1 chain_01/itr_00240_trial_01.rho
     1      241      0.01569     40761.3621       0.0000      6.96602     6.96602   40761.3621     6.96602      0 -
     1      242      0.01542     40761.3621       0.0000      6.96602     6.96602   40761.3621     6.96602      0 -
     1      243      0.01515     40761.3621       0.0000      6.96602     6.96602   40761.3621     6.96602      0 -
     1      244      0.01489     40780.4322      19.0701      6.96765     6.96765   40761.3621     6.96602      1 chain_01/itr_00244_trial_01.rho
     1      245      0.01464     40394.4253    -386.0069      6.93459     6.93459   40394.4253     6.93459      1 chain_01/itr_00245_trial_01.rho
     1      246      0.01438     39849.7148    -544.7105      6.88768     6.88768   39849.7148     6.88768      1 chain_01/itr_00246_trial_01.rho
     1      247      0.01414     39849.7148       0.0000      6.88768     6.88768   39849.7148     6.88768      0 -
     1      248      0.01389     40779.3769     929.6621      6.96756     6.96756   39849.7148     6.88768      1 chain_01/itr_00248_trial_01.rho
     1      249      0.01366     40779.3769       0.0000      6.96756     6.96756   39849.7148     6.88768      0 -
     1      250      0.01342     40779.3769       0.0000      6.96756     6.96756   39849.7148     6.88768      0 -
     1      251      0.01319     40779.3769       0.0000      6.96756     6.96756   39849.7148     6.88768      0 -
     1      252      0.01297     40291.0322    -488.3447      6.92571     6.92571   39849.7148     6.88768      1 chain_01/itr_00252_trial_01.rho
     1      253      0.01274     40334.1010      43.0687      6.92941     6.92941   39849.7148     6.88768      1 chain_01/itr_00253_trial_01.rho
     1      254      0.01252     40334.1010       0.0000      6.92941     6.92941   39849.7148     6.88768      0 -
     1      255      0.01231     40334.1010       0.0000      6.92941     6.92941   39849.7148     6.88768      0 -
     1      256       0.0121     40334.1010       0.0000      6.92941     6.92941   39849.7148     6.88768      0 -
     1      257      0.01189     40334.1010       0.0000      6.92941     6.92941   39849.7148     6.88768      0 -
     1      258      0.01169     40106.0845    -228.0164      6.90980     6.90980   39849.7148     6.88768      1 chain_01/itr_00258_trial_01.rho
     1      259      0.01149     40106.0845       0.0000      6.90980     6.90980   39849.7148     6.88768      0 -
     1      260      0.01129     40106.0845       0.0000      6.90980     6.90980   39849.7148     6.88768      0 -
     1      261      0.01109     39350.1095    -755.9750      6.84437     6.84437   39350.1095     6.84437      1 chain_01/itr_00261_trial_01.rho
     1      262       0.0109     39350.1095       0.0000      6.84437     6.84437   39350.1095     6.84437      0 -
     1      263      0.01072     39350.1095       0.0000      6.84437     6.84437   39350.1095     6.84437      0 -
     1      264      0.01053     40032.9199     682.8104      6.90349     6.90349   39350.1095     6.84437      1 chain_01/itr_00264_trial_01.rho
     1      265      0.01035     40032.9199       0.0000      6.90349     6.90349   39350.1095     6.84437      0 -
     1      266      0.01017     40032.9199       0.0000      6.90349     6.90349   39350.1095     6.84437      0 -
     1      267         0.01     40641.2822     608.3623      6.95575     6.95575   39350.1095     6.84437      1 chain_01/itr_00267_trial_01.rho
     1      268     0.009828     40641.2822       0.0000      6.95575     6.95575   39350.1095     6.84437      0 -
     1      269      0.00966     40641.2822       0.0000      6.95575     6.95575   39350.1095     6.84437      0 -
     1      270     0.009494     39688.9614    -952.3208      6.87377     6.87377   39350.1095     6.84437      1 chain_01/itr_00270_trial_01.rho
     1      271     0.009331     39688.9614       0.0000      6.87377     6.87377   39350.1095     6.84437      0 -
     1      272     0.009171     39688.9614       0.0000      6.87377     6.87377   39350.1095     6.84437      0 -
     1      273     0.009013     39688.9614       0.0000      6.87377     6.87377   39350.1095     6.84437      0 -
     1      274     0.008859     39688.9614       0.0000      6.87377     6.87377   39350.1095     6.84437      0 -
     1      275     0.008707     39688.9614       0.0000      6.87377     6.87377   39350.1095     6.84437      0 -
     1      276     0.008557     39755.3083      66.3469      6.87952     6.87952   39350.1095     6.84437      1 chain_01/itr_00276_trial_01.rho
     1      277      0.00841     39755.3083       0.0000      6.87952     6.87952   39350.1095     6.84437      0 -
     1      278     0.008266     39755.3083       0.0000      6.87952     6.87952   39350.1095     6.84437      0 -
     1      279     0.008124     39755.3083       0.0000      6.87952     6.87952   39350.1095     6.84437      0 -
     1      280     0.007985     39755.3083       0.0000      6.87952     6.87952   39350.1095     6.84437      0 -
     1      281     0.007848     39755.3083       0.0000      6.87952     6.87952   39350.1095     6.84437      0 -
     1      282     0.007713     39089.2543    -666.0540      6.82164     6.82164   39089.2543     6.82164      1 chain_01/itr_00282_trial_01.rho
     1      283     0.007581     38322.2735    -766.9809      6.75439     6.75439   38322.2735     6.75439      1 chain_01/itr_00283_trial_01.rho
     1      284      0.00745     38227.0409     -95.2326      6.74599     6.74599   38227.0409     6.74599      1 chain_01/itr_00284_trial_01.rho
     1      285     0.007323     37752.2063    -474.8346      6.70396     6.70396   37752.2063     6.70396      1 chain_01/itr_00285_trial_01.rho
     1      286     0.007197     37752.2063       0.0000      6.70396     6.70396   37752.2063     6.70396      0 -
     1      287     0.007073     37752.2063       0.0000      6.70396     6.70396   37752.2063     6.70396      0 -
     1      288     0.006952     37393.0056    -359.2007      6.67199     6.67199   37393.0056     6.67199      1 chain_01/itr_00288_trial_01.rho
     1      289     0.006833     36531.6651    -861.3406      6.59470     6.59470   36531.6651     6.59470      1 chain_01/itr_00289_trial_01.rho
     1      290     0.006715     36531.6651       0.0000      6.59470     6.59470   36531.6651     6.59470      0 -
     1      291       0.0066     36531.6651       0.0000      6.59470     6.59470   36531.6651     6.59470      0 -
     1      292     0.006487     36531.6651       0.0000      6.59470     6.59470   36531.6651     6.59470      0 -
     1      293     0.006375     36531.6651       0.0000      6.59470     6.59470   36531.6651     6.59470      0 -
     1      294     0.006266     36531.6651       0.0000      6.59470     6.59470   36531.6651     6.59470      0 -
     1      295     0.006158     36330.4253    -201.2398      6.57651     6.57651   36330.4253     6.57651      1 chain_01/itr_00295_trial_01.rho
     1      296     0.006053     35387.8291    -942.5962      6.49064     6.49064   35387.8291     6.49064      1 chain_01/itr_00296_trial_01.rho
     1      297     0.005949     35387.8291       0.0000      6.49064     6.49064   35387.8291     6.49064      0 -
     1      298     0.005847     35226.2507    -161.5784      6.47580     6.47580   35226.2507     6.47580      1 chain_01/itr_00298_trial_01.rho
     1      299     0.005746     35175.0177     -51.2330      6.47109     6.47109   35175.0177     6.47109      1 chain_01/itr_00299_trial_01.rho
     1      300     0.005648     33381.7052   -1793.3125      6.30398     6.30398   33381.7052     6.30398      1 chain_01/itr_00300_trial_01.rho
     1      301     0.005551     33196.5567    -185.1485      6.28647     6.28647   33196.5567     6.28647      1 chain_01/itr_00301_trial_01.rho
     1      302     0.005456     33196.5567       0.0000      6.28647     6.28647   33196.5567     6.28647      0 -
     1      303     0.005362     33274.5171      77.9604      6.29385     6.29385   33196.5567     6.28647      1 chain_01/itr_00303_trial_01.rho
     1      304      0.00527     33274.5171       0.0000      6.29385     6.29385   33196.5567     6.28647      0 -
     1      305     0.005179     32713.7430    -560.7741      6.24059     6.24059   32713.7430     6.24059      1 chain_01/itr_00305_trial_01.rho
     1      306     0.005091     32713.7430       0.0000      6.24059     6.24059   32713.7430     6.24059      0 -
     1      307     0.005003     32129.2820    -584.4610      6.18459     6.18459   32129.2820     6.18459      1 chain_01/itr_00307_trial_01.rho
     1      308     0.004917     32129.2820       0.0000      6.18459     6.18459   32129.2820     6.18459      0 -
     1      309     0.004833     31617.5874    -511.6945      6.13514     6.13514   31617.5874     6.13514      1 chain_01/itr_00309_trial_01.rho
     1      310      0.00475     31617.5874       0.0000      6.13514     6.13514   31617.5874     6.13514      0 -
     1      311     0.004668     31766.8487     149.2613      6.14961     6.14961   31617.5874     6.13514      1 chain_01/itr_00311_trial_01.rho
     1      312     0.004588     31766.8487       0.0000      6.14961     6.14961   31617.5874     6.13514      0 -
     1      313      0.00451     31766.8487       0.0000      6.14961     6.14961   31617.5874     6.13514      0 -
     1      314     0.004432     31152.1346    -614.7141      6.08982     6.08982   31152.1346     6.08982      1 chain_01/itr_00314_trial_01.rho
     1      315     0.004356     31152.1346       0.0000      6.08982     6.08982   31152.1346     6.08982      0 -
     1      316     0.004281     30882.5774    -269.5572      6.06341     6.06341   30882.5774     6.06341      1 chain_01/itr_00316_trial_01.rho
     1      317     0.004208     30882.5774       0.0000      6.06341     6.06341   30882.5774     6.06341      0 -
     1      318     0.004136     30882.5774       0.0000      6.06341     6.06341   30882.5774     6.06341      0 -
     1      319     0.004065     30264.7191    -617.8583      6.00245     6.00245   30264.7191     6.00245      1 chain_01/itr_00319_trial_01.rho
     1      320     0.003995     30264.7191       0.0000      6.00245     6.00245   30264.7191     6.00245      0 -
     1      321     0.003926     30290.3638      25.6447      6.00499     6.00499   30264.7191     6.00245      1 chain_01/itr_00321_trial_01.rho
     1      322     0.003859     30290.3638       0.0000      6.00499     6.00499   30264.7191     6.00245      0 -
     1      323     0.003793     30290.3638       0.0000      6.00499     6.00499   30264.7191     6.00245      0 -
     1      324     0.003728     30290.3638       0.0000      6.00499     6.00499   30264.7191     6.00245      0 -
     1      325     0.003664     30290.3638       0.0000      6.00499     6.00499   30264.7191     6.00245      0 -
     1      326     0.003601     30290.3638       0.0000      6.00499     6.00499   30264.7191     6.00245      0 -
     1      327     0.003539     30290.3638       0.0000      6.00499     6.00499   30264.7191     6.00245      0 -
     1      328     0.003478     30290.3638       0.0000      6.00499     6.00499   30264.7191     6.00245      0 -
     1      329     0.003418     30302.6666      12.3028      6.00621     6.00621   30264.7191     6.00245      1 chain_01/itr_00329_trial_01.rho
     1      330      0.00336     30053.1903    -249.4763      5.98144     5.98144   30053.1903     5.98144      1 chain_01/itr_00330_trial_01.rho
     1      331     0.003302     30053.1903       0.0000      5.98144     5.98144   30053.1903     5.98144      0 -
     1      332     0.003245     29586.8641    -466.3262      5.93485     5.93485   29586.8641     5.93485      1 chain_01/itr_00332_trial_01.rho
     1      333      0.00319     29121.6064    -465.2577      5.88800     5.88800   29121.6064     5.88800      1 chain_01/itr_00333_trial_01.rho
     1      334     0.003135     29121.6064       0.0000      5.88800     5.88800   29121.6064     5.88800      0 -
     1      335     0.003081     29121.6064       0.0000      5.88800     5.88800   29121.6064     5.88800      0 -
     1      336     0.003028     29121.6064       0.0000      5.88800     5.88800   29121.6064     5.88800      0 -
     1      337     0.002976     29371.6321     250.0257      5.91322     5.91322   29121.6064     5.88800      1 chain_01/itr_00337_trial_01.rho
     1      338     0.002925     29526.5964     154.9644      5.92880     5.92880   29121.6064     5.88800      1 chain_01/itr_00338_trial_01.rho
     1      339     0.002875     29526.5964       0.0000      5.92880     5.92880   29121.6064     5.88800      0 -
     1      340     0.002826     29526.5964       0.0000      5.92880     5.92880   29121.6064     5.88800      0 -
     1      341     0.002777     29487.1001     -39.4963      5.92484     5.92484   29121.6064     5.88800      1 chain_01/itr_00341_trial_01.rho
     1      342      0.00273     29487.1001       0.0000      5.92484     5.92484   29121.6064     5.88800      0 -
     1      343     0.002683     29487.1001       0.0000      5.92484     5.92484   29121.6064     5.88800      0 -
     1      344     0.002637     29154.2687    -332.8314      5.89130     5.89130   29121.6064     5.88800      1 chain_01/itr_00344_trial_01.rho
     1      345     0.002591     28514.6325    -639.6362      5.82632     5.82632   28514.6325     5.82632      1 chain_01/itr_00345_trial_01.rho
     1      346     0.002547     28514.6325       0.0000      5.82632     5.82632   28514.6325     5.82632      0 -
     1      347     0.002503     28514.6325       0.0000      5.82632     5.82632   28514.6325     5.82632      0 -
     1      348      0.00246     28514.6325       0.0000      5.82632     5.82632   28514.6325     5.82632      0 -
     1      349     0.002418     28514.6325       0.0000      5.82632     5.82632   28514.6325     5.82632      0 -
     1      350     0.002377     28514.6325       0.0000      5.82632     5.82632   28514.6325     5.82632      0 -
     1      351     0.002336     28540.3204      25.6879      5.82894     5.82894   28514.6325     5.82632      1 chain_01/itr_00351_trial_01.rho
     1      352     0.002296     28198.6416    -341.6788      5.79395     5.79395   28198.6416     5.79395      1 chain_01/itr_00352_trial_01.rho
     1      353     0.002256     28198.6416       0.0000      5.79395     5.79395   28198.6416     5.79395      0 -
     1      354     0.002218     28198.6416       0.0000      5.79395     5.79395   28198.6416     5.79395      0 -
     1      355     0.002179     27794.8786    -403.7630      5.75232     5.75232   27794.8786     5.75232      1 chain_01/itr_00355_trial_01.rho
     1      356     0.002142     27748.4358     -46.4428      5.74751     5.74751   27748.4358     5.74751      1 chain_01/itr_00356_trial_01.rho
     1      357     0.002105     27592.6918    -155.7440      5.73136     5.73136   27592.6918     5.73136      1 chain_01/itr_00357_trial_01.rho
     1      358     0.002069     27592.6918       0.0000      5.73136     5.73136   27592.6918     5.73136      0 -
     1      359     0.002034     27592.6918       0.0000      5.73136     5.73136   27592.6918     5.73136      0 -
     1      360     0.001999     27354.5504    -238.1414      5.70657     5.70657   27354.5504     5.70657      1 chain_01/itr_00360_trial_01.rho
     1      361     0.001964     27354.5504       0.0000      5.70657     5.70657   27354.5504     5.70657      0 -
     1      362     0.001931     27354.5504       0.0000      5.70657     5.70657   27354.5504     5.70657      0 -
     1      363     0.001898     27364.1656       9.6152      5.70757     5.70757   27354.5504     5.70657      1 chain_01/itr_00363_trial_01.rho
     1      364     0.001865     27364.1656       0.0000      5.70757     5.70757   27354.5504     5.70657      0 -
     1      365     0.001833     27364.1656       0.0000      5.70757     5.70757   27354.5504     5.70657      0 -
     1      366     0.001802     27364.1656       0.0000      5.70757     5.70757   27354.5504     5.70657      0 -
     1      367     0.001771     27364.1656       0.0000      5.70757     5.70757   27354.5504     5.70657      0 -
     1      368      0.00174     27312.1768     -51.9888      5.70215     5.70215   27312.1768     5.70215      1 chain_01/itr_00368_trial_01.rho
     1      369      0.00171     27312.1768       0.0000      5.70215     5.70215   27312.1768     5.70215      0 -
     1      370     0.001681     27312.1768       0.0000      5.70215     5.70215   27312.1768     5.70215      0 -
     1      371     0.001652     27312.1768       0.0000      5.70215     5.70215   27312.1768     5.70215      0 -
     1      372     0.001624     27287.6794     -24.4975      5.69959     5.69959   27287.6794     5.69959      1 chain_01/itr_00372_trial_01.rho
     1      373     0.001596     27287.6794       0.0000      5.69959     5.69959   27287.6794     5.69959      0 -
     1      374     0.001569     27208.3657     -79.3136      5.69130     5.69130   27208.3657     5.69130      1 chain_01/itr_00374_trial_01.rho
     1      375     0.001542     27094.5536    -113.8121      5.67939     5.67939   27094.5536     5.67939      1 chain_01/itr_00375_trial_01.rho
     1      376     0.001515     26364.0840    -730.4696      5.60230     5.60230   26364.0840     5.60230      1 chain_01/itr_00376_trial_01.rho
     1      377     0.001489     25832.9691    -531.1149      5.54559     5.54559   25832.9691     5.54559      1 chain_01/itr_00377_trial_01.rho
     1      378     0.001464     25634.3382    -198.6309      5.52423     5.52423   25634.3382     5.52423      1 chain_01/itr_00378_trial_01.rho
     1      379     0.001438     25460.8474    -173.4907      5.50550     5.50550   25460.8474     5.50550      1 chain_01/itr_00379_trial_01.rho
     1      380     0.001414     25460.8474       0.0000      5.50550     5.50550   25460.8474     5.50550      0 -
     1      381     0.001389     25521.6981      60.8507      5.51208     5.51208   25460.8474     5.50550      1 chain_01/itr_00381_trial_01.rho
     1      382     0.001366     25170.4840    -351.2142      5.47402     5.47402   25170.4840     5.47402      1 chain_01/itr_00382_trial_01.rho
     1      383     0.001342     25170.4840       0.0000      5.47402     5.47402   25170.4840     5.47402      0 -
     1      384     0.001319     25170.4840       0.0000      5.47402     5.47402   25170.4840     5.47402      0 -
     1      385     0.001297     25203.2388      32.7549      5.47758     5.47758   25170.4840     5.47402      1 chain_01/itr_00385_trial_01.rho
     1      386     0.001274     25096.5945    -106.6443      5.46598     5.46598   25096.5945     5.46598      1 chain_01/itr_00386_trial_01.rho
     1      387     0.001252     25096.5945       0.0000      5.46598     5.46598   25096.5945     5.46598      0 -
     1      388     0.001231     25096.5945       0.0000      5.46598     5.46598   25096.5945     5.46598      0 -
     1      389      0.00121     25096.5945       0.0000      5.46598     5.46598   25096.5945     5.46598      0 -
     1      390     0.001189     24818.4836    -278.1109      5.43561     5.43561   24818.4836     5.43561      1 chain_01/itr_00390_trial_01.rho
     1      391     0.001169     24818.4836       0.0000      5.43561     5.43561   24818.4836     5.43561      0 -
     1      392     0.001149     24350.0376    -468.4460      5.38406     5.38406   24350.0376     5.38406      1 chain_01/itr_00392_trial_01.rho
     1      393     0.001129     23962.4443    -387.5933      5.34104     5.34104   23962.4443     5.34104      1 chain_01/itr_00393_trial_01.rho
     1      394     0.001109     23892.7361     -69.7082      5.33327     5.33327   23892.7361     5.33327      1 chain_01/itr_00394_trial_01.rho
     1      395      0.00109     23643.5602    -249.1760      5.30538     5.30538   23643.5602     5.30538      1 chain_01/itr_00395_trial_01.rho
     1      396     0.001072     23163.0106    -480.5495      5.25119     5.25119   23163.0106     5.25119      1 chain_01/itr_00396_trial_01.rho
     1      397     0.001053     23163.0106       0.0000      5.25119     5.25119   23163.0106     5.25119      0 -
     1      398     0.001035     23142.2821     -20.7285      5.24884     5.24884   23142.2821     5.24884      1 chain_01/itr_00398_trial_01.rho
     1      399     0.001017     23079.7599     -62.5222      5.24175     5.24175   23079.7599     5.24175      1 chain_01/itr_00399_trial_01.rho
     1      400        0.001     23079.7599       0.0000      5.24175     5.24175   23079.7599     5.24175      0 -
