# VFSA 2D iteration best - 2026-09-14 17:44:19
# chains=2  n_ctrl=250  frac_update_controls=1.0  temp_kappa=1.0  cool_ratio=0.001  target_rms=1.0  n_trials=1
--------------------------------------------------------------------------------------------------------------------------------------------------------------------------------------------------------
 Chain     Iter         Temp       Chi2Curr        dChi2      RMSCurr     CurrRMS     Chi2Best     RMSBest   Nacc Model
--------------------------------------------------------------------------------------------------------------------------------------------------------------------------------------------------------
     1        1            1     16906.6768    -606.1243      4.48631     4.48631   16906.6768     4.48631      1 chain_01/itr_00001_trial_01.rho
     1        2       0.9828     18924.9741    2018.2973      4.74655     4.74655   16906.6768     4.48631      1 chain_01/itr_00002_trial_01.rho
     1        3        0.966     19354.0011     429.0270      4.80005     4.80005   16906.6768     4.48631      1 chain_01/itr_00003_trial_01.rho
     1        4       0.9494     19932.3122     578.3112      4.87124     4.87124   16906.6768     4.48631      1 chain_01/itr_00004_trial_01.rho
     1        5       0.9331     19372.0570    -560.2552      4.80229     4.80229   16906.6768     4.48631      1 chain_01/itr_00005_trial_01.rho
     1        6       0.9171     18570.9760    -801.0810      4.70195     4.70195   16906.6768     4.48631      1 chain_01/itr_00006_trial_01.rho
     1        7       0.9013     18974.1530     403.1770      4.75271     4.75271   16906.6768     4.48631      1 chain_01/itr_00007_trial_01.rho
     1        8       0.8859     18581.7586    -392.3944      4.70331     4.70331   16906.6768     4.48631      1 chain_01/itr_00008_trial_01.rho
     1        9       0.8707     20569.5658    1987.8072      4.94849     4.94849   16906.6768     4.48631      1 chain_01/itr_00009_trial_01.rho
     1       10       0.8557     22894.5255    2324.9597      5.22067     5.22067   16906.6768     4.48631      1 chain_01/itr_00010_trial_01.rho
     1       11        0.841     22396.3715    -498.1540      5.16356     5.16356   16906.6768     4.48631      1 chain_01/itr_00011_trial_01.rho
     1       12       0.8266     23177.8619     781.4904      5.25287     5.25287   16906.6768     4.48631      1 chain_01/itr_00012_trial_01.rho
     1       13       0.8124     25135.2074    1957.3455      5.47018     5.47018   16906.6768     4.48631      1 chain_01/itr_00013_trial_01.rho
     1       14       0.7985     25573.1076     437.9002      5.51762     5.51762   16906.6768     4.48631      1 chain_01/itr_00014_trial_01.rho
     1       15       0.7848     23741.0175   -1832.0901      5.31631     5.31631   16906.6768     4.48631      1 chain_01/itr_00015_trial_01.rho
     1       16       0.7713     22147.3522   -1593.6653      5.13477     5.13477   16906.6768     4.48631      1 chain_01/itr_00016_trial_01.rho
     1       17       0.7581     22333.1636     185.8115      5.15627     5.15627   16906.6768     4.48631      1 chain_01/itr_00017_trial_01.rho
     1       18        0.745     23155.2013     822.0377      5.25031     5.25031   16906.6768     4.48631      1 chain_01/itr_00018_trial_01.rho
     1       19       0.7323     24256.6648    1101.4635      5.37373     5.37373   16906.6768     4.48631      1 chain_01/itr_00019_trial_01.rho
     1       20       0.7197     24441.7499     185.0851      5.39419     5.39419   16906.6768     4.48631      1 chain_01/itr_00020_trial_01.rho
     1       21       0.7073     24244.9475    -196.8024      5.37243     5.37243   16906.6768     4.48631      1 chain_01/itr_00021_trial_01.rho
     1       22       0.6952     23883.4255    -361.5220      5.33223     5.33223   16906.6768     4.48631      1 chain_01/itr_00022_trial_01.rho
     1       23       0.6833     27136.7231    3253.2976      5.68380     5.68380   16906.6768     4.48631      1 chain_01/itr_00023_trial_01.rho
     1       24       0.6715     29779.5875    2642.8644      5.95415     5.95415   16906.6768     4.48631      1 chain_01/itr_00024_trial_01.rho
     1       25         0.66     30291.2055     511.6180      6.00508     6.00508   16906.6768     4.48631      1 chain_01/itr_00025_trial_01.rho
     1       26       0.6487     28655.5792   -1635.6263      5.84070     5.84070   16906.6768     4.48631      1 chain_01/itr_00026_trial_01.rho
     1       27       0.6375     28676.5799      21.0007      5.84284     5.84284   16906.6768     4.48631      1 chain_01/itr_00027_trial_01.rho
     1       28       0.6266     28716.3635      39.7836      5.84689     5.84689   16906.6768     4.48631      1 chain_01/itr_00028_trial_01.rho
     1       29       0.6158     28573.4764    -142.8871      5.83233     5.83233   16906.6768     4.48631      1 chain_01/itr_00029_trial_01.rho
     1       30       0.6053     28353.9077    -219.5687      5.80988     5.80988   16906.6768     4.48631      1 chain_01/itr_00030_trial_01.rho
     1       31       0.5949     27086.1029   -1267.8048      5.67850     5.67850   16906.6768     4.48631      1 chain_01/itr_00031_trial_01.rho
     1       32       0.5847     25156.7394   -1929.3635      5.47252     5.47252   16906.6768     4.48631      1 chain_01/itr_00032_trial_01.rho
     1       33       0.5746     26572.7056    1415.9661      5.62443     5.62443   16906.6768     4.48631      1 chain_01/itr_00033_trial_01.rho
     1       34       0.5648     27591.7332    1019.0276      5.73126     5.73126   16906.6768     4.48631      1 chain_01/itr_00034_trial_01.rho
     1       35       0.5551     29599.4331    2007.6999      5.93611     5.93611   16906.6768     4.48631      1 chain_01/itr_00035_trial_01.rho
     1       36       0.5456     36338.5823    6739.1492      6.57725     6.57725   16906.6768     4.48631      1 chain_01/itr_00036_trial_01.rho
     1       37       0.5362     34084.0667   -2254.5156      6.36995     6.36995   16906.6768     4.48631      1 chain_01/itr_00037_trial_01.rho
     1       38        0.527     34137.8965      53.8298      6.37498     6.37498   16906.6768     4.48631      1 chain_01/itr_00038_trial_01.rho
     1       39       0.5179     31342.3414   -2795.5551      6.10838     6.10838   16906.6768     4.48631      1 chain_01/itr_00039_trial_01.rho
     1       40       0.5091     31445.8997     103.5582      6.11846     6.11846   16906.6768     4.48631      1 chain_01/itr_00040_trial_01.rho
     1       41       0.5003     31432.5797     -13.3199      6.11717     6.11717   16906.6768     4.48631      1 chain_01/itr_00041_trial_01.rho
     1       42       0.4917     34731.6854    3299.1057      6.43018     6.43018   16906.6768     4.48631      1 chain_01/itr_00042_trial_01.rho
     1       43       0.4833     33424.2552   -1307.4302      6.30799     6.30799   16906.6768     4.48631      1 chain_01/itr_00043_trial_01.rho
     1       44        0.475     33756.4047     332.1495      6.33926     6.33926   16906.6768     4.48631      1 chain_01/itr_00044_trial_01.rho
     1       45       0.4668     33756.4047       0.0000      6.33926     6.33926   16906.6768     4.48631      0 -
     1       46       0.4588     29550.8037   -4205.6010      5.93123     5.93123   16906.6768     4.48631      1 chain_01/itr_00046_trial_01.rho
     1       47        0.451     28954.4133    -596.3904      5.87108     5.87108   16906.6768     4.48631      1 chain_01/itr_00047_trial_01.rho
     1       48       0.4432     28859.9627     -94.4507      5.86149     5.86149   16906.6768     4.48631      1 chain_01/itr_00048_trial_01.rho
     1       49       0.4356     28749.4770    -110.4856      5.85026     5.85026   16906.6768     4.48631      1 chain_01/itr_00049_trial_01.rho
     1       50       0.4281     28700.3004     -49.1766      5.84526     5.84526   16906.6768     4.48631      1 chain_01/itr_00050_trial_01.rho
     1       51       0.4208     29031.6194     331.3190      5.87890     5.87890   16906.6768     4.48631      1 chain_01/itr_00051_trial_01.rho
     1       52       0.4136     27712.5643   -1319.0551      5.74379     5.74379   16906.6768     4.48631      1 chain_01/itr_00052_trial_01.rho
     1       53       0.4065     29679.4226    1966.8584      5.94413     5.94413   16906.6768     4.48631      1 chain_01/itr_00053_trial_01.rho
     1       54       0.3995     30393.0231     713.6004      6.01516     6.01516   16906.6768     4.48631      1 chain_01/itr_00054_trial_01.rho
     1       55       0.3926     30393.0231       0.0000      6.01516     6.01516   16906.6768     4.48631      0 -
     1       56       0.3859     31998.5428    1605.5197      6.17199     6.17199   16906.6768     4.48631      1 chain_01/itr_00056_trial_01.rho
     1       57       0.3793     31998.5428       0.0000      6.17199     6.17199   16906.6768     4.48631      0 -
     1       58       0.3728     31906.5603     -91.9824      6.16312     6.16312   16906.6768     4.48631      1 chain_01/itr_00058_trial_01.rho
     1       59       0.3664     31533.6153    -372.9450      6.12699     6.12699   16906.6768     4.48631      1 chain_01/itr_00059_trial_01.rho
     1       60       0.3601     31972.6614     439.0461      6.16950     6.16950   16906.6768     4.48631      1 chain_01/itr_00060_trial_01.rho
     1       61       0.3539     32409.9348     437.2734      6.21154     6.21154   16906.6768     4.48631      1 chain_01/itr_00061_trial_01.rho
     1       62       0.3478     31346.6953   -1063.2395      6.10880     6.10880   16906.6768     4.48631      1 chain_01/itr_00062_trial_01.rho
     1       63       0.3418     31346.6953       0.0000      6.10880     6.10880   16906.6768     4.48631      0 -
     1       64        0.336     28927.8412   -2418.8541      5.86838     5.86838   16906.6768     4.48631      1 chain_01/itr_00064_trial_01.rho
     1       65       0.3302     29063.0759     135.2347      5.88208     5.88208   16906.6768     4.48631      1 chain_01/itr_00065_trial_01.rho
     1       66       0.3245     28999.4965     -63.5794      5.87565     5.87565   16906.6768     4.48631      1 chain_01/itr_00066_trial_01.rho
     1       67        0.319     28667.4163    -332.0802      5.84191     5.84191   16906.6768     4.48631      1 chain_01/itr_00067_trial_01.rho
     1       68       0.3135     28457.8447    -209.5717      5.82051     5.82051   16906.6768     4.48631      1 chain_01/itr_00068_trial_01.rho
     1       69       0.3081     28457.8447       0.0000      5.82051     5.82051   16906.6768     4.48631      0 -
     1       70       0.3028     26199.2817   -2258.5630      5.58477     5.58477   16906.6768     4.48631      1 chain_01/itr_00070_trial_01.rho
     1       71       0.2976     28005.5954    1806.3137      5.77408     5.77408   16906.6768     4.48631      1 chain_01/itr_00071_trial_01.rho
     1       72       0.2925     28808.9201     803.3248      5.85631     5.85631   16906.6768     4.48631      1 chain_01/itr_00072_trial_01.rho
     1       73       0.2875     29347.9009     538.9808      5.91084     5.91084   16906.6768     4.48631      1 chain_01/itr_00073_trial_01.rho
     1       74       0.2826     29066.2612    -281.6397      5.88241     5.88241   16906.6768     4.48631      1 chain_01/itr_00074_trial_01.rho
     1       75       0.2777     29066.2612       0.0000      5.88241     5.88241   16906.6768     4.48631      0 -
     1       76        0.273     27187.2578   -1879.0034      5.68909     5.68909   16906.6768     4.48631      1 chain_01/itr_00076_trial_01.rho
     1       77       0.2683     27187.2578       0.0000      5.68909     5.68909   16906.6768     4.48631      0 -
     1       78       0.2637     27187.2578       0.0000      5.68909     5.68909   16906.6768     4.48631      0 -
     1       79       0.2591     26824.2556    -363.0022      5.65099     5.65099   16906.6768     4.48631      1 chain_01/itr_00079_trial_01.rho
     1       80       0.2547     26696.0879    -128.1677      5.63747     5.63747   16906.6768     4.48631      1 chain_01/itr_00080_trial_01.rho
     1       81       0.2503     29221.5902    2525.5022      5.89810     5.89810   16906.6768     4.48631      1 chain_01/itr_00081_trial_01.rho
     1       82        0.246     31269.6708    2048.0807      6.10129     6.10129   16906.6768     4.48631      1 chain_01/itr_00082_trial_01.rho
     1       83       0.2418     32834.2199    1564.5491      6.25207     6.25207   16906.6768     4.48631      1 chain_01/itr_00083_trial_01.rho
     1       84       0.2377     33170.9464     336.7265      6.28405     6.28405   16906.6768     4.48631      1 chain_01/itr_00084_trial_01.rho
     1       85       0.2336     33119.9783     -50.9681      6.27922     6.27922   16906.6768     4.48631      1 chain_01/itr_00085_trial_01.rho
     1       86       0.2296     31714.9435   -1405.0348      6.14458     6.14458   16906.6768     4.48631      1 chain_01/itr_00086_trial_01.rho
     1       87       0.2256     31714.9435       0.0000      6.14458     6.14458   16906.6768     4.48631      0 -
     1       88       0.2218     30198.9773   -1515.9662      5.99593     5.99593   16906.6768     4.48631      1 chain_01/itr_00088_trial_01.rho
     1       89       0.2179     31255.1700    1056.1928      6.09988     6.09988   16906.6768     4.48631      1 chain_01/itr_00089_trial_01.rho
     1       90       0.2142     32273.9380    1018.7680      6.19850     6.19850   16906.6768     4.48631      1 chain_01/itr_00090_trial_01.rho
     1       91       0.2105     31030.2597   -1243.6784      6.07789     6.07789   16906.6768     4.48631      1 chain_01/itr_00091_trial_01.rho
     1       92       0.2069     31030.2597       0.0000      6.07789     6.07789   16906.6768     4.48631      0 -
     1       93       0.2034     31415.0032     384.7435      6.11546     6.11546   16906.6768     4.48631      1 chain_01/itr_00093_trial_01.rho
     1       94       0.1999     34908.4117    3493.4084      6.44652     6.44652   16906.6768     4.48631      1 chain_01/itr_00094_trial_01.rho
     1       95       0.1964     37902.7748    2994.3632      6.71732     6.71732   16906.6768     4.48631      1 chain_01/itr_00095_trial_01.rho
     1       96       0.1931     41936.2397    4033.4649      7.06570     7.06570   16906.6768     4.48631      1 chain_01/itr_00096_trial_01.rho
     1       97       0.1898     44012.2844    2076.0447      7.23848     7.23848   16906.6768     4.48631      1 chain_01/itr_00097_trial_01.rho
     1       98       0.1865     44012.2844       0.0000      7.23848     7.23848   16906.6768     4.48631      0 -
     1       99       0.1833     38951.8463   -5060.4381      6.80964     6.80964   16906.6768     4.48631      1 chain_01/itr_00099_trial_01.rho
     1      100       0.1802     38951.8463       0.0000      6.80964     6.80964   16906.6768     4.48631      0 -
     1      101       0.1771     38951.8463       0.0000      6.80964     6.80964   16906.6768     4.48631      0 -
     1      102        0.174     44197.5636    5245.7172      7.25370     7.25370   16906.6768     4.48631      1 chain_01/itr_00102_trial_01.rho
     1      103        0.171     44197.5636       0.0000      7.25370     7.25370   16906.6768     4.48631      0 -
     1      104       0.1681     37005.1579   -7192.4056      6.63730     6.63730   16906.6768     4.48631      1 chain_01/itr_00104_trial_01.rho
     1      105       0.1652     37005.1579       0.0000      6.63730     6.63730   16906.6768     4.48631      0 -
     1      106       0.1624     35692.7632   -1312.3947      6.51854     6.51854   16906.6768     4.48631      1 chain_01/itr_00106_trial_01.rho
     1      107       0.1596     36778.0210    1085.2578      6.61690     6.61690   16906.6768     4.48631      1 chain_01/itr_00107_trial_01.rho
     1      108       0.1569     36439.5987    -338.4224      6.58639     6.58639   16906.6768     4.48631      1 chain_01/itr_00108_trial_01.rho
     1      109       0.1542     36875.3257     435.7270      6.62565     6.62565   16906.6768     4.48631      1 chain_01/itr_00109_trial_01.rho
     1      110       0.1515     32677.4845   -4197.8412      6.23713     6.23713   16906.6768     4.48631      1 chain_01/itr_00110_trial_01.rho
     1      111       0.1489     35099.8412    2422.3566      6.46417     6.46417   16906.6768     4.48631      1 chain_01/itr_00111_trial_01.rho
     1      112       0.1464     35099.8412       0.0000      6.46417     6.46417   16906.6768     4.48631      0 -
     1      113       0.1438     35873.7543     773.9132      6.53505     6.53505   16906.6768     4.48631      1 chain_01/itr_00113_trial_01.rho
     1      114       0.1414     36357.1752     483.4209      6.57893     6.57893   16906.6768     4.48631      1 chain_01/itr_00114_trial_01.rho
     1      115       0.1389     36357.1752       0.0000      6.57893     6.57893   16906.6768     4.48631      0 -
     1      116       0.1366     36357.1752       0.0000      6.57893     6.57893   16906.6768     4.48631      0 -
     1      117       0.1342     36357.1752       0.0000      6.57893     6.57893   16906.6768     4.48631      0 -
     1      118       0.1319     36357.1752       0.0000      6.57893     6.57893   16906.6768     4.48631      0 -
     1      119       0.1297     34775.9263   -1581.2489      6.43428     6.43428   16906.6768     4.48631      1 chain_01/itr_00119_trial_01.rho
     1      120       0.1274     34775.9263       0.0000      6.43428     6.43428   16906.6768     4.48631      0 -
     1      121       0.1252     33391.3353   -1384.5910      6.30489     6.30489   16906.6768     4.48631      1 chain_01/itr_00121_trial_01.rho
     1      122       0.1231     33391.3353       0.0000      6.30489     6.30489   16906.6768     4.48631      0 -
     1      123        0.121     38651.7722    5260.4368      6.78336     6.78336   16906.6768     4.48631      1 chain_01/itr_00123_trial_01.rho
     1      124       0.1189     36225.0696   -2426.7026      6.56697     6.56697   16906.6768     4.48631      1 chain_01/itr_00124_trial_01.rho
     1      125       0.1169     41262.9928    5037.9233      7.00875     7.00875   16906.6768     4.48631      1 chain_01/itr_00125_trial_01.rho
     1      126       0.1149     45603.9642    4340.9714      7.36820     7.36820   16906.6768     4.48631      1 chain_01/itr_00126_trial_01.rho
     1      127       0.1129     39610.1869   -5993.7774      6.86695     6.86695   16906.6768     4.48631      1 chain_01/itr_00127_trial_01.rho
     1      128       0.1109     39610.1869       0.0000      6.86695     6.86695   16906.6768     4.48631      0 -
     1      129        0.109     40128.5827     518.3959      6.91174     6.91174   16906.6768     4.48631      1 chain_01/itr_00129_trial_01.rho
     1      130       0.1072     38400.7708   -1727.8119      6.76130     6.76130   16906.6768     4.48631      1 chain_01/itr_00130_trial_01.rho
     1      131       0.1053     37509.4947    -891.2762      6.68238     6.68238   16906.6768     4.48631      1 chain_01/itr_00131_trial_01.rho
     1      132       0.1035     37223.7618    -285.7329      6.65688     6.65688   16906.6768     4.48631      1 chain_01/itr_00132_trial_01.rho
     1      133       0.1017     37223.7618       0.0000      6.65688     6.65688   16906.6768     4.48631      0 -
     1      134          0.1     37223.7618       0.0000      6.65688     6.65688   16906.6768     4.48631      0 -
     1      135      0.09828     35796.2050   -1427.5567      6.52798     6.52798   16906.6768     4.48631      1 chain_01/itr_00135_trial_01.rho
     1      136       0.0966     35597.7778    -198.4273      6.50986     6.50986   16906.6768     4.48631      1 chain_01/itr_00136_trial_01.rho
     1      137      0.09494     35597.7778       0.0000      6.50986     6.50986   16906.6768     4.48631      0 -
     1      138      0.09331     33730.5381   -1867.2397      6.33683     6.33683   16906.6768     4.48631      1 chain_01/itr_00138_trial_01.rho
     1      139      0.09171     37927.7772    4197.2391      6.71953     6.71953   16906.6768     4.48631      1 chain_01/itr_00139_trial_01.rho
     1      140      0.09013     37927.7772       0.0000      6.71953     6.71953   16906.6768     4.48631      0 -
     1      141      0.08859     37434.7027    -493.0745      6.67571     6.67571   16906.6768     4.48631      1 chain_01/itr_00141_trial_01.rho
     1      142      0.08707     35673.8161   -1760.8865      6.51681     6.51681   16906.6768     4.48631      1 chain_01/itr_00142_trial_01.rho
     1      143      0.08557     35375.8075    -298.0087      6.48953     6.48953   16906.6768     4.48631      1 chain_01/itr_00143_trial_01.rho
     1      144       0.0841     33474.5120   -1901.2955      6.31273     6.31273   16906.6768     4.48631      1 chain_01/itr_00144_trial_01.rho
     1      145      0.08266     35957.8317    2483.3198      6.54270     6.54270   16906.6768     4.48631      1 chain_01/itr_00145_trial_01.rho
     1      146      0.08124     37751.2452    1793.4134      6.70388     6.70388   16906.6768     4.48631      1 chain_01/itr_00146_trial_01.rho
     1      147      0.07985     36596.9510   -1154.2942      6.60059     6.60059   16906.6768     4.48631      1 chain_01/itr_00147_trial_01.rho
     1      148      0.07848     34836.2985   -1760.6525      6.43986     6.43986   16906.6768     4.48631      1 chain_01/itr_00148_trial_01.rho
     1      149      0.07713     34836.2985       0.0000      6.43986     6.43986   16906.6768     4.48631      0 -
     1      150      0.07581     34836.2985       0.0000      6.43986     6.43986   16906.6768     4.48631      0 -
     1      151       0.0745     34132.3863    -703.9122      6.37446     6.37446   16906.6768     4.48631      1 chain_01/itr_00151_trial_01.rho
     1      152      0.07323     33938.1760    -194.2103      6.35630     6.35630   16906.6768     4.48631      1 chain_01/itr_00152_trial_01.rho
     1      153      0.07197     31661.3419   -2276.8341      6.13939     6.13939   16906.6768     4.48631      1 chain_01/itr_00153_trial_01.rho
     1      154      0.07073     31528.0429    -133.2990      6.12645     6.12645   16906.6768     4.48631      1 chain_01/itr_00154_trial_01.rho
     1      155      0.06952     31528.0429       0.0000      6.12645     6.12645   16906.6768     4.48631      0 -
     1      156      0.06833     34306.5381    2778.4953      6.39071     6.39071   16906.6768     4.48631      1 chain_01/itr_00156_trial_01.rho
     1      157      0.06715     33377.5411    -928.9970      6.30358     6.30358   16906.6768     4.48631      1 chain_01/itr_00157_trial_01.rho
     1      158        0.066     33377.5411       0.0000      6.30358     6.30358   16906.6768     4.48631      0 -
     1      159      0.06487     31444.9052   -1932.6359      6.11837     6.11837   16906.6768     4.48631      1 chain_01/itr_00159_trial_01.rho
     1      160      0.06375     31845.7677     400.8624      6.15724     6.15724   16906.6768     4.48631      1 chain_01/itr_00160_trial_01.rho
     1      161      0.06266     32339.3873     493.6197      6.20478     6.20478   16906.6768     4.48631      1 chain_01/itr_00161_trial_01.rho
     1      162      0.06158     31532.0058    -807.3815      6.12683     6.12683   16906.6768     4.48631      1 chain_01/itr_00162_trial_01.rho
     1      163      0.06053     31741.1002     209.0944      6.14712     6.14712   16906.6768     4.48631      1 chain_01/itr_00163_trial_01.rho
     1      164      0.05949     32460.4579     719.3576      6.21638     6.21638   16906.6768     4.48631      1 chain_01/itr_00164_trial_01.rho
     1      165      0.05847     31655.7623    -804.6956      6.13885     6.13885   16906.6768     4.48631      1 chain_01/itr_00165_trial_01.rho
     1      166      0.05746     30944.6627    -711.0995      6.06950     6.06950   16906.6768     4.48631      1 chain_01/itr_00166_trial_01.rho
     1      167      0.05648     30944.6627       0.0000      6.06950     6.06950   16906.6768     4.48631      0 -
     1      168      0.05551     33078.6689    2134.0062      6.27530     6.27530   16906.6768     4.48631      1 chain_01/itr_00168_trial_01.rho
     1      169      0.05456     33078.6689       0.0000      6.27530     6.27530   16906.6768     4.48631      0 -
     1      170      0.05362     32604.7274    -473.9415      6.23018     6.23018   16906.6768     4.48631      1 chain_01/itr_00170_trial_01.rho
     1      171       0.0527     32767.5452     162.8178      6.24572     6.24572   16906.6768     4.48631      1 chain_01/itr_00171_trial_01.rho
     1      172      0.05179     33399.8274     632.2822      6.30569     6.30569   16906.6768     4.48631      1 chain_01/itr_00172_trial_01.rho
     1      173      0.05091     35091.8904    1692.0630      6.46344     6.46344   16906.6768     4.48631      1 chain_01/itr_00173_trial_01.rho
     1      174      0.05003     33866.2592   -1225.6312      6.34956     6.34956   16906.6768     4.48631      1 chain_01/itr_00174_trial_01.rho
     1      175      0.04917     33760.1325    -106.1267      6.33961     6.33961   16906.6768     4.48631      1 chain_01/itr_00175_trial_01.rho
     1      176      0.04833     34655.1406     895.0081      6.42309     6.42309   16906.6768     4.48631      1 chain_01/itr_00176_trial_01.rho
     1      177       0.0475     34969.7089     314.5683      6.45218     6.45218   16906.6768     4.48631      1 chain_01/itr_00177_trial_01.rho
     1      178      0.04668     35552.0932     582.3844      6.50568     6.50568   16906.6768     4.48631      1 chain_01/itr_00178_trial_01.rho
     1      179      0.04588     35087.3388    -464.7544      6.46302     6.46302   16906.6768     4.48631      1 chain_01/itr_00179_trial_01.rho
     1      180       0.0451     35783.6905     696.3517      6.52684     6.52684   16906.6768     4.48631      1 chain_01/itr_00180_trial_01.rho
     1      181      0.04432     36546.8378     763.1473      6.59607     6.59607   16906.6768     4.48631      1 chain_01/itr_00181_trial_01.rho
     1      182      0.04356     37561.3796    1014.5417      6.68700     6.68700   16906.6768     4.48631      1 chain_01/itr_00182_trial_01.rho
     1      183      0.04281     36430.2685   -1131.1111      6.58554     6.58554   16906.6768     4.48631      1 chain_01/itr_00183_trial_01.rho
     1      184      0.04208     38456.1686    2025.9001      6.76618     6.76618   16906.6768     4.48631      1 chain_01/itr_00184_trial_01.rho
     1      185      0.04136     38588.9776     132.8090      6.77785     6.77785   16906.6768     4.48631      1 chain_01/itr_00185_trial_01.rho
     1      186      0.04065     37627.0070    -961.9707      6.69284     6.69284   16906.6768     4.48631      1 chain_01/itr_00186_trial_01.rho
     1      187      0.03995     37627.0070       0.0000      6.69284     6.69284   16906.6768     4.48631      0 -
     1      188      0.03926     36462.6484   -1164.3585      6.58847     6.58847   16906.6768     4.48631      1 chain_01/itr_00188_trial_01.rho
     1      189      0.03859     36462.6484       0.0000      6.58847     6.58847   16906.6768     4.48631      0 -
     1      190      0.03793     35781.4826    -681.1659      6.52664     6.52664   16906.6768     4.48631      1 chain_01/itr_00190_trial_01.rho
     1      191      0.03728     35527.3028    -254.1798      6.50342     6.50342   16906.6768     4.48631      1 chain_01/itr_00191_trial_01.rho
     1      192      0.03664     36405.7211     878.4183      6.58332     6.58332   16906.6768     4.48631      1 chain_01/itr_00192_trial_01.rho
     1      193      0.03601     38136.4941    1730.7730      6.73800     6.73800   16906.6768     4.48631      1 chain_01/itr_00193_trial_01.rho
     1      194      0.03539     38417.8954     281.4013      6.76281     6.76281   16906.6768     4.48631      1 chain_01/itr_00194_trial_01.rho
     1      195      0.03478     38727.6594     309.7640      6.79002     6.79002   16906.6768     4.48631      1 chain_01/itr_00195_trial_01.rho
     1      196      0.03418     37483.2728   -1244.3866      6.68004     6.68004   16906.6768     4.48631      1 chain_01/itr_00196_trial_01.rho
     1      197       0.0336     36799.8216    -683.4511      6.61886     6.61886   16906.6768     4.48631      1 chain_01/itr_00197_trial_01.rho
     1      198      0.03302     37920.2744    1120.4528      6.71887     6.71887   16906.6768     4.48631      1 chain_01/itr_00198_trial_01.rho
     1      199      0.03245     37920.2744       0.0000      6.71887     6.71887   16906.6768     4.48631      0 -
     1      200       0.0319     37649.2929    -270.9815      6.69482     6.69482   16906.6768     4.48631      1 chain_01/itr_00200_trial_01.rho
     1      201      0.03135     37407.9798    -241.3132      6.67333     6.67333   16906.6768     4.48631      1 chain_01/itr_00201_trial_01.rho
     1      202      0.03081     37825.2919     417.3122      6.71045     6.71045   16906.6768     4.48631      1 chain_01/itr_00202_trial_01.rho
     1      203      0.03028     39338.8535    1513.5615      6.84339     6.84339   16906.6768     4.48631      1 chain_01/itr_00203_trial_01.rho
     1      204      0.02976     38886.2157    -452.6378      6.80390     6.80390   16906.6768     4.48631      1 chain_01/itr_00204_trial_01.rho
     1      205      0.02925     38159.8150    -726.4007      6.74006     6.74006   16906.6768     4.48631      1 chain_01/itr_00205_trial_01.rho
     1      206      0.02875     37682.6724    -477.1426      6.69779     6.69779   16906.6768     4.48631      1 chain_01/itr_00206_trial_01.rho
     1      207      0.02826     37670.0129     -12.6595      6.69666     6.69666   16906.6768     4.48631      1 chain_01/itr_00207_trial_01.rho
     1      208      0.02777     38753.1691    1083.1561      6.79225     6.79225   16906.6768     4.48631      1 chain_01/itr_00208_trial_01.rho
     1      209       0.0273     37890.3452    -862.8238      6.71622     6.71622   16906.6768     4.48631      1 chain_01/itr_00209_trial_01.rho
     1      210      0.02683     37464.4580    -425.8872      6.67836     6.67836   16906.6768     4.48631      1 chain_01/itr_00210_trial_01.rho
     1      211      0.02637     37525.9131      61.4551      6.68384     6.68384   16906.6768     4.48631      1 chain_01/itr_00211_trial_01.rho
     1      212      0.02591     37525.9131       0.0000      6.68384     6.68384   16906.6768     4.48631      0 -
     1      213      0.02547     37489.9953     -35.9179      6.68064     6.68064   16906.6768     4.48631      1 chain_01/itr_00213_trial_01.rho
     1      214      0.02503     35557.4995   -1932.4957      6.50618     6.50618   16906.6768     4.48631      1 chain_01/itr_00214_trial_01.rho
     1      215       0.0246     34644.2723    -913.2273      6.42209     6.42209   16906.6768     4.48631      1 chain_01/itr_00215_trial_01.rho
     1      216      0.02418     34254.2903    -389.9820      6.38584     6.38584   16906.6768     4.48631      1 chain_01/itr_00216_trial_01.rho
     1      217      0.02377     34205.7553     -48.5350      6.38131     6.38131   16906.6768     4.48631      1 chain_01/itr_00217_trial_01.rho
     1      218      0.02336     34389.1006     183.3453      6.39839     6.39839   16906.6768     4.48631      1 chain_01/itr_00218_trial_01.rho
     1      219      0.02296     34049.5326    -339.5680      6.36672     6.36672   16906.6768     4.48631      1 chain_01/itr_00219_trial_01.rho
     1      220      0.02256     33059.7623    -989.7702      6.27350     6.27350   16906.6768     4.48631      1 chain_01/itr_00220_trial_01.rho
     1      221      0.02218     32569.9471    -489.8153      6.22686     6.22686   16906.6768     4.48631      1 chain_01/itr_00221_trial_01.rho
     1      222      0.02179     32771.8758     201.9287      6.24613     6.24613   16906.6768     4.48631      1 chain_01/itr_00222_trial_01.rho
     1      223      0.02142     32771.8758       0.0000      6.24613     6.24613   16906.6768     4.48631      0 -
     1      224      0.02105     32318.4216    -453.4543      6.20277     6.20277   16906.6768     4.48631      1 chain_01/itr_00224_trial_01.rho
     1      225      0.02069     32318.4216       0.0000      6.20277     6.20277   16906.6768     4.48631      0 -
     1      226      0.02034     32318.4216       0.0000      6.20277     6.20277   16906.6768     4.48631      0 -
     1      227      0.01999     31770.2911    -548.1304      6.14994     6.14994   16906.6768     4.48631      1 chain_01/itr_00227_trial_01.rho
     1      228      0.01964     31577.4631    -192.8280      6.13125     6.13125   16906.6768     4.48631      1 chain_01/itr_00228_trial_01.rho
     1      229      0.01931     29848.7328   -1728.7303      5.96106     5.96106   16906.6768     4.48631      1 chain_01/itr_00229_trial_01.rho
     1      230      0.01898     29848.7328       0.0000      5.96106     5.96106   16906.6768     4.48631      0 -
     1      231      0.01865     30298.3525     449.6197      6.00579     6.00579   16906.6768     4.48631      1 chain_01/itr_00231_trial_01.rho
     1      232      0.01833     29994.1027    -304.2498      5.97556     5.97556   16906.6768     4.48631      1 chain_01/itr_00232_trial_01.rho
     1      233      0.01802     30093.8125      99.7098      5.98548     5.98548   16906.6768     4.48631      1 chain_01/itr_00233_trial_01.rho
     1      234      0.01771     29924.4009    -169.4116      5.96861     5.96861   16906.6768     4.48631      1 chain_01/itr_00234_trial_01.rho
     1      235       0.0174     29924.4009       0.0000      5.96861     5.96861   16906.6768     4.48631      0 -
     1      236       0.0171     29924.4009       0.0000      5.96861     5.96861   16906.6768     4.48631      0 -
     1      237      0.01681     29380.2592    -544.1417      5.91409     5.91409   16906.6768     4.48631      1 chain_01/itr_00237_trial_01.rho
     1      238      0.01652     29347.7216     -32.5376      5.91082     5.91082   16906.6768     4.48631      1 chain_01/itr_00238_trial_01.rho
     1      239      0.01624     29347.7216       0.0000      5.91082     5.91082   16906.6768     4.48631      0 -
     1      240      0.01596     28598.1376    -749.5840      5.83484     5.83484   16906.6768     4.48631      1 chain_01/itr_00240_trial_01.rho
     1      241      0.01569     28738.4704     140.3328      5.84914     5.84914   16906.6768     4.48631      1 chain_01/itr_00241_trial_01.rho
     1      242      0.01542     28738.4704       0.0000      5.84914     5.84914   16906.6768     4.48631      0 -
     1      243      0.01515     28738.4704       0.0000      5.84914     5.84914   16906.6768     4.48631      0 -
     1      244      0.01489     28617.5446    -120.9258      5.83682     5.83682   16906.6768     4.48631      1 chain_01/itr_00244_trial_01.rho
     1      245      0.01464     28365.7377    -251.8069      5.81109     5.81109   16906.6768     4.48631      1 chain_01/itr_00245_trial_01.rho
     1      246      0.01438     28478.9128     113.1751      5.82267     5.82267   16906.6768     4.48631      1 chain_01/itr_00246_trial_01.rho
     1      247      0.01414     28478.9128       0.0000      5.82267     5.82267   16906.6768     4.48631      0 -
     1      248      0.01389     28478.9128       0.0000      5.82267     5.82267   16906.6768     4.48631      0 -
     1      249      0.01366     27633.4982    -845.4146      5.73559     5.73559   16906.6768     4.48631      1 chain_01/itr_00249_trial_01.rho
     1      250      0.01342     27633.4982       0.0000      5.73559     5.73559   16906.6768     4.48631      0 -
     1      251      0.01319     27633.4982       0.0000      5.73559     5.73559   16906.6768     4.48631      0 -
     1      252      0.01297     27474.4449    -159.0532      5.71906     5.71906   16906.6768     4.48631      1 chain_01/itr_00252_trial_01.rho
     1      253      0.01274     27611.8679     137.4230      5.73335     5.73335   16906.6768     4.48631      1 chain_01/itr_00253_trial_01.rho
     1      254      0.01252     27611.8679       0.0000      5.73335     5.73335   16906.6768     4.48631      0 -
     1      255      0.01231     27611.8679       0.0000      5.73335     5.73335   16906.6768     4.48631      0 -
     1      256       0.0121     27860.1479     248.2800      5.75907     5.75907   16906.6768     4.48631      1 chain_01/itr_00256_trial_01.rho
     1      257      0.01189     28230.5914     370.4435      5.79723     5.79723   16906.6768     4.48631      1 chain_01/itr_00257_trial_01.rho
     1      258      0.01169     28498.8610     268.2696      5.82471     5.82471   16906.6768     4.48631      1 chain_01/itr_00258_trial_01.rho
     1      259      0.01149     28498.8610       0.0000      5.82471     5.82471   16906.6768     4.48631      0 -
     1      260      0.01129     28498.8610       0.0000      5.82471     5.82471   16906.6768     4.48631      0 -
     1      261      0.01109     27766.2520    -732.6090      5.74935     5.74935   16906.6768     4.48631      1 chain_01/itr_00261_trial_01.rho
     1      262       0.0109     27766.2520       0.0000      5.74935     5.74935   16906.6768     4.48631      0 -
     1      263      0.01072     27766.2520       0.0000      5.74935     5.74935   16906.6768     4.48631      0 -
     1      264      0.01053     28457.0666     690.8146      5.82043     5.82043   16906.6768     4.48631      1 chain_01/itr_00264_trial_01.rho
     1      265      0.01035     28457.0666       0.0000      5.82043     5.82043   16906.6768     4.48631      0 -
     1      266      0.01017     28457.0666       0.0000      5.82043     5.82043   16906.6768     4.48631      0 -
     1      267         0.01     28400.5599     -56.5067      5.81465     5.81465   16906.6768     4.48631      1 chain_01/itr_00267_trial_01.rho
     1      268     0.009828     28400.5599       0.0000      5.81465     5.81465   16906.6768     4.48631      0 -
     1      269      0.00966     28400.5599       0.0000      5.81465     5.81465   16906.6768     4.48631      0 -
     1      270     0.009494     28052.2488    -348.3111      5.77889     5.77889   16906.6768     4.48631      1 chain_01/itr_00270_trial_01.rho
     1      271     0.009331     28052.2488       0.0000      5.77889     5.77889   16906.6768     4.48631      0 -
     1      272     0.009171     28052.2488       0.0000      5.77889     5.77889   16906.6768     4.48631      0 -
     1      273     0.009013     28052.2488       0.0000      5.77889     5.77889   16906.6768     4.48631      0 -
     1      274     0.008859     28052.2488       0.0000      5.77889     5.77889   16906.6768     4.48631      0 -
     1      275     0.008707     28052.2488       0.0000      5.77889     5.77889   16906.6768     4.48631      0 -
     1      276     0.008557     27754.0241    -298.2247      5.74809     5.74809   16906.6768     4.48631      1 chain_01/itr_00276_trial_01.rho
     1      277      0.00841     27754.0241       0.0000      5.74809     5.74809   16906.6768     4.48631      0 -
     1      278     0.008266     27754.0241       0.0000      5.74809     5.74809   16906.6768     4.48631      0 -
     1      279     0.008124     27754.0241       0.0000      5.74809     5.74809   16906.6768     4.48631      0 -
     1      280     0.007985     27754.0241       0.0000      5.74809     5.74809   16906.6768     4.48631      0 -
     1      281     0.007848     27754.0241       0.0000      5.74809     5.74809   16906.6768     4.48631      0 -
     1      282     0.007713     27199.4630    -554.5611      5.69037     5.69037   16906.6768     4.48631      1 chain_01/itr_00282_trial_01.rho
     1      283     0.007581     25838.5865   -1360.8765      5.54619     5.54619   16906.6768     4.48631      1 chain_01/itr_00283_trial_01.rho
     1      284      0.00745     25388.8643    -449.7222      5.49771     5.49771   16906.6768     4.48631      1 chain_01/itr_00284_trial_01.rho
     1      285     0.007323     24737.4011    -651.4631      5.42672     5.42672   16906.6768     4.48631      1 chain_01/itr_00285_trial_01.rho
     1      286     0.007197     24737.4011       0.0000      5.42672     5.42672   16906.6768     4.48631      0 -
     1      287     0.007073     24737.4011       0.0000      5.42672     5.42672   16906.6768     4.48631      0 -
     1      288     0.006952     24230.1056    -507.2956      5.37079     5.37079   16906.6768     4.48631      1 chain_01/itr_00288_trial_01.rho
     1      289     0.006833     23960.6072    -269.4984      5.34084     5.34084   16906.6768     4.48631      1 chain_01/itr_00289_trial_01.rho
     1      290     0.006715     23960.6072       0.0000      5.34084     5.34084   16906.6768     4.48631      0 -
     1      291       0.0066     23960.6072       0.0000      5.34084     5.34084   16906.6768     4.48631      0 -
     1      292     0.006487     23938.0251     -22.5821      5.33832     5.33832   16906.6768     4.48631      1 chain_01/itr_00292_trial_01.rho
     1      293     0.006375     23938.0251       0.0000      5.33832     5.33832   16906.6768     4.48631      0 -
     1      294     0.006266     23938.0251       0.0000      5.33832     5.33832   16906.6768     4.48631      0 -
     1      295     0.006158     23397.6834    -540.3418      5.27773     5.27773   16906.6768     4.48631      1 chain_01/itr_00295_trial_01.rho
     1      296     0.006053     22968.5310    -429.1524      5.22910     5.22910   16906.6768     4.48631      1 chain_01/itr_00296_trial_01.rho
     1      297     0.005949     22968.5310       0.0000      5.22910     5.22910   16906.6768     4.48631      0 -
     1      298     0.005847     22782.5145    -186.0164      5.20788     5.20788   16906.6768     4.48631      1 chain_01/itr_00298_trial_01.rho
     1      299     0.005746     22782.5145       0.0000      5.20788     5.20788   16906.6768     4.48631      0 -
     1      300     0.005648     21698.1722   -1084.3423      5.08244     5.08244   16906.6768     4.48631      1 chain_01/itr_00300_trial_01.rho
     1      301     0.005551     21698.1722       0.0000      5.08244     5.08244   16906.6768     4.48631      0 -
     1      302     0.005456     21698.1722       0.0000      5.08244     5.08244   16906.6768     4.48631      0 -
     1      303     0.005362     21765.8169      67.6447      5.09035     5.09035   16906.6768     4.48631      1 chain_01/itr_00303_trial_01.rho
     1      304      0.00527     21765.8169       0.0000      5.09035     5.09035   16906.6768     4.48631      0 -
     1      305     0.005179     21313.1127    -452.7043      5.03714     5.03714   16906.6768     4.48631      1 chain_01/itr_00305_trial_01.rho
     1      306     0.005091     21313.1127       0.0000      5.03714     5.03714   16906.6768     4.48631      0 -
     1      307     0.005003     21313.1127       0.0000      5.03714     5.03714   16906.6768     4.48631      0 -
     1      308     0.004917     21313.1127       0.0000      5.03714     5.03714   16906.6768     4.48631      0 -
     1      309     0.004833     20947.5357    -365.5769      4.99375     4.99375   16906.6768     4.48631      1 chain_01/itr_00309_trial_01.rho
     1      310      0.00475     20947.5357       0.0000      4.99375     4.99375   16906.6768     4.48631      0 -
     1      311     0.004668     20947.5357       0.0000      4.99375     4.99375   16906.6768     4.48631      0 -
     1      312     0.004588     20947.5357       0.0000      4.99375     4.99375   16906.6768     4.48631      0 -
     1      313      0.00451     20947.5357       0.0000      4.99375     4.99375   16906.6768     4.48631      0 -
     1      314     0.004432     19980.0718    -967.4640      4.87707     4.87707   16906.6768     4.48631      1 chain_01/itr_00314_trial_01.rho
     1      315     0.004356     19980.0718       0.0000      4.87707     4.87707   16906.6768     4.48631      0 -
     1      316     0.004281     19659.2233    -320.8485      4.83775     4.83775   16906.6768     4.48631      1 chain_01/itr_00316_trial_01.rho
     1      317     0.004208     19659.2233       0.0000      4.83775     4.83775   16906.6768     4.48631      0 -
     1      318     0.004136     19659.2233       0.0000      4.83775     4.83775   16906.6768     4.48631      0 -
     1      319     0.004065     18863.9038    -795.3196      4.73888     4.73888   16906.6768     4.48631      1 chain_01/itr_00319_trial_01.rho
     1      320     0.003995     18863.9038       0.0000      4.73888     4.73888   16906.6768     4.48631      0 -
     1      321     0.003926     18863.9038       0.0000      4.73888     4.73888   16906.6768     4.48631      0 -
     1      322     0.003859     18884.3840      20.4803      4.74146     4.74146   16906.6768     4.48631      1 chain_01/itr_00322_trial_01.rho
     1      323     0.003793     18884.3840       0.0000      4.74146     4.74146   16906.6768     4.48631      0 -
     1      324     0.003728     18884.3840       0.0000      4.74146     4.74146   16906.6768     4.48631      0 -
     1      325     0.003664     18684.5617    -199.8223      4.71630     4.71630   16906.6768     4.48631      1 chain_01/itr_00325_trial_01.rho
     1      326     0.003601     18529.8671    -154.6946      4.69674     4.69674   16906.6768     4.48631      1 chain_01/itr_00326_trial_01.rho
     1      327     0.003539     18529.8671       0.0000      4.69674     4.69674   16906.6768     4.48631      0 -
     1      328     0.003478     18529.8671       0.0000      4.69674     4.69674   16906.6768     4.48631      0 -
     1      329     0.003418     18529.8671       0.0000      4.69674     4.69674   16906.6768     4.48631      0 -
     1      330      0.00336     18506.6044     -23.2627      4.69379     4.69379   16906.6768     4.48631      1 chain_01/itr_00330_trial_01.rho
     1      331     0.003302     18506.6044       0.0000      4.69379     4.69379   16906.6768     4.48631      0 -
     1      332     0.003245     18083.4338    -423.1707      4.63982     4.63982   16906.6768     4.48631      1 chain_01/itr_00332_trial_01.rho
     1      333      0.00319     17588.6605    -494.7733      4.57590     4.57590   16906.6768     4.48631      1 chain_01/itr_00333_trial_01.rho
     1      334     0.003135     17588.6605       0.0000      4.57590     4.57590   16906.6768     4.48631      0 -
     1      335     0.003081     17588.6605       0.0000      4.57590     4.57590   16906.6768     4.48631      0 -
     1      336     0.003028     17588.6605       0.0000      4.57590     4.57590   16906.6768     4.48631      0 -
     1      337     0.002976     17753.8361     165.1756      4.59734     4.59734   16906.6768     4.48631      1 chain_01/itr_00337_trial_01.rho
     1      338     0.002925     17753.8361       0.0000      4.59734     4.59734   16906.6768     4.48631      0 -
     1      339     0.002875     17753.8361       0.0000      4.59734     4.59734   16906.6768     4.48631      0 -
     1      340     0.002826     17753.8361       0.0000      4.59734     4.59734   16906.6768     4.48631      0 -
     1      341     0.002777     17621.7766    -132.0595      4.58021     4.58021   16906.6768     4.48631      1 chain_01/itr_00341_trial_01.rho
     1      342      0.00273     17621.7766       0.0000      4.58021     4.58021   16906.6768     4.48631      0 -
     1      343     0.002683     17473.0476    -148.7290      4.56084     4.56084   16906.6768     4.48631      1 chain_01/itr_00343_trial_01.rho
     1      344     0.002637     17416.2846     -56.7630      4.55342     4.55342   16906.6768     4.48631      1 chain_01/itr_00344_trial_01.rho
     1      345     0.002591     17104.7666    -311.5180      4.51252     4.51252   16906.6768     4.48631      1 chain_01/itr_00345_trial_01.rho
     1      346     0.002547     17104.7666       0.0000      4.51252     4.51252   16906.6768     4.48631      0 -
     1      347     0.002503     17104.7666       0.0000      4.51252     4.51252   16906.6768     4.48631      0 -
     1      348      0.00246     17104.7666       0.0000      4.51252     4.51252   16906.6768     4.48631      0 -
     1      349     0.002418     17104.7666       0.0000      4.51252     4.51252   16906.6768     4.48631      0 -
     1      350     0.002377     17104.7666       0.0000      4.51252     4.51252   16906.6768     4.48631      0 -
     1      351     0.002336     17104.7666       0.0000      4.51252     4.51252   16906.6768     4.48631      0 -
     1      352     0.002296     17104.7666       0.0000      4.51252     4.51252   16906.6768     4.48631      0 -
     1      353     0.002256     17104.7666       0.0000      4.51252     4.51252   16906.6768     4.48631      0 -
     1      354     0.002218     17104.7666       0.0000      4.51252     4.51252   16906.6768     4.48631      0 -
     1      355     0.002179     16778.5203    -326.2463      4.46928     4.46928   16778.5203     4.46928      1 chain_01/itr_00355_trial_01.rho
     1      356     0.002142     16778.5203       0.0000      4.46928     4.46928   16778.5203     4.46928      0 -
     1      357     0.002105     16770.4207      -8.0997      4.46820     4.46820   16770.4207     4.46820      1 chain_01/itr_00357_trial_01.rho
     1      358     0.002069     16770.4207       0.0000      4.46820     4.46820   16770.4207     4.46820      0 -
     1      359     0.002034     16770.4207       0.0000      4.46820     4.46820   16770.4207     4.46820      0 -
     1      360     0.001999     16770.4207       0.0000      4.46820     4.46820   16770.4207     4.46820      0 -
     1      361     0.001964     16770.4207       0.0000      4.46820     4.46820   16770.4207     4.46820      0 -
     1      362     0.001931     16770.4207       0.0000      4.46820     4.46820   16770.4207     4.46820      0 -
     1      363     0.001898     16770.4207       0.0000      4.46820     4.46820   16770.4207     4.46820      0 -
     1      364     0.001865     16770.4207       0.0000      4.46820     4.46820   16770.4207     4.46820      0 -
     1      365     0.001833     16770.4207       0.0000      4.46820     4.46820   16770.4207     4.46820      0 -
     1      366     0.001802     16770.4207       0.0000      4.46820     4.46820   16770.4207     4.46820      0 -
     1      367     0.001771     16770.4207       0.0000      4.46820     4.46820   16770.4207     4.46820      0 -
     1      368      0.00174     16816.8435      46.4228      4.47438     4.47438   16770.4207     4.46820      1 chain_01/itr_00368_trial_01.rho
     1      369      0.00171     16816.8435       0.0000      4.47438     4.47438   16770.4207     4.46820      0 -
     1      370     0.001681     16816.8435       0.0000      4.47438     4.47438   16770.4207     4.46820      0 -
     1      371     0.001652     16816.8435       0.0000      4.47438     4.47438   16770.4207     4.46820      0 -
     1      372     0.001624     16710.9400    -105.9034      4.46027     4.46027   16710.9400     4.46027      1 chain_01/itr_00372_trial_01.rho
     1      373     0.001596     16710.9400       0.0000      4.46027     4.46027   16710.9400     4.46027      0 -
     1      374     0.001569     16711.6642       0.7241      4.46036     4.46036   16710.9400     4.46027      1 chain_01/itr_00374_trial_01.rho
     1      375     0.001542     16711.6642       0.0000      4.46036     4.46036   16710.9400     4.46027      0 -
     1      376     0.001515     15913.0108    -798.6534      4.35248     4.35248   15913.0108     4.35248      1 chain_01/itr_00376_trial_01.rho
     1      377     0.001489     15748.3069    -164.7040      4.32989     4.32989   15748.3069     4.32989      1 chain_01/itr_00377_trial_01.rho
     1      378     0.001464     15662.6108     -85.6961      4.31810     4.31810   15662.6108     4.31810      1 chain_01/itr_00378_trial_01.rho
     1      379     0.001438     15678.4054      15.7946      4.32027     4.32027   15662.6108     4.31810      1 chain_01/itr_00379_trial_01.rho
     1      380     0.001414     15678.4054       0.0000      4.32027     4.32027   15662.6108     4.31810      0 -
     1      381     0.001389     15678.4054       0.0000      4.32027     4.32027   15662.6108     4.31810      0 -
     1      382     0.001366     15387.6391    -290.7663      4.28003     4.28003   15387.6391     4.28003      1 chain_01/itr_00382_trial_01.rho
     1      383     0.001342     15387.6391       0.0000      4.28003     4.28003   15387.6391     4.28003      0 -
     1      384     0.001319     15387.6391       0.0000      4.28003     4.28003   15387.6391     4.28003      0 -
     1      385     0.001297     15387.6391       0.0000      4.28003     4.28003   15387.6391     4.28003      0 -
     1      386     0.001274     15387.6391       0.0000      4.28003     4.28003   15387.6391     4.28003      0 -
     1      387     0.001252     15387.6391       0.0000      4.28003     4.28003   15387.6391     4.28003      0 -
     1      388     0.001231     15387.6391       0.0000      4.28003     4.28003   15387.6391     4.28003      0 -
     1      389      0.00121     15387.6391       0.0000      4.28003     4.28003   15387.6391     4.28003      0 -
     1      390     0.001189     15387.6391       0.0000      4.28003     4.28003   15387.6391     4.28003      0 -
     1      391     0.001169     15387.6391       0.0000      4.28003     4.28003   15387.6391     4.28003      0 -
     1      392     0.001149     15024.0090    -363.6301      4.22915     4.22915   15024.0090     4.22915      1 chain_01/itr_00392_trial_01.rho
     1      393     0.001129     14733.5666    -290.4424      4.18807     4.18807   14733.5666     4.18807      1 chain_01/itr_00393_trial_01.rho
     1      394     0.001109     14545.3939    -188.1727      4.16124     4.16124   14545.3939     4.16124      1 chain_01/itr_00394_trial_01.rho
     1      395      0.00109     14352.9279    -192.4660      4.13362     4.13362   14352.9279     4.13362      1 chain_01/itr_00395_trial_01.rho
     1      396     0.001072     14019.1398    -333.7881      4.08527     4.08527   14019.1398     4.08527      1 chain_01/itr_00396_trial_01.rho
     1      397     0.001053     14019.1398       0.0000      4.08527     4.08527   14019.1398     4.08527      0 -
     1      398     0.001035     14019.1398       0.0000      4.08527     4.08527   14019.1398     4.08527      0 -
     1      399     0.001017     14010.7609      -8.3788      4.08405     4.08405   14010.7609     4.08405      1 chain_01/itr_00399_trial_01.rho
     1      400        0.001     14010.7609       0.0000      4.08405     4.08405   14010.7609     4.08405      0 -
