# VFSA 2D iteration best - 2026-09-14 16:42:49
# chains=2  n_ctrl=250  frac_update_controls=1.0  temp_kappa=1.0  cool_ratio=0.001  target_rms=0.1  n_trials=1
--------------------------------------------------------------------------------------------------------------------------------------------------------------------------------------------------------
 Chain     Iter         Temp       Chi2Curr        dChi2      RMSCurr     CurrRMS     Chi2Best     RMSBest   Nacc Model
--------------------------------------------------------------------------------------------------------------------------------------------------------------------------------------------------------
     2        1            1      2587.0655    -271.5319      2.49979     2.49979    2587.0655     2.49979      1 chain_02/itr_00001_trial_01.rho
     2        2       0.9828      2573.5142     -13.5514      2.49323     2.49323    2573.5142     2.49323      1 chain_02/itr_00002_trial_01.rho
     2        3        0.966      2222.8962    -350.6180      2.31718     2.31718    2222.8962     2.31718      1 chain_02/itr_00003_trial_01.rho
     2        4       0.9494      2222.8962       0.0000      2.31718     2.31718    2222.8962     2.31718      0 -
     2        5       0.9331      2375.2185     152.3223      2.39525     2.39525    2222.8962     2.31718      1 chain_02/itr_00005_trial_01.rho
     2        6       0.9171      1913.0828    -462.1357      2.14964     2.14964    1913.0828     2.14964      1 chain_02/itr_00006_trial_01.rho
     2        7       0.9013      1831.5514     -81.5314      2.10334     2.10334    1831.5514     2.10334      1 chain_02/itr_00007_trial_01.rho
     2        8       0.8859      1547.4818    -284.0696      1.93336     1.93336    1547.4818     1.93336      1 chain_02/itr_00008_trial_01.rho
     2        9       0.8707      1429.1883    -118.2935      1.85800     1.85800    1429.1883     1.85800      1 chain_02/itr_00009_trial_01.rho
     2       10       0.8557      1347.8933     -81.2950      1.80438     1.80438    1347.8933     1.80438      1 chain_02/itr_00010_trial_01.rho
     2       11        0.841      1350.7397       2.8464      1.80628     1.80628    1347.8933     1.80438      1 chain_02/itr_00011_trial_01.rho
     2       12       0.8266      1189.3431    -161.3966      1.69494     1.69494    1189.3431     1.69494      1 chain_02/itr_00012_trial_01.rho
     2       13       0.8124      1152.4634     -36.8798      1.66845     1.66845    1152.4634     1.66845      1 chain_02/itr_00013_trial_01.rho
     2       14       0.7985      1152.4634       0.0000      1.66845     1.66845    1152.4634     1.66845      0 -
     2       15       0.7848      1077.8656     -74.5977      1.61355     1.61355    1077.8656     1.61355      1 chain_02/itr_00015_trial_01.rho
     2       16       0.7713       955.4422    -122.4235      1.51915     1.51915     955.4422     1.51915      1 chain_02/itr_00016_trial_01.rho
     2       17       0.7581       877.7146     -77.7276      1.45605     1.45605     877.7146     1.45605      1 chain_02/itr_00017_trial_01.rho
     2       18        0.745       887.0851       9.3705      1.46380     1.46380     877.7146     1.45605      1 chain_02/itr_00018_trial_01.rho
     2       19       0.7323       822.4725     -64.6125      1.40949     1.40949     822.4725     1.40949      1 chain_02/itr_00019_trial_01.rho
     2       20       0.7197       798.3460     -24.1266      1.38866     1.38866     798.3460     1.38866      1 chain_02/itr_00020_trial_01.rho
     2       21       0.7073       764.6955     -33.6504      1.35908     1.35908     764.6955     1.35908      1 chain_02/itr_00021_trial_01.rho
     2       22       0.6952       703.2682     -61.4273      1.30335     1.30335     703.2682     1.30335      1 chain_02/itr_00022_trial_01.rho
     2       23       0.6833       676.4049     -26.8634      1.27821     1.27821     676.4049     1.27821      1 chain_02/itr_00023_trial_01.rho
     2       24       0.6715       662.4235     -13.9814      1.26493     1.26493     662.4235     1.26493      1 chain_02/itr_00024_trial_01.rho
     2       25         0.66       678.1588      15.7353      1.27987     1.27987     662.4235     1.26493      1 chain_02/itr_00025_trial_01.rho
     2       26       0.6487       675.8854      -2.2734      1.27772     1.27772     662.4235     1.26493      1 chain_02/itr_00026_trial_01.rho
     2       27       0.6375       726.2020      50.3166      1.32443     1.32443     662.4235     1.26493      1 chain_02/itr_00027_trial_01.rho
     2       28       0.6266       746.5906      20.3885      1.34289     1.34289     662.4235     1.26493      1 chain_02/itr_00028_trial_01.rho
     2       29       0.6158       704.3691     -42.2214      1.30437     1.30437     662.4235     1.26493      1 chain_02/itr_00029_trial_01.rho
     2       30       0.6053       670.9508     -33.4183      1.27305     1.27305     662.4235     1.26493      1 chain_02/itr_00030_trial_01.rho
     2       31       0.5949       694.3683      23.4175      1.29507     1.29507     662.4235     1.26493      1 chain_02/itr_00031_trial_01.rho
     2       32       0.5847       677.4441     -16.9242      1.27919     1.27919     662.4235     1.26493      1 chain_02/itr_00032_trial_01.rho
     2       33       0.5746       690.1072      12.6631      1.29109     1.29109     662.4235     1.26493      1 chain_02/itr_00033_trial_01.rho
     2       34       0.5648       659.4159     -30.6913      1.26206     1.26206     659.4159     1.26206      1 chain_02/itr_00034_trial_01.rho
     2       35       0.5551       615.2051     -44.2108      1.21902     1.21902     615.2051     1.21902      1 chain_02/itr_00035_trial_01.rho
     2       36       0.5456       601.2831     -13.9220      1.20515     1.20515     601.2831     1.20515      1 chain_02/itr_00036_trial_01.rho
     2       37       0.5362       592.2730      -9.0101      1.19608     1.19608     592.2730     1.19608      1 chain_02/itr_00037_trial_01.rho
     2       38        0.527       596.6178       4.3447      1.20046     1.20046     592.2730     1.19608      1 chain_02/itr_00038_trial_01.rho
     2       39       0.5179       593.4636      -3.1541      1.19728     1.19728     592.2730     1.19608      1 chain_02/itr_00039_trial_01.rho
     2       40       0.5091       570.6232     -22.8404      1.17402     1.17402     570.6232     1.17402      1 chain_02/itr_00040_trial_01.rho
     2       41       0.5003       603.6028      32.9796      1.20747     1.20747     570.6232     1.17402      1 chain_02/itr_00041_trial_01.rho
     2       42       0.4917       610.2893       6.6865      1.21414     1.21414     570.6232     1.17402      1 chain_02/itr_00042_trial_01.rho
     2       43       0.4833       607.4975      -2.7919      1.21136     1.21136     570.6232     1.17402      1 chain_02/itr_00043_trial_01.rho
     2       44        0.475       670.4291      62.9317      1.27255     1.27255     570.6232     1.17402      1 chain_02/itr_00044_trial_01.rho
     2       45       0.4668       624.0554     -46.3737      1.22775     1.22775     570.6232     1.17402      1 chain_02/itr_00045_trial_01.rho
     2       46       0.4588       611.6707     -12.3848      1.21551     1.21551     570.6232     1.17402      1 chain_02/itr_00046_trial_01.rho
     2       47        0.451       591.1174     -20.5532      1.19491     1.19491     570.6232     1.17402      1 chain_02/itr_00047_trial_01.rho
     2       48       0.4432       593.3568       2.2394      1.19718     1.19718     570.6232     1.17402      1 chain_02/itr_00048_trial_01.rho
     2       49       0.4356       611.9677      18.6109      1.21581     1.21581     570.6232     1.17402      1 chain_02/itr_00049_trial_01.rho
     2       50       0.4281       613.4190       1.4513      1.21725     1.21725     570.6232     1.17402      1 chain_02/itr_00050_trial_01.rho
     2       51       0.4208       617.2640       3.8450      1.22106     1.22106     570.6232     1.17402      1 chain_02/itr_00051_trial_01.rho
     2       52       0.4136       599.9910     -17.2730      1.20385     1.20385     570.6232     1.17402      1 chain_02/itr_00052_trial_01.rho
     2       53       0.4065       633.1314      33.1403      1.23665     1.23665     570.6232     1.17402      1 chain_02/itr_00053_trial_01.rho
     2       54       0.3995       621.8705     -11.2609      1.22560     1.22560     570.6232     1.17402      1 chain_02/itr_00054_trial_01.rho
     2       55       0.3926       626.9087       5.0382      1.23056     1.23056     570.6232     1.17402      1 chain_02/itr_00055_trial_01.rho
     2       56       0.3859       625.5741      -1.3345      1.22925     1.22925     570.6232     1.17402      1 chain_02/itr_00056_trial_01.rho
     2       57       0.3793       669.0568      43.4827      1.27125     1.27125     570.6232     1.17402      1 chain_02/itr_00057_trial_01.rho
     2       58       0.3728       667.4707      -1.5861      1.26974     1.26974     570.6232     1.17402      1 chain_02/itr_00058_trial_01.rho
     2       59       0.3664       663.8878      -3.5829      1.26633     1.26633     570.6232     1.17402      1 chain_02/itr_00059_trial_01.rho
     2       60       0.3601       665.2430       1.3552      1.26762     1.26762     570.6232     1.17402      1 chain_02/itr_00060_trial_01.rho
     2       61       0.3539       681.1527      15.9097      1.28269     1.28269     570.6232     1.17402      1 chain_02/itr_00061_trial_01.rho
     2       62       0.3478       684.1212       2.9684      1.28548     1.28548     570.6232     1.17402      1 chain_02/itr_00062_trial_01.rho
     2       63       0.3418       707.6164      23.4953      1.30737     1.30737     570.6232     1.17402      1 chain_02/itr_00063_trial_01.rho
     2       64        0.336       707.6164       0.0000      1.30737     1.30737     570.6232     1.17402      0 -
     2       65       0.3302       748.6600      41.0436      1.34475     1.34475     570.6232     1.17402      1 chain_02/itr_00065_trial_01.rho
     2       66       0.3245       732.1925     -16.4675      1.32988     1.32988     570.6232     1.17402      1 chain_02/itr_00066_trial_01.rho
     2       67        0.319       759.7296      27.5371      1.35466     1.35466     570.6232     1.17402      1 chain_02/itr_00067_trial_01.rho
     2       68       0.3135       720.9573     -38.7723      1.31964     1.31964     570.6232     1.17402      1 chain_02/itr_00068_trial_01.rho
     2       69       0.3081       719.7372      -1.2201      1.31852     1.31852     570.6232     1.17402      1 chain_02/itr_00069_trial_01.rho
     2       70       0.3028       739.2463      19.5091      1.33627     1.33627     570.6232     1.17402      1 chain_02/itr_00070_trial_01.rho
     2       71       0.2976       709.3728     -29.8734      1.30899     1.30899     570.6232     1.17402      1 chain_02/itr_00071_trial_01.rho
     2       72       0.2925       706.6263      -2.7465      1.30646     1.30646     570.6232     1.17402      1 chain_02/itr_00072_trial_01.rho
     2       73       0.2875       702.9688      -3.6575      1.30307     1.30307     570.6232     1.17402      1 chain_02/itr_00073_trial_01.rho
     2       74       0.2826       699.0526      -3.9162      1.29944     1.29944     570.6232     1.17402      1 chain_02/itr_00074_trial_01.rho
     2       75       0.2777       737.3270      38.2744      1.33453     1.33453     570.6232     1.17402      1 chain_02/itr_00075_trial_01.rho
     2       76        0.273       722.4863     -14.8407      1.32104     1.32104     570.6232     1.17402      1 chain_02/itr_00076_trial_01.rho
     2       77       0.2683       713.3582      -9.1281      1.31266     1.31266     570.6232     1.17402      1 chain_02/itr_00077_trial_01.rho
     2       78       0.2637       731.8100      18.4518      1.32953     1.32953     570.6232     1.17402      1 chain_02/itr_00078_trial_01.rho
     2       79       0.2591       701.3100     -30.5001      1.30153     1.30153     570.6232     1.17402      1 chain_02/itr_00079_trial_01.rho
     2       80       0.2547       716.5138      15.2039      1.31556     1.31556     570.6232     1.17402      1 chain_02/itr_00080_trial_01.rho
     2       81       0.2503       703.5884     -12.9254      1.30364     1.30364     570.6232     1.17402      1 chain_02/itr_00081_trial_01.rho
     2       82        0.246       701.0855      -2.5030      1.30132     1.30132     570.6232     1.17402      1 chain_02/itr_00082_trial_01.rho
     2       83       0.2418       676.3307     -24.7548      1.27814     1.27814     570.6232     1.17402      1 chain_02/itr_00083_trial_01.rho
     2       84       0.2377       648.8363     -27.4944      1.25189     1.25189     570.6232     1.17402      1 chain_02/itr_00084_trial_01.rho
     2       85       0.2336       659.2817      10.4454      1.26193     1.26193     570.6232     1.17402      1 chain_02/itr_00085_trial_01.rho
     2       86       0.2296       654.2491      -5.0326      1.25710     1.25710     570.6232     1.17402      1 chain_02/itr_00086_trial_01.rho
     2       87       0.2256       680.1926      25.9435      1.28179     1.28179     570.6232     1.17402      1 chain_02/itr_00087_trial_01.rho
     2       88       0.2218       693.8742      13.6816      1.29461     1.29461     570.6232     1.17402      1 chain_02/itr_00088_trial_01.rho
     2       89       0.2179       713.4763      19.6021      1.31277     1.31277     570.6232     1.17402      1 chain_02/itr_00089_trial_01.rho
     2       90       0.2142       705.9325      -7.5438      1.30581     1.30581     570.6232     1.17402      1 chain_02/itr_00090_trial_01.rho
     2       91       0.2105       703.2672      -2.6653      1.30335     1.30335     570.6232     1.17402      1 chain_02/itr_00091_trial_01.rho
     2       92       0.2069       712.9268       9.6596      1.31227     1.31227     570.6232     1.17402      1 chain_02/itr_00092_trial_01.rho
     2       93       0.2034       680.2834     -32.6434      1.28187     1.28187     570.6232     1.17402      1 chain_02/itr_00093_trial_01.rho
     2       94       0.1999       675.5846      -4.6987      1.27744     1.27744     570.6232     1.17402      1 chain_02/itr_00094_trial_01.rho
     2       95       0.1964       667.6556      -7.9290      1.26992     1.26992     570.6232     1.17402      1 chain_02/itr_00095_trial_01.rho
     2       96       0.1931       655.9976     -11.6581      1.25878     1.25878     570.6232     1.17402      1 chain_02/itr_00096_trial_01.rho
     2       97       0.1898       651.6937      -4.3038      1.25465     1.25465     570.6232     1.17402      1 chain_02/itr_00097_trial_01.rho
     2       98       0.1865       651.6937       0.0000      1.25465     1.25465     570.6232     1.17402      0 -
     2       99       0.1833       653.3726       1.6789      1.25626     1.25626     570.6232     1.17402      1 chain_02/itr_00099_trial_01.rho
     2      100       0.1802       648.2790      -5.0937      1.25136     1.25136     570.6232     1.17402      1 chain_02/itr_00100_trial_01.rho
     2      101       0.1771       647.1948      -1.0842      1.25031     1.25031     570.6232     1.17402      1 chain_02/itr_00101_trial_01.rho
     2      102        0.174       648.0858       0.8911      1.25117     1.25117     570.6232     1.17402      1 chain_02/itr_00102_trial_01.rho
     2      103        0.171       623.5326     -24.5532      1.22724     1.22724     570.6232     1.17402      1 chain_02/itr_00103_trial_01.rho
     2      104       0.1681       618.9405      -4.5921      1.22271     1.22271     570.6232     1.17402      1 chain_02/itr_00104_trial_01.rho
     2      105       0.1652       622.3479       3.4074      1.22607     1.22607     570.6232     1.17402      1 chain_02/itr_00105_trial_01.rho
     2      106       0.1624       626.7606       4.4127      1.23041     1.23041     570.6232     1.17402      1 chain_02/itr_00106_trial_01.rho
     2      107       0.1596       633.0904       6.3298      1.23661     1.23661     570.6232     1.17402      1 chain_02/itr_00107_trial_01.rho
     2      108       0.1569       626.4934      -6.5970      1.23015     1.23015     570.6232     1.17402      1 chain_02/itr_00108_trial_01.rho
     2      109       0.1542       636.7763      10.2829      1.24020     1.24020     570.6232     1.17402      1 chain_02/itr_00109_trial_01.rho
     2      110       0.1515       635.9620      -0.8142      1.23941     1.23941     570.6232     1.17402      1 chain_02/itr_00110_trial_01.rho
     2      111       0.1489       640.9923       5.0303      1.24430     1.24430     570.6232     1.17402      1 chain_02/itr_00111_trial_01.rho
     2      112       0.1464       640.6667      -0.3256      1.24399     1.24399     570.6232     1.17402      1 chain_02/itr_00112_trial_01.rho
     2      113       0.1438       608.7284     -31.9383      1.21258     1.21258     570.6232     1.17402      1 chain_02/itr_00113_trial_01.rho
     2      114       0.1414       614.7619       6.0336      1.21858     1.21858     570.6232     1.17402      1 chain_02/itr_00114_trial_01.rho
     2      115       0.1389       630.5376      15.7756      1.23411     1.23411     570.6232     1.17402      1 chain_02/itr_00115_trial_01.rho
     2      116       0.1366       635.6417       5.1042      1.23910     1.23910     570.6232     1.17402      1 chain_02/itr_00116_trial_01.rho
     2      117       0.1342       655.5311      19.8894      1.25834     1.25834     570.6232     1.17402      1 chain_02/itr_00117_trial_01.rho
     2      118       0.1319       633.6319     -21.8992      1.23714     1.23714     570.6232     1.17402      1 chain_02/itr_00118_trial_01.rho
     2      119       0.1297       616.5245     -17.1075      1.22032     1.22032     570.6232     1.17402      1 chain_02/itr_00119_trial_01.rho
     2      120       0.1274       604.6311     -11.8934      1.20850     1.20850     570.6232     1.17402      1 chain_02/itr_00120_trial_01.rho
     2      121       0.1252       604.6311       0.0000      1.20850     1.20850     570.6232     1.17402      0 -
     2      122       0.1231       609.4757       4.8446      1.21333     1.21333     570.6232     1.17402      1 chain_02/itr_00122_trial_01.rho
     2      123        0.121       609.4757       0.0000      1.21333     1.21333     570.6232     1.17402      0 -
     2      124       0.1189       629.6546      20.1790      1.23325     1.23325     570.6232     1.17402      1 chain_02/itr_00124_trial_01.rho
     2      125       0.1169       637.6832       8.0286      1.24109     1.24109     570.6232     1.17402      1 chain_02/itr_00125_trial_01.rho
     2      126       0.1149       637.6832       0.0000      1.24109     1.24109     570.6232     1.17402      0 -
     2      127       0.1129       650.7311      13.0479      1.25372     1.25372     570.6232     1.17402      1 chain_02/itr_00127_trial_01.rho
     2      128       0.1109       650.7311       0.0000      1.25372     1.25372     570.6232     1.17402      0 -
     2      129        0.109       655.4425       4.7114      1.25825     1.25825     570.6232     1.17402      1 chain_02/itr_00129_trial_01.rho
     2      130       0.1072       639.6929     -15.7496      1.24304     1.24304     570.6232     1.17402      1 chain_02/itr_00130_trial_01.rho
     2      131       0.1053       617.9825     -21.7104      1.22177     1.22177     570.6232     1.17402      1 chain_02/itr_00131_trial_01.rho
     2      132       0.1035       626.5158       8.5333      1.23017     1.23017     570.6232     1.17402      1 chain_02/itr_00132_trial_01.rho
     2      133       0.1017       628.7378       2.2220      1.23235     1.23235     570.6232     1.17402      1 chain_02/itr_00133_trial_01.rho
     2      134          0.1       626.3708      -2.3669      1.23003     1.23003     570.6232     1.17402      1 chain_02/itr_00134_trial_01.rho
     2      135      0.09828       620.4887      -5.8821      1.22424     1.22424     570.6232     1.17402      1 chain_02/itr_00135_trial_01.rho
     2      136       0.0966       616.9599      -3.5288      1.22075     1.22075     570.6232     1.17402      1 chain_02/itr_00136_trial_01.rho
     2      137      0.09494       617.9426       0.9826      1.22173     1.22173     570.6232     1.17402      1 chain_02/itr_00137_trial_01.rho
     2      138      0.09331       613.6711      -4.2715      1.21750     1.21750     570.6232     1.17402      1 chain_02/itr_00138_trial_01.rho
     2      139      0.09171       612.2024      -1.4687      1.21604     1.21604     570.6232     1.17402      1 chain_02/itr_00139_trial_01.rho
     2      140      0.09013       623.1100      10.9077      1.22682     1.22682     570.6232     1.17402      1 chain_02/itr_00140_trial_01.rho
     2      141      0.08859       608.3906     -14.7194      1.21225     1.21225     570.6232     1.17402      1 chain_02/itr_00141_trial_01.rho
     2      142      0.08707       602.5741      -5.8165      1.20644     1.20644     570.6232     1.17402      1 chain_02/itr_00142_trial_01.rho
     2      143      0.08557       610.8332       8.2591      1.21468     1.21468     570.6232     1.17402      1 chain_02/itr_00143_trial_01.rho
     2      144       0.0841       617.9101       7.0768      1.22169     1.22169     570.6232     1.17402      1 chain_02/itr_00144_trial_01.rho
     2      145      0.08266       610.6533      -7.2568      1.21450     1.21450     570.6232     1.17402      1 chain_02/itr_00145_trial_01.rho
     2      146      0.08124       600.0120     -10.6413      1.20387     1.20387     570.6232     1.17402      1 chain_02/itr_00146_trial_01.rho
     2      147      0.07985       602.0855       2.0735      1.20595     1.20595     570.6232     1.17402      1 chain_02/itr_00147_trial_01.rho
     2      148      0.07848       611.5260       9.4405      1.21537     1.21537     570.6232     1.17402      1 chain_02/itr_00148_trial_01.rho
     2      149      0.07713       606.8896      -4.6364      1.21075     1.21075     570.6232     1.17402      1 chain_02/itr_00149_trial_01.rho
     2      150      0.07581       615.4046       8.5150      1.21921     1.21921     570.6232     1.17402      1 chain_02/itr_00150_trial_01.rho
     2      151       0.0745       623.7220       8.3174      1.22743     1.22743     570.6232     1.17402      1 chain_02/itr_00151_trial_01.rho
     2      152      0.07323       632.5257       8.8037      1.23606     1.23606     570.6232     1.17402      1 chain_02/itr_00152_trial_01.rho
     2      153      0.07197       634.5700       2.0443      1.23805     1.23805     570.6232     1.17402      1 chain_02/itr_00153_trial_01.rho
     2      154      0.07073       635.7339       1.1639      1.23919     1.23919     570.6232     1.17402      1 chain_02/itr_00154_trial_01.rho
     2      155      0.06952       638.1906       2.4567      1.24158     1.24158     570.6232     1.17402      1 chain_02/itr_00155_trial_01.rho
     2      156      0.06833       638.1906       0.0000      1.24158     1.24158     570.6232     1.17402      0 -
     2      157      0.06715       649.8210      11.6304      1.25284     1.25284     570.6232     1.17402      1 chain_02/itr_00157_trial_01.rho
     2      158        0.066       644.7341      -5.0870      1.24793     1.24793     570.6232     1.17402      1 chain_02/itr_00158_trial_01.rho
     2      159      0.06487       658.0743      13.3402      1.26077     1.26077     570.6232     1.17402      1 chain_02/itr_00159_trial_01.rho
     2      160      0.06375       658.0743       0.0000      1.26077     1.26077     570.6232     1.17402      0 -
     2      161      0.06266       660.4029       2.3286      1.26300     1.26300     570.6232     1.17402      1 chain_02/itr_00161_trial_01.rho
     2      162      0.06158       663.1359       2.7330      1.26561     1.26561     570.6232     1.17402      1 chain_02/itr_00162_trial_01.rho
     2      163      0.06053       672.3976       9.2617      1.27442     1.27442     570.6232     1.17402      1 chain_02/itr_00163_trial_01.rho
     2      164      0.05949       667.9381      -4.4595      1.27019     1.27019     570.6232     1.17402      1 chain_02/itr_00164_trial_01.rho
     2      165      0.05847       644.5894     -23.3487      1.24779     1.24779     570.6232     1.17402      1 chain_02/itr_00165_trial_01.rho
     2      166      0.05746       655.2273      10.6379      1.25804     1.25804     570.6232     1.17402      1 chain_02/itr_00166_trial_01.rho
     2      167      0.05648       650.5363      -4.6910      1.25353     1.25353     570.6232     1.17402      1 chain_02/itr_00167_trial_01.rho
     2      168      0.05551       650.5363       0.0000      1.25353     1.25353     570.6232     1.17402      0 -
     2      169      0.05456       643.2933      -7.2430      1.24653     1.24653     570.6232     1.17402      1 chain_02/itr_00169_trial_01.rho
     2      170      0.05362       650.5390       7.2457      1.25354     1.25354     570.6232     1.17402      1 chain_02/itr_00170_trial_01.rho
     2      171       0.0527       645.0479      -5.4911      1.24823     1.24823     570.6232     1.17402      1 chain_02/itr_00171_trial_01.rho
     2      172      0.05179       655.6316      10.5836      1.25843     1.25843     570.6232     1.17402      1 chain_02/itr_00172_trial_01.rho
     2      173      0.05091       650.1800      -5.4516      1.25319     1.25319     570.6232     1.17402      1 chain_02/itr_00173_trial_01.rho
     2      174      0.05003       637.3076     -12.8724      1.24072     1.24072     570.6232     1.17402      1 chain_02/itr_00174_trial_01.rho
     2      175      0.04917       629.8199      -7.4877      1.23341     1.23341     570.6232     1.17402      1 chain_02/itr_00175_trial_01.rho
     2      176      0.04833       629.8199       0.0000      1.23341     1.23341     570.6232     1.17402      0 -
     2      177       0.0475       623.1965      -6.6234      1.22691     1.22691     570.6232     1.17402      1 chain_02/itr_00177_trial_01.rho
     2      178      0.04668       615.1997      -7.9968      1.21901     1.21901     570.6232     1.17402      1 chain_02/itr_00178_trial_01.rho
     2      179      0.04588       627.2525      12.0528      1.23090     1.23090     570.6232     1.17402      1 chain_02/itr_00179_trial_01.rho
     2      180       0.0451       632.8664       5.6139      1.23639     1.23639     570.6232     1.17402      1 chain_02/itr_00180_trial_01.rho
     2      181      0.04432       623.7402      -9.1262      1.22744     1.22744     570.6232     1.17402      1 chain_02/itr_00181_trial_01.rho
     2      182      0.04356       623.2849      -0.4552      1.22700     1.22700     570.6232     1.17402      1 chain_02/itr_00182_trial_01.rho
     2      183      0.04281       634.3969      11.1119      1.23789     1.23789     570.6232     1.17402      1 chain_02/itr_00183_trial_01.rho
     2      184      0.04208       642.0915       7.6947      1.24537     1.24537     570.6232     1.17402      1 chain_02/itr_00184_trial_01.rho
     2      185      0.04136       640.8655      -1.2260      1.24418     1.24418     570.6232     1.17402      1 chain_02/itr_00185_trial_01.rho
     2      186      0.04065       636.1562      -4.7093      1.23960     1.23960     570.6232     1.17402      1 chain_02/itr_00186_trial_01.rho
     2      187      0.03995       633.8021      -2.3540      1.23730     1.23730     570.6232     1.17402      1 chain_02/itr_00187_trial_01.rho
     2      188      0.03926       633.1626      -0.6395      1.23668     1.23668     570.6232     1.17402      1 chain_02/itr_00188_trial_01.rho
     2      189      0.03859       622.7973     -10.3654      1.22652     1.22652     570.6232     1.17402      1 chain_02/itr_00189_trial_01.rho
     2      190      0.03793       627.1860       4.3887      1.23083     1.23083     570.6232     1.17402      1 chain_02/itr_00190_trial_01.rho
     2      191      0.03728       632.6425       5.4566      1.23617     1.23617     570.6232     1.17402      1 chain_02/itr_00191_trial_01.rho
     2      192      0.03664       628.3073      -4.3352      1.23193     1.23193     570.6232     1.17402      1 chain_02/itr_00192_trial_01.rho
     2      193      0.03601       627.2838      -1.0236      1.23093     1.23093     570.6232     1.17402      1 chain_02/itr_00193_trial_01.rho
     2      194      0.03539       626.7279      -0.5558      1.23038     1.23038     570.6232     1.17402      1 chain_02/itr_00194_trial_01.rho
     2      195      0.03478       615.7791     -10.9488      1.21959     1.21959     570.6232     1.17402      1 chain_02/itr_00195_trial_01.rho
     2      196      0.03418       615.7791       0.0000      1.21959     1.21959     570.6232     1.17402      0 -
     2      197       0.0336       618.6389       2.8597      1.22241     1.22241     570.6232     1.17402      1 chain_02/itr_00197_trial_01.rho
     2      198      0.03302       625.6200       6.9811      1.22929     1.22929     570.6232     1.17402      1 chain_02/itr_00198_trial_01.rho
     2      199      0.03245       629.9177       4.2977      1.23351     1.23351     570.6232     1.17402      1 chain_02/itr_00199_trial_01.rho
     2      200       0.0319       621.8428      -8.0749      1.22558     1.22558     570.6232     1.17402      1 chain_02/itr_00200_trial_01.rho
     2      201      0.03135       621.8428       0.0000      1.22558     1.22558     570.6232     1.17402      0 -
     2      202      0.03081       625.8456       4.0028      1.22951     1.22951     570.6232     1.17402      1 chain_02/itr_00202_trial_01.rho
     2      203      0.03028       625.5976      -0.2480      1.22927     1.22927     570.6232     1.17402      1 chain_02/itr_00203_trial_01.rho
     2      204      0.02976       614.9615     -10.6362      1.21878     1.21878     570.6232     1.17402      1 chain_02/itr_00204_trial_01.rho
     2      205      0.02925       619.3367       4.3753      1.22310     1.22310     570.6232     1.17402      1 chain_02/itr_00205_trial_01.rho
     2      206      0.02875       619.3367       0.0000      1.22310     1.22310     570.6232     1.17402      0 -
     2      207      0.02826       618.3063      -1.0304      1.22209     1.22209     570.6232     1.17402      1 chain_02/itr_00207_trial_01.rho
     2      208      0.02777       617.6284      -0.6779      1.22142     1.22142     570.6232     1.17402      1 chain_02/itr_00208_trial_01.rho
     2      209       0.0273       613.8551      -3.7733      1.21768     1.21768     570.6232     1.17402      1 chain_02/itr_00209_trial_01.rho
     2      210      0.02683       613.8551       0.0000      1.21768     1.21768     570.6232     1.17402      0 -
     2      211      0.02637       607.6268      -6.2283      1.21149     1.21149     570.6232     1.17402      1 chain_02/itr_00211_trial_01.rho
     2      212      0.02591       613.2014       5.5746      1.21703     1.21703     570.6232     1.17402      1 chain_02/itr_00212_trial_01.rho
     2      213      0.02547       620.8982       7.6968      1.22464     1.22464     570.6232     1.17402      1 chain_02/itr_00213_trial_01.rho
     2      214      0.02503       620.8982       0.0000      1.22464     1.22464     570.6232     1.17402      0 -
     2      215       0.0246       622.6028       1.7046      1.22632     1.22632     570.6232     1.17402      1 chain_02/itr_00215_trial_01.rho
     2      216      0.02418       628.6830       6.0802      1.23230     1.23230     570.6232     1.17402      1 chain_02/itr_00216_trial_01.rho
     2      217      0.02377       625.4856      -3.1973      1.22916     1.22916     570.6232     1.17402      1 chain_02/itr_00217_trial_01.rho
     2      218      0.02336       623.1863      -2.2993      1.22690     1.22690     570.6232     1.17402      1 chain_02/itr_00218_trial_01.rho
     2      219      0.02296       622.5015      -0.6849      1.22622     1.22622     570.6232     1.17402      1 chain_02/itr_00219_trial_01.rho
     2      220      0.02256       619.5978      -2.9037      1.22336     1.22336     570.6232     1.17402      1 chain_02/itr_00220_trial_01.rho
     2      221      0.02218       619.5978       0.0000      1.22336     1.22336     570.6232     1.17402      0 -
     2      222      0.02179       624.8891       5.2913      1.22857     1.22857     570.6232     1.17402      1 chain_02/itr_00222_trial_01.rho
     2      223      0.02142       624.4293      -0.4598      1.22812     1.22812     570.6232     1.17402      1 chain_02/itr_00223_trial_01.rho
     2      224      0.02105       623.0853      -1.3440      1.22680     1.22680     570.6232     1.17402      1 chain_02/itr_00224_trial_01.rho
     2      225      0.02069       609.9718     -13.1136      1.21382     1.21382     570.6232     1.17402      1 chain_02/itr_00225_trial_01.rho
     2      226      0.02034       607.2039      -2.7678      1.21106     1.21106     570.6232     1.17402      1 chain_02/itr_00226_trial_01.rho
     2      227      0.01999       607.2039       0.0000      1.21106     1.21106     570.6232     1.17402      0 -
     2      228      0.01964       614.4325       7.2286      1.21825     1.21825     570.6232     1.17402      1 chain_02/itr_00228_trial_01.rho
     2      229      0.01931       609.7373      -4.6952      1.21359     1.21359     570.6232     1.17402      1 chain_02/itr_00229_trial_01.rho
     2      230      0.01898       611.7488       2.0116      1.21559     1.21559     570.6232     1.17402      1 chain_02/itr_00230_trial_01.rho
     2      231      0.01865       619.7330       7.9842      1.22349     1.22349     570.6232     1.17402      1 chain_02/itr_00231_trial_01.rho
     2      232      0.01833       621.7290       1.9960      1.22546     1.22546     570.6232     1.17402      1 chain_02/itr_00232_trial_01.rho
     2      233      0.01802       615.2366      -6.4925      1.21905     1.21905     570.6232     1.17402      1 chain_02/itr_00233_trial_01.rho
     2      234      0.01771       617.0703       1.8337      1.22086     1.22086     570.6232     1.17402      1 chain_02/itr_00234_trial_01.rho
     2      235       0.0174       619.4397       2.3694      1.22321     1.22321     570.6232     1.17402      1 chain_02/itr_00235_trial_01.rho
     2      236       0.0171       619.4397       0.0000      1.22321     1.22321     570.6232     1.17402      0 -
     2      237      0.01681       613.7784      -5.6613      1.21760     1.21760     570.6232     1.17402      1 chain_02/itr_00237_trial_01.rho
     2      238      0.01652       617.3078       3.5294      1.22110     1.22110     570.6232     1.17402      1 chain_02/itr_00238_trial_01.rho
     2      239      0.01624       604.6610     -12.6468      1.20853     1.20853     570.6232     1.17402      1 chain_02/itr_00239_trial_01.rho
     2      240      0.01596       604.6610       0.0000      1.20853     1.20853     570.6232     1.17402      0 -
     2      241      0.01569       604.7778       0.1168      1.20864     1.20864     570.6232     1.17402      1 chain_02/itr_00241_trial_01.rho
     2      242      0.01542       604.7778       0.0000      1.20864     1.20864     570.6232     1.17402      0 -
     2      243      0.01515       592.8713     -11.9065      1.19669     1.19669     570.6232     1.17402      1 chain_02/itr_00243_trial_01.rho
     2      244      0.01489       589.8387      -3.0325      1.19362     1.19362     570.6232     1.17402      1 chain_02/itr_00244_trial_01.rho
     2      245      0.01464       581.4622      -8.3765      1.18512     1.18512     570.6232     1.17402      1 chain_02/itr_00245_trial_01.rho
     2      246      0.01438       581.4622       0.0000      1.18512     1.18512     570.6232     1.17402      0 -
     2      247      0.01414       579.9740      -1.4882      1.18360     1.18360     570.6232     1.17402      1 chain_02/itr_00247_trial_01.rho
     2      248      0.01389       578.6106      -1.3634      1.18221     1.18221     570.6232     1.17402      1 chain_02/itr_00248_trial_01.rho
     2      249      0.01366       580.8995       2.2889      1.18454     1.18454     570.6232     1.17402      1 chain_02/itr_00249_trial_01.rho
     2      250      0.01342       584.7923       3.8928      1.18850     1.18850     570.6232     1.17402      1 chain_02/itr_00250_trial_01.rho
     2      251      0.01319       584.7923       0.0000      1.18850     1.18850     570.6232     1.17402      0 -
     2      252      0.01297       581.4166      -3.3757      1.18507     1.18507     570.6232     1.17402      1 chain_02/itr_00252_trial_01.rho
     2      253      0.01274       576.8459      -4.5707      1.18040     1.18040     570.6232     1.17402      1 chain_02/itr_00253_trial_01.rho
     2      254      0.01252       574.0252      -2.8207      1.17751     1.17751     570.6232     1.17402      1 chain_02/itr_00254_trial_01.rho
     2      255      0.01231       573.0745      -0.9507      1.17654     1.17654     570.6232     1.17402      1 chain_02/itr_00255_trial_01.rho
     2      256       0.0121       573.0105      -0.0640      1.17647     1.17647     570.6232     1.17402      1 chain_02/itr_00256_trial_01.rho
     2      257      0.01189       574.3327       1.3222      1.17783     1.17783     570.6232     1.17402      1 chain_02/itr_00257_trial_01.rho
     2      258      0.01169       570.5804      -3.7523      1.17397     1.17397     570.5804     1.17397      1 chain_02/itr_00258_trial_01.rho
     2      259      0.01149       570.5804       0.0000      1.17397     1.17397     570.5804     1.17397      0 -
     2      260      0.01129       576.3488       5.7684      1.17989     1.17989     570.5804     1.17397      1 chain_02/itr_00260_trial_01.rho
     2      261      0.01109       569.2379      -7.1109      1.17259     1.17259     569.2379     1.17259      1 chain_02/itr_00261_trial_01.rho
     2      262       0.0109       569.2379       0.0000      1.17259     1.17259     569.2379     1.17259      0 -
     2      263      0.01072       568.2560      -0.9819      1.17158     1.17158     568.2560     1.17158      1 chain_02/itr_00263_trial_01.rho
     2      264      0.01053       568.2526      -0.0034      1.17158     1.17158     568.2526     1.17158      1 chain_02/itr_00264_trial_01.rho
     2      265      0.01035       570.1734       1.9208      1.17355     1.17355     568.2526     1.17158      1 chain_02/itr_00265_trial_01.rho
     2      266      0.01017       570.1734       0.0000      1.17355     1.17355     568.2526     1.17158      0 -
     2      267         0.01       569.1893      -0.9841      1.17254     1.17254     568.2526     1.17158      1 chain_02/itr_00267_trial_01.rho
     2      268     0.009828       571.4506       2.2614      1.17487     1.17487     568.2526     1.17158      1 chain_02/itr_00268_trial_01.rho
     2      269      0.00966       566.3731      -5.0776      1.16964     1.16964     566.3731     1.16964      1 chain_02/itr_00269_trial_01.rho
     2      270     0.009494       566.3731       0.0000      1.16964     1.16964     566.3731     1.16964      0 -
     2      271     0.009331       566.3731       0.0000      1.16964     1.16964     566.3731     1.16964      0 -
     2      272     0.009171       567.1164       0.7433      1.17040     1.17040     566.3731     1.16964      1 chain_02/itr_00272_trial_01.rho
     2      273     0.009013       560.9555      -6.1609      1.16403     1.16403     560.9555     1.16403      1 chain_02/itr_00273_trial_01.rho
     2      274     0.008859       560.0151      -0.9404      1.16305     1.16305     560.0151     1.16305      1 chain_02/itr_00274_trial_01.rho
     2      275     0.008707       551.7035      -8.3116      1.15439     1.15439     551.7035     1.15439      1 chain_02/itr_00275_trial_01.rho
     2      276     0.008557       552.9708       1.2673      1.15572     1.15572     551.7035     1.15439      1 chain_02/itr_00276_trial_01.rho
     2      277      0.00841       552.9708       0.0000      1.15572     1.15572     551.7035     1.15439      0 -
     2      278     0.008266       552.9708       0.0000      1.15572     1.15572     551.7035     1.15439      0 -
     2      279     0.008124       552.9708       0.0000      1.15572     1.15572     551.7035     1.15439      0 -
     2      280     0.007985       552.9708       0.0000      1.15572     1.15572     551.7035     1.15439      0 -
     2      281     0.007848       552.3458      -0.6251      1.15506     1.15506     551.7035     1.15439      1 chain_02/itr_00281_trial_01.rho
     2      282     0.007713       552.3999       0.0541      1.15512     1.15512     551.7035     1.15439      1 chain_02/itr_00282_trial_01.rho
     2      283     0.007581       552.3999       0.0000      1.15512     1.15512     551.7035     1.15439      0 -
     2      284      0.00745       552.3999       0.0000      1.15512     1.15512     551.7035     1.15439      0 -
     2      285     0.007323       552.3999       0.0000      1.15512     1.15512     551.7035     1.15439      0 -
     2      286     0.007197       542.9840      -9.4159      1.14523     1.14523     542.9840     1.14523      1 chain_02/itr_00286_trial_01.rho
     2      287     0.007073       542.9840       0.0000      1.14523     1.14523     542.9840     1.14523      0 -
     2      288     0.006952       542.9840       0.0000      1.14523     1.14523     542.9840     1.14523      0 -
     2      289     0.006833       541.3136      -1.6704      1.14347     1.14347     541.3136     1.14347      1 chain_02/itr_00289_trial_01.rho
     2      290     0.006715       541.3136       0.0000      1.14347     1.14347     541.3136     1.14347      0 -
     2      291       0.0066       541.3136       0.0000      1.14347     1.14347     541.3136     1.14347      0 -
     2      292     0.006487       541.3136       0.0000      1.14347     1.14347     541.3136     1.14347      0 -
     2      293     0.006375       536.2308      -5.0828      1.13809     1.13809     536.2308     1.13809      1 chain_02/itr_00293_trial_01.rho
     2      294     0.006266       536.2308       0.0000      1.13809     1.13809     536.2308     1.13809      0 -
     2      295     0.006158       536.2308       0.0000      1.13809     1.13809     536.2308     1.13809      0 -
     2      296     0.006053       530.8011      -5.4298      1.13231     1.13231     530.8011     1.13231      1 chain_02/itr_00296_trial_01.rho
     2      297     0.005949       530.8011       0.0000      1.13231     1.13231     530.8011     1.13231      0 -
     2      298     0.005847       528.5411      -2.2600      1.12990     1.12990     528.5411     1.12990      1 chain_02/itr_00298_trial_01.rho
     2      299     0.005746       531.6095       3.0684      1.13317     1.13317     528.5411     1.12990      1 chain_02/itr_00299_trial_01.rho
     2      300     0.005648       531.6919       0.0824      1.13326     1.13326     528.5411     1.12990      1 chain_02/itr_00300_trial_01.rho
     2      301     0.005551       523.0443      -8.6476      1.12401     1.12401     523.0443     1.12401      1 chain_02/itr_00301_trial_01.rho
     2      302     0.005456       523.0443       0.0000      1.12401     1.12401     523.0443     1.12401      0 -
     2      303     0.005362       517.8899      -5.1544      1.11846     1.11846     517.8899     1.11846      1 chain_02/itr_00303_trial_01.rho
     2      304      0.00527       515.8476      -2.0424      1.11625     1.11625     515.8476     1.11625      1 chain_02/itr_00304_trial_01.rho
     2      305     0.005179       515.6765      -0.1710      1.11606     1.11606     515.6765     1.11606      1 chain_02/itr_00305_trial_01.rho
     2      306     0.005091       516.7879       1.1114      1.11726     1.11726     515.6765     1.11606      1 chain_02/itr_00306_trial_01.rho
     2      307     0.005003       508.7106      -8.0774      1.10850     1.10850     508.7106     1.10850      1 chain_02/itr_00307_trial_01.rho
     2      308     0.004917       508.7106       0.0000      1.10850     1.10850     508.7106     1.10850      0 -
     2      309     0.004833       502.9198      -5.7908      1.10217     1.10217     502.9198     1.10217      1 chain_02/itr_00309_trial_01.rho
     2      310      0.00475       498.4488      -4.4710      1.09726     1.09726     498.4488     1.09726      1 chain_02/itr_00310_trial_01.rho
     2      311     0.004668       495.2551      -3.1937      1.09374     1.09374     495.2551     1.09374      1 chain_02/itr_00311_trial_01.rho
     2      312     0.004588       494.1448      -1.1103      1.09251     1.09251     494.1448     1.09251      1 chain_02/itr_00312_trial_01.rho
     2      313      0.00451       494.1448       0.0000      1.09251     1.09251     494.1448     1.09251      0 -
     2      314     0.004432       494.3087       0.1638      1.09269     1.09269     494.1448     1.09251      1 chain_02/itr_00314_trial_01.rho
     2      315     0.004356       494.3087       0.0000      1.09269     1.09269     494.1448     1.09251      0 -
     2      316     0.004281       494.5513       0.2426      1.09296     1.09296     494.1448     1.09251      1 chain_02/itr_00316_trial_01.rho
     2      317     0.004208       494.5513       0.0000      1.09296     1.09296     494.1448     1.09251      0 -
     2      318     0.004136       494.5513       0.0000      1.09296     1.09296     494.1448     1.09251      0 -
     2      319     0.004065       493.8152      -0.7361      1.09215     1.09215     493.8152     1.09215      1 chain_02/itr_00319_trial_01.rho
     2      320     0.003995       488.6279      -5.1873      1.08640     1.08640     488.6279     1.08640      1 chain_02/itr_00320_trial_01.rho
     2      321     0.003926       488.2567      -0.3712      1.08599     1.08599     488.2567     1.08599      1 chain_02/itr_00321_trial_01.rho
     2      322     0.003859       488.2567       0.0000      1.08599     1.08599     488.2567     1.08599      0 -
     2      323     0.003793       488.2567       0.0000      1.08599     1.08599     488.2567     1.08599      0 -
     2      324     0.003728       482.2973      -5.9594      1.07934     1.07934     482.2973     1.07934      1 chain_02/itr_00324_trial_01.rho
     2      325     0.003664       480.9582      -1.3392      1.07784     1.07784     480.9582     1.07784      1 chain_02/itr_00325_trial_01.rho
     2      326     0.003601       481.5258       0.5676      1.07847     1.07847     480.9582     1.07784      1 chain_02/itr_00326_trial_01.rho
     2      327     0.003539       480.6233      -0.9025      1.07746     1.07746     480.6233     1.07746      1 chain_02/itr_00327_trial_01.rho
     2      328     0.003478       482.5373       1.9140      1.07961     1.07961     480.6233     1.07746      1 chain_02/itr_00328_trial_01.rho
     2      329     0.003418       478.2765      -4.2608      1.07483     1.07483     478.2765     1.07483      1 chain_02/itr_00329_trial_01.rho
     2      330      0.00336       478.2765       0.0000      1.07483     1.07483     478.2765     1.07483      0 -
     2      331     0.003302       478.2765       0.0000      1.07483     1.07483     478.2765     1.07483      0 -
     2      332     0.003245       471.0373      -7.2392      1.06666     1.06666     471.0373     1.06666      1 chain_02/itr_00332_trial_01.rho
     2      333      0.00319       471.0373       0.0000      1.06666     1.06666     471.0373     1.06666      0 -
     2      334     0.003135       471.0373       0.0000      1.06666     1.06666     471.0373     1.06666      0 -
     2      335     0.003081       471.0373       0.0000      1.06666     1.06666     471.0373     1.06666      0 -
     2      336     0.003028       470.6222      -0.4151      1.06619     1.06619     470.6222     1.06619      1 chain_02/itr_00336_trial_01.rho
     2      337     0.002976       470.6222       0.0000      1.06619     1.06619     470.6222     1.06619      0 -
     2      338     0.002925       463.2802      -7.3420      1.05784     1.05784     463.2802     1.05784      1 chain_02/itr_00338_trial_01.rho
     2      339     0.002875       463.4528       0.1726      1.05804     1.05804     463.2802     1.05784      1 chain_02/itr_00339_trial_01.rho
     2      340     0.002826       463.4528       0.0000      1.05804     1.05804     463.2802     1.05784      0 -
     2      341     0.002777       458.8833      -4.5695      1.05281     1.05281     458.8833     1.05281      1 chain_02/itr_00341_trial_01.rho
     2      342      0.00273       457.1670      -1.7163      1.05084     1.05084     457.1670     1.05084      1 chain_02/itr_00342_trial_01.rho
     2      343     0.002683       457.1670       0.0000      1.05084     1.05084     457.1670     1.05084      0 -
     2      344     0.002637       457.7784       0.6114      1.05154     1.05154     457.1670     1.05084      1 chain_02/itr_00344_trial_01.rho
     2      345     0.002591       455.9184      -1.8601      1.04941     1.04941     455.9184     1.04941      1 chain_02/itr_00345_trial_01.rho
     2      346     0.002547       455.9184       0.0000      1.04941     1.04941     455.9184     1.04941      0 -
     2      347     0.002503       455.9184       0.0000      1.04941     1.04941     455.9184     1.04941      0 -
     2      348      0.00246       455.9184       0.0000      1.04941     1.04941     455.9184     1.04941      0 -
     2      349     0.002418       455.9184       0.0000      1.04941     1.04941     455.9184     1.04941      0 -
     2      350     0.002377       455.9184       0.0000      1.04941     1.04941     455.9184     1.04941      0 -
     2      351     0.002336       455.9184       0.0000      1.04941     1.04941     455.9184     1.04941      0 -
     2      352     0.002296       455.9184       0.0000      1.04941     1.04941     455.9184     1.04941      0 -
     2      353     0.002256       455.9184       0.0000      1.04941     1.04941     455.9184     1.04941      0 -
     2      354     0.002218       456.2800       0.3616      1.04982     1.04982     455.9184     1.04941      1 chain_02/itr_00354_trial_01.rho
     2      355     0.002179       456.2800       0.0000      1.04982     1.04982     455.9184     1.04941      0 -
     2      356     0.002142       457.1242       0.8443      1.05079     1.05079     455.9184     1.04941      1 chain_02/itr_00356_trial_01.rho
     2      357     0.002105       457.1242       0.0000      1.05079     1.05079     455.9184     1.04941      0 -
     2      358     0.002069       455.8730      -1.2512      1.04935     1.04935     455.8730     1.04935      1 chain_02/itr_00358_trial_01.rho
     2      359     0.002034       455.8730       0.0000      1.04935     1.04935     455.8730     1.04935      0 -
     2      360     0.001999       455.8730       0.0000      1.04935     1.04935     455.8730     1.04935      0 -
     2      361     0.001964       455.8730       0.0000      1.04935     1.04935     455.8730     1.04935      0 -
     2      362     0.001931       455.8730       0.0000      1.04935     1.04935     455.8730     1.04935      0 -
     2      363     0.001898       455.8730       0.0000      1.04935     1.04935     455.8730     1.04935      0 -
     2      364     0.001865       455.8730       0.0000      1.04935     1.04935     455.8730     1.04935      0 -
     2      365     0.001833       455.8730       0.0000      1.04935     1.04935     455.8730     1.04935      0 -
     2      366     0.001802       455.8730       0.0000      1.04935     1.04935     455.8730     1.04935      0 -
     2      367     0.001771       453.0819      -2.7911      1.04614     1.04614     453.0819     1.04614      1 chain_02/itr_00367_trial_01.rho
     2      368      0.00174       453.0819       0.0000      1.04614     1.04614     453.0819     1.04614      0 -
     2      369      0.00171       452.8962      -0.1857      1.04592     1.04592     452.8962     1.04592      1 chain_02/itr_00369_trial_01.rho
     2      370     0.001681       452.8962       0.0000      1.04592     1.04592     452.8962     1.04592      0 -
     2      371     0.001652       453.2115       0.3153      1.04629     1.04629     452.8962     1.04592      1 chain_02/itr_00371_trial_01.rho
     2      372     0.001624       453.2115       0.0000      1.04629     1.04629     452.8962     1.04592      0 -
     2      373     0.001596       453.2115       0.0000      1.04629     1.04629     452.8962     1.04592      0 -
     2      374     0.001569       453.2115       0.0000      1.04629     1.04629     452.8962     1.04592      0 -
     2      375     0.001542       453.9606       0.7491      1.04715     1.04715     452.8962     1.04592      1 chain_02/itr_00375_trial_01.rho
     2      376     0.001515       450.8572      -3.1034      1.04356     1.04356     450.8572     1.04356      1 chain_02/itr_00376_trial_01.rho
     2      377     0.001489       450.8572       0.0000      1.04356     1.04356     450.8572     1.04356      0 -
     2      378     0.001464       450.8572       0.0000      1.04356     1.04356     450.8572     1.04356      0 -
     2      379     0.001438       453.2574       2.4002      1.04634     1.04634     450.8572     1.04356      1 chain_02/itr_00379_trial_01.rho
     2      380     0.001414       453.2574       0.0000      1.04634     1.04634     450.8572     1.04356      0 -
     2      381     0.001389       453.2574       0.0000      1.04634     1.04634     450.8572     1.04356      0 -
     2      382     0.001366       453.2574       0.0000      1.04634     1.04634     450.8572     1.04356      0 -
     2      383     0.001342       453.2574       0.0000      1.04634     1.04634     450.8572     1.04356      0 -
     2      384     0.001319       453.2574       0.0000      1.04634     1.04634     450.8572     1.04356      0 -
     2      385     0.001297       453.2408      -0.0167      1.04632     1.04632     450.8572     1.04356      1 chain_02/itr_00385_trial_01.rho
     2      386     0.001274       453.2408       0.0000      1.04632     1.04632     450.8572     1.04356      0 -
     2      387     0.001252       453.2408       0.0000      1.04632     1.04632     450.8572     1.04356      0 -
     2      388     0.001231       454.1814       0.9406      1.04740     1.04740     450.8572     1.04356      1 chain_02/itr_00388_trial_01.rho
     2      389      0.00121       454.1814       0.0000      1.04740     1.04740     450.8572     1.04356      0 -
     2      390     0.001189       454.1814       0.0000      1.04740     1.04740     450.8572     1.04356      0 -
     2      391     0.001169       452.4666      -1.7148      1.04543     1.04543     450.8572     1.04356      1 chain_02/itr_00391_trial_01.rho
     2      392     0.001149       452.4666       0.0000      1.04543     1.04543     450.8572     1.04356      0 -
     2      393     0.001129       452.4453      -0.0213      1.04540     1.04540     450.8572     1.04356      1 chain_02/itr_00393_trial_01.rho
     2      394     0.001109       452.4453       0.0000      1.04540     1.04540     450.8572     1.04356      0 -
     2      395      0.00109       452.4453       0.0000      1.04540     1.04540     450.8572     1.04356      0 -
     2      396     0.001072       452.3620      -0.0834      1.04530     1.04530     450.8572     1.04356      1 chain_02/itr_00396_trial_01.rho
     2      397     0.001053       452.3620       0.0000      1.04530     1.04530     450.8572     1.04356      0 -
     2      398     0.001035       452.3620       0.0000      1.04530     1.04530     450.8572     1.04356      0 -
     2      399     0.001017       451.1361      -1.2259      1.04389     1.04389     450.8572     1.04356      1 chain_02/itr_00399_trial_01.rho
     2      400        0.001       447.9641      -3.1720      1.04021     1.04021     447.9641     1.04021      1 chain_02/itr_00400_trial_01.rho
