# VFSA 2D iteration best - 2026-09-14 18:09:22
# chains=2  n_ctrl=250  frac_update_controls=1.0  temp_kappa=1.0  cool_ratio=0.001  target_rms=1.0  n_trials=1
--------------------------------------------------------------------------------------------------------------------------------------------------------------------------------------------------------
 Chain     Iter         Temp       Chi2Curr        dChi2      RMSCurr     CurrRMS     Chi2Best     RMSBest   Nacc Model
--------------------------------------------------------------------------------------------------------------------------------------------------------------------------------------------------------
     1        1            1     18187.2320     -35.8080      4.65311     4.65311   18187.2320     4.65311      1 chain_01/itr_00001_trial_01.rho
     1        2       0.9828     18144.8698     -42.3623      4.64769     4.64769   18144.8698     4.64769      1 chain_01/itr_00002_trial_01.rho
     1        3        0.966     18437.3359     292.4661      4.68500     4.68500   18144.8698     4.64769      1 chain_01/itr_00003_trial_01.rho
     1        4       0.9494     19282.0694     844.7335      4.79112     4.79112   18144.8698     4.64769      1 chain_01/itr_00004_trial_01.rho
     1        5       0.9331     19270.2671     -11.8024      4.78965     4.78965   18144.8698     4.64769      1 chain_01/itr_00005_trial_01.rho
     1        6       0.9171     18628.3035    -641.9635      4.70920     4.70920   18144.8698     4.64769      1 chain_01/itr_00006_trial_01.rho
     1        7       0.9013     18767.0177     138.7141      4.72670     4.72670   18144.8698     4.64769      1 chain_01/itr_00007_trial_01.rho
     1        8       0.8859     20210.2821    1443.2645      4.90509     4.90509   18144.8698     4.64769      1 chain_01/itr_00008_trial_01.rho
     1        9       0.8707     18426.6787   -1783.6034      4.68364     4.68364   18144.8698     4.64769      1 chain_01/itr_00009_trial_01.rho
     1       10       0.8557     16967.5628   -1459.1159      4.49438     4.49438   16967.5628     4.49438      1 chain_01/itr_00010_trial_01.rho
     1       11        0.841     17561.6970     594.1341      4.57239     4.57239   16967.5628     4.49438      1 chain_01/itr_00011_trial_01.rho
     1       12       0.8266     17942.0517     380.3547      4.62164     4.62164   16967.5628     4.49438      1 chain_01/itr_00012_trial_01.rho
     1       13       0.8124     17976.3680      34.3163      4.62606     4.62606   16967.5628     4.49438      1 chain_01/itr_00013_trial_01.rho
     1       14       0.7985     17324.8380    -651.5300      4.54145     4.54145   16967.5628     4.49438      1 chain_01/itr_00014_trial_01.rho
     1       15       0.7848     18074.8873     750.0493      4.63872     4.63872   16967.5628     4.49438      1 chain_01/itr_00015_trial_01.rho
     1       16       0.7713     17922.8494    -152.0380      4.61917     4.61917   16967.5628     4.49438      1 chain_01/itr_00016_trial_01.rho
     1       17       0.7581     19245.6461    1322.7968      4.78659     4.78659   16967.5628     4.49438      1 chain_01/itr_00017_trial_01.rho
     1       18        0.745     19694.7742     449.1281      4.84212     4.84212   16967.5628     4.49438      1 chain_01/itr_00018_trial_01.rho
     1       19       0.7323     20714.7509    1019.9767      4.96593     4.96593   16967.5628     4.49438      1 chain_01/itr_00019_trial_01.rho
     1       20       0.7197     21279.7489     564.9980      5.03319     5.03319   16967.5628     4.49438      1 chain_01/itr_00020_trial_01.rho
     1       21       0.7073     21276.4886      -3.2604      5.03281     5.03281   16967.5628     4.49438      1 chain_01/itr_00021_trial_01.rho
     1       22       0.6952     21045.7928    -230.6957      5.00545     5.00545   16967.5628     4.49438      1 chain_01/itr_00022_trial_01.rho
     1       23       0.6833     19690.2036   -1355.5893      4.84156     4.84156   16967.5628     4.49438      1 chain_01/itr_00023_trial_01.rho
     1       24       0.6715     20329.1342     638.9306      4.91949     4.91949   16967.5628     4.49438      1 chain_01/itr_00024_trial_01.rho
     1       25         0.66     21078.6805     749.5463      5.00936     5.00936   16967.5628     4.49438      1 chain_01/itr_00025_trial_01.rho
     1       26       0.6487     22300.7021    1222.0215      5.15252     5.15252   16967.5628     4.49438      1 chain_01/itr_00026_trial_01.rho
     1       27       0.6375     19433.9423   -2866.7597      4.80995     4.80995   16967.5628     4.49438      1 chain_01/itr_00027_trial_01.rho
     1       28       0.6266     17367.1277   -2066.8146      4.54699     4.54699   16967.5628     4.49438      1 chain_01/itr_00028_trial_01.rho
     1       29       0.6158     17960.1093     592.9816      4.62397     4.62397   16967.5628     4.49438      1 chain_01/itr_00029_trial_01.rho
     1       30       0.6053     17960.3927       0.2833      4.62400     4.62400   16967.5628     4.49438      1 chain_01/itr_00030_trial_01.rho
     1       31       0.5949     16705.5555   -1254.8372      4.45955     4.45955   16705.5555     4.45955      1 chain_01/itr_00031_trial_01.rho
     1       32       0.5847     16253.2698    -452.2857      4.39876     4.39876   16253.2698     4.39876      1 chain_01/itr_00032_trial_01.rho
     1       33       0.5746     14892.9233   -1360.3465      4.21066     4.21066   14892.9233     4.21066      1 chain_01/itr_00033_trial_01.rho
     1       34       0.5648     14875.3103     -17.6130      4.20817     4.20817   14875.3103     4.20817      1 chain_01/itr_00034_trial_01.rho
     1       35       0.5551     15988.3315    1113.0212      4.36277     4.36277   14875.3103     4.20817      1 chain_01/itr_00035_trial_01.rho
     1       36       0.5456     16963.2861     974.9546      4.49382     4.49382   14875.3103     4.20817      1 chain_01/itr_00036_trial_01.rho
     1       37       0.5362     16222.2464    -741.0397      4.39456     4.39456   14875.3103     4.20817      1 chain_01/itr_00037_trial_01.rho
     1       38        0.527     16222.2464       0.0000      4.39456     4.39456   14875.3103     4.20817      0 -
     1       39       0.5179     15445.4973    -776.7490      4.28806     4.28806   14875.3103     4.20817      1 chain_01/itr_00039_trial_01.rho
     1       40       0.5091     14544.4928    -901.0045      4.16111     4.16111   14544.4928     4.16111      1 chain_01/itr_00040_trial_01.rho
     1       41       0.5003     14268.5953    -275.8976      4.12146     4.12146   14268.5953     4.12146      1 chain_01/itr_00041_trial_01.rho
     1       42       0.4917     14819.9606     551.3654      4.20033     4.20033   14268.5953     4.12146      1 chain_01/itr_00042_trial_01.rho
     1       43       0.4833     16015.7006    1195.7400      4.36650     4.36650   14268.5953     4.12146      1 chain_01/itr_00043_trial_01.rho
     1       44        0.475     15741.9296    -273.7710      4.32902     4.32902   14268.5953     4.12146      1 chain_01/itr_00044_trial_01.rho
     1       45       0.4668     15383.9312    -357.9984      4.27951     4.27951   14268.5953     4.12146      1 chain_01/itr_00045_trial_01.rho
     1       46       0.4588     16210.3513     826.4201      4.39295     4.39295   14268.5953     4.12146      1 chain_01/itr_00046_trial_01.rho
     1       47        0.451     17458.6477    1248.2964      4.55896     4.55896   14268.5953     4.12146      1 chain_01/itr_00047_trial_01.rho
     1       48       0.4432     18097.1393     638.4916      4.64157     4.64157   14268.5953     4.12146      1 chain_01/itr_00048_trial_01.rho
     1       49       0.4356     18097.1393       0.0000      4.64157     4.64157   14268.5953     4.12146      0 -
     1       50       0.4281     17256.9322    -840.2071      4.53255     4.53255   14268.5953     4.12146      1 chain_01/itr_00050_trial_01.rho
     1       51       0.4208     16792.2257    -464.7065      4.47110     4.47110   14268.5953     4.12146      1 chain_01/itr_00051_trial_01.rho
     1       52       0.4136     17018.8549     226.6292      4.50117     4.50117   14268.5953     4.12146      1 chain_01/itr_00052_trial_01.rho
     1       53       0.4065     18353.7504    1334.8955      4.67437     4.67437   14268.5953     4.12146      1 chain_01/itr_00053_trial_01.rho
     1       54       0.3995     19265.5421     911.7917      4.78907     4.78907   14268.5953     4.12146      1 chain_01/itr_00054_trial_01.rho
     1       55       0.3926     19188.9803     -76.5618      4.77954     4.77954   14268.5953     4.12146      1 chain_01/itr_00055_trial_01.rho
     1       56       0.3859     19531.4314     342.4510      4.82200     4.82200   14268.5953     4.12146      1 chain_01/itr_00056_trial_01.rho
     1       57       0.3793     19813.0776     281.6462      4.85664     4.85664   14268.5953     4.12146      1 chain_01/itr_00057_trial_01.rho
     1       58       0.3728     20506.8895     693.8118      4.94095     4.94095   14268.5953     4.12146      1 chain_01/itr_00058_trial_01.rho
     1       59       0.3664     20705.2849     198.3955      4.96479     4.96479   14268.5953     4.12146      1 chain_01/itr_00059_trial_01.rho
     1       60       0.3601     21155.9446     450.6597      5.01853     5.01853   14268.5953     4.12146      1 chain_01/itr_00060_trial_01.rho
     1       61       0.3539     21272.3580     116.4134      5.03232     5.03232   14268.5953     4.12146      1 chain_01/itr_00061_trial_01.rho
     1       62       0.3478     20701.1858    -571.1721      4.96430     4.96430   14268.5953     4.12146      1 chain_01/itr_00062_trial_01.rho
     1       63       0.3418     20605.2614     -95.9244      4.95278     4.95278   14268.5953     4.12146      1 chain_01/itr_00063_trial_01.rho
     1       64        0.336     20199.0023    -406.2591      4.90372     4.90372   14268.5953     4.12146      1 chain_01/itr_00064_trial_01.rho
     1       65       0.3302     19773.5849    -425.4174      4.85180     4.85180   14268.5953     4.12146      1 chain_01/itr_00065_trial_01.rho
     1       66       0.3245     19725.1390     -48.4459      4.84585     4.84585   14268.5953     4.12146      1 chain_01/itr_00066_trial_01.rho
     1       67        0.319     20281.9533     556.8143      4.91377     4.91377   14268.5953     4.12146      1 chain_01/itr_00067_trial_01.rho
     1       68       0.3135     19785.7423    -496.2109      4.85329     4.85329   14268.5953     4.12146      1 chain_01/itr_00068_trial_01.rho
     1       69       0.3081     19582.7270    -203.0154      4.82833     4.82833   14268.5953     4.12146      1 chain_01/itr_00069_trial_01.rho
     1       70       0.3028     19038.9653    -543.7617      4.76082     4.76082   14268.5953     4.12146      1 chain_01/itr_00070_trial_01.rho
     1       71       0.2976     19038.9653       0.0000      4.76082     4.76082   14268.5953     4.12146      0 -
     1       72       0.2925     19937.7870     898.8217      4.87191     4.87191   14268.5953     4.12146      1 chain_01/itr_00072_trial_01.rho
     1       73       0.2875     19937.7870       0.0000      4.87191     4.87191   14268.5953     4.12146      0 -
     1       74       0.2826     19942.9745       5.1875      4.87254     4.87254   14268.5953     4.12146      1 chain_01/itr_00074_trial_01.rho
     1       75       0.2777     19438.0027    -504.9718      4.81046     4.81046   14268.5953     4.12146      1 chain_01/itr_00075_trial_01.rho
     1       76        0.273     18152.9208   -1285.0818      4.64872     4.64872   14268.5953     4.12146      1 chain_01/itr_00076_trial_01.rho
     1       77       0.2683     19754.5280    1601.6072      4.84946     4.84946   14268.5953     4.12146      1 chain_01/itr_00077_trial_01.rho
     1       78       0.2637     20317.8650     563.3370      4.91812     4.91812   14268.5953     4.12146      1 chain_01/itr_00078_trial_01.rho
     1       79       0.2591     23111.9993    2794.1343      5.24541     5.24541   14268.5953     4.12146      1 chain_01/itr_00079_trial_01.rho
     1       80       0.2547     24769.8976    1657.8983      5.43028     5.43028   14268.5953     4.12146      1 chain_01/itr_00080_trial_01.rho
     1       81       0.2503     23066.8260   -1703.0716      5.24028     5.24028   14268.5953     4.12146      1 chain_01/itr_00081_trial_01.rho
     1       82        0.246     24422.3595    1355.5335      5.39205     5.39205   14268.5953     4.12146      1 chain_01/itr_00082_trial_01.rho
     1       83       0.2418     25562.5498    1140.1903      5.51649     5.51649   14268.5953     4.12146      1 chain_01/itr_00083_trial_01.rho
     1       84       0.2377     24798.1607    -764.3891      5.43338     5.43338   14268.5953     4.12146      1 chain_01/itr_00084_trial_01.rho
     1       85       0.2336     26605.8825    1807.7218      5.62794     5.62794   14268.5953     4.12146      1 chain_01/itr_00085_trial_01.rho
     1       86       0.2296     27731.3128    1125.4303      5.74573     5.74573   14268.5953     4.12146      1 chain_01/itr_00086_trial_01.rho
     1       87       0.2256     27731.3128       0.0000      5.74573     5.74573   14268.5953     4.12146      0 -
     1       88       0.2218     28351.9645     620.6518      5.80968     5.80968   14268.5953     4.12146      1 chain_01/itr_00088_trial_01.rho
     1       89       0.2179     26808.2135   -1543.7511      5.64930     5.64930   14268.5953     4.12146      1 chain_01/itr_00089_trial_01.rho
     1       90       0.2142     25697.9725   -1110.2410      5.53108     5.53108   14268.5953     4.12146      1 chain_01/itr_00090_trial_01.rho
     1       91       0.2105     25697.9725       0.0000      5.53108     5.53108   14268.5953     4.12146      0 -
     1       92       0.2069     26874.3779    1176.4055      5.65626     5.65626   14268.5953     4.12146      1 chain_01/itr_00092_trial_01.rho
     1       93       0.2034     26542.3604    -332.0175      5.62121     5.62121   14268.5953     4.12146      1 chain_01/itr_00093_trial_01.rho
     1       94       0.1999     25657.9513    -884.4091      5.52677     5.52677   14268.5953     4.12146      1 chain_01/itr_00094_trial_01.rho
     1       95       0.1964     26258.2724     600.3211      5.59105     5.59105   14268.5953     4.12146      1 chain_01/itr_00095_trial_01.rho
     1       96       0.1931     25949.7984    -308.4740      5.55811     5.55811   14268.5953     4.12146      1 chain_01/itr_00096_trial_01.rho
     1       97       0.1898     25605.2935    -344.5049      5.52110     5.52110   14268.5953     4.12146      1 chain_01/itr_00097_trial_01.rho
     1       98       0.1865     27162.8128    1557.5193      5.68654     5.68654   14268.5953     4.12146      1 chain_01/itr_00098_trial_01.rho
     1       99       0.1833     29074.4095    1911.5966      5.88323     5.88323   14268.5953     4.12146      1 chain_01/itr_00099_trial_01.rho
     1      100       0.1802     29074.4095       0.0000      5.88323     5.88323   14268.5953     4.12146      0 -
     1      101       0.1771     30954.5820    1880.1725      6.07048     6.07048   14268.5953     4.12146      1 chain_01/itr_00101_trial_01.rho
     1      102        0.174     32741.0562    1786.4743      6.24319     6.24319   14268.5953     4.12146      1 chain_01/itr_00102_trial_01.rho
     1      103        0.171     33438.3373     697.2811      6.30932     6.30932   14268.5953     4.12146      1 chain_01/itr_00103_trial_01.rho
     1      104       0.1681     32726.2513    -712.0860      6.24178     6.24178   14268.5953     4.12146      1 chain_01/itr_00104_trial_01.rho
     1      105       0.1652     31552.1558   -1174.0956      6.12879     6.12879   14268.5953     4.12146      1 chain_01/itr_00105_trial_01.rho
     1      106       0.1624     31580.6537      28.4979      6.13156     6.13156   14268.5953     4.12146      1 chain_01/itr_00106_trial_01.rho
     1      107       0.1596     31580.6537       0.0000      6.13156     6.13156   14268.5953     4.12146      0 -
     1      108       0.1569     33910.0301    2329.3764      6.35367     6.35367   14268.5953     4.12146      1 chain_01/itr_00108_trial_01.rho
     1      109       0.1542     34682.0498     772.0197      6.42559     6.42559   14268.5953     4.12146      1 chain_01/itr_00109_trial_01.rho
     1      110       0.1515     30981.4655   -3700.5842      6.07311     6.07311   14268.5953     4.12146      1 chain_01/itr_00110_trial_01.rho
     1      111       0.1489     33008.8173    2027.3518      6.26867     6.26867   14268.5953     4.12146      1 chain_01/itr_00111_trial_01.rho
     1      112       0.1464     33769.2137     760.3964      6.34046     6.34046   14268.5953     4.12146      1 chain_01/itr_00112_trial_01.rho
     1      113       0.1438     32720.8349   -1048.3788      6.24126     6.24126   14268.5953     4.12146      1 chain_01/itr_00113_trial_01.rho
     1      114       0.1414     30043.3128   -2677.5220      5.98046     5.98046   14268.5953     4.12146      1 chain_01/itr_00114_trial_01.rho
     1      115       0.1389     30043.3128       0.0000      5.98046     5.98046   14268.5953     4.12146      0 -
     1      116       0.1366     30650.2686     606.9558      6.04056     6.04056   14268.5953     4.12146      1 chain_01/itr_00116_trial_01.rho
     1      117       0.1342     30891.8493     241.5806      6.06432     6.06432   14268.5953     4.12146      1 chain_01/itr_00117_trial_01.rho
     1      118       0.1319     30891.8493       0.0000      6.06432     6.06432   14268.5953     4.12146      0 -
     1      119       0.1297     31507.3984     615.5491      6.12444     6.12444   14268.5953     4.12146      1 chain_01/itr_00119_trial_01.rho
     1      120       0.1274     31507.3984       0.0000      6.12444     6.12444   14268.5953     4.12146      0 -
     1      121       0.1252     31648.9895     141.5911      6.13819     6.13819   14268.5953     4.12146      1 chain_01/itr_00121_trial_01.rho
     1      122       0.1231     31265.5951    -383.3944      6.10090     6.10090   14268.5953     4.12146      1 chain_01/itr_00122_trial_01.rho
     1      123        0.121     31336.5823      70.9871      6.10782     6.10782   14268.5953     4.12146      1 chain_01/itr_00123_trial_01.rho
     1      124       0.1189     31336.5823       0.0000      6.10782     6.10782   14268.5953     4.12146      0 -
     1      125       0.1169     31065.1695    -271.4127      6.08131     6.08131   14268.5953     4.12146      1 chain_01/itr_00125_trial_01.rho
     1      126       0.1149     33336.9014    2271.7319      6.29975     6.29975   14268.5953     4.12146      1 chain_01/itr_00126_trial_01.rho
     1      127       0.1129     32500.5445    -836.3570      6.22022     6.22022   14268.5953     4.12146      1 chain_01/itr_00127_trial_01.rho
     1      128       0.1109     32500.5445       0.0000      6.22022     6.22022   14268.5953     4.12146      0 -
     1      129        0.109     32500.5445       0.0000      6.22022     6.22022   14268.5953     4.12146      0 -
     1      130       0.1072     35148.8368    2648.2923      6.46868     6.46868   14268.5953     4.12146      1 chain_01/itr_00130_trial_01.rho
     1      131       0.1053     36899.9317    1751.0949      6.62786     6.62786   14268.5953     4.12146      1 chain_01/itr_00131_trial_01.rho
     1      132       0.1035     37809.0861     909.1544      6.70901     6.70901   14268.5953     4.12146      1 chain_01/itr_00132_trial_01.rho
     1      133       0.1017     40016.6308    2207.5446      6.90209     6.90209   14268.5953     4.12146      1 chain_01/itr_00133_trial_01.rho
     1      134          0.1     42051.1562    2034.5255      7.07537     7.07537   14268.5953     4.12146      1 chain_01/itr_00134_trial_01.rho
     1      135      0.09828     37596.5664   -4454.5898      6.69013     6.69013   14268.5953     4.12146      1 chain_01/itr_00135_trial_01.rho
     1      136       0.0966     35748.0611   -1848.5053      6.52359     6.52359   14268.5953     4.12146      1 chain_01/itr_00136_trial_01.rho
     1      137      0.09494     35937.7541     189.6930      6.54087     6.54087   14268.5953     4.12146      1 chain_01/itr_00137_trial_01.rho
     1      138      0.09331     35937.7541       0.0000      6.54087     6.54087   14268.5953     4.12146      0 -
     1      139      0.09171     38289.2007    2351.4466      6.75147     6.75147   14268.5953     4.12146      1 chain_01/itr_00139_trial_01.rho
     1      140      0.09013     37043.5533   -1245.6474      6.64074     6.64074   14268.5953     4.12146      1 chain_01/itr_00140_trial_01.rho
     1      141      0.08859     35801.8213   -1241.7320      6.52849     6.52849   14268.5953     4.12146      1 chain_01/itr_00141_trial_01.rho
     1      142      0.08707     36041.3850     239.5637      6.55030     6.55030   14268.5953     4.12146      1 chain_01/itr_00142_trial_01.rho
     1      143      0.08557     36041.3850       0.0000      6.55030     6.55030   14268.5953     4.12146      0 -
     1      144       0.0841     36537.3060     495.9210      6.59521     6.59521   14268.5953     4.12146      1 chain_01/itr_00144_trial_01.rho
     1      145      0.08266     36357.4042    -179.9018      6.57895     6.57895   14268.5953     4.12146      1 chain_01/itr_00145_trial_01.rho
     1      146      0.08124     34775.8875   -1581.5167      6.43427     6.43427   14268.5953     4.12146      1 chain_01/itr_00146_trial_01.rho
     1      147      0.07985     34775.8875       0.0000      6.43427     6.43427   14268.5953     4.12146      0 -
     1      148      0.07848     34248.9829    -526.9046      6.38534     6.38534   14268.5953     4.12146      1 chain_01/itr_00148_trial_01.rho
     1      149      0.07713     35021.0256     772.0427      6.45691     6.45691   14268.5953     4.12146      1 chain_01/itr_00149_trial_01.rho
     1      150      0.07581     35027.4631       6.4375      6.45750     6.45750   14268.5953     4.12146      1 chain_01/itr_00150_trial_01.rho
     1      151       0.0745     35027.4631       0.0000      6.45750     6.45750   14268.5953     4.12146      0 -
     1      152      0.07323     36480.7874    1453.3242      6.59011     6.59011   14268.5953     4.12146      1 chain_01/itr_00152_trial_01.rho
     1      153      0.07197     33812.0118   -2668.7756      6.34448     6.34448   14268.5953     4.12146      1 chain_01/itr_00153_trial_01.rho
     1      154      0.07073     35992.4150    2180.4032      6.54585     6.54585   14268.5953     4.12146      1 chain_01/itr_00154_trial_01.rho
     1      155      0.06952     33971.9300   -2020.4849      6.35946     6.35946   14268.5953     4.12146      1 chain_01/itr_00155_trial_01.rho
     1      156      0.06833     32849.0728   -1122.8573      6.25348     6.25348   14268.5953     4.12146      1 chain_01/itr_00156_trial_01.rho
     1      157      0.06715     34217.6142    1368.5415      6.38242     6.38242   14268.5953     4.12146      1 chain_01/itr_00157_trial_01.rho
     1      158        0.066     34147.3754     -70.2388      6.37586     6.37586   14268.5953     4.12146      1 chain_01/itr_00158_trial_01.rho
     1      159      0.06487     32793.4385   -1353.9369      6.24818     6.24818   14268.5953     4.12146      1 chain_01/itr_00159_trial_01.rho
     1      160      0.06375     31528.0213   -1265.4172      6.12645     6.12645   14268.5953     4.12146      1 chain_01/itr_00160_trial_01.rho
     1      161      0.06266     31792.8557     264.8344      6.15212     6.15212   14268.5953     4.12146      1 chain_01/itr_00161_trial_01.rho
     1      162      0.06158     31519.1491    -273.7066      6.12559     6.12559   14268.5953     4.12146      1 chain_01/itr_00162_trial_01.rho
     1      163      0.06053     29702.9653   -1816.1837      5.94648     5.94648   14268.5953     4.12146      1 chain_01/itr_00163_trial_01.rho
     1      164      0.05949     30202.0366     499.0713      5.99623     5.99623   14268.5953     4.12146      1 chain_01/itr_00164_trial_01.rho
     1      165      0.05847     30202.0366       0.0000      5.99623     5.99623   14268.5953     4.12146      0 -
     1      166      0.05746     30202.0366       0.0000      5.99623     5.99623   14268.5953     4.12146      0 -
     1      167      0.05648     30202.0366       0.0000      5.99623     5.99623   14268.5953     4.12146      0 -
     1      168      0.05551     30857.1923     655.1557      6.06092     6.06092   14268.5953     4.12146      1 chain_01/itr_00168_trial_01.rho
     1      169      0.05456     31883.6515    1026.4592      6.16090     6.16090   14268.5953     4.12146      1 chain_01/itr_00169_trial_01.rho
     1      170      0.05362     31883.6515       0.0000      6.16090     6.16090   14268.5953     4.12146      0 -
     1      171       0.0527     31883.6515       0.0000      6.16090     6.16090   14268.5953     4.12146      0 -
     1      172      0.05179     30551.7103   -1331.9412      6.03084     6.03084   14268.5953     4.12146      1 chain_01/itr_00172_trial_01.rho
     1      173      0.05091     30439.8679    -111.8425      6.01980     6.01980   14268.5953     4.12146      1 chain_01/itr_00173_trial_01.rho
     1      174      0.05003     30439.8679       0.0000      6.01980     6.01980   14268.5953     4.12146      0 -
     1      175      0.04917     28734.6029   -1705.2650      5.84875     5.84875   14268.5953     4.12146      1 chain_01/itr_00175_trial_01.rho
     1      176      0.04833     29580.9238     846.3209      5.93426     5.93426   14268.5953     4.12146      1 chain_01/itr_00176_trial_01.rho
     1      177       0.0475     31312.2278    1731.3040      6.10545     6.10545   14268.5953     4.12146      1 chain_01/itr_00177_trial_01.rho
     1      178      0.04668     32759.5450    1447.3171      6.24495     6.24495   14268.5953     4.12146      1 chain_01/itr_00178_trial_01.rho
     1      179      0.04588     32759.5450       0.0000      6.24495     6.24495   14268.5953     4.12146      0 -
     1      180       0.0451     31514.1331   -1245.4118      6.12510     6.12510   14268.5953     4.12146      1 chain_01/itr_00180_trial_01.rho
     1      181      0.04432     31514.1331       0.0000      6.12510     6.12510   14268.5953     4.12146      0 -
     1      182      0.04356     31596.6481      82.5150      6.13311     6.13311   14268.5953     4.12146      1 chain_01/itr_00182_trial_01.rho
     1      183      0.04281     30840.3744    -756.2737      6.05927     6.05927   14268.5953     4.12146      1 chain_01/itr_00183_trial_01.rho
     1      184      0.04208     31704.4132     864.0388      6.14356     6.14356   14268.5953     4.12146      1 chain_01/itr_00184_trial_01.rho
     1      185      0.04136     32571.2723     866.8591      6.22698     6.22698   14268.5953     4.12146      1 chain_01/itr_00185_trial_01.rho
     1      186      0.04065     32684.1728     112.9005      6.23777     6.23777   14268.5953     4.12146      1 chain_01/itr_00186_trial_01.rho
     1      187      0.03995     32684.1728       0.0000      6.23777     6.23777   14268.5953     4.12146      0 -
     1      188      0.03926     31322.7570   -1361.4158      6.10647     6.10647   14268.5953     4.12146      1 chain_01/itr_00188_trial_01.rho
     1      189      0.03859     31322.7570       0.0000      6.10647     6.10647   14268.5953     4.12146      0 -
     1      190      0.03793     31322.7570       0.0000      6.10647     6.10647   14268.5953     4.12146      0 -
     1      191      0.03728     31322.7570       0.0000      6.10647     6.10647   14268.5953     4.12146      0 -
     1      192      0.03664     30403.3898    -919.3671      6.01619     6.01619   14268.5953     4.12146      1 chain_01/itr_00192_trial_01.rho
     1      193      0.03601     30403.3898       0.0000      6.01619     6.01619   14268.5953     4.12146      0 -
     1      194      0.03539     30403.3898       0.0000      6.01619     6.01619   14268.5953     4.12146      0 -
     1      195      0.03478     30917.4403     514.0505      6.06683     6.06683   14268.5953     4.12146      1 chain_01/itr_00195_trial_01.rho
     1      196      0.03418     30659.6906    -257.7498      6.04149     6.04149   14268.5953     4.12146      1 chain_01/itr_00196_trial_01.rho
     1      197       0.0336     30659.6906       0.0000      6.04149     6.04149   14268.5953     4.12146      0 -
     1      198      0.03302     29216.4923   -1443.1983      5.89759     5.89759   14268.5953     4.12146      1 chain_01/itr_00198_trial_01.rho
     1      199      0.03245     30390.7308    1174.2385      6.01493     6.01493   14268.5953     4.12146      1 chain_01/itr_00199_trial_01.rho
     1      200       0.0319     29496.2145    -894.5163      5.92575     5.92575   14268.5953     4.12146      1 chain_01/itr_00200_trial_01.rho
     1      201      0.03135     29496.2145       0.0000      5.92575     5.92575   14268.5953     4.12146      0 -
     1      202      0.03081     29075.3120    -420.9025      5.88332     5.88332   14268.5953     4.12146      1 chain_01/itr_00202_trial_01.rho
     1      203      0.03028     29065.2694     -10.0426      5.88230     5.88230   14268.5953     4.12146      1 chain_01/itr_00203_trial_01.rho
     1      204      0.02976     28914.0877    -151.1817      5.86699     5.86699   14268.5953     4.12146      1 chain_01/itr_00204_trial_01.rho
     1      205      0.02925     28026.3458    -887.7419      5.77622     5.77622   14268.5953     4.12146      1 chain_01/itr_00205_trial_01.rho
     1      206      0.02875     27686.8169    -339.5289      5.74112     5.74112   14268.5953     4.12146      1 chain_01/itr_00206_trial_01.rho
     1      207      0.02826     27686.8169       0.0000      5.74112     5.74112   14268.5953     4.12146      0 -
     1      208      0.02777     27686.8169       0.0000      5.74112     5.74112   14268.5953     4.12146      0 -
     1      209       0.0273     27867.6832     180.8663      5.75984     5.75984   14268.5953     4.12146      1 chain_01/itr_00209_trial_01.rho
     1      210      0.02683     27867.6832       0.0000      5.75984     5.75984   14268.5953     4.12146      0 -
     1      211      0.02637     28167.6143     299.9310      5.79076     5.79076   14268.5953     4.12146      1 chain_01/itr_00211_trial_01.rho
     1      212      0.02591     27671.0642    -496.5501      5.73949     5.73949   14268.5953     4.12146      1 chain_01/itr_00212_trial_01.rho
     1      213      0.02547     27683.0251      11.9610      5.74073     5.74073   14268.5953     4.12146      1 chain_01/itr_00213_trial_01.rho
     1      214      0.02503     26468.8452   -1214.1799      5.61342     5.61342   14268.5953     4.12146      1 chain_01/itr_00214_trial_01.rho
     1      215       0.0246     26468.8452       0.0000      5.61342     5.61342   14268.5953     4.12146      0 -
     1      216      0.02418     26468.8452       0.0000      5.61342     5.61342   14268.5953     4.12146      0 -
     1      217      0.02377     26468.8452       0.0000      5.61342     5.61342   14268.5953     4.12146      0 -
     1      218      0.02336     25283.5419   -1185.3034      5.48630     5.48630   14268.5953     4.12146      1 chain_01/itr_00218_trial_01.rho
     1      219      0.02296     25112.6307    -170.9112      5.46772     5.46772   14268.5953     4.12146      1 chain_01/itr_00219_trial_01.rho
     1      220      0.02256     24929.4671    -183.1636      5.44775     5.44775   14268.5953     4.12146      1 chain_01/itr_00220_trial_01.rho
     1      221      0.02218     24576.2284    -353.2387      5.40901     5.40901   14268.5953     4.12146      1 chain_01/itr_00221_trial_01.rho
     1      222      0.02179     24606.7901      30.5616      5.41237     5.41237   14268.5953     4.12146      1 chain_01/itr_00222_trial_01.rho
     1      223      0.02142     24606.7901       0.0000      5.41237     5.41237   14268.5953     4.12146      0 -
     1      224      0.02105     24606.7901       0.0000      5.41237     5.41237   14268.5953     4.12146      0 -
     1      225      0.02069     24606.7901       0.0000      5.41237     5.41237   14268.5953     4.12146      0 -
     1      226      0.02034     25454.4625     847.6724      5.50481     5.50481   14268.5953     4.12146      1 chain_01/itr_00226_trial_01.rho
     1      227      0.01999     26104.4825     650.0200      5.57465     5.57465   14268.5953     4.12146      1 chain_01/itr_00227_trial_01.rho
     1      228      0.01964     26104.4825       0.0000      5.57465     5.57465   14268.5953     4.12146      0 -
     1      229      0.01931     26104.4825       0.0000      5.57465     5.57465   14268.5953     4.12146      0 -
     1      230      0.01898     25784.8566    -319.6258      5.54042     5.54042   14268.5953     4.12146      1 chain_01/itr_00230_trial_01.rho
     1      231      0.01865     25058.2171    -726.6395      5.46180     5.46180   14268.5953     4.12146      1 chain_01/itr_00231_trial_01.rho
     1      232      0.01833     24093.7514    -964.4657      5.35565     5.35565   14268.5953     4.12146      1 chain_01/itr_00232_trial_01.rho
     1      233      0.01802     23599.2811    -494.4703      5.30041     5.30041   14268.5953     4.12146      1 chain_01/itr_00233_trial_01.rho
     1      234      0.01771     23599.2811       0.0000      5.30041     5.30041   14268.5953     4.12146      0 -
     1      235       0.0174     23554.8987     -44.3824      5.29543     5.29543   14268.5953     4.12146      1 chain_01/itr_00235_trial_01.rho
     1      236       0.0171     25003.9904    1449.0917      5.45588     5.45588   14268.5953     4.12146      1 chain_01/itr_00236_trial_01.rho
     1      237      0.01681     25003.9904       0.0000      5.45588     5.45588   14268.5953     4.12146      0 -
     1      238      0.01652     24423.5708    -580.4196      5.39219     5.39219   14268.5953     4.12146      1 chain_01/itr_00238_trial_01.rho
     1      239      0.01624     24423.5708       0.0000      5.39219     5.39219   14268.5953     4.12146      0 -
     1      240      0.01596     24024.7469    -398.8239      5.34798     5.34798   14268.5953     4.12146      1 chain_01/itr_00240_trial_01.rho
     1      241      0.01569     23431.0296    -593.7173      5.28148     5.28148   14268.5953     4.12146      1 chain_01/itr_00241_trial_01.rho
     1      242      0.01542     24116.8153     685.7857      5.35822     5.35822   14268.5953     4.12146      1 chain_01/itr_00242_trial_01.rho
     1      243      0.01515     24116.8153       0.0000      5.35822     5.35822   14268.5953     4.12146      0 -
     1      244      0.01489     24546.2679     429.4526      5.40571     5.40571   14268.5953     4.12146      1 chain_01/itr_00244_trial_01.rho
     1      245      0.01464     23237.4719   -1308.7960      5.25963     5.25963   14268.5953     4.12146      1 chain_01/itr_00245_trial_01.rho
     1      246      0.01438     23200.1701     -37.3019      5.25540     5.25540   14268.5953     4.12146      1 chain_01/itr_00246_trial_01.rho
     1      247      0.01414     23200.1701       0.0000      5.25540     5.25540   14268.5953     4.12146      0 -
     1      248      0.01389     23001.9550    -198.2151      5.23290     5.23290   14268.5953     4.12146      1 chain_01/itr_00248_trial_01.rho
     1      249      0.01366     23186.2970     184.3420      5.25383     5.25383   14268.5953     4.12146      1 chain_01/itr_00249_trial_01.rho
     1      250      0.01342     23186.2970       0.0000      5.25383     5.25383   14268.5953     4.12146      0 -
     1      251      0.01319     23542.1861     355.8892      5.29400     5.29400   14268.5953     4.12146      1 chain_01/itr_00251_trial_01.rho
     1      252      0.01297     23542.1861       0.0000      5.29400     5.29400   14268.5953     4.12146      0 -
     1      253      0.01274     23665.1757     122.9896      5.30781     5.30781   14268.5953     4.12146      1 chain_01/itr_00253_trial_01.rho
     1      254      0.01252     24406.5549     741.3792      5.39031     5.39031   14268.5953     4.12146      1 chain_01/itr_00254_trial_01.rho
     1      255      0.01231     24519.0018     112.4469      5.40271     5.40271   14268.5953     4.12146      1 chain_01/itr_00255_trial_01.rho
     1      256       0.0121     24235.6684    -283.3334      5.37140     5.37140   14268.5953     4.12146      1 chain_01/itr_00256_trial_01.rho
     1      257      0.01189     23048.8752   -1186.7932      5.23824     5.23824   14268.5953     4.12146      1 chain_01/itr_00257_trial_01.rho
     1      258      0.01169     23138.6323      89.7571      5.24843     5.24843   14268.5953     4.12146      1 chain_01/itr_00258_trial_01.rho
     1      259      0.01149     23134.9347      -3.6976      5.24801     5.24801   14268.5953     4.12146      1 chain_01/itr_00259_trial_01.rho
     1      260      0.01129     23446.9201     311.9854      5.28328     5.28328   14268.5953     4.12146      1 chain_01/itr_00260_trial_01.rho
     1      261      0.01109     23446.9201       0.0000      5.28328     5.28328   14268.5953     4.12146      0 -
     1      262       0.0109     23446.9201       0.0000      5.28328     5.28328   14268.5953     4.12146      0 -
     1      263      0.01072     23446.9201       0.0000      5.28328     5.28328   14268.5953     4.12146      0 -
     1      264      0.01053     22532.1816    -914.7384      5.17919     5.17919   14268.5953     4.12146      1 chain_01/itr_00264_trial_01.rho
     1      265      0.01035     22532.1816       0.0000      5.17919     5.17919   14268.5953     4.12146      0 -
     1      266      0.01017     22532.1816       0.0000      5.17919     5.17919   14268.5953     4.12146      0 -
     1      267         0.01     22748.5896     216.4080      5.20400     5.20400   14268.5953     4.12146      1 chain_01/itr_00267_trial_01.rho
     1      268     0.009828     22748.5896       0.0000      5.20400     5.20400   14268.5953     4.12146      0 -
     1      269      0.00966     22748.5896       0.0000      5.20400     5.20400   14268.5953     4.12146      0 -
     1      270     0.009494     22748.5896       0.0000      5.20400     5.20400   14268.5953     4.12146      0 -
     1      271     0.009331     22938.8518     190.2622      5.22572     5.22572   14268.5953     4.12146      1 chain_01/itr_00271_trial_01.rho
     1      272     0.009171     22450.2991    -488.5527      5.16977     5.16977   14268.5953     4.12146      1 chain_01/itr_00272_trial_01.rho
     1      273     0.009013     22450.2991       0.0000      5.16977     5.16977   14268.5953     4.12146      0 -
     1      274     0.008859     21744.1460    -706.1531      5.08782     5.08782   14268.5953     4.12146      1 chain_01/itr_00274_trial_01.rho
     1      275     0.008707     21119.5814    -624.5646      5.01422     5.01422   14268.5953     4.12146      1 chain_01/itr_00275_trial_01.rho
     1      276     0.008557     20791.7755    -327.8058      4.97515     4.97515   14268.5953     4.12146      1 chain_01/itr_00276_trial_01.rho
     1      277      0.00841     20667.7161    -124.0595      4.96028     4.96028   14268.5953     4.12146      1 chain_01/itr_00277_trial_01.rho
     1      278     0.008266     20667.7161       0.0000      4.96028     4.96028   14268.5953     4.12146      0 -
     1      279     0.008124     19909.5648    -758.1513      4.86846     4.86846   14268.5953     4.12146      1 chain_01/itr_00279_trial_01.rho
     1      280     0.007985     19634.2452    -275.3196      4.83468     4.83468   14268.5953     4.12146      1 chain_01/itr_00280_trial_01.rho
     1      281     0.007848     19634.2452       0.0000      4.83468     4.83468   14268.5953     4.12146      0 -
     1      282     0.007713     19614.7037     -19.5414      4.83227     4.83227   14268.5953     4.12146      1 chain_01/itr_00282_trial_01.rho
     1      283     0.007581     19614.7037       0.0000      4.83227     4.83227   14268.5953     4.12146      0 -
     1      284      0.00745     19614.7037       0.0000      4.83227     4.83227   14268.5953     4.12146      0 -
     1      285     0.007323     19614.7037       0.0000      4.83227     4.83227   14268.5953     4.12146      0 -
     1      286     0.007197     19505.5708    -109.1329      4.81881     4.81881   14268.5953     4.12146      1 chain_01/itr_00286_trial_01.rho
     1      287     0.007073     19299.9276    -205.6432      4.79334     4.79334   14268.5953     4.12146      1 chain_01/itr_00287_trial_01.rho
     1      288     0.006952     19299.9276       0.0000      4.79334     4.79334   14268.5953     4.12146      0 -
     1      289     0.006833     19299.9276       0.0000      4.79334     4.79334   14268.5953     4.12146      0 -
     1      290     0.006715     19299.9276       0.0000      4.79334     4.79334   14268.5953     4.12146      0 -
     1      291       0.0066     19299.9276       0.0000      4.79334     4.79334   14268.5953     4.12146      0 -
     1      292     0.006487     19299.9276       0.0000      4.79334     4.79334   14268.5953     4.12146      0 -
     1      293     0.006375     19299.9276       0.0000      4.79334     4.79334   14268.5953     4.12146      0 -
     1      294     0.006266     18982.5395    -317.3881      4.75376     4.75376   14268.5953     4.12146      1 chain_01/itr_00294_trial_01.rho
     1      295     0.006158     18982.5395       0.0000      4.75376     4.75376   14268.5953     4.12146      0 -
     1      296     0.006053     18982.5395       0.0000      4.75376     4.75376   14268.5953     4.12146      0 -
     1      297     0.005949     18982.5395       0.0000      4.75376     4.75376   14268.5953     4.12146      0 -
     1      298     0.005847     18982.5395       0.0000      4.75376     4.75376   14268.5953     4.12146      0 -
     1      299     0.005746     18147.9996    -834.5399      4.64809     4.64809   14268.5953     4.12146      1 chain_01/itr_00299_trial_01.rho
     1      300     0.005648     18147.9656      -0.0340      4.64809     4.64809   14268.5953     4.12146      1 chain_01/itr_00300_trial_01.rho
     1      301     0.005551     18147.9656       0.0000      4.64809     4.64809   14268.5953     4.12146      0 -
     1      302     0.005456     18147.9656       0.0000      4.64809     4.64809   14268.5953     4.12146      0 -
     1      303     0.005362     18144.0293      -3.9363      4.64758     4.64758   14268.5953     4.12146      1 chain_01/itr_00303_trial_01.rho
     1      304      0.00527     18104.8507     -39.1786      4.64256     4.64256   14268.5953     4.12146      1 chain_01/itr_00304_trial_01.rho
     1      305     0.005179     18104.8507       0.0000      4.64256     4.64256   14268.5953     4.12146      0 -
     1      306     0.005091     18241.8083     136.9576      4.66009     4.66009   14268.5953     4.12146      1 chain_01/itr_00306_trial_01.rho
     1      307     0.005003     18241.8083       0.0000      4.66009     4.66009   14268.5953     4.12146      0 -
     1      308     0.004917     18241.8083       0.0000      4.66009     4.66009   14268.5953     4.12146      0 -
     1      309     0.004833     18241.8083       0.0000      4.66009     4.66009   14268.5953     4.12146      0 -
     1      310      0.00475     18241.8083       0.0000      4.66009     4.66009   14268.5953     4.12146      0 -
     1      311     0.004668     18241.8083       0.0000      4.66009     4.66009   14268.5953     4.12146      0 -
     1      312     0.004588     18241.8083       0.0000      4.66009     4.66009   14268.5953     4.12146      0 -
     1      313      0.00451     17792.8310    -448.9773      4.60238     4.60238   14268.5953     4.12146      1 chain_01/itr_00313_trial_01.rho
     1      314     0.004432     17773.7847     -19.0463      4.59992     4.59992   14268.5953     4.12146      1 chain_01/itr_00314_trial_01.rho
     1      315     0.004356     17773.7847       0.0000      4.59992     4.59992   14268.5953     4.12146      0 -
     1      316     0.004281     17418.6334    -355.1513      4.55373     4.55373   14268.5953     4.12146      1 chain_01/itr_00316_trial_01.rho
     1      317     0.004208     17165.4446    -253.1887      4.52051     4.52051   14268.5953     4.12146      1 chain_01/itr_00317_trial_01.rho
     1      318     0.004136     17097.0535     -68.3911      4.51150     4.51150   14268.5953     4.12146      1 chain_01/itr_00318_trial_01.rho
     1      319     0.004065     17097.0535       0.0000      4.51150     4.51150   14268.5953     4.12146      0 -
     1      320     0.003995     16900.8549    -196.1986      4.48554     4.48554   14268.5953     4.12146      1 chain_01/itr_00320_trial_01.rho
     1      321     0.003926     17071.9630     171.1080      4.50819     4.50819   14268.5953     4.12146      1 chain_01/itr_00321_trial_01.rho
     1      322     0.003859     17071.9630       0.0000      4.50819     4.50819   14268.5953     4.12146      0 -
     1      323     0.003793     17071.9630       0.0000      4.50819     4.50819   14268.5953     4.12146      0 -
     1      324     0.003728     17071.9630       0.0000      4.50819     4.50819   14268.5953     4.12146      0 -
     1      325     0.003664     17071.9630       0.0000      4.50819     4.50819   14268.5953     4.12146      0 -
     1      326     0.003601     17071.9630       0.0000      4.50819     4.50819   14268.5953     4.12146      0 -
     1      327     0.003539     17071.9630       0.0000      4.50819     4.50819   14268.5953     4.12146      0 -
     1      328     0.003478     17071.9630       0.0000      4.50819     4.50819   14268.5953     4.12146      0 -
     1      329     0.003418     17071.9630       0.0000      4.50819     4.50819   14268.5953     4.12146      0 -
     1      330      0.00336     16645.2286    -426.7343      4.45149     4.45149   14268.5953     4.12146      1 chain_01/itr_00330_trial_01.rho
     1      331     0.003302     16645.2286       0.0000      4.45149     4.45149   14268.5953     4.12146      0 -
     1      332     0.003245     16315.8134    -329.4152      4.40722     4.40722   14268.5953     4.12146      1 chain_01/itr_00332_trial_01.rho
     1      333      0.00319     16315.8134       0.0000      4.40722     4.40722   14268.5953     4.12146      0 -
     1      334     0.003135     16019.2411    -296.5723      4.36698     4.36698   14268.5953     4.12146      1 chain_01/itr_00334_trial_01.rho
     1      335     0.003081     16019.2411       0.0000      4.36698     4.36698   14268.5953     4.12146      0 -
     1      336     0.003028     16019.2411       0.0000      4.36698     4.36698   14268.5953     4.12146      0 -
     1      337     0.002976     15737.7058    -281.5353      4.32844     4.32844   14268.5953     4.12146      1 chain_01/itr_00337_trial_01.rho
     1      338     0.002925     15737.7058       0.0000      4.32844     4.32844   14268.5953     4.12146      0 -
     1      339     0.002875     15737.7058       0.0000      4.32844     4.32844   14268.5953     4.12146      0 -
     1      340     0.002826     15601.4443    -136.2615      4.30966     4.30966   14268.5953     4.12146      1 chain_01/itr_00340_trial_01.rho
     1      341     0.002777     15601.4443       0.0000      4.30966     4.30966   14268.5953     4.12146      0 -
     1      342      0.00273     15601.4443       0.0000      4.30966     4.30966   14268.5953     4.12146      0 -
     1      343     0.002683     15601.4443       0.0000      4.30966     4.30966   14268.5953     4.12146      0 -
     1      344     0.002637     15441.7338    -159.7106      4.28754     4.28754   14268.5953     4.12146      1 chain_01/itr_00344_trial_01.rho
     1      345     0.002591     15441.7338       0.0000      4.28754     4.28754   14268.5953     4.12146      0 -
     1      346     0.002547     15441.7338       0.0000      4.28754     4.28754   14268.5953     4.12146      0 -
     1      347     0.002503     15242.3841    -199.3497      4.25978     4.25978   14268.5953     4.12146      1 chain_01/itr_00347_trial_01.rho
     1      348      0.00246     15242.3841       0.0000      4.25978     4.25978   14268.5953     4.12146      0 -
     1      349     0.002418     15236.1746      -6.2095      4.25891     4.25891   14268.5953     4.12146      1 chain_01/itr_00349_trial_01.rho
     1      350     0.002377     14918.0523    -318.1223      4.21421     4.21421   14268.5953     4.12146      1 chain_01/itr_00350_trial_01.rho
     1      351     0.002336     14461.2158    -456.8364      4.14918     4.14918   14268.5953     4.12146      1 chain_01/itr_00351_trial_01.rho
     1      352     0.002296     14461.2158       0.0000      4.14918     4.14918   14268.5953     4.12146      0 -
     1      353     0.002256     14461.2158       0.0000      4.14918     4.14918   14268.5953     4.12146      0 -
     1      354     0.002218     14461.2158       0.0000      4.14918     4.14918   14268.5953     4.12146      0 -
     1      355     0.002179     14461.2158       0.0000      4.14918     4.14918   14268.5953     4.12146      0 -
     1      356     0.002142     14461.2158       0.0000      4.14918     4.14918   14268.5953     4.12146      0 -
     1      357     0.002105     14461.2158       0.0000      4.14918     4.14918   14268.5953     4.12146      0 -
     1      358     0.002069     14461.2158       0.0000      4.14918     4.14918   14268.5953     4.12146      0 -
     1      359     0.002034     14461.2158       0.0000      4.14918     4.14918   14268.5953     4.12146      0 -
     1      360     0.001999     14366.3142     -94.9017      4.13555     4.13555   14268.5953     4.12146      1 chain_01/itr_00360_trial_01.rho
     1      361     0.001964     14366.3142       0.0000      4.13555     4.13555   14268.5953     4.12146      0 -
     1      362     0.001931     14360.6352      -5.6790      4.13473     4.13473   14268.5953     4.12146      1 chain_01/itr_00362_trial_01.rho
     1      363     0.001898     14360.6352       0.0000      4.13473     4.13473   14268.5953     4.12146      0 -
     1      364     0.001865     14360.6352       0.0000      4.13473     4.13473   14268.5953     4.12146      0 -
     1      365     0.001833     14360.6352       0.0000      4.13473     4.13473   14268.5953     4.12146      0 -
     1      366     0.001802     14360.6352       0.0000      4.13473     4.13473   14268.5953     4.12146      0 -
     1      367     0.001771     14360.6352       0.0000      4.13473     4.13473   14268.5953     4.12146      0 -
     1      368      0.00174     14360.6352       0.0000      4.13473     4.13473   14268.5953     4.12146      0 -
     1      369      0.00171     14440.9956      80.3603      4.14628     4.14628   14268.5953     4.12146      1 chain_01/itr_00369_trial_01.rho
     1      370     0.001681     14316.4599    -124.5356      4.12837     4.12837   14268.5953     4.12146      1 chain_01/itr_00370_trial_01.rho
     1      371     0.001652     14316.4599       0.0000      4.12837     4.12837   14268.5953     4.12146      0 -
     1      372     0.001624     14316.4599       0.0000      4.12837     4.12837   14268.5953     4.12146      0 -
     1      373     0.001596     14148.5499    -167.9100      4.10408     4.10408   14148.5499     4.10408      1 chain_01/itr_00373_trial_01.rho
     1      374     0.001569     14148.5499       0.0000      4.10408     4.10408   14148.5499     4.10408      0 -
     1      375     0.001542     14148.5499       0.0000      4.10408     4.10408   14148.5499     4.10408      0 -
     1      376     0.001515     14148.5499       0.0000      4.10408     4.10408   14148.5499     4.10408      0 -
     1      377     0.001489     13713.6093    -434.9406      4.04051     4.04051   13713.6093     4.04051      1 chain_01/itr_00377_trial_01.rho
     1      378     0.001464     13713.6093       0.0000      4.04051     4.04051   13713.6093     4.04051      0 -
     1      379     0.001438     13713.6093       0.0000      4.04051     4.04051   13713.6093     4.04051      0 -
     1      380     0.001414     13713.6093       0.0000      4.04051     4.04051   13713.6093     4.04051      0 -
     1      381     0.001389     13713.6093       0.0000      4.04051     4.04051   13713.6093     4.04051      0 -
     1      382     0.001366     13713.6093       0.0000      4.04051     4.04051   13713.6093     4.04051      0 -
     1      383     0.001342     13505.7850    -207.8243      4.00978     4.00978   13505.7850     4.00978      1 chain_01/itr_00383_trial_01.rho
     1      384     0.001319     13505.7850       0.0000      4.00978     4.00978   13505.7850     4.00978      0 -
     1      385     0.001297     13505.7850       0.0000      4.00978     4.00978   13505.7850     4.00978      0 -
     1      386     0.001274     13505.7850       0.0000      4.00978     4.00978   13505.7850     4.00978      0 -
     1      387     0.001252     13086.9870    -418.7979      3.94712     3.94712   13086.9870     3.94712      1 chain_01/itr_00387_trial_01.rho
     1      388     0.001231     13086.9870       0.0000      3.94712     3.94712   13086.9870     3.94712      0 -
     1      389      0.00121     12754.0157    -332.9713      3.89658     3.89658   12754.0157     3.89658      1 chain_01/itr_00389_trial_01.rho
     1      390     0.001189     12362.3465    -391.6692      3.83628     3.83628   12362.3465     3.83628      1 chain_01/itr_00390_trial_01.rho
     1      391     0.001169     12371.5474       9.2009      3.83771     3.83771   12362.3465     3.83628      1 chain_01/itr_00391_trial_01.rho
     1      392     0.001149     12371.5474       0.0000      3.83771     3.83771   12362.3465     3.83628      0 -
     1      393     0.001129     12371.5474       0.0000      3.83771     3.83771   12362.3465     3.83628      0 -
     1      394     0.001109     12371.5474       0.0000      3.83771     3.83771   12362.3465     3.83628      0 -
     1      395      0.00109     12371.5474       0.0000      3.83771     3.83771   12362.3465     3.83628      0 -
     1      396     0.001072     12280.8732     -90.6742      3.82362     3.82362   12280.8732     3.82362      1 chain_01/itr_00396_trial_01.rho
     1      397     0.001053     12280.8732       0.0000      3.82362     3.82362   12280.8732     3.82362      0 -
     1      398     0.001035     12247.3397     -33.5334      3.81840     3.81840   12247.3397     3.81840      1 chain_01/itr_00398_trial_01.rho
     1      399     0.001017     12233.2771     -14.0626      3.81621     3.81621   12233.2771     3.81621      1 chain_01/itr_00399_trial_01.rho
     1      400        0.001     12233.2771       0.0000      3.81621     3.81621   12233.2771     3.81621      0 -
